09-26 14:22:18.044   671  3009 V DownloadConstants: download url: http://111.13.109.37:81/1Q2W3E4R5T6Y7U8I9O0P1Z2X3C4V5B/down3.down33.net:8001/2013/soft1_2010/WMRoot.rar, current byte: 902305, read byte: 4096
09-26 14:22:18.044   671   671 V DownloadService: Service ContentObserver received notification
09-26 14:22:18.044   671   671 V DownloadService: updateFromProvider
09-26 14:22:18.075   671  3031 V DownloadConstants: starting query, database is not null; projection is null; selection is null; selectionArgs is null; sort is null.
09-26 14:22:18.083   671  3009 V DownloadConstants: download url: http://111.13.109.37:81/1Q2W3E4R5T6Y7U8I9O0P1Z2X3C4V5B/down3.down33.net:8001/2013/soft1_2010/WMRoot.rar, current byte: 906401, read byte: 3904
09-26 14:22:18.091   671  3009 V DownloadConstants: download url: http://111.13.109.37:81/1Q2W3E4R5T6Y7U8I9O0P1Z2X3C4V5B/down3.down33.net:8001/2013/soft1_2010/WMRoot.rar, current byte: 910305, read byte: 1012
09-26 14:22:18.098   671  3031 V DownloadConstants: created cursor android.database.sqlite.SQLiteCursor@415424c8 on behalf of 671
09-26 14:22:18.106   671  3031 I DownloadService: number of rows from downloads-db: 1
09-26 14:22:18.106   671  3031 V DownloadService: processing updated download 1, status: 192
09-26 14:22:18.106   671  3031 V Download ApnHelper: beginDownload, type: 8, status:192
09-26 14:22:18.106   671  3031 V Download ApnHelper: beginConnectivity: enableWAP, already up
09-26 14:22:18.106   671  3031 D Download ApnHelper: tryOmaDownload
09-26 14:22:18.106   671  3031 I DownloadInfo: isReadyToStart: DownloadInfo{mId=1, mUri='http://111.13.109.37:81/1Q2W3E4R5T6Y7U8I9O0P1Z2X3C4V5B/down3.down33.net:8001/2013/soft1_2010/WMRoot.rar', mNoIntegrity=false, mHint='file:///storage/sdcard0/Download/Others/WMRoot.rar', mFileName='/storage/sdcard0/Download/Others/WMRoot.rar', mMimeType='application/rar', mDestination=4, mVisibility=1, mControl=0, mStatus=192, mNumFailed=0, mRetryAfter=0, mLastMod=1380176498166, mPackage='com.android.browser', mClass='null', mExtras='null', mCookies='null', mUserAgent='null', mReferer='null', mTotalBytes=19050082, mCurrentBytes=894113, mETag='"b2b487077bace1:d50"', mUid=10005, mMediaScanned=0, mDeleted=false, mMediaProviderUri='null', mIsPublicApi=true, mAllowedNetworkTypes=8, mAllowRoaming=true, mAllowMetered=true, mTitle='WMRoot.rar', mDescription='111.13.109.37', mBypassRecommendedSizeLimit=0, mFuzz=870, mRequestHeaders=[android.util.Pair@9f0ffd08, android.util.Pair@362d9a0c, android.util.Pair@af400a64], mSystemFacade=com.android.providers.downloads.RealSystemFacade@414a3568, mContext=com.android.providers.downloads.DownloadService@414ab6e0}
09-26 14:22:18.567   671  3009 V DownloadConstants: download url: http://111.13.109.37:81/1Q2W3E4R5T6Y7U8I9O0P1Z2X3C4V5B/down3.down33.net:8001/2013/soft1_2010/WMRoot.rar, current byte: 911317, read byte: 1012
09-26 14:22:18.614   671  3009 V DownloadConstants: download url: http://111.13.109.37:81/1Q2W3E4R5T6Y7U8I9O0P1Z2X3C4V5B/down3.down33.net:8001/2013/soft1_2010/WMRoot.rar, current byte: 912329, read byte: 4096
09-26 14:22:18.622   671  3009 V DownloadConstants: download url: http://111.13.109.37:81/1Q2W3E4R5T6Y7U8I9O0P1Z2X3C4V5B/down3.down33.net:8001/2013/soft1_2010/WMRoot.rar, current byte: 916425, read byte: 2988
09-26 14:22:18.622   671  3009 V DownloadConstants: download url: http://111.13.109.37:81/1Q2W3E4R5T6Y7U8I9O0P1Z2X3C4V5B/down3.down33.net:8001/2013/soft1_2010/WMRoot.rar, current byte: 919413, read byte: 1012
09-26 14:22:18.653   671  3009 V DownloadConstants: download url: http://111.13.109.37:81/1Q2W3E4R5T6Y7U8I9O0P1Z2X3C4V5B/down3.down33.net:8001/2013/soft1_2010/WMRoot.rar, current byte: 920425, read byte: 2024
09-26 14:22:18.723   671  3009 V DownloadConstants: download url: http://111.13.109.37:81/1Q2W3E4R5T6Y7U8I9O0P1Z2X3C4V5B/down3.down33.net:8001/2013/soft1_2010/WMRoot.rar, current byte: 922449, read byte: 1012
09-26 14:22:18.731   671  3009 V DownloadConstants: download url: http://111.13.109.37:81/1Q2W3E4R5T6Y7U8I9O0P1Z2X3C4V5B/down3.down33.net:8001/2013/soft1_2010/WMRoot.rar, current byte: 923461, read byte: 1012
09-26 14:22:18.770   671  3009 V DownloadConstants: download url: http://111.13.109.37:81/1Q2W3E4R5T6Y7U8I9O0P1Z2X3C4V5B/down3.down33.net:8001/2013/soft1_2010/WMRoot.rar, current byte: 924473, read byte: 3036
09-26 14:22:18.802   671  3009 V DownloadConstants: download url: http://111.13.109.37:81/1Q2W3E4R5T6Y7U8I9O0P1Z2X3C4V5B/down3.down33.net:8001/2013/soft1_2010/WMRoot.rar, current byte: 927509, read byte: 1012
09-26 14:22:18.817   671  3009 V DownloadConstants: download url: http://111.13.109.37:81/1Q2W3E4R5T6Y7U8I9O0P1Z2X3C4V5B/down3.down33.net:8001/2013/soft1_2010/WMRoot.rar, current byte: 928521, read byte: 1012
09-26 14:22:18.825   671  3009 V DownloadConstants: download url: http://111.13.109.37:81/1Q2W3E4R5T6Y7U8I9O0P1Z2X3C4V5B/down3.down33.net:8001/2013/soft1_2010/WMRoot.rar, current byte: 929533, read byte: 1012
09-26 14:22:18.973   671  3009 V DownloadConstants: download url: http://111.13.109.37:81/1Q2W3E4R5T6Y7U8I9O0P1Z2X3C4V5B/down3.down33.net:8001/2013/soft1_2010/WMRoot.rar, current byte: 930545, read byte: 3036
09-26 14:22:19.005   671  3009 V DownloadConstants: download url: http://111.13.109.37:81/1Q2W3E4R5T6Y7U8I9O0P1Z2X3C4V5B/down3.down33.net:8001/2013/soft1_2010/WMRoot.rar, current byte: 933581, read byte: 1012
09-26 14:22:19.044   671  3009 V DownloadConstants: download url: http://111.13.109.37:81/1Q2W3E4R5T6Y7U8I9O0P1Z2X3C4V5B/down3.down33.net:8001/2013/soft1_2010/WMRoot.rar, current byte: 934593, read byte: 1012
09-26 14:22:19.169   671  3009 V DownloadConstants: download url: http://111.13.109.37:81/1Q2W3E4R5T6Y7U8I9O0P1Z2X3C4V5B/down3.down33.net:8001/2013/soft1_2010/WMRoot.rar, current byte: 935605, read byte: 2024
09-26 14:22:19.278   129   285 E BufferQueue: [com.android.providers.downloads.ui/com.android.providers.downloads.ui.DownloadList] dequeueBuffer: min undequeued buffer count (1) exceeded (dequeued=2 undequeudCount=0)
09-26 14:22:19.278   129   129 E BufferQueue: [com.android.providers.downloads.ui/com.android.providers.downloads.ui.DownloadList] dequeueBuffer: min undequeued buffer count (1) exceeded (dequeued=2 undequeudCount=0)
09-26 14:22:19.278   129  2329 E BufferQueue: [com.android.providers.downloads.ui/com.android.providers.downloads.ui.DownloadList] dequeueBuffer: min undequeued buffer count (1) exceeded (dequeued=2 undequeudCount=0)
09-26 14:22:23.145   671  3009 V DownloadConstants: download url: http://111.13.109.37:81/1Q2W3E4R5T6Y7U8I9O0P1Z2X3C4V5B/down3.down33.net:8001/2013/soft1_2010/WMRoot.rar, current byte: 937629, read byte: 4096
09-26 14:22:23.184   671  3009 V DownloadConstants: download url: http://111.13.109.37:81/1Q2W3E4R5T6Y7U8I9O0P1Z2X3C4V5B/down3.down33.net:8001/2013/soft1_2010/WMRoot.rar, current byte: 941725, read byte: 1976
09-26 14:22:23.192   671  3009 V DownloadConstants: download url: http://111.13.109.37:81/1Q2W3E4R5T6Y7U8I9O0P1Z2X3C4V5B/down3.down33.net:8001/2013/soft1_2010/WMRoot.rar, current byte: 943701, read byte: 2024
09-26 14:22:23.208   671   671 V DownloadService: Service ContentObserver received notification
09-26 14:22:23.208   671   671 V DownloadService: updateFromProvider
09-26 14:22:23.223   671  3032 V DownloadConstants: starting query, database is not null; projection is null; selection is null; selectionArgs is null; sort is null.
09-26 14:22:23.231   671  3032 V DownloadConstants: created cursor android.database.sqlite.SQLiteCursor@41526420 on behalf of 671
09-26 14:22:23.247   671  3009 V DownloadConstants: download url: http://111.13.109.37:81/1Q2W3E4R5T6Y7U8I9O0P1Z2X3C4V5B/down3.down33.net:8001/2013/soft1_2010/WMRoot.rar, current byte: 945725, read byte: 2024
09-26 14:22:23.247   671  3032 I DownloadService: number of rows from downloads-db: 1
09-26 14:22:23.247   671  3032 V DownloadService: processing updated download 1, status: 192
09-26 14:22:23.247   671  3032 V Download ApnHelper: beginDownload, type: 8, status:192
09-26 14:22:23.247   671  3032 V Download ApnHelper: beginConnectivity: enableWAP, already up
09-26 14:22:23.247   671  3032 D Download ApnHelper: tryOmaDownload
09-26 14:22:23.255   671  3032 I DownloadInfo: isReadyToStart: DownloadInfo{mId=1, mUri='http://111.13.109.37:81/1Q2W3E4R5T6Y7U8I9O0P1Z2X3C4V5B/down3.down33.net:8001/2013/soft1_2010/WMRoot.rar', mNoIntegrity=false, mHint='file:///storage/sdcard0/Download/Others/WMRoot.rar', mFileName='/storage/sdcard0/Download/Others/WMRoot.rar', mMimeType='application/rar', mDestination=4, mVisibility=1, mControl=0, mStatus=192, mNumFailed=0, mRetryAfter=0, mLastMod=1380176498166, mPackage='com.android.browser', mClass='null', mExtras='null', mCookies='null', mUserAgent='null', mReferer='null', mTotalBytes=19050082, mCurrentBytes=941725, mETag='"b2b487077bace1:d50"', mUid=10005, mMediaScanned=0, mDeleted=false, mMediaProviderUri='null', mIsPublicApi=true, mAllowedNetworkTypes=8, mAllowRoaming=true, mAllowMetered=true, mTitle='WMRoot.rar', mDescription='111.13.109.37', mBypassRecommendedSizeLimit=0, mFuzz=870, mRequestHeaders=[android.util.Pair@9f0ffd08, android.util.Pair@362d9a0c, android.util.Pair@af400a64], mSystemFacade=com.android.providers.downloads.RealSystemFacade@414a3568, mContext=com.android.providers.downloads.DownloadService@414ab6e0}
09-26 14:22:23.278   671  3009 V DownloadConstants: download url: http://111.13.109.37:81/1Q2W3E4R5T6Y7U8I9O0P1Z2X3C4V5B/down3.down33.net:8001/2013/soft1_2010/WMRoot.rar, current byte: 947749, read byte: 2024
09-26 14:22:23.302   671  3009 V DownloadConstants: download url: http://111.13.109.37:81/1Q2W3E4R5T6Y7U8I9O0P1Z2X3C4V5B/down3.down33.net:8001/2013/soft1_2010/WMRoot.rar, current byte: 949773, read byte: 1012
09-26 14:22:23.317   671  3009 V DownloadConstants: download url: http://111.13.109.37:81/1Q2W3E4R5T6Y7U8I9O0P1Z2X3C4V5B/down3.down33.net:8001/2013/soft1_2010/WMRoot.rar, current byte: 950785, read byte: 1012
09-26 14:22:23.333   671  3009 V DownloadConstants: download url: http://111.13.109.37:81/1Q2W3E4R5T6Y7U8I9O0P1Z2X3C4V5B/down3.down33.net:8001/2013/soft1_2010/WMRoot.rar, current byte: 951797, read byte: 1012
09-26 14:22:24.481   129   285 E BufferQueue: [com.android.providers.downloads.ui/com.android.providers.downloads.ui.DownloadList] dequeueBuffer: min undequeued buffer count (1) exceeded (dequeued=2 undequeudCount=0)
09-26 14:22:25.270   671  3009 V DownloadConstants: download url: http://111.13.109.37:81/1Q2W3E4R5T6Y7U8I9O0P1Z2X3C4V5B/down3.down33.net:8001/2013/soft1_2010/WMRoot.rar, current byte: 952809, read byte: 4096
09-26 14:22:25.325   671  3009 V DownloadConstants: download url: http://111.13.109.37:81/1Q2W3E4R5T6Y7U8I9O0P1Z2X3C4V5B/down3.down33.net:8001/2013/soft1_2010/WMRoot.rar, current byte: 956905, read byte: 4096
09-26 14:22:25.348   671  3009 V DownloadConstants: download url: http://111.13.109.37:81/1Q2W3E4R5T6Y7U8I9O0P1Z2X3C4V5B/down3.down33.net:8001/2013/soft1_2010/WMRoot.rar, current byte: 961001, read byte: 4096
09-26 14:22:25.372   671   671 V DownloadService: Service ContentObserver received notification
09-26 14:22:25.372   671   671 V DownloadService: updateFromProvider
09-26 14:22:25.380   671  3033 V DownloadConstants: starting query, database is not null; projection is null; selection is null; selectionArgs is null; sort is null.
09-26 14:22:25.387   671  3033 V DownloadConstants: created cursor android.database.sqlite.SQLiteCursor@41491cd8 on behalf of 671
09-26 14:22:25.387   671  3009 V DownloadConstants: download url: http://111.13.109.37:81/1Q2W3E4R5T6Y7U8I9O0P1Z2X3C4V5B/down3.down33.net:8001/2013/soft1_2010/WMRoot.rar, current byte: 965097, read byte: 4096
09-26 14:22:25.419   671  3009 V DownloadConstants: download url: http://111.13.109.37:81/1Q2W3E4R5T6Y7U8I9O0P1Z2X3C4V5B/down3.down33.net:8001/2013/soft1_2010/WMRoot.rar, current byte: 969193, read byte: 4096
09-26 14:22:25.466   671  3009 V DownloadConstants: download url: http://111.13.109.37:81/1Q2W3E4R5T6Y7U8I9O0P1Z2X3C4V5B/down3.down33.net:8001/2013/soft1_2010/WMRoot.rar, current byte: 973289, read byte: 4096
09-26 14:22:25.489   671  3033 I DownloadService: number of rows from downloads-db: 1
09-26 14:22:25.489   671  3009 V DownloadConstants: download url: http://111.13.109.37:81/1Q2W3E4R5T6Y7U8I9O0P1Z2X3C4V5B/down3.down33.net:8001/2013/soft1_2010/WMRoot.rar, current byte: 977385, read byte: 4096
09-26 14:22:25.489   671  3009 V DownloadConstants: download url: http://111.13.109.37:81/1Q2W3E4R5T6Y7U8I9O0P1Z2X3C4V5B/down3.down33.net:8001/2013/soft1_2010/WMRoot.rar, current byte: 981481, read byte: 4096
09-26 14:22:25.489   671  3009 V DownloadConstants: download url: http://111.13.109.37:81/1Q2W3E4R5T6Y7U8I9O0P1Z2X3C4V5B/down3.down33.net:8001/2013/soft1_2010/WMRoot.rar, current byte: 985577, read byte: 4096
09-26 14:22:25.489   671  3033 V DownloadService: processing updated download 1, status: 192
09-26 14:22:25.489   671  3009 V DownloadConstants: download url: http://111.13.109.37:81/1Q2W3E4R5T6Y7U8I9O0P1Z2X3C4V5B/down3.down33.net:8001/2013/soft1_2010/WMRoot.rar, current byte: 989673, read byte: 4096
09-26 14:22:25.497   671  3009 V DownloadConstants: download url: http://111.13.109.37:81/1Q2W3E4R5T6Y7U8I9O0P1Z2X3C4V5B/down3.down33.net:8001/2013/soft1_2010/WMRoot.rar, current byte: 993769, read byte: 4096
09-26 14:22:25.497   671  3033 V Download ApnHelper: beginDownload, type: 8, status:192
09-26 14:22:25.497   671  3033 V Download ApnHelper: beginConnectivity: enableWAP, already up
09-26 14:22:25.497   671  3009 V DownloadConstants: download url: http://111.13.109.37:81/1Q2W3E4R5T6Y7U8I9O0P1Z2X3C4V5B/down3.down33.net:8001/2013/soft1_2010/WMRoot.rar, current byte: 997865, read byte: 4096
09-26 14:22:25.497   671  3033 D Download ApnHelper: tryOmaDownload
09-26 14:22:25.497   671  3009 V DownloadConstants: download url: http://111.13.109.37:81/1Q2W3E4R5T6Y7U8I9O0P1Z2X3C4V5B/down3.down33.net:8001/2013/soft1_2010/WMRoot.rar, current byte: 1001961, read byte: 4096
09-26 14:22:25.497   671  3033 I DownloadInfo: isReadyToStart: DownloadInfo{mId=1, mUri='http://111.13.109.37:81/1Q2W3E4R5T6Y7U8I9O0P1Z2X3C4V5B/down3.down33.net:8001/2013/soft1_2010/WMRoot.rar', mNoIntegrity=false, mHint='file:///storage/sdcard0/Download/Others/WMRoot.rar', mFileName='/storage/sdcard0/Download/Others/WMRoot.rar', mMimeType='application/rar', mDestination=4, mVisibility=1, mControl=0, mStatus=192, mNumFailed=0, mRetryAfter=0, mLastMod=1380176498166, mPackage='com.android.browser', mClass='null', mExtras='null', mCookies='null', mUserAgent='null', mReferer='null', mTotalBytes=19050082, mCurrentBytes=956905, mETag='"b2b487077bace1:d50"', mUid=10005, mMediaScanned=0, mDeleted=false, mMediaProviderUri='null', mIsPublicApi=true, mAllowedNetworkTypes=8, mAllowRoaming=true, mAllowMetered=true, mTitle='WMRoot.rar', mDescription='111.13.109.37', mBypassRecommendedSizeLimit=0, mFuzz=870, mRequestHeaders=[android.util.Pair@9f0ffd08, android.util.Pair@362d9a0c, android.util.Pair@af400a64], mSystemFacade=com.android.providers.downloads.RealSystemFacade@414a3568, mContext=com.android.providers.downloads.DownloadService@414ab6e0}
09-26 14:22:25.497   671  3009 V DownloadConstants: download url: http://111.13.109.37:81/1Q2W3E4R5T6Y7U8I9O0P1Z2X3C4V5B/down3.down33.net:8001/2013/soft1_2010/WMRoot.rar, current byte: 1006057, read byte: 2412
09-26 14:22:25.552   671  3009 V DownloadConstants: download url: http://111.13.109.37:81/1Q2W3E4R5T6Y7U8I9O0P1Z2X3C4V5B/down3.down33.net:8001/2013/soft1_2010/WMRoot.rar, current byte: 1008469, read byte: 1012
09-26 14:22:26.169   671  3009 V DownloadConstants: download url: http://111.13.109.37:81/1Q2W3E4R5T6Y7U8I9O0P1Z2X3C4V5B/down3.down33.net:8001/2013/soft1_2010/WMRoot.rar, current byte: 1009481, read byte: 4096
09-26 14:22:26.184   671  3009 V DownloadConstants: download url: http://111.13.109.37:81/1Q2W3E4R5T6Y7U8I9O0P1Z2X3C4V5B/down3.down33.net:8001/2013/soft1_2010/WMRoot.rar, current byte: 1013577, read byte: 4096
09-26 14:22:26.184   671  3009 V DownloadConstants: download url: http://111.13.109.37:81/1Q2W3E4R5T6Y7U8I9O0P1Z2X3C4V5B/down3.down33.net:8001/2013/soft1_2010/WMRoot.rar, current byte: 1017673, read byte: 3952
09-26 14:22:26.622   129   285 E BufferQueue: [com.android.providers.downloads.ui/com.android.providers.downloads.ui.DownloadList] dequeueBuffer: min undequeued buffer count (1) exceeded (dequeued=2 undequeudCount=0)
09-26 14:22:26.622   129  2329 E BufferQueue: [com.android.providers.downloads.ui/com.android.providers.downloads.ui.DownloadList] dequeueBuffer: min undequeued buffer count (1) exceeded (dequeued=2 undequeudCount=0)
09-26 14:22:26.630   129   561 E BufferQueue: [com.android.providers.downloads.ui/com.android.providers.downloads.ui.DownloadList] dequeueBuffer: min undequeued buffer count (1) exceeded (dequeued=2 undequeudCount=0)
09-26 14:22:26.630   129   129 E BufferQueue: [com.android.providers.downloads.ui/com.android.providers.downloads.ui.DownloadList] dequeueBuffer: min undequeued buffer count (1) exceeded (dequeued=2 undequeudCount=0)
09-26 14:22:26.630   129  1383 E BufferQueue: [com.android.providers.downloads.ui/com.android.providers.downloads.ui.DownloadList] dequeueBuffer: min undequeued buffer count (1) exceeded (dequeued=2 undequeudCount=0)
09-26 14:22:26.630   129   285 E BufferQueue: [com.android.providers.downloads.ui/com.android.providers.downloads.ui.DownloadList] dequeueBuffer: min undequeued buffer count (1) exceeded (dequeued=2 undequeudCount=0)
09-26 14:22:29.739   671  3009 V DownloadConstants: download url: http://111.13.109.37:81/1Q2W3E4R5T6Y7U8I9O0P1Z2X3C4V5B/down3.down33.net:8001/2013/soft1_2010/WMRoot.rar, current byte: 1021625, read byte: 2024
09-26 14:22:29.848   671  3009 V DownloadConstants: download url: http://111.13.109.37:81/1Q2W3E4R5T6Y7U8I9O0P1Z2X3C4V5B/down3.down33.net:8001/2013/soft1_2010/WMRoot.rar, current byte: 1023649, read byte: 3036
09-26 14:22:29.864   671  3009 V DownloadConstants: download url: http://111.13.109.37:81/1Q2W3E4R5T6Y7U8I9O0P1Z2X3C4V5B/down3.down33.net:8001/2013/soft1_2010/WMRoot.rar, current byte: 1026685, read byte: 2024
09-26 14:22:29.880   671  3009 V DownloadConstants: download url: http://111.13.109.37:81/1Q2W3E4R5T6Y7U8I9O0P1Z2X3C4V5B/down3.down33.net:8001/2013/soft1_2010/WMRoot.rar, current byte: 1028709, read byte: 1012
09-26 14:22:29.903   671   671 V DownloadService: Service ContentObserver received notification
09-26 14:22:29.903   671   671 V DownloadService: updateFromProvider
09-26 14:22:29.903   671  3009 V DownloadConstants: download url: http://111.13.109.37:81/1Q2W3E4R5T6Y7U8I9O0P1Z2X3C4V5B/down3.down33.net:8001/2013/soft1_2010/WMRoot.rar, current byte: 1029721, read byte: 1012
09-26 14:22:29.903   671  3034 V DownloadConstants: starting query, database is not null; projection is null; selection is null; selectionArgs is null; sort is null.
09-26 14:22:29.911   671  3034 V DownloadConstants: created cursor android.database.sqlite.SQLiteCursor@414ae5f0 on behalf of 671
09-26 14:22:29.911   671  3034 I DownloadService: number of rows from downloads-db: 1
09-26 14:22:29.911   671  3034 V DownloadService: processing updated download 1, status: 192
09-26 14:22:29.911   671  3034 V Download ApnHelper: beginDownload, type: 8, status:192
09-26 14:22:29.911   671  3034 V Download ApnHelper: beginConnectivity: enableWAP, already up
09-26 14:22:29.911   671  3034 D Download ApnHelper: tryOmaDownload
09-26 14:22:29.919   671  3034 I DownloadInfo: isReadyToStart: DownloadInfo{mId=1, mUri='http://111.13.109.37:81/1Q2W3E4R5T6Y7U8I9O0P1Z2X3C4V5B/down3.down33.net:8001/2013/soft1_2010/WMRoot.rar', mNoIntegrity=false, mHint='file:///storage/sdcard0/Download/Others/WMRoot.rar', mFileName='/storage/sdcard0/Download/Others/WMRoot.rar', mMimeType='application/rar', mDestination=4, mVisibility=1, mControl=0, mStatus=192, mNumFailed=0, mRetryAfter=0, mLastMod=1380176498166, mPackage='com.android.browser', mClass='null', mExtras='null', mCookies='null', mUserAgent='null', mReferer='null', mTotalBytes=19050082, mCurrentBytes=1023649, mETag='"b2b487077bace1:d50"', mUid=10005, mMediaScanned=0, mDeleted=false, mMediaProviderUri='null', mIsPublicApi=true, mAllowedNetworkTypes=8, mAllowRoaming=true, mAllowMetered=true, mTitle='WMRoot.rar', mDescription='111.13.109.37', mBypassRecommendedSizeLimit=0, mFuzz=870, mRequestHeaders=[android.util.Pair@9f0ffd08, android.util.Pair@362d9a0c, android.util.Pair@af400a64], mSystemFacade=com.android.providers.downloads.RealSystemFacade@414a3568, mContext=com.android.providers.downloads.DownloadService@414ab6e0}
09-26 14:22:29.997   671  3009 V DownloadConstants: download url: http://111.13.109.37:81/1Q2W3E4R5T6Y7U8I9O0P1Z2X3C4V5B/down3.down33.net:8001/2013/soft1_2010/WMRoot.rar, current byte: 1030733, read byte: 4096
09-26 14:22:29.997   671  3009 V DownloadConstants: download url: http://111.13.109.37:81/1Q2W3E4R5T6Y7U8I9O0P1Z2X3C4V5B/down3.down33.net:8001/2013/soft1_2010/WMRoot.rar, current byte: 1034829, read byte: 964
09-26 14:22:30.067   671  3009 V DownloadConstants: download url: http://111.13.109.37:81/1Q2W3E4R5T6Y7U8I9O0P1Z2X3C4V5B/down3.down33.net:8001/2013/soft1_2010/WMRoot.rar, current byte: 1035793, read byte: 3036
09-26 14:22:30.559   671  3009 V DownloadConstants: download url: http://111.13.109.37:81/1Q2W3E4R5T6Y7U8I9O0P1Z2X3C4V5B/down3.down33.net:8001/2013/soft1_2010/WMRoot.rar, current byte: 1038829, read byte: 3036
09-26 14:22:30.567   671  3009 V DownloadConstants: download url: http://111.13.109.37:81/1Q2W3E4R5T6Y7U8I9O0P1Z2X3C4V5B/down3.down33.net:8001/2013/soft1_2010/WMRoot.rar, current byte: 1041865, read byte: 1012
09-26 14:22:30.575   671  3009 V DownloadConstants: download url: http://111.13.109.37:81/1Q2W3E4R5T6Y7U8I9O0P1Z2X3C4V5B/down3.down33.net:8001/2013/soft1_2010/WMRoot.rar, current byte: 1042877, read byte: 4096
09-26 14:22:30.575   671  3009 V DownloadConstants: download url: http://111.13.109.37:81/1Q2W3E4R5T6Y7U8I9O0P1Z2X3C4V5B/down3.down33.net:8001/2013/soft1_2010/WMRoot.rar, current byte: 1046973, read byte: 4096
09-26 14:22:30.591   671  3009 I DownloadConstants: in verifySpace, destination: 4, path: /storage/sdcard0/Download/Others/WMRoot.rar, length: 4096
09-26 14:22:30.598   671  3009 I DownloadConstants: available space (in bytes) in filesystem rooted at: /storage/sdcard0 is: 3833942016
09-26 14:22:30.606   671  3009 V DownloadConstants: download url: http://111.13.109.37:81/1Q2W3E4R5T6Y7U8I9O0P1Z2X3C4V5B/down3.down33.net:8001/2013/soft1_2010/WMRoot.rar, current byte: 1051069, read byte: 4096
09-26 14:22:30.614   671  3009 V DownloadConstants: download url: http://111.13.109.37:81/1Q2W3E4R5T6Y7U8I9O0P1Z2X3C4V5B/down3.down33.net:8001/2013/soft1_2010/WMRoot.rar, current byte: 1055165, read byte: 4096
09-26 14:22:30.614   671  3009 V DownloadConstants: download url: http://111.13.109.37:81/1Q2W3E4R5T6Y7U8I9O0P1Z2X3C4V5B/down3.down33.net:8001/2013/soft1_2010/WMRoot.rar, current byte: 1059261, read byte: 820
09-26 14:22:30.770   671  3009 V DownloadConstants: download url: http://111.13.109.37:81/1Q2W3E4R5T6Y7U8I9O0P1Z2X3C4V5B/down3.down33.net:8001/2013/soft1_2010/WMRoot.rar, current byte: 1060081, read byte: 2024
09-26 14:22:30.778   671  3009 V DownloadConstants: download url: http://111.13.109.37:81/1Q2W3E4R5T6Y7U8I9O0P1Z2X3C4V5B/down3.down33.net:8001/2013/soft1_2010/WMRoot.rar, current byte: 1062105, read byte: 1012
09-26 14:22:30.786   671  3009 V DownloadConstants: download url: http://111.13.109.37:81/1Q2W3E4R5T6Y7U8I9O0P1Z2X3C4V5B/down3.down33.net:8001/2013/soft1_2010/WMRoot.rar, current byte: 1063117, read byte: 1012
09-26 14:22:30.794   671  3009 V DownloadConstants: download url: http://111.13.109.37:81/1Q2W3E4R5T6Y7U8I9O0P1Z2X3C4V5B/down3.down33.net:8001/2013/soft1_2010/WMRoot.rar, current byte: 1064129, read byte: 4096
09-26 14:22:30.809   671  3009 V DownloadConstants: download url: http://111.13.109.37:81/1Q2W3E4R5T6Y7U8I9O0P1Z2X3C4V5B/down3.down33.net:8001/2013/soft1_2010/WMRoot.rar, current byte: 1068225, read byte: 4000
09-26 14:22:30.809   671  3009 V DownloadConstants: download url: http://111.13.109.37:81/1Q2W3E4R5T6Y7U8I9O0P1Z2X3C4V5B/down3.down33.net:8001/2013/soft1_2010/WMRoot.rar, current byte: 1072225, read byte: 4096
09-26 14:22:30.809   671  3009 V DownloadConstants: download url: http://111.13.109.37:81/1Q2W3E4R5T6Y7U8I9O0P1Z2X3C4V5B/down3.down33.net:8001/2013/soft1_2010/WMRoot.rar, current byte: 1076321, read byte: 1976
09-26 14:22:30.817   671  3009 V DownloadConstants: download url: http://111.13.109.37:81/1Q2W3E4R5T6Y7U8I9O0P1Z2X3C4V5B/down3.down33.net:8001/2013/soft1_2010/WMRoot.rar, current byte: 1078297, read byte: 1012
09-26 14:22:30.833   671  3009 V DownloadConstants: download url: http://111.13.109.37:81/1Q2W3E4R5T6Y7U8I9O0P1Z2X3C4V5B/down3.down33.net:8001/2013/soft1_2010/WMRoot.rar, current byte: 1079309, read byte: 1012
09-26 14:22:30.872   671  3009 V DownloadConstants: download url: http://111.13.109.37:81/1Q2W3E4R5T6Y7U8I9O0P1Z2X3C4V5B/down3.down33.net:8001/2013/soft1_2010/WMRoot.rar, current byte: 1080321, read byte: 1012
09-26 14:22:30.880   671  3009 V DownloadConstants: download url: http://111.13.109.37:81/1Q2W3E4R5T6Y7U8I9O0P1Z2X3C4V5B/down3.down33.net:8001/2013/soft1_2010/WMRoot.rar, current byte: 1081333, read byte: 1012
09-26 14:22:30.887   671  3009 V DownloadConstants: download url: http://111.13.109.37:81/1Q2W3E4R5T6Y7U8I9O0P1Z2X3C4V5B/down3.down33.net:8001/2013/soft1_2010/WMRoot.rar, current byte: 1082345, read byte: 1012
09-26 14:22:30.887   671  3009 V DownloadConstants: download url: http://111.13.109.37:81/1Q2W3E4R5T6Y7U8I9O0P1Z2X3C4V5B/down3.down33.net:8001/2013/soft1_2010/WMRoot.rar, current byte: 1083357, read byte: 1012
09-26 14:22:30.911   671  3009 V DownloadConstants: download url: http://111.13.109.37:81/1Q2W3E4R5T6Y7U8I9O0P1Z2X3C4V5B/down3.down33.net:8001/2013/soft1_2010/WMRoot.rar, current byte: 1084369, read byte: 1012
09-26 14:22:30.911   671  3009 V DownloadConstants: download url: http://111.13.109.37:81/1Q2W3E4R5T6Y7U8I9O0P1Z2X3C4V5B/down3.down33.net:8001/2013/soft1_2010/WMRoot.rar, current byte: 1085381, read byte: 1012
09-26 14:22:30.927   671  3009 V DownloadConstants: download url: http://111.13.109.37:81/1Q2W3E4R5T6Y7U8I9O0P1Z2X3C4V5B/down3.down33.net:8001/2013/soft1_2010/WMRoot.rar, current byte: 1086393, read byte: 1012
09-26 14:22:30.942   671  3009 V DownloadConstants: download url: http://111.13.109.37:81/1Q2W3E4R5T6Y7U8I9O0P1Z2X3C4V5B/down3.down33.net:8001/2013/soft1_2010/WMRoot.rar, current byte: 1087405, read byte: 1012
09-26 14:22:30.997   671  3009 V DownloadConstants: download url: http://111.13.109.37:81/1Q2W3E4R5T6Y7U8I9O0P1Z2X3C4V5B/down3.down33.net:8001/2013/soft1_2010/WMRoot.rar, current byte: 1088417, read byte: 3036
09-26 14:22:31.091   671  3009 V DownloadConstants: download url: http://111.13.109.37:81/1Q2W3E4R5T6Y7U8I9O0P1Z2X3C4V5B/down3.down33.net:8001/2013/soft1_2010/WMRoot.rar, current byte: 1091453, read byte: 1012
09-26 14:22:31.098   671  3009 V DownloadConstants: download url: http://111.13.109.37:81/1Q2W3E4R5T6Y7U8I9O0P1Z2X3C4V5B/down3.down33.net:8001/2013/soft1_2010/WMRoot.rar, current byte: 1092465, read byte: 2024
09-26 14:22:31.122   671  3009 V DownloadConstants: download url: http://111.13.109.37:81/1Q2W3E4R5T6Y7U8I9O0P1Z2X3C4V5B/down3.down33.net:8001/2013/soft1_2010/WMRoot.rar, current byte: 1094489, read byte: 4048
09-26 14:22:31.137   671  3009 V DownloadConstants: download url: http://111.13.109.37:81/1Q2W3E4R5T6Y7U8I9O0P1Z2X3C4V5B/down3.down33.net:8001/2013/soft1_2010/WMRoot.rar, current byte: 1098537, read byte: 3036
09-26 14:22:31.184   671  3009 V DownloadConstants: download url: http://111.13.109.37:81/1Q2W3E4R5T6Y7U8I9O0P1Z2X3C4V5B/down3.down33.net:8001/2013/soft1_2010/WMRoot.rar, current byte: 1101573, read byte: 3036
09-26 14:22:31.231   671  3009 V DownloadConstants: download url: http://111.13.109.37:81/1Q2W3E4R5T6Y7U8I9O0P1Z2X3C4V5B/down3.down33.net:8001/2013/soft1_2010/WMRoot.rar, current byte: 1104609, read byte: 4096
09-26 14:22:31.286   671  3009 V DownloadConstants: download url: http://111.13.109.37:81/1Q2W3E4R5T6Y7U8I9O0P1Z2X3C4V5B/down3.down33.net:8001/2013/soft1_2010/WMRoot.rar, current byte: 1108705, read byte: 1976
09-26 14:22:31.286   671  3009 V DownloadConstants: download url: http://111.13.109.37:81/1Q2W3E4R5T6Y7U8I9O0P1Z2X3C4V5B/down3.down33.net:8001/2013/soft1_2010/WMRoot.rar, current byte: 1110681, read byte: 3036
09-26 14:22:31.341   671   671 V DownloadService: Service ContentObserver received notification
09-26 14:22:31.341   671   671 V DownloadService: updateFromProvider
09-26 14:22:31.356   671  3035 V DownloadConstants: starting query, database is not null; projection is null; selection is null; selectionArgs is null; sort is null.
09-26 14:22:31.380   671  3035 V DownloadConstants: created cursor android.database.sqlite.SQLiteCursor@41579130 on behalf of 671
09-26 14:22:31.380   671  3035 I DownloadService: number of rows from downloads-db: 1
09-26 14:22:31.387   671  3035 V DownloadService: processing updated download 1, status: 192
09-26 14:22:31.387   671  3035 V Download ApnHelper: beginDownload, type: 8, status:192
09-26 14:22:31.387   671  3035 V Download ApnHelper: beginConnectivity: enableWAP, already up
09-26 14:22:31.387   671  3035 D Download ApnHelper: tryOmaDownload
09-26 14:22:31.387   671  3035 I DownloadInfo: isReadyToStart: DownloadInfo{mId=1, mUri='http://111.13.109.37:81/1Q2W3E4R5T6Y7U8I9O0P1Z2X3C4V5B/down3.down33.net:8001/2013/soft1_2010/WMRoot.rar', mNoIntegrity=false, mHint='file:///storage/sdcard0/Download/Others/WMRoot.rar', mFileName='/storage/sdcard0/Download/Others/WMRoot.rar', mMimeType='application/rar', mDestination=4, mVisibility=1, mControl=0, mStatus=192, mNumFailed=0, mRetryAfter=0, mLastMod=1380176498166, mPackage='com.android.browser', mClass='null', mExtras='null', mCookies='null', mUserAgent='null', mReferer='null', mTotalBytes=19050082, mCurrentBytes=1108705, mETag='"b2b487077bace1:d50"', mUid=10005, mMediaScanned=0, mDeleted=false, mMediaProviderUri='null', mIsPublicApi=true, mAllowedNetworkTypes=8, mAllowRoaming=true, mAllowMetered=true, mTitle='WMRoot.rar', mDescription='111.13.109.37', mBypassRecommendedSizeLimit=0, mFuzz=870, mRequestHeaders=[android.util.Pair@9f0ffd08, android.util.Pair@362d9a0c, android.util.Pair@af400a64], mSystemFacade=com.android.providers.downloads.RealSystemFacade@414a3568, mContext=com.android.providers.downloads.DownloadService@414ab6e0}
09-26 14:22:31.559   671  3009 V DownloadConstants: download url: http://111.13.109.37:81/1Q2W3E4R5T6Y7U8I9O0P1Z2X3C4V5B/down3.down33.net:8001/2013/soft1_2010/WMRoot.rar, current byte: 1113717, read byte: 1012
09-26 14:22:31.583   671  3009 V DownloadConstants: download url: http://111.13.109.37:81/1Q2W3E4R5T6Y7U8I9O0P1Z2X3C4V5B/down3.down33.net:8001/2013/soft1_2010/WMRoot.rar, current byte: 1114729, read byte: 4096
09-26 14:22:31.591   671  3009 V DownloadConstants: download url: http://111.13.109.37:81/1Q2W3E4R5T6Y7U8I9O0P1Z2X3C4V5B/down3.down33.net:8001/2013/soft1_2010/WMRoot.rar, current byte: 1118825, read byte: 4096
09-26 14:22:31.591   671  3009 V DownloadConstants: download url: http://111.13.109.37:81/1Q2W3E4R5T6Y7U8I9O0P1Z2X3C4V5B/down3.down33.net:8001/2013/soft1_2010/WMRoot.rar, current byte: 1122921, read byte: 4096
09-26 14:22:31.591   671  3009 V DownloadConstants: download url: http://111.13.109.37:81/1Q2W3E4R5T6Y7U8I9O0P1Z2X3C4V5B/down3.down33.net:8001/2013/soft1_2010/WMRoot.rar, current byte: 1127017, read byte: 4096
09-26 14:22:31.591   671  3009 V DownloadConstants: download url: http://111.13.109.37:81/1Q2W3E4R5T6Y7U8I9O0P1Z2X3C4V5B/down3.down33.net:8001/2013/soft1_2010/WMRoot.rar, current byte: 1131113, read byte: 4096
09-26 14:22:31.591   671  3009 V DownloadConstants: download url: http://111.13.109.37:81/1Q2W3E4R5T6Y7U8I9O0P1Z2X3C4V5B/down3.down33.net:8001/2013/soft1_2010/WMRoot.rar, current byte: 1135209, read byte: 2796
09-26 14:22:31.606   671  3009 V DownloadConstants: download url: http://111.13.109.37:81/1Q2W3E4R5T6Y7U8I9O0P1Z2X3C4V5B/down3.down33.net:8001/2013/soft1_2010/WMRoot.rar, current byte: 1138005, read byte: 1012
09-26 14:22:31.606   671  3009 V DownloadConstants: download url: http://111.13.109.37:81/1Q2W3E4R5T6Y7U8I9O0P1Z2X3C4V5B/down3.down33.net:8001/2013/soft1_2010/WMRoot.rar, current byte: 1139017, read byte: 1012
09-26 14:22:31.614   671  3009 V DownloadConstants: download url: http://111.13.109.37:81/1Q2W3E4R5T6Y7U8I9O0P1Z2X3C4V5B/down3.down33.net:8001/2013/soft1_2010/WMRoot.rar, current byte: 1140029, read byte: 1012
09-26 14:22:31.622   671  3009 V DownloadConstants: download url: http://111.13.109.37:81/1Q2W3E4R5T6Y7U8I9O0P1Z2X3C4V5B/down3.down33.net:8001/2013/soft1_2010/WMRoot.rar, current byte: 1141041, read byte: 1012
09-26 14:22:31.669   671  3009 V DownloadConstants: download url: http://111.13.109.37:81/1Q2W3E4R5T6Y7U8I9O0P1Z2X3C4V5B/down3.down33.net:8001/2013/soft1_2010/WMRoot.rar, current byte: 1142053, read byte: 1012
09-26 14:22:31.677   671  3009 V DownloadConstants: download url: http://111.13.109.37:81/1Q2W3E4R5T6Y7U8I9O0P1Z2X3C4V5B/down3.down33.net:8001/2013/soft1_2010/WMRoot.rar, current byte: 1143065, read byte: 3036
09-26 14:22:31.731   671  3009 V DownloadConstants: download url: http://111.13.109.37:81/1Q2W3E4R5T6Y7U8I9O0P1Z2X3C4V5B/down3.down33.net:8001/2013/soft1_2010/WMRoot.rar, current byte: 1146101, read byte: 1012
09-26 14:22:31.739   671  3009 V DownloadConstants: download url: http://111.13.109.37:81/1Q2W3E4R5T6Y7U8I9O0P1Z2X3C4V5B/down3.down33.net:8001/2013/soft1_2010/WMRoot.rar, current byte: 1147113, read byte: 1012
09-26 14:22:31.747   671  3009 V DownloadConstants: download url: http://111.13.109.37:81/1Q2W3E4R5T6Y7U8I9O0P1Z2X3C4V5B/down3.down33.net:8001/2013/soft1_2010/WMRoot.rar, current byte: 1148125, read byte: 1012
09-26 14:22:31.762   671  3009 V DownloadConstants: download url: http://111.13.109.37:81/1Q2W3E4R5T6Y7U8I9O0P1Z2X3C4V5B/down3.down33.net:8001/2013/soft1_2010/WMRoot.rar, current byte: 1149137, read byte: 1012
09-26 14:22:31.762   671  3009 V DownloadConstants: download url: http://111.13.109.37:81/1Q2W3E4R5T6Y7U8I9O0P1Z2X3C4V5B/down3.down33.net:8001/2013/soft1_2010/WMRoot.rar, current byte: 1150149, read byte: 1012
09-26 14:22:31.770   671  3009 V DownloadConstants: download url: http://111.13.109.37:81/1Q2W3E4R5T6Y7U8I9O0P1Z2X3C4V5B/down3.down33.net:8001/2013/soft1_2010/WMRoot.rar, current byte: 1151161, read byte: 1012
09-26 14:22:31.794   671  3009 V DownloadConstants: download url: http://111.13.109.37:81/1Q2W3E4R5T6Y7U8I9O0P1Z2X3C4V5B/down3.down33.net:8001/2013/soft1_2010/WMRoot.rar, current byte: 1152173, read byte: 1012
09-26 14:22:31.802   671  3009 V DownloadConstants: download url: http://111.13.109.37:81/1Q2W3E4R5T6Y7U8I9O0P1Z2X3C4V5B/down3.down33.net:8001/2013/soft1_2010/WMRoot.rar, current byte: 1153185, read byte: 1012
09-26 14:22:31.809   671  3009 V DownloadConstants: download url: http://111.13.109.37:81/1Q2W3E4R5T6Y7U8I9O0P1Z2X3C4V5B/down3.down33.net:8001/2013/soft1_2010/WMRoot.rar, current byte: 1154197, read byte: 1012
09-26 14:22:31.817   671  3009 V DownloadConstants: download url: http://111.13.109.37:81/1Q2W3E4R5T6Y7U8I9O0P1Z2X3C4V5B/down3.down33.net:8001/2013/soft1_2010/WMRoot.rar, current byte: 1155209, read byte: 1012
09-26 14:22:31.864   671  3009 V DownloadConstants: download url: http://111.13.109.37:81/1Q2W3E4R5T6Y7U8I9O0P1Z2X3C4V5B/down3.down33.net:8001/2013/soft1_2010/WMRoot.rar, current byte: 1156221, read byte: 1012
09-26 14:22:31.872   671  3009 V DownloadConstants: download url: http://111.13.109.37:81/1Q2W3E4R5T6Y7U8I9O0P1Z2X3C4V5B/down3.down33.net:8001/2013/soft1_2010/WMRoot.rar, current byte: 1157233, read byte: 1012
09-26 14:22:31.872   671  3009 V DownloadConstants: download url: http://111.13.109.37:81/1Q2W3E4R5T6Y7U8I9O0P1Z2X3C4V5B/down3.down33.net:8001/2013/soft1_2010/WMRoot.rar, current byte: 1158245, read byte: 1012
09-26 14:22:31.903   671  3009 V DownloadConstants: download url: http://111.13.109.37:81/1Q2W3E4R5T6Y7U8I9O0P1Z2X3C4V5B/down3.down33.net:8001/2013/soft1_2010/WMRoot.rar, current byte: 1159257, read byte: 1012
09-26 14:22:31.911   671  3009 V DownloadConstants: download url: http://111.13.109.37:81/1Q2W3E4R5T6Y7U8I9O0P1Z2X3C4V5B/down3.down33.net:8001/2013/soft1_2010/WMRoot.rar, current byte: 1160269, read byte: 1012
09-26 14:22:31.911   671  3009 V DownloadConstants: download url: http://111.13.109.37:81/1Q2W3E4R5T6Y7U8I9O0P1Z2X3C4V5B/down3.down33.net:8001/2013/soft1_2010/WMRoot.rar, current byte: 1161281, read byte: 1012
09-26 14:22:31.927   671  3009 V DownloadConstants: download url: http://111.13.109.37:81/1Q2W3E4R5T6Y7U8I9O0P1Z2X3C4V5B/down3.down33.net:8001/2013/soft1_2010/WMRoot.rar, current byte: 1162293, read byte: 1012
09-26 14:22:31.997   671  3009 V DownloadConstants: download url: http://111.13.109.37:81/1Q2W3E4R5T6Y7U8I9O0P1Z2X3C4V5B/down3.down33.net:8001/2013/soft1_2010/WMRoot.rar, current byte: 1163305, read byte: 3036
09-26 14:22:31.997   671  3009 V DownloadConstants: download url: http://111.13.109.37:81/1Q2W3E4R5T6Y7U8I9O0P1Z2X3C4V5B/down3.down33.net:8001/2013/soft1_2010/WMRoot.rar, current byte: 1166341, read byte: 1012
09-26 14:22:32.052   671  3009 V DownloadConstants: download url: http://111.13.109.37:81/1Q2W3E4R5T6Y7U8I9O0P1Z2X3C4V5B/down3.down33.net:8001/2013/soft1_2010/WMRoot.rar, current byte: 1167353, read byte: 1012
09-26 14:22:32.052   671  3009 V DownloadConstants: download url: http://111.13.109.37:81/1Q2W3E4R5T6Y7U8I9O0P1Z2X3C4V5B/down3.down33.net:8001/2013/soft1_2010/WMRoot.rar, current byte: 1168365, read byte: 1012
09-26 14:22:32.059   671  3009 V DownloadConstants: download url: http://111.13.109.37:81/1Q2W3E4R5T6Y7U8I9O0P1Z2X3C4V5B/down3.down33.net:8001/2013/soft1_2010/WMRoot.rar, current byte: 1169377, read byte: 1012
09-26 14:22:32.059   671  3009 V DownloadConstants: download url: http://111.13.109.37:81/1Q2W3E4R5T6Y7U8I9O0P1Z2X3C4V5B/down3.down33.net:8001/2013/soft1_2010/WMRoot.rar, current byte: 1170389, read byte: 1012
09-26 14:22:32.145   671  3009 V DownloadConstants: download url: http://111.13.109.37:81/1Q2W3E4R5T6Y7U8I9O0P1Z2X3C4V5B/down3.down33.net:8001/2013/soft1_2010/WMRoot.rar, current byte: 1171401, read byte: 1012
09-26 14:22:32.145   671  3009 V DownloadConstants: download url: http://111.13.109.37:81/1Q2W3E4R5T6Y7U8I9O0P1Z2X3C4V5B/down3.down33.net:8001/2013/soft1_2010/WMRoot.rar, current byte: 1172413, read byte: 1012
09-26 14:22:32.161   671  3009 V DownloadConstants: download url: http://111.13.109.37:81/1Q2W3E4R5T6Y7U8I9O0P1Z2X3C4V5B/down3.down33.net:8001/2013/soft1_2010/WMRoot.rar, current byte: 1173425, read byte: 2024
09-26 14:22:32.169   671  3009 V DownloadConstants: download url: http://111.13.109.37:81/1Q2W3E4R5T6Y7U8I9O0P1Z2X3C4V5B/down3.down33.net:8001/2013/soft1_2010/WMRoot.rar, current byte: 1175449, read byte: 1012
09-26 14:22:32.169   671  3009 V DownloadConstants: download url: http://111.13.109.37:81/1Q2W3E4R5T6Y7U8I9O0P1Z2X3C4V5B/down3.down33.net:8001/2013/soft1_2010/WMRoot.rar, current byte: 1176461, read byte: 1012
09-26 14:22:32.177   671  3009 V DownloadConstants: download url: http://111.13.109.37:81/1Q2W3E4R5T6Y7U8I9O0P1Z2X3C4V5B/down3.down33.net:8001/2013/soft1_2010/WMRoot.rar, current byte: 1177473, read byte: 1012
09-26 14:22:32.223   671  3009 V DownloadConstants: download url: http://111.13.109.37:81/1Q2W3E4R5T6Y7U8I9O0P1Z2X3C4V5B/down3.down33.net:8001/2013/soft1_2010/WMRoot.rar, current byte: 1178485, read byte: 1012
09-26 14:22:32.231   671  3009 V DownloadConstants: download url: http://111.13.109.37:81/1Q2W3E4R5T6Y7U8I9O0P1Z2X3C4V5B/down3.down33.net:8001/2013/soft1_2010/WMRoot.rar, current byte: 1179497, read byte: 1012
09-26 14:22:32.231   671  3009 V DownloadConstants: download url: http://111.13.109.37:81/1Q2W3E4R5T6Y7U8I9O0P1Z2X3C4V5B/down3.down33.net:8001/2013/soft1_2010/WMRoot.rar, current byte: 1180509, read byte: 1012
09-26 14:22:32.247   671  3009 V DownloadConstants: download url: http://111.13.109.37:81/1Q2W3E4R5T6Y7U8I9O0P1Z2X3C4V5B/down3.down33.net:8001/2013/soft1_2010/WMRoot.rar, current byte: 1181521, read byte: 1012
09-26 14:22:32.247   671  3009 V DownloadConstants: download url: http://111.13.109.37:81/1Q2W3E4R5T6Y7U8I9O0P1Z2X3C4V5B/down3.down33.net:8001/2013/soft1_2010/WMRoot.rar, current byte: 1182533, read byte: 1012
09-26 14:22:32.255   671  3009 V DownloadConstants: download url: http://111.13.109.37:81/1Q2W3E4R5T6Y7U8I9O0P1Z2X3C4V5B/down3.down33.net:8001/2013/soft1_2010/WMRoot.rar, current byte: 1183545, read byte: 1012
09-26 14:22:32.255   671  3009 V DownloadConstants: download url: http://111.13.109.37:81/1Q2W3E4R5T6Y7U8I9O0P1Z2X3C4V5B/down3.down33.net:8001/2013/soft1_2010/WMRoot.rar, current byte: 1184557, read byte: 1012
09-26 14:22:32.302   671  3009 V DownloadConstants: download url: http://111.13.109.37:81/1Q2W3E4R5T6Y7U8I9O0P1Z2X3C4V5B/down3.down33.net:8001/2013/soft1_2010/WMRoot.rar, current byte: 1185569, read byte: 1012
09-26 14:22:32.302   671  3009 V DownloadConstants: download url: http://111.13.109.37:81/1Q2W3E4R5T6Y7U8I9O0P1Z2X3C4V5B/down3.down33.net:8001/2013/soft1_2010/WMRoot.rar, current byte: 1186581, read byte: 1012
09-26 14:22:32.309   671  3009 V DownloadConstants: download url: http://111.13.109.37:81/1Q2W3E4R5T6Y7U8I9O0P1Z2X3C4V5B/down3.down33.net:8001/2013/soft1_2010/WMRoot.rar, current byte: 1187593, read byte: 1012
09-26 14:22:32.317   671  3009 V DownloadConstants: download url: http://111.13.109.37:81/1Q2W3E4R5T6Y7U8I9O0P1Z2X3C4V5B/down3.down33.net:8001/2013/soft1_2010/WMRoot.rar, current byte: 1188605, read byte: 1012
09-26 14:22:32.372   671  3009 V DownloadConstants: download url: http://111.13.109.37:81/1Q2W3E4R5T6Y7U8I9O0P1Z2X3C4V5B/down3.down33.net:8001/2013/soft1_2010/WMRoot.rar, current byte: 1189617, read byte: 1012
09-26 14:22:32.372   671  3009 V DownloadConstants: download url: http://111.13.109.37:81/1Q2W3E4R5T6Y7U8I9O0P1Z2X3C4V5B/down3.down33.net:8001/2013/soft1_2010/WMRoot.rar, current byte: 1190629, read byte: 1012
09-26 14:22:32.387   671  3009 V DownloadConstants: download url: http://111.13.109.37:81/1Q2W3E4R5T6Y7U8I9O0P1Z2X3C4V5B/down3.down33.net:8001/2013/soft1_2010/WMRoot.rar, current byte: 1191641, read byte: 2024
09-26 14:22:32.450   671  3009 V DownloadConstants: download url: http://111.13.109.37:81/1Q2W3E4R5T6Y7U8I9O0P1Z2X3C4V5B/down3.down33.net:8001/2013/soft1_2010/WMRoot.rar, current byte: 1193665, read byte: 4048
09-26 14:22:32.473   671  3009 V DownloadConstants: download url: http://111.13.109.37:81/1Q2W3E4R5T6Y7U8I9O0P1Z2X3C4V5B/down3.down33.net:8001/2013/soft1_2010/WMRoot.rar, current byte: 1197713, read byte: 4048
09-26 14:22:32.544   671  3009 V DownloadConstants: download url: http://111.13.109.37:81/1Q2W3E4R5T6Y7U8I9O0P1Z2X3C4V5B/down3.down33.net:8001/2013/soft1_2010/WMRoot.rar, current byte: 1201761, read byte: 2024
09-26 14:22:32.552   671  3009 V DownloadConstants: download url: http://111.13.109.37:81/1Q2W3E4R5T6Y7U8I9O0P1Z2X3C4V5B/down3.down33.net:8001/2013/soft1_2010/WMRoot.rar, current byte: 1203785, read byte: 2024
09-26 14:22:32.567   129  1383 E BufferQueue: [com.android.providers.downloads.ui/com.android.providers.downloads.ui.DownloadList] dequeueBuffer: min undequeued buffer count (1) exceeded (dequeued=2 undequeudCount=0)
09-26 14:22:32.567   129   129 E BufferQueue: [com.android.providers.downloads.ui/com.android.providers.downloads.ui.DownloadList] dequeueBuffer: min undequeued buffer count (1) exceeded (dequeued=2 undequeudCount=0)
09-26 14:22:32.567   129   285 E BufferQueue: [com.android.providers.downloads.ui/com.android.providers.downloads.ui.DownloadList] dequeueBuffer: min undequeued buffer count (1) exceeded (dequeued=2 undequeudCount=0)
09-26 14:22:32.575   129  2329 E BufferQueue: [com.android.providers.downloads.ui/com.android.providers.downloads.ui.DownloadList] dequeueBuffer: min undequeued buffer count (1) exceeded (dequeued=2 undequeudCount=0)
09-26 14:22:32.598   671  3009 V DownloadConstants: download url: http://111.13.109.37:81/1Q2W3E4R5T6Y7U8I9O0P1Z2X3C4V5B/down3.down33.net:8001/2013/soft1_2010/WMRoot.rar, current byte: 1205809, read byte: 1012
09-26 14:22:32.598   671  3009 V DownloadConstants: download url: http://111.13.109.37:81/1Q2W3E4R5T6Y7U8I9O0P1Z2X3C4V5B/down3.down33.net:8001/2013/soft1_2010/WMRoot.rar, current byte: 1206821, read byte: 3036
09-26 14:22:32.630   671  3009 V DownloadConstants: download url: http://111.13.109.37:81/1Q2W3E4R5T6Y7U8I9O0P1Z2X3C4V5B/down3.down33.net:8001/2013/soft1_2010/WMRoot.rar, current byte: 1209857, read byte: 1012
09-26 14:22:32.653   671  3009 V DownloadConstants: download url: http://111.13.109.37:81/1Q2W3E4R5T6Y7U8I9O0P1Z2X3C4V5B/down3.down33.net:8001/2013/soft1_2010/WMRoot.rar, current byte: 1210869, read byte: 3036
09-26 14:22:32.739   671  3009 V DownloadConstants: download url: http://111.13.109.37:81/1Q2W3E4R5T6Y7U8I9O0P1Z2X3C4V5B/down3.down33.net:8001/2013/soft1_2010/WMRoot.rar, current byte: 1213905, read byte: 1012
09-26 14:22:32.794   671  3009 V DownloadConstants: download url: http://111.13.109.37:81/1Q2W3E4R5T6Y7U8I9O0P1Z2X3C4V5B/down3.down33.net:8001/2013/soft1_2010/WMRoot.rar, current byte: 1214917, read byte: 4096
09-26 14:22:32.794   671  3009 V DownloadConstants: download url: http://111.13.109.37:81/1Q2W3E4R5T6Y7U8I9O0P1Z2X3C4V5B/down3.down33.net:8001/2013/soft1_2010/WMRoot.rar, current byte: 1219013, read byte: 4000
09-26 14:22:32.825   671   671 V DownloadService: Service ContentObserver received notification
09-26 14:22:32.825   671   671 V DownloadService: updateFromProvider
09-26 14:22:32.833   671  3036 V DownloadConstants: starting query, database is not null; projection is null; selection is null; selectionArgs is null; sort is null.
09-26 14:22:32.848   671  3036 V DownloadConstants: created cursor android.database.sqlite.SQLiteCursor@414c8a80 on behalf of 671
09-26 14:22:32.848   671  3036 I DownloadService: number of rows from downloads-db: 1
09-26 14:22:32.848   671  3036 V DownloadService: processing updated download 1, status: 192
09-26 14:22:32.848   671  3036 V Download ApnHelper: beginDownload, type: 8, status:192
09-26 14:22:32.848   671  3036 V Download ApnHelper: beginConnectivity: enableWAP, already up
09-26 14:22:32.848   671  3036 D Download ApnHelper: tryOmaDownload
09-26 14:22:32.848   671  3036 I DownloadInfo: isReadyToStart: DownloadInfo{mId=1, mUri='http://111.13.109.37:81/1Q2W3E4R5T6Y7U8I9O0P1Z2X3C4V5B/down3.down33.net:8001/2013/soft1_2010/WMRoot.rar', mNoIntegrity=false, mHint='file:///storage/sdcard0/Download/Others/WMRoot.rar', mFileName='/storage/sdcard0/Download/Others/WMRoot.rar', mMimeType='application/rar', mDestination=4, mVisibility=1, mControl=0, mStatus=192, mNumFailed=0, mRetryAfter=0, mLastMod=1380176498166, mPackage='com.android.browser', mClass='null', mExtras='null', mCookies='null', mUserAgent='null', mReferer='null', mTotalBytes=19050082, mCurrentBytes=1214917, mETag='"b2b487077bace1:d50"', mUid=10005, mMediaScanned=0, mDeleted=false, mMediaProviderUri='null', mIsPublicApi=true, mAllowedNetworkTypes=8, mAllowRoaming=true, mAllowMetered=true, mTitle='WMRoot.rar', mDescription='111.13.109.37', mBypassRecommendedSizeLimit=0, mFuzz=870, mRequestHeaders=[android.util.Pair@9f0ffd08, android.util.Pair@362d9a0c, android.util.Pair@af400a64], mSystemFacade=com.android.providers.downloads.RealSystemFacade@414a3568, mContext=com.android.providers.downloads.DownloadService@414ab6e0}
09-26 14:22:32.864   671  3009 V DownloadConstants: download url: http://111.13.109.37:81/1Q2W3E4R5T6Y7U8I9O0P1Z2X3C4V5B/down3.down33.net:8001/2013/soft1_2010/WMRoot.rar, current byte: 1223013, read byte: 2024
09-26 14:22:32.872   671  3009 V DownloadConstants: download url: http://111.13.109.37:81/1Q2W3E4R5T6Y7U8I9O0P1Z2X3C4V5B/down3.down33.net:8001/2013/soft1_2010/WMRoot.rar, current byte: 1225037, read byte: 1012
09-26 14:22:32.880   671  3009 V DownloadConstants: download url: http://111.13.109.37:81/1Q2W3E4R5T6Y7U8I9O0P1Z2X3C4V5B/down3.down33.net:8001/2013/soft1_2010/WMRoot.rar, current byte: 1226049, read byte: 1012
09-26 14:22:32.880   671  3009 V DownloadConstants: download url: http://111.13.109.37:81/1Q2W3E4R5T6Y7U8I9O0P1Z2X3C4V5B/down3.down33.net:8001/2013/soft1_2010/WMRoot.rar, current byte: 1227061, read byte: 1012
09-26 14:22:32.887   671  3009 V DownloadConstants: download url: http://111.13.109.37:81/1Q2W3E4R5T6Y7U8I9O0P1Z2X3C4V5B/down3.down33.net:8001/2013/soft1_2010/WMRoot.rar, current byte: 1228073, read byte: 1012
09-26 14:22:32.927   671  3009 V DownloadConstants: download url: http://111.13.109.37:81/1Q2W3E4R5T6Y7U8I9O0P1Z2X3C4V5B/down3.down33.net:8001/2013/soft1_2010/WMRoot.rar, current byte: 1229085, read byte: 1012
09-26 14:22:32.927   671  3009 V DownloadConstants: download url: http://111.13.109.37:81/1Q2W3E4R5T6Y7U8I9O0P1Z2X3C4V5B/down3.down33.net:8001/2013/soft1_2010/WMRoot.rar, current byte: 1230097, read byte: 1012
09-26 14:22:32.958   671  3009 V DownloadConstants: download url: http://111.13.109.37:81/1Q2W3E4R5T6Y7U8I9O0P1Z2X3C4V5B/down3.down33.net:8001/2013/soft1_2010/WMRoot.rar, current byte: 1231109, read byte: 1012
09-26 14:22:32.966   671  3009 V DownloadConstants: download url: http://111.13.109.37:81/1Q2W3E4R5T6Y7U8I9O0P1Z2X3C4V5B/down3.down33.net:8001/2013/soft1_2010/WMRoot.rar, current byte: 1232121, read byte: 1012
09-26 14:22:32.997   671  3009 V DownloadConstants: download url: http://111.13.109.37:81/1Q2W3E4R5T6Y7U8I9O0P1Z2X3C4V5B/down3.down33.net:8001/2013/soft1_2010/WMRoot.rar, current byte: 1233133, read byte: 4048
09-26 14:22:33.364   671  3009 V DownloadConstants: download url: http://111.13.109.37:81/1Q2W3E4R5T6Y7U8I9O0P1Z2X3C4V5B/down3.down33.net:8001/2013/soft1_2010/WMRoot.rar, current byte: 1237181, read byte: 4048
09-26 14:22:33.473   671  3009 V DownloadConstants: download url: http://111.13.109.37:81/1Q2W3E4R5T6Y7U8I9O0P1Z2X3C4V5B/down3.down33.net:8001/2013/soft1_2010/WMRoot.rar, current byte: 1241229, read byte: 2024
