09-26 14:22:08.684   671  3009 V DownloadConstants: download url: http://111.13.109.37:81/1Q2W3E4R5T6Y7U8I9O0P1Z2X3C4V5B/down3.down33.net:8001/2013/soft1_2010/WMRoot.rar, current byte: 603669, read byte: 2024
09-26 14:22:09.122   671  3009 V DownloadConstants: download url: http://111.13.109.37:81/1Q2W3E4R5T6Y7U8I9O0P1Z2X3C4V5B/down3.down33.net:8001/2013/soft1_2010/WMRoot.rar, current byte: 605693, read byte: 1012
09-26 14:22:09.575   129   561 E BufferQueue: [com.android.providers.downloads.ui/com.android.providers.downloads.ui.DownloadList] dequeueBuffer: min undequeued buffer count (1) exceeded (dequeued=2 undequeudCount=0)
09-26 14:22:09.833   671  3009 V DownloadConstants: download url: http://111.13.109.37:81/1Q2W3E4R5T6Y7U8I9O0P1Z2X3C4V5B/down3.down33.net:8001/2013/soft1_2010/WMRoot.rar, current byte: 606705, read byte: 1012
09-26 14:22:09.887   671  3009 V DownloadConstants: download url: http://111.13.109.37:81/1Q2W3E4R5T6Y7U8I9O0P1Z2X3C4V5B/down3.down33.net:8001/2013/soft1_2010/WMRoot.rar, current byte: 607717, read byte: 4096
09-26 14:22:09.895   671  3009 V DownloadConstants: download url: http://111.13.109.37:81/1Q2W3E4R5T6Y7U8I9O0P1Z2X3C4V5B/down3.down33.net:8001/2013/soft1_2010/WMRoot.rar, current byte: 611813, read byte: 4096
09-26 14:22:09.895   671   671 V DownloadService: Service ContentObserver received notification
09-26 14:22:09.895   671   671 V DownloadService: updateFromProvider
09-26 14:22:09.895   671  3009 V DownloadConstants: download url: http://111.13.109.37:81/1Q2W3E4R5T6Y7U8I9O0P1Z2X3C4V5B/down3.down33.net:8001/2013/soft1_2010/WMRoot.rar, current byte: 615909, read byte: 4096
09-26 14:22:09.903   671  3028 V DownloadConstants: starting query, database is not null; projection is null; selection is null; selectionArgs is null; sort is null.
09-26 14:22:09.903   671  3009 V DownloadConstants: download url: http://111.13.109.37:81/1Q2W3E4R5T6Y7U8I9O0P1Z2X3C4V5B/down3.down33.net:8001/2013/soft1_2010/WMRoot.rar, current byte: 620005, read byte: 4096
09-26 14:22:09.911   671  3009 V DownloadConstants: download url: http://111.13.109.37:81/1Q2W3E4R5T6Y7U8I9O0P1Z2X3C4V5B/down3.down33.net:8001/2013/soft1_2010/WMRoot.rar, current byte: 624101, read byte: 4096
09-26 14:22:09.911   671  3009 V DownloadConstants: download url: http://111.13.109.37:81/1Q2W3E4R5T6Y7U8I9O0P1Z2X3C4V5B/down3.down33.net:8001/2013/soft1_2010/WMRoot.rar, current byte: 628197, read byte: 4096
09-26 14:22:09.911   671  3028 V DownloadConstants: created cursor android.database.sqlite.SQLiteCursor@414de358 on behalf of 671
09-26 14:22:09.919   671  3009 V DownloadConstants: download url: http://111.13.109.37:81/1Q2W3E4R5T6Y7U8I9O0P1Z2X3C4V5B/down3.down33.net:8001/2013/soft1_2010/WMRoot.rar, current byte: 632293, read byte: 4096
09-26 14:22:09.919   671  3009 V DownloadConstants: download url: http://111.13.109.37:81/1Q2W3E4R5T6Y7U8I9O0P1Z2X3C4V5B/down3.down33.net:8001/2013/soft1_2010/WMRoot.rar, current byte: 636389, read byte: 4096
09-26 14:22:09.919   671  3009 V DownloadConstants: download url: http://111.13.109.37:81/1Q2W3E4R5T6Y7U8I9O0P1Z2X3C4V5B/down3.down33.net:8001/2013/soft1_2010/WMRoot.rar, current byte: 640485, read byte: 4096
09-26 14:22:09.919   671  3028 I DownloadService: number of rows from downloads-db: 1
09-26 14:22:09.919   671  3009 V DownloadConstants: download url: http://111.13.109.37:81/1Q2W3E4R5T6Y7U8I9O0P1Z2X3C4V5B/down3.down33.net:8001/2013/soft1_2010/WMRoot.rar, current byte: 644581, read byte: 4096
09-26 14:22:09.919   671  3009 V DownloadConstants: download url: http://111.13.109.37:81/1Q2W3E4R5T6Y7U8I9O0P1Z2X3C4V5B/down3.down33.net:8001/2013/soft1_2010/WMRoot.rar, current byte: 648677, read byte: 2556
09-26 14:22:09.919   671  3028 V DownloadService: processing updated download 1, status: 192
09-26 14:22:09.919   671  3028 V Download ApnHelper: beginDownload, type: 8, status:192
09-26 14:22:09.919   671  3028 V Download ApnHelper: beginConnectivity: enableWAP, already up
09-26 14:22:09.919   671  3028 D Download ApnHelper: tryOmaDownload
09-26 14:22:09.919   671  3028 I DownloadInfo: isReadyToStart: DownloadInfo{mId=1, mUri='http://111.13.109.37:81/1Q2W3E4R5T6Y7U8I9O0P1Z2X3C4V5B/down3.down33.net:8001/2013/soft1_2010/WMRoot.rar', mNoIntegrity=false, mHint='file:///storage/sdcard0/Download/Others/WMRoot.rar', mFileName='/storage/sdcard0/Download/Others/WMRoot.rar', mMimeType='application/rar', mDestination=4, mVisibility=1, mControl=0, mStatus=192, mNumFailed=0, mRetryAfter=0, mLastMod=1380176498166, mPackage='com.android.browser', mClass='null', mExtras='null', mCookies='null', mUserAgent='null', mReferer='null', mTotalBytes=19050082, mCurrentBytes=607717, mETag='"b2b487077bace1:d50"', mUid=10005, mMediaScanned=0, mDeleted=false, mMediaProviderUri='null', mIsPublicApi=true, mAllowedNetworkTypes=8, mAllowRoaming=true, mAllowMetered=true, mTitle='WMRoot.rar', mDescription='111.13.109.37', mBypassRecommendedSizeLimit=0, mFuzz=870, mRequestHeaders=[android.util.Pair@9f0ffd08, android.util.Pair@362d9a0c, android.util.Pair@af400a64], mSystemFacade=com.android.providers.downloads.RealSystemFacade@414a3568, mContext=com.android.providers.downloads.DownloadService@414ab6e0}
09-26 14:22:09.966   671  3009 V DownloadConstants: download url: http://111.13.109.37:81/1Q2W3E4R5T6Y7U8I9O0P1Z2X3C4V5B/down3.down33.net:8001/2013/soft1_2010/WMRoot.rar, current byte: 651233, read byte: 1012
09-26 14:22:09.973   671  3009 V DownloadConstants: download url: http://111.13.109.37:81/1Q2W3E4R5T6Y7U8I9O0P1Z2X3C4V5B/down3.down33.net:8001/2013/soft1_2010/WMRoot.rar, current byte: 652245, read byte: 1012
09-26 14:22:09.981   671  3009 V DownloadConstants: download url: http://111.13.109.37:81/1Q2W3E4R5T6Y7U8I9O0P1Z2X3C4V5B/down3.down33.net:8001/2013/soft1_2010/WMRoot.rar, current byte: 653257, read byte: 1012
09-26 14:22:09.989   671  3009 V DownloadConstants: download url: http://111.13.109.37:81/1Q2W3E4R5T6Y7U8I9O0P1Z2X3C4V5B/down3.down33.net:8001/2013/soft1_2010/WMRoot.rar, current byte: 654269, read byte: 1012
09-26 14:22:10.005   671  3009 V DownloadConstants: download url: http://111.13.109.37:81/1Q2W3E4R5T6Y7U8I9O0P1Z2X3C4V5B/down3.down33.net:8001/2013/soft1_2010/WMRoot.rar, current byte: 655281, read byte: 1012
09-26 14:22:10.044   671  3009 V DownloadConstants: download url: http://111.13.109.37:81/1Q2W3E4R5T6Y7U8I9O0P1Z2X3C4V5B/down3.down33.net:8001/2013/soft1_2010/WMRoot.rar, current byte: 656293, read byte: 2024
09-26 14:22:10.059   671  3009 V DownloadConstants: download url: http://111.13.109.37:81/1Q2W3E4R5T6Y7U8I9O0P1Z2X3C4V5B/down3.down33.net:8001/2013/soft1_2010/WMRoot.rar, current byte: 658317, read byte: 3036
09-26 14:22:10.067   671  3009 V DownloadConstants: download url: http://111.13.109.37:81/1Q2W3E4R5T6Y7U8I9O0P1Z2X3C4V5B/down3.down33.net:8001/2013/soft1_2010/WMRoot.rar, current byte: 661353, read byte: 1012
09-26 14:22:10.067   671  3009 V DownloadConstants: download url: http://111.13.109.37:81/1Q2W3E4R5T6Y7U8I9O0P1Z2X3C4V5B/down3.down33.net:8001/2013/soft1_2010/WMRoot.rar, current byte: 662365, read byte: 1012
09-26 14:22:10.083   671  3009 V DownloadConstants: download url: http://111.13.109.37:81/1Q2W3E4R5T6Y7U8I9O0P1Z2X3C4V5B/down3.down33.net:8001/2013/soft1_2010/WMRoot.rar, current byte: 663377, read byte: 1012
09-26 14:22:10.098   671  3009 V DownloadConstants: download url: http://111.13.109.37:81/1Q2W3E4R5T6Y7U8I9O0P1Z2X3C4V5B/down3.down33.net:8001/2013/soft1_2010/WMRoot.rar, current byte: 664389, read byte: 1012
09-26 14:22:10.106   671  3009 V DownloadConstants: download url: http://111.13.109.37:81/1Q2W3E4R5T6Y7U8I9O0P1Z2X3C4V5B/down3.down33.net:8001/2013/soft1_2010/WMRoot.rar, current byte: 665401, read byte: 1012
09-26 14:22:10.106   671  3009 V DownloadConstants: download url: http://111.13.109.37:81/1Q2W3E4R5T6Y7U8I9O0P1Z2X3C4V5B/down3.down33.net:8001/2013/soft1_2010/WMRoot.rar, current byte: 666413, read byte: 1012
09-26 14:22:10.122   671  3009 V DownloadConstants: download url: http://111.13.109.37:81/1Q2W3E4R5T6Y7U8I9O0P1Z2X3C4V5B/down3.down33.net:8001/2013/soft1_2010/WMRoot.rar, current byte: 667425, read byte: 1012
09-26 14:22:10.161   671  3009 V DownloadConstants: download url: http://111.13.109.37:81/1Q2W3E4R5T6Y7U8I9O0P1Z2X3C4V5B/down3.down33.net:8001/2013/soft1_2010/WMRoot.rar, current byte: 668437, read byte: 1012
09-26 14:22:10.184   671  3009 V DownloadConstants: download url: http://111.13.109.37:81/1Q2W3E4R5T6Y7U8I9O0P1Z2X3C4V5B/down3.down33.net:8001/2013/soft1_2010/WMRoot.rar, current byte: 669449, read byte: 1012
09-26 14:22:10.184   671  3009 V DownloadConstants: download url: http://111.13.109.37:81/1Q2W3E4R5T6Y7U8I9O0P1Z2X3C4V5B/down3.down33.net:8001/2013/soft1_2010/WMRoot.rar, current byte: 670461, read byte: 1012
09-26 14:22:10.192   671  3009 V DownloadConstants: download url: http://111.13.109.37:81/1Q2W3E4R5T6Y7U8I9O0P1Z2X3C4V5B/down3.down33.net:8001/2013/soft1_2010/WMRoot.rar, current byte: 671473, read byte: 1012
09-26 14:22:10.200   671  3009 V DownloadConstants: download url: http://111.13.109.37:81/1Q2W3E4R5T6Y7U8I9O0P1Z2X3C4V5B/down3.down33.net:8001/2013/soft1_2010/WMRoot.rar, current byte: 672485, read byte: 1012
09-26 14:22:10.223   671  3009 V DownloadConstants: download url: http://111.13.109.37:81/1Q2W3E4R5T6Y7U8I9O0P1Z2X3C4V5B/down3.down33.net:8001/2013/soft1_2010/WMRoot.rar, current byte: 673497, read byte: 1012
09-26 14:22:10.239   671  3009 V DownloadConstants: download url: http://111.13.109.37:81/1Q2W3E4R5T6Y7U8I9O0P1Z2X3C4V5B/down3.down33.net:8001/2013/soft1_2010/WMRoot.rar, current byte: 674509, read byte: 1012
09-26 14:22:10.239   671  3009 V DownloadConstants: download url: http://111.13.109.37:81/1Q2W3E4R5T6Y7U8I9O0P1Z2X3C4V5B/down3.down33.net:8001/2013/soft1_2010/WMRoot.rar, current byte: 675521, read byte: 1012
09-26 14:22:10.247   671  3009 V DownloadConstants: download url: http://111.13.109.37:81/1Q2W3E4R5T6Y7U8I9O0P1Z2X3C4V5B/down3.down33.net:8001/2013/soft1_2010/WMRoot.rar, current byte: 676533, read byte: 1012
09-26 14:22:10.255   671  3009 V DownloadConstants: download url: http://111.13.109.37:81/1Q2W3E4R5T6Y7U8I9O0P1Z2X3C4V5B/down3.down33.net:8001/2013/soft1_2010/WMRoot.rar, current byte: 677545, read byte: 1012
09-26 14:22:10.270   671  3009 V DownloadConstants: download url: http://111.13.109.37:81/1Q2W3E4R5T6Y7U8I9O0P1Z2X3C4V5B/down3.down33.net:8001/2013/soft1_2010/WMRoot.rar, current byte: 678557, read byte: 1012
09-26 14:22:10.286   671  3009 V DownloadConstants: download url: http://111.13.109.37:81/1Q2W3E4R5T6Y7U8I9O0P1Z2X3C4V5B/down3.down33.net:8001/2013/soft1_2010/WMRoot.rar, current byte: 679569, read byte: 1012
09-26 14:22:10.286   671  3009 V DownloadConstants: download url: http://111.13.109.37:81/1Q2W3E4R5T6Y7U8I9O0P1Z2X3C4V5B/down3.down33.net:8001/2013/soft1_2010/WMRoot.rar, current byte: 680581, read byte: 1012
09-26 14:22:10.294   671  3009 V DownloadConstants: download url: http://111.13.109.37:81/1Q2W3E4R5T6Y7U8I9O0P1Z2X3C4V5B/down3.down33.net:8001/2013/soft1_2010/WMRoot.rar, current byte: 681593, read byte: 1012
09-26 14:22:10.294   671  3009 V DownloadConstants: download url: http://111.13.109.37:81/1Q2W3E4R5T6Y7U8I9O0P1Z2X3C4V5B/down3.down33.net:8001/2013/soft1_2010/WMRoot.rar, current byte: 682605, read byte: 1012
09-26 14:22:10.333   671  3009 V DownloadConstants: download url: http://111.13.109.37:81/1Q2W3E4R5T6Y7U8I9O0P1Z2X3C4V5B/down3.down33.net:8001/2013/soft1_2010/WMRoot.rar, current byte: 683617, read byte: 1012
09-26 14:22:10.348   671  3009 V DownloadConstants: download url: http://111.13.109.37:81/1Q2W3E4R5T6Y7U8I9O0P1Z2X3C4V5B/down3.down33.net:8001/2013/soft1_2010/WMRoot.rar, current byte: 684629, read byte: 1012
09-26 14:22:10.348   671  3009 V DownloadConstants: download url: http://111.13.109.37:81/1Q2W3E4R5T6Y7U8I9O0P1Z2X3C4V5B/down3.down33.net:8001/2013/soft1_2010/WMRoot.rar, current byte: 685641, read byte: 1012
09-26 14:22:10.380   671  3009 V DownloadConstants: download url: http://111.13.109.37:81/1Q2W3E4R5T6Y7U8I9O0P1Z2X3C4V5B/down3.down33.net:8001/2013/soft1_2010/WMRoot.rar, current byte: 686653, read byte: 3036
09-26 14:22:10.380   671  3009 V DownloadConstants: download url: http://111.13.109.37:81/1Q2W3E4R5T6Y7U8I9O0P1Z2X3C4V5B/down3.down33.net:8001/2013/soft1_2010/WMRoot.rar, current byte: 689689, read byte: 1012
09-26 14:22:10.387   671  3009 V DownloadConstants: download url: http://111.13.109.37:81/1Q2W3E4R5T6Y7U8I9O0P1Z2X3C4V5B/down3.down33.net:8001/2013/soft1_2010/WMRoot.rar, current byte: 690701, read byte: 1012
09-26 14:22:10.387   671  3009 V DownloadConstants: download url: http://111.13.109.37:81/1Q2W3E4R5T6Y7U8I9O0P1Z2X3C4V5B/down3.down33.net:8001/2013/soft1_2010/WMRoot.rar, current byte: 691713, read byte: 1012
09-26 14:22:10.395   671  3009 V DownloadConstants: download url: http://111.13.109.37:81/1Q2W3E4R5T6Y7U8I9O0P1Z2X3C4V5B/down3.down33.net:8001/2013/soft1_2010/WMRoot.rar, current byte: 692725, read byte: 1012
09-26 14:22:10.411   671  3009 V DownloadConstants: download url: http://111.13.109.37:81/1Q2W3E4R5T6Y7U8I9O0P1Z2X3C4V5B/down3.down33.net:8001/2013/soft1_2010/WMRoot.rar, current byte: 693737, read byte: 1012
09-26 14:22:10.411   671  3009 V DownloadConstants: download url: http://111.13.109.37:81/1Q2W3E4R5T6Y7U8I9O0P1Z2X3C4V5B/down3.down33.net:8001/2013/soft1_2010/WMRoot.rar, current byte: 694749, read byte: 1012
09-26 14:22:10.419   671  3009 V DownloadConstants: download url: http://111.13.109.37:81/1Q2W3E4R5T6Y7U8I9O0P1Z2X3C4V5B/down3.down33.net:8001/2013/soft1_2010/WMRoot.rar, current byte: 695761, read byte: 1012
09-26 14:22:10.427   671  3009 V DownloadConstants: download url: http://111.13.109.37:81/1Q2W3E4R5T6Y7U8I9O0P1Z2X3C4V5B/down3.down33.net:8001/2013/soft1_2010/WMRoot.rar, current byte: 696773, read byte: 1012
09-26 14:22:10.434   671  3009 V DownloadConstants: download url: http://111.13.109.37:81/1Q2W3E4R5T6Y7U8I9O0P1Z2X3C4V5B/down3.down33.net:8001/2013/soft1_2010/WMRoot.rar, current byte: 697785, read byte: 1012
09-26 14:22:10.442   671  3009 V DownloadConstants: download url: http://111.13.109.37:81/1Q2W3E4R5T6Y7U8I9O0P1Z2X3C4V5B/down3.down33.net:8001/2013/soft1_2010/WMRoot.rar, current byte: 698797, read byte: 1012
09-26 14:22:10.450   671  3009 V DownloadConstants: download url: http://111.13.109.37:81/1Q2W3E4R5T6Y7U8I9O0P1Z2X3C4V5B/down3.down33.net:8001/2013/soft1_2010/WMRoot.rar, current byte: 699809, read byte: 1012
09-26 14:22:10.458   671  3009 V DownloadConstants: download url: http://111.13.109.37:81/1Q2W3E4R5T6Y7U8I9O0P1Z2X3C4V5B/down3.down33.net:8001/2013/soft1_2010/WMRoot.rar, current byte: 700821, read byte: 1012
09-26 14:22:10.458   671  3009 V DownloadConstants: download url: http://111.13.109.37:81/1Q2W3E4R5T6Y7U8I9O0P1Z2X3C4V5B/down3.down33.net:8001/2013/soft1_2010/WMRoot.rar, current byte: 701833, read byte: 1012
09-26 14:22:10.466   671  3009 V DownloadConstants: download url: http://111.13.109.37:81/1Q2W3E4R5T6Y7U8I9O0P1Z2X3C4V5B/down3.down33.net:8001/2013/soft1_2010/WMRoot.rar, current byte: 702845, read byte: 1012
09-26 14:22:10.466   671  3009 V DownloadConstants: download url: http://111.13.109.37:81/1Q2W3E4R5T6Y7U8I9O0P1Z2X3C4V5B/down3.down33.net:8001/2013/soft1_2010/WMRoot.rar, current byte: 703857, read byte: 1012
09-26 14:22:10.481   671  3009 V DownloadConstants: download url: http://111.13.109.37:81/1Q2W3E4R5T6Y7U8I9O0P1Z2X3C4V5B/down3.down33.net:8001/2013/soft1_2010/WMRoot.rar, current byte: 704869, read byte: 1012
09-26 14:22:10.481   671  3009 V DownloadConstants: download url: http://111.13.109.37:81/1Q2W3E4R5T6Y7U8I9O0P1Z2X3C4V5B/down3.down33.net:8001/2013/soft1_2010/WMRoot.rar, current byte: 705881, read byte: 1012
09-26 14:22:10.489   671  3009 V DownloadConstants: download url: http://111.13.109.37:81/1Q2W3E4R5T6Y7U8I9O0P1Z2X3C4V5B/down3.down33.net:8001/2013/soft1_2010/WMRoot.rar, current byte: 706893, read byte: 1012
09-26 14:22:10.497   671  3009 V DownloadConstants: download url: http://111.13.109.37:81/1Q2W3E4R5T6Y7U8I9O0P1Z2X3C4V5B/down3.down33.net:8001/2013/soft1_2010/WMRoot.rar, current byte: 707905, read byte: 1012
09-26 14:22:10.505   671  3009 V DownloadConstants: download url: http://111.13.109.37:81/1Q2W3E4R5T6Y7U8I9O0P1Z2X3C4V5B/down3.down33.net:8001/2013/soft1_2010/WMRoot.rar, current byte: 708917, read byte: 1012
09-26 14:22:10.512   671  3009 V DownloadConstants: download url: http://111.13.109.37:81/1Q2W3E4R5T6Y7U8I9O0P1Z2X3C4V5B/down3.down33.net:8001/2013/soft1_2010/WMRoot.rar, current byte: 709929, read byte: 1012
09-26 14:22:10.512   671  3009 V DownloadConstants: download url: http://111.13.109.37:81/1Q2W3E4R5T6Y7U8I9O0P1Z2X3C4V5B/down3.down33.net:8001/2013/soft1_2010/WMRoot.rar, current byte: 710941, read byte: 1012
09-26 14:22:10.520   671  3009 V DownloadConstants: download url: http://111.13.109.37:81/1Q2W3E4R5T6Y7U8I9O0P1Z2X3C4V5B/down3.down33.net:8001/2013/soft1_2010/WMRoot.rar, current byte: 711953, read byte: 1012
09-26 14:22:10.528   671  3009 V DownloadConstants: download url: http://111.13.109.37:81/1Q2W3E4R5T6Y7U8I9O0P1Z2X3C4V5B/down3.down33.net:8001/2013/soft1_2010/WMRoot.rar, current byte: 712965, read byte: 1012
09-26 14:22:10.536   671  3009 V DownloadConstants: download url: http://111.13.109.37:81/1Q2W3E4R5T6Y7U8I9O0P1Z2X3C4V5B/down3.down33.net:8001/2013/soft1_2010/WMRoot.rar, current byte: 713977, read byte: 1012
09-26 14:22:10.544   671  3009 V DownloadConstants: download url: http://111.13.109.37:81/1Q2W3E4R5T6Y7U8I9O0P1Z2X3C4V5B/down3.down33.net:8001/2013/soft1_2010/WMRoot.rar, current byte: 714989, read byte: 1012
09-26 14:22:10.552   671  3009 V DownloadConstants: download url: http://111.13.109.37:81/1Q2W3E4R5T6Y7U8I9O0P1Z2X3C4V5B/down3.down33.net:8001/2013/soft1_2010/WMRoot.rar, current byte: 716001, read byte: 1012
09-26 14:22:10.552   671  3009 V DownloadConstants: download url: http://111.13.109.37:81/1Q2W3E4R5T6Y7U8I9O0P1Z2X3C4V5B/down3.down33.net:8001/2013/soft1_2010/WMRoot.rar, current byte: 717013, read byte: 1012
09-26 14:22:10.559   671  3009 V DownloadConstants: download url: http://111.13.109.37:81/1Q2W3E4R5T6Y7U8I9O0P1Z2X3C4V5B/down3.down33.net:8001/2013/soft1_2010/WMRoot.rar, current byte: 718025, read byte: 1012
09-26 14:22:10.591   671  3009 V DownloadConstants: download url: http://111.13.109.37:81/1Q2W3E4R5T6Y7U8I9O0P1Z2X3C4V5B/down3.down33.net:8001/2013/soft1_2010/WMRoot.rar, current byte: 719037, read byte: 1012
09-26 14:22:10.598   671  3009 V DownloadConstants: download url: http://111.13.109.37:81/1Q2W3E4R5T6Y7U8I9O0P1Z2X3C4V5B/down3.down33.net:8001/2013/soft1_2010/WMRoot.rar, current byte: 720049, read byte: 1012
09-26 14:22:10.598   671  3009 V DownloadConstants: download url: http://111.13.109.37:81/1Q2W3E4R5T6Y7U8I9O0P1Z2X3C4V5B/down3.down33.net:8001/2013/soft1_2010/WMRoot.rar, current byte: 721061, read byte: 1012
09-26 14:22:10.614   671  3009 V DownloadConstants: download url: http://111.13.109.37:81/1Q2W3E4R5T6Y7U8I9O0P1Z2X3C4V5B/down3.down33.net:8001/2013/soft1_2010/WMRoot.rar, current byte: 722073, read byte: 1012
09-26 14:22:10.614   671  3009 V DownloadConstants: download url: http://111.13.109.37:81/1Q2W3E4R5T6Y7U8I9O0P1Z2X3C4V5B/down3.down33.net:8001/2013/soft1_2010/WMRoot.rar, current byte: 723085, read byte: 1012
09-26 14:22:10.669   671  3009 V DownloadConstants: download url: http://111.13.109.37:81/1Q2W3E4R5T6Y7U8I9O0P1Z2X3C4V5B/down3.down33.net:8001/2013/soft1_2010/WMRoot.rar, current byte: 724097, read byte: 1012
09-26 14:22:10.684   671  3009 V DownloadConstants: download url: http://111.13.109.37:81/1Q2W3E4R5T6Y7U8I9O0P1Z2X3C4V5B/down3.down33.net:8001/2013/soft1_2010/WMRoot.rar, current byte: 725109, read byte: 1012
09-26 14:22:10.684   671  3009 V DownloadConstants: download url: http://111.13.109.37:81/1Q2W3E4R5T6Y7U8I9O0P1Z2X3C4V5B/down3.down33.net:8001/2013/soft1_2010/WMRoot.rar, current byte: 726121, read byte: 1012
09-26 14:22:10.692   671  3009 V DownloadConstants: download url: http://111.13.109.37:81/1Q2W3E4R5T6Y7U8I9O0P1Z2X3C4V5B/down3.down33.net:8001/2013/soft1_2010/WMRoot.rar, current byte: 727133, read byte: 1012
09-26 14:22:10.700   671  3009 V DownloadConstants: download url: http://111.13.109.37:81/1Q2W3E4R5T6Y7U8I9O0P1Z2X3C4V5B/down3.down33.net:8001/2013/soft1_2010/WMRoot.rar, current byte: 728145, read byte: 1012
09-26 14:22:10.708   671  3009 V DownloadConstants: download url: http://111.13.109.37:81/1Q2W3E4R5T6Y7U8I9O0P1Z2X3C4V5B/down3.down33.net:8001/2013/soft1_2010/WMRoot.rar, current byte: 729157, read byte: 1012
09-26 14:22:10.708   671  3009 V DownloadConstants: download url: http://111.13.109.37:81/1Q2W3E4R5T6Y7U8I9O0P1Z2X3C4V5B/down3.down33.net:8001/2013/soft1_2010/WMRoot.rar, current byte: 730169, read byte: 1012
09-26 14:22:10.716   671  3009 V DownloadConstants: download url: http://111.13.109.37:81/1Q2W3E4R5T6Y7U8I9O0P1Z2X3C4V5B/down3.down33.net:8001/2013/soft1_2010/WMRoot.rar, current byte: 731181, read byte: 1012
09-26 14:22:10.770   671  3009 V DownloadConstants: download url: http://111.13.109.37:81/1Q2W3E4R5T6Y7U8I9O0P1Z2X3C4V5B/down3.down33.net:8001/2013/soft1_2010/WMRoot.rar, current byte: 732193, read byte: 3036
09-26 14:22:10.778   671  3009 V DownloadConstants: download url: http://111.13.109.37:81/1Q2W3E4R5T6Y7U8I9O0P1Z2X3C4V5B/down3.down33.net:8001/2013/soft1_2010/WMRoot.rar, current byte: 735229, read byte: 1012
09-26 14:22:10.778   671  3009 V DownloadConstants: download url: http://111.13.109.37:81/1Q2W3E4R5T6Y7U8I9O0P1Z2X3C4V5B/down3.down33.net:8001/2013/soft1_2010/WMRoot.rar, current byte: 736241, read byte: 1012
09-26 14:22:10.794   671  3009 V DownloadConstants: download url: http://111.13.109.37:81/1Q2W3E4R5T6Y7U8I9O0P1Z2X3C4V5B/down3.down33.net:8001/2013/soft1_2010/WMRoot.rar, current byte: 737253, read byte: 1012
09-26 14:22:10.794   671  3009 V DownloadConstants: download url: http://111.13.109.37:81/1Q2W3E4R5T6Y7U8I9O0P1Z2X3C4V5B/down3.down33.net:8001/2013/soft1_2010/WMRoot.rar, current byte: 738265, read byte: 1012
09-26 14:22:10.802   671  3009 V DownloadConstants: download url: http://111.13.109.37:81/1Q2W3E4R5T6Y7U8I9O0P1Z2X3C4V5B/down3.down33.net:8001/2013/soft1_2010/WMRoot.rar, current byte: 739277, read byte: 1012
09-26 14:22:10.809   671  3009 V DownloadConstants: download url: http://111.13.109.37:81/1Q2W3E4R5T6Y7U8I9O0P1Z2X3C4V5B/down3.down33.net:8001/2013/soft1_2010/WMRoot.rar, current byte: 740289, read byte: 1012
09-26 14:22:10.817   671  3009 V DownloadConstants: download url: http://111.13.109.37:81/1Q2W3E4R5T6Y7U8I9O0P1Z2X3C4V5B/down3.down33.net:8001/2013/soft1_2010/WMRoot.rar, current byte: 741301, read byte: 1012
09-26 14:22:10.848   671  3009 V DownloadConstants: download url: http://111.13.109.37:81/1Q2W3E4R5T6Y7U8I9O0P1Z2X3C4V5B/down3.down33.net:8001/2013/soft1_2010/WMRoot.rar, current byte: 742313, read byte: 1012
09-26 14:22:10.856   671  3009 V DownloadConstants: download url: http://111.13.109.37:81/1Q2W3E4R5T6Y7U8I9O0P1Z2X3C4V5B/down3.down33.net:8001/2013/soft1_2010/WMRoot.rar, current byte: 743325, read byte: 1012
09-26 14:22:10.856   671  3009 V DownloadConstants: download url: http://111.13.109.37:81/1Q2W3E4R5T6Y7U8I9O0P1Z2X3C4V5B/down3.down33.net:8001/2013/soft1_2010/WMRoot.rar, current byte: 744337, read byte: 1012
09-26 14:22:10.872   671  3009 V DownloadConstants: download url: http://111.13.109.37:81/1Q2W3E4R5T6Y7U8I9O0P1Z2X3C4V5B/down3.down33.net:8001/2013/soft1_2010/WMRoot.rar, current byte: 745349, read byte: 1012
09-26 14:22:10.927   671  3009 V DownloadConstants: download url: http://111.13.109.37:81/1Q2W3E4R5T6Y7U8I9O0P1Z2X3C4V5B/down3.down33.net:8001/2013/soft1_2010/WMRoot.rar, current byte: 746361, read byte: 1012
09-26 14:22:10.927   671  3009 V DownloadConstants: download url: http://111.13.109.37:81/1Q2W3E4R5T6Y7U8I9O0P1Z2X3C4V5B/down3.down33.net:8001/2013/soft1_2010/WMRoot.rar, current byte: 747373, read byte: 1012
09-26 14:22:10.942   671  3009 V DownloadConstants: download url: http://111.13.109.37:81/1Q2W3E4R5T6Y7U8I9O0P1Z2X3C4V5B/down3.down33.net:8001/2013/soft1_2010/WMRoot.rar, current byte: 748385, read byte: 1012
09-26 14:22:10.942   671  3009 V DownloadConstants: download url: http://111.13.109.37:81/1Q2W3E4R5T6Y7U8I9O0P1Z2X3C4V5B/down3.down33.net:8001/2013/soft1_2010/WMRoot.rar, current byte: 749397, read byte: 1012
09-26 14:22:10.950   671  3009 V DownloadConstants: download url: http://111.13.109.37:81/1Q2W3E4R5T6Y7U8I9O0P1Z2X3C4V5B/down3.down33.net:8001/2013/soft1_2010/WMRoot.rar, current byte: 750409, read byte: 1012
09-26 14:22:10.966   671  3009 V DownloadConstants: download url: http://111.13.109.37:81/1Q2W3E4R5T6Y7U8I9O0P1Z2X3C4V5B/down3.down33.net:8001/2013/soft1_2010/WMRoot.rar, current byte: 751421, read byte: 1012
09-26 14:22:10.966   671  3009 V DownloadConstants: download url: http://111.13.109.37:81/1Q2W3E4R5T6Y7U8I9O0P1Z2X3C4V5B/down3.down33.net:8001/2013/soft1_2010/WMRoot.rar, current byte: 752433, read byte: 1012
09-26 14:22:11.028   671  3009 V DownloadConstants: download url: http://111.13.109.37:81/1Q2W3E4R5T6Y7U8I9O0P1Z2X3C4V5B/down3.down33.net:8001/2013/soft1_2010/WMRoot.rar, current byte: 753445, read byte: 3036
09-26 14:22:11.028   671  3009 V DownloadConstants: download url: http://111.13.109.37:81/1Q2W3E4R5T6Y7U8I9O0P1Z2X3C4V5B/down3.down33.net:8001/2013/soft1_2010/WMRoot.rar, current byte: 756481, read byte: 1012
09-26 14:22:11.036   671  3009 V DownloadConstants: download url: http://111.13.109.37:81/1Q2W3E4R5T6Y7U8I9O0P1Z2X3C4V5B/down3.down33.net:8001/2013/soft1_2010/WMRoot.rar, current byte: 757493, read byte: 1012
09-26 14:22:11.044   671  3009 V DownloadConstants: download url: http://111.13.109.37:81/1Q2W3E4R5T6Y7U8I9O0P1Z2X3C4V5B/down3.down33.net:8001/2013/soft1_2010/WMRoot.rar, current byte: 758505, read byte: 1012
09-26 14:22:11.052   671  3009 V DownloadConstants: download url: http://111.13.109.37:81/1Q2W3E4R5T6Y7U8I9O0P1Z2X3C4V5B/down3.down33.net:8001/2013/soft1_2010/WMRoot.rar, current byte: 759517, read byte: 1012
09-26 14:22:11.052   671  3009 V DownloadConstants: download url: http://111.13.109.37:81/1Q2W3E4R5T6Y7U8I9O0P1Z2X3C4V5B/down3.down33.net:8001/2013/soft1_2010/WMRoot.rar, current byte: 760529, read byte: 1012
09-26 14:22:11.059   671  3009 V DownloadConstants: download url: http://111.13.109.37:81/1Q2W3E4R5T6Y7U8I9O0P1Z2X3C4V5B/down3.down33.net:8001/2013/soft1_2010/WMRoot.rar, current byte: 761541, read byte: 1012
09-26 14:22:11.091   671  3009 V DownloadConstants: download url: http://111.13.109.37:81/1Q2W3E4R5T6Y7U8I9O0P1Z2X3C4V5B/down3.down33.net:8001/2013/soft1_2010/WMRoot.rar, current byte: 762553, read byte: 1012
09-26 14:22:11.098   671  3009 V DownloadConstants: download url: http://111.13.109.37:81/1Q2W3E4R5T6Y7U8I9O0P1Z2X3C4V5B/down3.down33.net:8001/2013/soft1_2010/WMRoot.rar, current byte: 763565, read byte: 2024
09-26 14:22:11.130   671  3009 V DownloadConstants: download url: http://111.13.109.37:81/1Q2W3E4R5T6Y7U8I9O0P1Z2X3C4V5B/down3.down33.net:8001/2013/soft1_2010/WMRoot.rar, current byte: 765589, read byte: 1012
09-26 14:22:11.145   671  3009 V DownloadConstants: download url: http://111.13.109.37:81/1Q2W3E4R5T6Y7U8I9O0P1Z2X3C4V5B/down3.down33.net:8001/2013/soft1_2010/WMRoot.rar, current byte: 766601, read byte: 3036
09-26 14:22:11.200   671  3009 V DownloadConstants: download url: http://111.13.109.37:81/1Q2W3E4R5T6Y7U8I9O0P1Z2X3C4V5B/down3.down33.net:8001/2013/soft1_2010/WMRoot.rar, current byte: 769637, read byte: 1012
09-26 14:22:11.223   671  3009 V DownloadConstants: download url: http://111.13.109.37:81/1Q2W3E4R5T6Y7U8I9O0P1Z2X3C4V5B/down3.down33.net:8001/2013/soft1_2010/WMRoot.rar, current byte: 770649, read byte: 1012
09-26 14:22:11.223   671  3009 V DownloadConstants: download url: http://111.13.109.37:81/1Q2W3E4R5T6Y7U8I9O0P1Z2X3C4V5B/down3.down33.net:8001/2013/soft1_2010/WMRoot.rar, current byte: 771661, read byte: 1012
09-26 14:22:11.239   671  3009 V DownloadConstants: download url: http://111.13.109.37:81/1Q2W3E4R5T6Y7U8I9O0P1Z2X3C4V5B/down3.down33.net:8001/2013/soft1_2010/WMRoot.rar, current byte: 772673, read byte: 1012
09-26 14:22:11.262   671  3009 V DownloadConstants: download url: http://111.13.109.37:81/1Q2W3E4R5T6Y7U8I9O0P1Z2X3C4V5B/down3.down33.net:8001/2013/soft1_2010/WMRoot.rar, current byte: 773685, read byte: 2024
09-26 14:22:11.270   671  3009 V DownloadConstants: download url: http://111.13.109.37:81/1Q2W3E4R5T6Y7U8I9O0P1Z2X3C4V5B/down3.down33.net:8001/2013/soft1_2010/WMRoot.rar, current byte: 775709, read byte: 1012
09-26 14:22:11.270   671  3009 V DownloadConstants: download url: http://111.13.109.37:81/1Q2W3E4R5T6Y7U8I9O0P1Z2X3C4V5B/down3.down33.net:8001/2013/soft1_2010/WMRoot.rar, current byte: 776721, read byte: 1012
09-26 14:22:11.302   671  3009 V DownloadConstants: download url: http://111.13.109.37:81/1Q2W3E4R5T6Y7U8I9O0P1Z2X3C4V5B/down3.down33.net:8001/2013/soft1_2010/WMRoot.rar, current byte: 777733, read byte: 1012
09-26 14:22:11.309   671  3009 V DownloadConstants: download url: http://111.13.109.37:81/1Q2W3E4R5T6Y7U8I9O0P1Z2X3C4V5B/down3.down33.net:8001/2013/soft1_2010/WMRoot.rar, current byte: 778745, read byte: 1012
09-26 14:22:11.333   671  3009 V DownloadConstants: download url: http://111.13.109.37:81/1Q2W3E4R5T6Y7U8I9O0P1Z2X3C4V5B/down3.down33.net:8001/2013/soft1_2010/WMRoot.rar, current byte: 779757, read byte: 2024
09-26 14:22:11.364   671  3009 V DownloadConstants: download url: http://111.13.109.37:81/1Q2W3E4R5T6Y7U8I9O0P1Z2X3C4V5B/down3.down33.net:8001/2013/soft1_2010/WMRoot.rar, current byte: 781781, read byte: 1012
09-26 14:22:11.411   671  3009 V DownloadConstants: download url: http://111.13.109.37:81/1Q2W3E4R5T6Y7U8I9O0P1Z2X3C4V5B/down3.down33.net:8001/2013/soft1_2010/WMRoot.rar, current byte: 782793, read byte: 2024
09-26 14:22:11.427   671  3009 V DownloadConstants: download url: http://111.13.109.37:81/1Q2W3E4R5T6Y7U8I9O0P1Z2X3C4V5B/down3.down33.net:8001/2013/soft1_2010/WMRoot.rar, current byte: 784817, read byte: 1012
09-26 14:22:11.434   671   671 V DownloadService: Service ContentObserver received notification
09-26 14:22:11.434   671   671 V DownloadService: updateFromProvider
09-26 14:22:11.434   671  3009 V DownloadConstants: download url: http://111.13.109.37:81/1Q2W3E4R5T6Y7U8I9O0P1Z2X3C4V5B/down3.down33.net:8001/2013/soft1_2010/WMRoot.rar, current byte: 785829, read byte: 1012
09-26 14:22:11.458   671  3029 V DownloadConstants: starting query, database is not null; projection is null; selection is null; selectionArgs is null; sort is null.
09-26 14:22:11.466   671  3009 V DownloadConstants: download url: http://111.13.109.37:81/1Q2W3E4R5T6Y7U8I9O0P1Z2X3C4V5B/down3.down33.net:8001/2013/soft1_2010/WMRoot.rar, current byte: 786841, read byte: 2024
09-26 14:22:11.473   671  3029 V DownloadConstants: created cursor android.database.sqlite.SQLiteCursor@41542558 on behalf of 671
09-26 14:22:11.473   671  3029 I DownloadService: number of rows from downloads-db: 1
09-26 14:22:11.473   671  3029 V DownloadService: processing updated download 1, status: 192
09-26 14:22:11.473   671  3029 V Download ApnHelper: beginDownload, type: 8, status:192
09-26 14:22:11.473   671  3029 V Download ApnHelper: beginConnectivity: enableWAP, already up
09-26 14:22:11.473   671  3029 D Download ApnHelper: tryOmaDownload
09-26 14:22:11.473   671  3029 I DownloadInfo: isReadyToStart: DownloadInfo{mId=1, mUri='http://111.13.109.37:81/1Q2W3E4R5T6Y7U8I9O0P1Z2X3C4V5B/down3.down33.net:8001/2013/soft1_2010/WMRoot.rar', mNoIntegrity=false, mHint='file:///storage/sdcard0/Download/Others/WMRoot.rar', mFileName='/storage/sdcard0/Download/Others/WMRoot.rar', mMimeType='application/rar', mDestination=4, mVisibility=1, mControl=0, mStatus=192, mNumFailed=0, mRetryAfter=0, mLastMod=1380176498166, mPackage='com.android.browser', mClass='null', mExtras='null', mCookies='null', mUserAgent='null', mReferer='null', mTotalBytes=19050082, mCurrentBytes=782793, mETag='"b2b487077bace1:d50"', mUid=10005, mMediaScanned=0, mDeleted=false, mMediaProviderUri='null', mIsPublicApi=true, mAllowedNetworkTypes=8, mAllowRoaming=true, mAllowMetered=true, mTitle='WMRoot.rar', mDescription='111.13.109.37', mBypassRecommendedSizeLimit=0, mFuzz=870, mRequestHeaders=[android.util.Pair@9f0ffd08, android.util.Pair@362d9a0c, android.util.Pair@af400a64], mSystemFacade=com.android.providers.downloads.RealSystemFacade@414a3568, mContext=com.android.providers.downloads.DownloadService@414ab6e0}
09-26 14:22:11.598   671  3009 V DownloadConstants: download url: http://111.13.109.37:81/1Q2W3E4R5T6Y7U8I9O0P1Z2X3C4V5B/down3.down33.net:8001/2013/soft1_2010/WMRoot.rar, current byte: 788865, read byte: 1012
09-26 14:22:11.598   671  3009 V DownloadConstants: download url: http://111.13.109.37:81/1Q2W3E4R5T6Y7U8I9O0P1Z2X3C4V5B/down3.down33.net:8001/2013/soft1_2010/WMRoot.rar, current byte: 789877, read byte: 1012
09-26 14:22:11.606   671  3009 V DownloadConstants: download url: http://111.13.109.37:81/1Q2W3E4R5T6Y7U8I9O0P1Z2X3C4V5B/down3.down33.net:8001/2013/soft1_2010/WMRoot.rar, current byte: 790889, read byte: 1012
09-26 14:22:11.614   671  3009 V DownloadConstants: download url: http://111.13.109.37:81/1Q2W3E4R5T6Y7U8I9O0P1Z2X3C4V5B/down3.down33.net:8001/2013/soft1_2010/WMRoot.rar, current byte: 791901, read byte: 1012
09-26 14:22:11.614   671  3009 V DownloadConstants: download url: http://111.13.109.37:81/1Q2W3E4R5T6Y7U8I9O0P1Z2X3C4V5B/down3.down33.net:8001/2013/soft1_2010/WMRoot.rar, current byte: 792913, read byte: 1012
09-26 14:22:11.630   671  3009 V DownloadConstants: download url: http://111.13.109.37:81/1Q2W3E4R5T6Y7U8I9O0P1Z2X3C4V5B/down3.down33.net:8001/2013/soft1_2010/WMRoot.rar, current byte: 793925, read byte: 1012
09-26 14:22:11.637   671  3009 V DownloadConstants: download url: http://111.13.109.37:81/1Q2W3E4R5T6Y7U8I9O0P1Z2X3C4V5B/down3.down33.net:8001/2013/soft1_2010/WMRoot.rar, current byte: 794937, read byte: 1012
09-26 14:22:11.669   671  3009 V DownloadConstants: download url: http://111.13.109.37:81/1Q2W3E4R5T6Y7U8I9O0P1Z2X3C4V5B/down3.down33.net:8001/2013/soft1_2010/WMRoot.rar, current byte: 795949, read byte: 3036
09-26 14:22:11.677   671  3009 V DownloadConstants: download url: http://111.13.109.37:81/1Q2W3E4R5T6Y7U8I9O0P1Z2X3C4V5B/down3.down33.net:8001/2013/soft1_2010/WMRoot.rar, current byte: 798985, read byte: 2024
09-26 14:22:11.684   671  3009 V DownloadConstants: download url: http://111.13.109.37:81/1Q2W3E4R5T6Y7U8I9O0P1Z2X3C4V5B/down3.down33.net:8001/2013/soft1_2010/WMRoot.rar, current byte: 801009, read byte: 1012
09-26 14:22:11.716   671  3009 V DownloadConstants: download url: http://111.13.109.37:81/1Q2W3E4R5T6Y7U8I9O0P1Z2X3C4V5B/down3.down33.net:8001/2013/soft1_2010/WMRoot.rar, current byte: 802021, read byte: 1012
09-26 14:22:11.716   671  3009 V DownloadConstants: download url: http://111.13.109.37:81/1Q2W3E4R5T6Y7U8I9O0P1Z2X3C4V5B/down3.down33.net:8001/2013/soft1_2010/WMRoot.rar, current byte: 803033, read byte: 1012
09-26 14:22:11.723   671  3009 V DownloadConstants: download url: http://111.13.109.37:81/1Q2W3E4R5T6Y7U8I9O0P1Z2X3C4V5B/down3.down33.net:8001/2013/soft1_2010/WMRoot.rar, current byte: 804045, read byte: 1012
09-26 14:22:11.731   671  3009 V DownloadConstants: download url: http://111.13.109.37:81/1Q2W3E4R5T6Y7U8I9O0P1Z2X3C4V5B/down3.down33.net:8001/2013/soft1_2010/WMRoot.rar, current byte: 805057, read byte: 1012
09-26 14:22:11.762   671  3009 V DownloadConstants: download url: http://111.13.109.37:81/1Q2W3E4R5T6Y7U8I9O0P1Z2X3C4V5B/down3.down33.net:8001/2013/soft1_2010/WMRoot.rar, current byte: 806069, read byte: 1012
09-26 14:22:11.770   671  3009 V DownloadConstants: download url: http://111.13.109.37:81/1Q2W3E4R5T6Y7U8I9O0P1Z2X3C4V5B/down3.down33.net:8001/2013/soft1_2010/WMRoot.rar, current byte: 807081, read byte: 1012
09-26 14:22:11.778   671  3009 V DownloadConstants: download url: http://111.13.109.37:81/1Q2W3E4R5T6Y7U8I9O0P1Z2X3C4V5B/down3.down33.net:8001/2013/soft1_2010/WMRoot.rar, current byte: 808093, read byte: 1012
09-26 14:22:11.786   671  3009 V DownloadConstants: download url: http://111.13.109.37:81/1Q2W3E4R5T6Y7U8I9O0P1Z2X3C4V5B/down3.down33.net:8001/2013/soft1_2010/WMRoot.rar, current byte: 809105, read byte: 1012
09-26 14:22:11.825   671  3009 V DownloadConstants: download url: http://111.13.109.37:81/1Q2W3E4R5T6Y7U8I9O0P1Z2X3C4V5B/down3.down33.net:8001/2013/soft1_2010/WMRoot.rar, current byte: 810117, read byte: 1012
09-26 14:22:11.833   671  3009 V DownloadConstants: download url: http://111.13.109.37:81/1Q2W3E4R5T6Y7U8I9O0P1Z2X3C4V5B/down3.down33.net:8001/2013/soft1_2010/WMRoot.rar, current byte: 811129, read byte: 1012
09-26 14:22:11.841   671  3009 V DownloadConstants: download url: http://111.13.109.37:81/1Q2W3E4R5T6Y7U8I9O0P1Z2X3C4V5B/down3.down33.net:8001/2013/soft1_2010/WMRoot.rar, current byte: 812141, read byte: 1012
09-26 14:22:11.848   671  3009 V DownloadConstants: download url: http://111.13.109.37:81/1Q2W3E4R5T6Y7U8I9O0P1Z2X3C4V5B/down3.down33.net:8001/2013/soft1_2010/WMRoot.rar, current byte: 813153, read byte: 1012
09-26 14:22:11.919   671  3009 V DownloadConstants: download url: http://111.13.109.37:81/1Q2W3E4R5T6Y7U8I9O0P1Z2X3C4V5B/down3.down33.net:8001/2013/soft1_2010/WMRoot.rar, current byte: 814165, read byte: 4048
09-26 14:22:11.989   671  3009 V DownloadConstants: download url: http://111.13.109.37:81/1Q2W3E4R5T6Y7U8I9O0P1Z2X3C4V5B/down3.down33.net:8001/2013/soft1_2010/WMRoot.rar, current byte: 818213, read byte: 3036
09-26 14:22:12.005   671  3009 V DownloadConstants: download url: http://111.13.109.37:81/1Q2W3E4R5T6Y7U8I9O0P1Z2X3C4V5B/down3.down33.net:8001/2013/soft1_2010/WMRoot.rar, current byte: 821249, read byte: 1012
09-26 14:22:12.005   671  3009 V DownloadConstants: download url: http://111.13.109.37:81/1Q2W3E4R5T6Y7U8I9O0P1Z2X3C4V5B/down3.down33.net:8001/2013/soft1_2010/WMRoot.rar, current byte: 822261, read byte: 1012
09-26 14:22:12.028   671  3009 V DownloadConstants: download url: http://111.13.109.37:81/1Q2W3E4R5T6Y7U8I9O0P1Z2X3C4V5B/down3.down33.net:8001/2013/soft1_2010/WMRoot.rar, current byte: 823273, read byte: 1012
09-26 14:22:12.059   671  3009 V DownloadConstants: download url: http://111.13.109.37:81/1Q2W3E4R5T6Y7U8I9O0P1Z2X3C4V5B/down3.down33.net:8001/2013/soft1_2010/WMRoot.rar, current byte: 824285, read byte: 3036
09-26 14:22:12.091   671  3009 V DownloadConstants: download url: http://111.13.109.37:81/1Q2W3E4R5T6Y7U8I9O0P1Z2X3C4V5B/down3.down33.net:8001/2013/soft1_2010/WMRoot.rar, current byte: 827321, read byte: 1012
09-26 14:22:12.098   671  3009 V DownloadConstants: download url: http://111.13.109.37:81/1Q2W3E4R5T6Y7U8I9O0P1Z2X3C4V5B/down3.down33.net:8001/2013/soft1_2010/WMRoot.rar, current byte: 828333, read byte: 1012
09-26 14:22:12.114   671  3009 V DownloadConstants: download url: http://111.13.109.37:81/1Q2W3E4R5T6Y7U8I9O0P1Z2X3C4V5B/down3.down33.net:8001/2013/soft1_2010/WMRoot.rar, current byte: 829345, read byte: 1012
09-26 14:22:12.239   671  3009 V DownloadConstants: download url: http://111.13.109.37:81/1Q2W3E4R5T6Y7U8I9O0P1Z2X3C4V5B/down3.down33.net:8001/2013/soft1_2010/WMRoot.rar, current byte: 830357, read byte: 1012
09-26 14:22:12.325   671  3009 V DownloadConstants: download url: http://111.13.109.37:81/1Q2W3E4R5T6Y7U8I9O0P1Z2X3C4V5B/down3.down33.net:8001/2013/soft1_2010/WMRoot.rar, current byte: 831369, read byte: 1012
09-26 14:22:12.356   671  3009 V DownloadConstants: download url: http://111.13.109.37:81/1Q2W3E4R5T6Y7U8I9O0P1Z2X3C4V5B/down3.down33.net:8001/2013/soft1_2010/WMRoot.rar, current byte: 832381, read byte: 1012
09-26 14:22:12.489   671  3009 V DownloadConstants: download url: http://111.13.109.37:81/1Q2W3E4R5T6Y7U8I9O0P1Z2X3C4V5B/down3.down33.net:8001/2013/soft1_2010/WMRoot.rar, current byte: 833393, read byte: 2024
09-26 14:22:12.622   671  3009 V DownloadConstants: download url: http://111.13.109.37:81/1Q2W3E4R5T6Y7U8I9O0P1Z2X3C4V5B/down3.down33.net:8001/2013/soft1_2010/WMRoot.rar, current byte: 835417, read byte: 1012
09-26 14:22:12.653   671  3009 V DownloadConstants: download url: http://111.13.109.37:81/1Q2W3E4R5T6Y7U8I9O0P1Z2X3C4V5B/down3.down33.net:8001/2013/soft1_2010/WMRoot.rar, current byte: 836429, read byte: 1012
09-26 14:22:12.669   129   561 E BufferQueue: [com.android.providers.downloads.ui/com.android.providers.downloads.ui.DownloadList] dequeueBuffer: min undequeued buffer count (1) exceeded (dequeued=2 undequeudCount=0)
09-26 14:22:12.669   129   285 E BufferQueue: [com.android.providers.downloads.ui/com.android.providers.downloads.ui.DownloadList] dequeueBuffer: min undequeued buffer count (1) exceeded (dequeued=2 undequeudCount=0)
09-26 14:22:12.677   671  3009 V DownloadConstants: download url: http://111.13.109.37:81/1Q2W3E4R5T6Y7U8I9O0P1Z2X3C4V5B/down3.down33.net:8001/2013/soft1_2010/WMRoot.rar, current byte: 837441, read byte: 1012
09-26 14:22:12.700   671  3009 V DownloadConstants: download url: http://111.13.109.37:81/1Q2W3E4R5T6Y7U8I9O0P1Z2X3C4V5B/down3.down33.net:8001/2013/soft1_2010/WMRoot.rar, current byte: 838453, read byte: 2024
09-26 14:22:12.708   671  3009 V DownloadConstants: download url: http://111.13.109.37:81/1Q2W3E4R5T6Y7U8I9O0P1Z2X3C4V5B/down3.down33.net:8001/2013/soft1_2010/WMRoot.rar, current byte: 840477, read byte: 1012
09-26 14:22:12.770   671  3009 V DownloadConstants: download url: http://111.13.109.37:81/1Q2W3E4R5T6Y7U8I9O0P1Z2X3C4V5B/down3.down33.net:8001/2013/soft1_2010/WMRoot.rar, current byte: 841489, read byte: 1012
09-26 14:22:12.786   671  3009 V DownloadConstants: download url: http://111.13.109.37:81/1Q2W3E4R5T6Y7U8I9O0P1Z2X3C4V5B/down3.down33.net:8001/2013/soft1_2010/WMRoot.rar, current byte: 842501, read byte: 1012
09-26 14:22:13.317   671  3009 V DownloadConstants: download url: http://111.13.109.37:81/1Q2W3E4R5T6Y7U8I9O0P1Z2X3C4V5B/down3.down33.net:8001/2013/soft1_2010/WMRoot.rar, current byte: 843513, read byte: 4096
09-26 14:22:13.356   671  3009 V DownloadConstants: download url: http://111.13.109.37:81/1Q2W3E4R5T6Y7U8I9O0P1Z2X3C4V5B/down3.down33.net:8001/2013/soft1_2010/WMRoot.rar, current byte: 847609, read byte: 4096
09-26 14:22:13.364   671  3009 V DownloadConstants: download url: http://111.13.109.37:81/1Q2W3E4R5T6Y7U8I9O0P1Z2X3C4V5B/down3.down33.net:8001/2013/soft1_2010/WMRoot.rar, current byte: 851705, read byte: 4096
09-26 14:22:13.372   671   671 V DownloadService: Service ContentObserver received notification
09-26 14:22:13.372   671  3009 V DownloadConstants: download url: http://111.13.109.37:81/1Q2W3E4R5T6Y7U8I9O0P1Z2X3C4V5B/down3.down33.net:8001/2013/soft1_2010/WMRoot.rar, current byte: 855801, read byte: 4096
09-26 14:22:13.372   671   671 V DownloadService: updateFromProvider
09-26 14:22:13.387   671  3009 V DownloadConstants: download url: http://111.13.109.37:81/1Q2W3E4R5T6Y7U8I9O0P1Z2X3C4V5B/down3.down33.net:8001/2013/soft1_2010/WMRoot.rar, current byte: 859897, read byte: 4096
09-26 14:22:13.387   671  3030 V DownloadConstants: starting query, database is not null; projection is null; selection is null; selectionArgs is null; sort is null.
09-26 14:22:13.403   671  3009 V DownloadConstants: download url: http://111.13.109.37:81/1Q2W3E4R5T6Y7U8I9O0P1Z2X3C4V5B/down3.down33.net:8001/2013/soft1_2010/WMRoot.rar, current byte: 863993, read byte: 3808
09-26 14:22:13.419   671  3009 V DownloadConstants: download url: http://111.13.109.37:81/1Q2W3E4R5T6Y7U8I9O0P1Z2X3C4V5B/down3.down33.net:8001/2013/soft1_2010/WMRoot.rar, current byte: 867801, read byte: 2024
09-26 14:22:13.434   671  3030 V DownloadConstants: created cursor android.database.sqlite.SQLiteCursor@4152ee58 on behalf of 671
09-26 14:22:13.434   671  3009 V DownloadConstants: download url: http://111.13.109.37:81/1Q2W3E4R5T6Y7U8I9O0P1Z2X3C4V5B/down3.down33.net:8001/2013/soft1_2010/WMRoot.rar, current byte: 869825, read byte: 3036
09-26 14:22:13.458   671  3009 V DownloadConstants: download url: http://111.13.109.37:81/1Q2W3E4R5T6Y7U8I9O0P1Z2X3C4V5B/down3.down33.net:8001/2013/soft1_2010/WMRoot.rar, current byte: 872861, read byte: 1012
09-26 14:22:13.458   671  3030 I DownloadService: number of rows from downloads-db: 1
09-26 14:22:13.466   671  3030 V DownloadService: processing updated download 1, status: 192
09-26 14:22:13.466   671  3030 V Download ApnHelper: beginDownload, type: 8, status:192
09-26 14:22:13.466   671  3030 V Download ApnHelper: beginConnectivity: enableWAP, already up
09-26 14:22:13.466   671  3030 D Download ApnHelper: tryOmaDownload
09-26 14:22:13.466   671  3030 I DownloadInfo: isReadyToStart: DownloadInfo{mId=1, mUri='http://111.13.109.37:81/1Q2W3E4R5T6Y7U8I9O0P1Z2X3C4V5B/down3.down33.net:8001/2013/soft1_2010/WMRoot.rar', mNoIntegrity=false, mHint='file:///storage/sdcard0/Download/Others/WMRoot.rar', mFileName='/storage/sdcard0/Download/Others/WMRoot.rar', mMimeType='application/rar', mDestination=4, mVisibility=1, mControl=0, mStatus=192, mNumFailed=0, mRetryAfter=0, mLastMod=1380176498166, mPackage='com.android.browser', mClass='null', mExtras='null', mCookies='null', mUserAgent='null', mReferer='null', mTotalBytes=19050082, mCurrentBytes=847609, mETag='"b2b487077bace1:d50"', mUid=10005, mMediaScanned=0, mDeleted=false, mMediaProviderUri='null', mIsPublicApi=true, mAllowedNetworkTypes=8, mAllowRoaming=true, mAllowMetered=true, mTitle='WMRoot.rar', mDescription='111.13.109.37', mBypassRecommendedSizeLimit=0, mFuzz=870, mRequestHeaders=[android.util.Pair@9f0ffd08, android.util.Pair@362d9a0c, android.util.Pair@af400a64], mSystemFacade=com.android.providers.downloads.RealSystemFacade@414a3568, mContext=com.android.providers.downloads.DownloadService@414ab6e0}
09-26 14:22:13.481   671  3009 V DownloadConstants: download url: http://111.13.109.37:81/1Q2W3E4R5T6Y7U8I9O0P1Z2X3C4V5B/down3.down33.net:8001/2013/soft1_2010/WMRoot.rar, current byte: 873873, read byte: 1012
09-26 14:22:13.489   671  3009 V DownloadConstants: download url: http://111.13.109.37:81/1Q2W3E4R5T6Y7U8I9O0P1Z2X3C4V5B/down3.down33.net:8001/2013/soft1_2010/WMRoot.rar, current byte: 874885, read byte: 1012
09-26 14:22:13.520   671  3009 V DownloadConstants: download url: http://111.13.109.37:81/1Q2W3E4R5T6Y7U8I9O0P1Z2X3C4V5B/down3.down33.net:8001/2013/soft1_2010/WMRoot.rar, current byte: 875897, read byte: 1012
09-26 14:22:13.528   671  3009 V DownloadConstants: download url: http://111.13.109.37:81/1Q2W3E4R5T6Y7U8I9O0P1Z2X3C4V5B/down3.down33.net:8001/2013/soft1_2010/WMRoot.rar, current byte: 876909, read byte: 1012
09-26 14:22:13.544   671  3009 V DownloadConstants: download url: http://111.13.109.37:81/1Q2W3E4R5T6Y7U8I9O0P1Z2X3C4V5B/down3.down33.net:8001/2013/soft1_2010/WMRoot.rar, current byte: 877921, read byte: 1012
09-26 14:22:13.544   671  3009 V DownloadConstants: download url: http://111.13.109.37:81/1Q2W3E4R5T6Y7U8I9O0P1Z2X3C4V5B/down3.down33.net:8001/2013/soft1_2010/WMRoot.rar, current byte: 878933, read byte: 1012
09-26 14:22:13.552   671  3009 V DownloadConstants: download url: http://111.13.109.37:81/1Q2W3E4R5T6Y7U8I9O0P1Z2X3C4V5B/down3.down33.net:8001/2013/soft1_2010/WMRoot.rar, current byte: 879945, read byte: 1012
09-26 14:22:13.559   671  3009 V DownloadConstants: download url: http://111.13.109.37:81/1Q2W3E4R5T6Y7U8I9O0P1Z2X3C4V5B/down3.down33.net:8001/2013/soft1_2010/WMRoot.rar, current byte: 880957, read byte: 1012
09-26 14:22:13.559   671  3009 V DownloadConstants: download url: http://111.13.109.37:81/1Q2W3E4R5T6Y7U8I9O0P1Z2X3C4V5B/down3.down33.net:8001/2013/soft1_2010/WMRoot.rar, current byte: 881969, read byte: 1012
09-26 14:22:13.575   671  3009 V DownloadConstants: download url: http://111.13.109.37:81/1Q2W3E4R5T6Y7U8I9O0P1Z2X3C4V5B/down3.down33.net:8001/2013/soft1_2010/WMRoot.rar, current byte: 882981, read byte: 1012
09-26 14:22:13.583   671  3009 V DownloadConstants: download url: http://111.13.109.37:81/1Q2W3E4R5T6Y7U8I9O0P1Z2X3C4V5B/down3.down33.net:8001/2013/soft1_2010/WMRoot.rar, current byte: 883993, read byte: 1012
09-26 14:22:13.606   671  3009 V DownloadConstants: download url: http://111.13.109.37:81/1Q2W3E4R5T6Y7U8I9O0P1Z2X3C4V5B/down3.down33.net:8001/2013/soft1_2010/WMRoot.rar, current byte: 885005, read byte: 1012
09-26 14:22:13.606   671  3009 V DownloadConstants: download url: http://111.13.109.37:81/1Q2W3E4R5T6Y7U8I9O0P1Z2X3C4V5B/down3.down33.net:8001/2013/soft1_2010/WMRoot.rar, current byte: 886017, read byte: 1012
09-26 14:22:13.614   671  3009 V DownloadConstants: download url: http://111.13.109.37:81/1Q2W3E4R5T6Y7U8I9O0P1Z2X3C4V5B/down3.down33.net:8001/2013/soft1_2010/WMRoot.rar, current byte: 887029, read byte: 1012
09-26 14:22:13.622   671  3009 V DownloadConstants: download url: http://111.13.109.37:81/1Q2W3E4R5T6Y7U8I9O0P1Z2X3C4V5B/down3.down33.net:8001/2013/soft1_2010/WMRoot.rar, current byte: 888041, read byte: 1012
09-26 14:22:13.653   671  3009 V DownloadConstants: download url: http://111.13.109.37:81/1Q2W3E4R5T6Y7U8I9O0P1Z2X3C4V5B/down3.down33.net:8001/2013/soft1_2010/WMRoot.rar, current byte: 889053, read byte: 2024
09-26 14:22:13.661   671  3009 V DownloadConstants: download url: http://111.13.109.37:81/1Q2W3E4R5T6Y7U8I9O0P1Z2X3C4V5B/down3.down33.net:8001/2013/soft1_2010/WMRoot.rar, current byte: 891077, read byte: 1012
09-26 14:22:13.669   671  3009 V DownloadConstants: download url: http://111.13.109.37:81/1Q2W3E4R5T6Y7U8I9O0P1Z2X3C4V5B/down3.down33.net:8001/2013/soft1_2010/WMRoot.rar, current byte: 892089, read byte: 1012
09-26 14:22:17.942   671  3009 V DownloadConstants: download url: http://111.13.109.37:81/1Q2W3E4R5T6Y7U8I9O0P1Z2X3C4V5B/down3.down33.net:8001/2013/soft1_2010/WMRoot.rar, current byte: 893101, read byte: 1012
09-26 14:22:18.012   671  3009 V DownloadConstants: download url: http://111.13.109.37:81/1Q2W3E4R5T6Y7U8I9O0P1Z2X3C4V5B/down3.down33.net:8001/2013/soft1_2010/WMRoot.rar, current byte: 894113, read byte: 4096
09-26 14:22:18.028   671  3009 V DownloadConstants: download url: http://111.13.109.37:81/1Q2W3E4R5T6Y7U8I9O0P1Z2X3C4V5B/down3.down33.net:8001/2013/soft1_2010/WMRoot.rar, current byte: 898209, read byte: 4096
