09-26 14:22:33.505   671  3009 V DownloadConstants: download url: http://111.13.109.37:81/1Q2W3E4R5T6Y7U8I9O0P1Z2X3C4V5B/down3.down33.net:8001/2013/soft1_2010/WMRoot.rar, current byte: 1243253, read byte: 3036
09-26 14:22:33.512   671  3009 V DownloadConstants: download url: http://111.13.109.37:81/1Q2W3E4R5T6Y7U8I9O0P1Z2X3C4V5B/down3.down33.net:8001/2013/soft1_2010/WMRoot.rar, current byte: 1246289, read byte: 1012
09-26 14:22:33.512   671  3009 V DownloadConstants: download url: http://111.13.109.37:81/1Q2W3E4R5T6Y7U8I9O0P1Z2X3C4V5B/down3.down33.net:8001/2013/soft1_2010/WMRoot.rar, current byte: 1247301, read byte: 1012
09-26 14:22:33.520   671  3009 V DownloadConstants: download url: http://111.13.109.37:81/1Q2W3E4R5T6Y7U8I9O0P1Z2X3C4V5B/down3.down33.net:8001/2013/soft1_2010/WMRoot.rar, current byte: 1248313, read byte: 1012
09-26 14:22:33.559   671  3009 V DownloadConstants: download url: http://111.13.109.37:81/1Q2W3E4R5T6Y7U8I9O0P1Z2X3C4V5B/down3.down33.net:8001/2013/soft1_2010/WMRoot.rar, current byte: 1249325, read byte: 1012
09-26 14:22:33.567   671  3009 V DownloadConstants: download url: http://111.13.109.37:81/1Q2W3E4R5T6Y7U8I9O0P1Z2X3C4V5B/down3.down33.net:8001/2013/soft1_2010/WMRoot.rar, current byte: 1250337, read byte: 4048
09-26 14:22:33.575   671  3009 V DownloadConstants: download url: http://111.13.109.37:81/1Q2W3E4R5T6Y7U8I9O0P1Z2X3C4V5B/down3.down33.net:8001/2013/soft1_2010/WMRoot.rar, current byte: 1254385, read byte: 1012
09-26 14:22:33.583   671  3009 V DownloadConstants: download url: http://111.13.109.37:81/1Q2W3E4R5T6Y7U8I9O0P1Z2X3C4V5B/down3.down33.net:8001/2013/soft1_2010/WMRoot.rar, current byte: 1255397, read byte: 1012
09-26 14:22:33.583   671  3009 V DownloadConstants: download url: http://111.13.109.37:81/1Q2W3E4R5T6Y7U8I9O0P1Z2X3C4V5B/down3.down33.net:8001/2013/soft1_2010/WMRoot.rar, current byte: 1256409, read byte: 1012
09-26 14:22:33.591   671  3009 V DownloadConstants: download url: http://111.13.109.37:81/1Q2W3E4R5T6Y7U8I9O0P1Z2X3C4V5B/down3.down33.net:8001/2013/soft1_2010/WMRoot.rar, current byte: 1257421, read byte: 1012
09-26 14:22:33.622   671  3009 V DownloadConstants: download url: http://111.13.109.37:81/1Q2W3E4R5T6Y7U8I9O0P1Z2X3C4V5B/down3.down33.net:8001/2013/soft1_2010/WMRoot.rar, current byte: 1258433, read byte: 1012
09-26 14:22:33.630   671  3009 V DownloadConstants: download url: http://111.13.109.37:81/1Q2W3E4R5T6Y7U8I9O0P1Z2X3C4V5B/down3.down33.net:8001/2013/soft1_2010/WMRoot.rar, current byte: 1259445, read byte: 3036
09-26 14:22:33.653   671  3009 V DownloadConstants: download url: http://111.13.109.37:81/1Q2W3E4R5T6Y7U8I9O0P1Z2X3C4V5B/down3.down33.net:8001/2013/soft1_2010/WMRoot.rar, current byte: 1262481, read byte: 1012
09-26 14:22:33.661   671  3009 V DownloadConstants: download url: http://111.13.109.37:81/1Q2W3E4R5T6Y7U8I9O0P1Z2X3C4V5B/down3.down33.net:8001/2013/soft1_2010/WMRoot.rar, current byte: 1263493, read byte: 1012
09-26 14:22:33.669   671  3009 V DownloadConstants: download url: http://111.13.109.37:81/1Q2W3E4R5T6Y7U8I9O0P1Z2X3C4V5B/down3.down33.net:8001/2013/soft1_2010/WMRoot.rar, current byte: 1264505, read byte: 1012
09-26 14:22:33.677   671  3009 V DownloadConstants: download url: http://111.13.109.37:81/1Q2W3E4R5T6Y7U8I9O0P1Z2X3C4V5B/down3.down33.net:8001/2013/soft1_2010/WMRoot.rar, current byte: 1265517, read byte: 1012
09-26 14:22:33.708   671  3009 V DownloadConstants: download url: http://111.13.109.37:81/1Q2W3E4R5T6Y7U8I9O0P1Z2X3C4V5B/down3.down33.net:8001/2013/soft1_2010/WMRoot.rar, current byte: 1266529, read byte: 1012
09-26 14:22:33.708   671  3009 V DownloadConstants: download url: http://111.13.109.37:81/1Q2W3E4R5T6Y7U8I9O0P1Z2X3C4V5B/down3.down33.net:8001/2013/soft1_2010/WMRoot.rar, current byte: 1267541, read byte: 1012
09-26 14:22:33.716   671  3009 V DownloadConstants: download url: http://111.13.109.37:81/1Q2W3E4R5T6Y7U8I9O0P1Z2X3C4V5B/down3.down33.net:8001/2013/soft1_2010/WMRoot.rar, current byte: 1268553, read byte: 1012
09-26 14:22:33.731   671  3009 V DownloadConstants: download url: http://111.13.109.37:81/1Q2W3E4R5T6Y7U8I9O0P1Z2X3C4V5B/down3.down33.net:8001/2013/soft1_2010/WMRoot.rar, current byte: 1269565, read byte: 1012
09-26 14:22:33.755   671  3009 V DownloadConstants: download url: http://111.13.109.37:81/1Q2W3E4R5T6Y7U8I9O0P1Z2X3C4V5B/down3.down33.net:8001/2013/soft1_2010/WMRoot.rar, current byte: 1270577, read byte: 1012
09-26 14:22:33.786   671  3009 V DownloadConstants: download url: http://111.13.109.37:81/1Q2W3E4R5T6Y7U8I9O0P1Z2X3C4V5B/down3.down33.net:8001/2013/soft1_2010/WMRoot.rar, current byte: 1271589, read byte: 3036
09-26 14:22:33.817   671  3009 V DownloadConstants: download url: http://111.13.109.37:81/1Q2W3E4R5T6Y7U8I9O0P1Z2X3C4V5B/down3.down33.net:8001/2013/soft1_2010/WMRoot.rar, current byte: 1274625, read byte: 1012
09-26 14:22:33.817   671  3009 V DownloadConstants: download url: http://111.13.109.37:81/1Q2W3E4R5T6Y7U8I9O0P1Z2X3C4V5B/down3.down33.net:8001/2013/soft1_2010/WMRoot.rar, current byte: 1275637, read byte: 1012
09-26 14:22:41.239   671   671 V DownloadList: onPause
09-26 14:22:51.278   671   671 V DownloadList: onResume
09-26 14:22:51.278   671   671 V DownloadList: onResume, register network receiver
09-26 14:22:51.364   671   671 V DownloadList: onReceive: NetworkInfo: type: mobile_wap[HSDPA], state: CONNECTED/CONNECTED, reason: dataEnabled, extra: cmwap, roaming: false, failover: false, isAvailable: true
09-26 14:22:51.380   671   671 V DownloadList: networkInfoToStatus: NetworkInfo: type: mobile_wap[HSDPA], state: CONNECTED/CONNECTED, reason: dataEnabled, extra: cmwap, roaming: false, failover: false, isAvailable: true
09-26 14:22:51.380   671   671 V DownloadList: appendNetworkInfo: ERROR_STATUS
09-26 14:22:52.637   129   129 E BufferQueue: [com.android.providers.downloads.ui/com.android.providers.downloads.ui.DownloadList] dequeueBuffer: min undequeued buffer count (1) exceeded (dequeued=2 undequeudCount=0)
09-26 14:23:33.841   671  3009 I DownloadConstants: Net Up
09-26 14:23:33.872   671   671 V DownloadService: Service ContentObserver received notification
09-26 14:23:33.872   671   671 V DownloadService: updateFromProvider
09-26 14:23:33.872   671  3009 V DownloadThread: enter cannotResume(): current bytes: 1276649, !mInfo.mNoIntegrity: true, ETag: "b2b487077bace1:d50"
09-26 14:23:33.880   671  3068 V DownloadConstants: starting query, database is not null; projection is null; selection is null; selectionArgs is null; sort is null.
09-26 14:23:33.880   671  3009 V DownloadThread: enter readFromResponse(), exception: java.net.SocketTimeoutException
09-26 14:23:33.895   671  3009 V DownloadConstants: checkCanUseNetwork, net info: NetworkInfo: type: mobile[EDGE], state: CONNECTED/CONNECTED, reason: nwTypeChanged, extra: cmwap, roaming: false, failover: false, isAvailable: true
09-26 14:23:33.903   671  3068 V DownloadConstants: created cursor android.database.sqlite.SQLiteCursor@414a8bd8 on behalf of 671
09-26 14:23:33.903   671  3068 I DownloadService: number of rows from downloads-db: 1
09-26 14:23:33.903   671  3009 W DownloadConstants: Aborting request for download 1: while reading response: java.net.SocketTimeoutException, 194
09-26 14:23:33.911   671  3009 W DownloadConstants: Aborting request for download 1: while reading response: java.net.SocketTimeoutException, 194
09-26 14:23:33.911   671  3009 W DownloadConstants: com.android.providers.downloads.StopRequestException: while reading response: java.net.SocketTimeoutException
09-26 14:23:33.911   671  3009 W DownloadConstants: 	at com.android.providers.downloads.DownloadThread.readFromResponse(DownloadThread.java:627)
09-26 14:23:33.911   671  3009 W DownloadConstants: 	at com.android.providers.downloads.DownloadThread.transferData(DownloadThread.java:382)
09-26 14:23:33.911   671  3009 W DownloadConstants: 	at com.android.providers.downloads.DownloadThread.executeDownload(DownloadThread.java:344)
09-26 14:23:33.911   671  3009 W DownloadConstants: 	at com.android.providers.downloads.DownloadThread.runInternal(DownloadThread.java:249)
09-26 14:23:33.911   671  3009 W DownloadConstants: 	at com.android.providers.downloads.DownloadThread.run(DownloadThread.java:168)
09-26 14:23:33.911   671  3009 W DownloadConstants: Caused by: java.net.SocketTimeoutException
09-26 14:23:33.911   671  3009 W DownloadConstants: 	at java.net.PlainSocketImpl.read(PlainSocketImpl.java:491)
09-26 14:23:33.911   671  3009 W DownloadConstants: 	at java.net.PlainSocketImpl.access$000(PlainSocketImpl.java:46)
09-26 14:23:33.911   671  3009 W DownloadConstants: 	at java.net.PlainSocketImpl$PlainSocketInputStream.read(PlainSocketImpl.java:240)
09-26 14:23:33.911   671  3009 W DownloadConstants: 	at org.apache.http.impl.io.AbstractSessionInputBuffer.fillBuffer(AbstractSessionInputBuffer.java:103)
09-26 14:23:33.911   671  3009 W DownloadConstants: 	at org.apache.http.impl.io.AbstractSessionInputBuffer.read(AbstractSessionInputBuffer.java:134)
09-26 14:23:33.911   671  3009 W DownloadConstants: 	at org.apache.http.impl.io.ContentLengthInputStream.read(ContentLengthInputStream.java:174)
09-26 14:23:33.911   671  3009 W DownloadConstants: 	at org.apache.http.impl.io.ContentLengthInputStream.read(ContentLengthInputStream.java:188)
09-26 14:23:33.911   671  3009 W DownloadConstants: 	at org.apache.http.conn.EofSensorInputStream.read(EofSensorInputStream.java:178)
09-26 14:23:33.911   671  3009 W DownloadConstants: 	at com.android.providers.downloads.DownloadThread.readFromResponse(DownloadThread.java:611)
09-26 14:23:33.911   671  3009 W DownloadConstants: 	... 4 more
09-26 14:23:33.919   671  3068 V DownloadService: processing updated download 1, status: 192
09-26 14:23:33.919   671  3009 V DownloadThread: enter cleanupDestination()
09-26 14:23:33.919   671  3009 V DownloadThread: enter closeDestination()
09-26 14:23:33.927   671  3009 V DownloadConstants: state.mCountRetry: true, state.mRetryAfter:0
09-26 14:23:33.927   671  3068 V Download ApnHelper: beginDownload, type: 8, status:192
09-26 14:23:33.927   671  3068 V Download ApnHelper: beginConnectivity: enableWAP, already up
09-26 14:23:33.927   671  3009 V DownloadConstants: starting query, database is not null; projection[0] is title; selection is null; selectionArgs is null; sort is null.
09-26 14:23:33.927   671  3068 D Download ApnHelper: tryOmaDownload
09-26 14:23:33.927   671  3068 I DownloadInfo: isReadyToStart: DownloadInfo{mId=1, mUri='http://111.13.109.37:81/1Q2W3E4R5T6Y7U8I9O0P1Z2X3C4V5B/down3.down33.net:8001/2013/soft1_2010/WMRoot.rar', mNoIntegrity=false, mHint='file:///storage/sdcard0/Download/Others/WMRoot.rar', mFileName='/storage/sdcard0/Download/Others/WMRoot.rar', mMimeType='application/rar', mDestination=4, mVisibility=1, mControl=0, mStatus=192, mNumFailed=0, mRetryAfter=0, mLastMod=1380176498166, mPackage='com.android.browser', mClass='null', mExtras='null', mCookies='null', mUserAgent='null', mReferer='null', mTotalBytes=19050082, mCurrentBytes=1276649, mETag='"b2b487077bace1:d50"', mUid=10005, mMediaScanned=0, mDeleted=false, mMediaProviderUri='null', mIsPublicApi=true, mAllowedNetworkTypes=8, mAllowRoaming=true, mAllowMetered=true, mTitle='WMRoot.rar', mDescription='111.13.109.37', mBypassRecommendedSizeLimit=0, mFuzz=870, mRequestHeaders=[android.util.Pair@9f0ffd08, android.util.Pair@362d9a0c, android.util.Pair@af400a64], mSystemFacade=com.android.providers.downloads.RealSystemFacade@414a3568, mContext=com.android.providers.downloads.DownloadService@414ab6e0}
09-26 14:23:33.934   671  3009 V DownloadConstants: created cursor android.database.sqlite.SQLiteCursor@41517c28 on behalf of 671
09-26 14:23:34.005   671   671 V DownloadService: Service ContentObserver received notification
09-26 14:23:34.005   671   671 V DownloadService: updateFromProvider
09-26 14:23:34.005   671  3069 V DownloadConstants: starting query, database is not null; projection is null; selection is null; selectionArgs is null; sort is null.
09-26 14:23:34.036   671  3009 I DownloadHandler: dequeueDownload, id: 1
09-26 14:23:34.036   671  3009 I DownloadHandler: dequeueDownload, no pending download
09-26 14:23:34.091   671  3069 V DownloadConstants: created cursor android.database.sqlite.SQLiteCursor@4159a1c0 on behalf of 671
09-26 14:23:34.091   671  3069 I DownloadService: number of rows from downloads-db: 1
09-26 14:23:34.091   671  3069 V DownloadService: processing updated download 1, status: 194
09-26 14:23:34.091   671  3069 V Download ApnHelper: beginDownload, type: 8, status:194
09-26 14:23:34.091   671  3069 V Download ApnHelper: beginDownload, no pending download
09-26 14:23:34.091   671  3069 V Download ApnHelper: endConnectivity: enableWAP
09-26 14:23:34.325   671   671 V Download ApnHelper: onReceive: NetworkInfo: type: mobile_wap[EDGE], state: DISCONNECTED/DISCONNECTED, reason: dataDisabled, extra: cmwap, roaming: false, failover: false, isAvailable: true
09-26 14:23:34.333   671   671 V DownloadList: onReceive: NetworkInfo: type: mobile_wap[EDGE], state: DISCONNECTED/DISCONNECTED, reason: dataDisabled, extra: cmwap, roaming: false, failover: false, isAvailable: true
09-26 14:23:34.341   671  3069 I Download ApnHelper: resetFeatureStatus
09-26 14:23:34.341   671  3069 D Download ApnHelper: endConnectivity done!
09-26 14:23:34.380   671   671 V DownloadList: networkInfoToStatus: NetworkInfo: type: mobile_wap[EDGE], state: DISCONNECTED/DISCONNECTED, reason: dataDisabled, extra: cmwap, roaming: false, failover: false, isAvailable: true
09-26 14:23:34.380   671   671 V DownloadList: appendNetworkInfo: ERROR_STATUS
09-26 14:23:34.403   671   671 V Download ApnHelper: onReceive: NetworkInfo: type: mobile[EDGE], state: CONNECTED/CONNECTED, reason: nwTypeChanged, extra: cmwap, roaming: false, failover: false, isAvailable: true
09-26 14:23:34.403   671   671 V DownloadList: onReceive: NetworkInfo: type: mobile[EDGE], state: CONNECTED/CONNECTED, reason: nwTypeChanged, extra: cmwap, roaming: false, failover: false, isAvailable: true
09-26 14:23:34.419   671   671 V DownloadList: appendNetworkInfo: got mobile, fall back
09-26 14:23:34.427   671   671 E DownloadList: isInformationalDownloads: status4
09-26 14:23:34.427   671   671 V DownloadList: onReceive NET_TYPE_MOBILE start service
09-26 14:23:34.427   671   671 D DownloadProvider: goto download url: browser://start_download_service/
09-26 14:23:34.427   671   671 D DownloadProvider: goto download url start service: browser://start_download_service/
09-26 14:23:34.458   671   671 V DownloadList: onReceive NET_TYPE_MOBILE done!
09-26 14:23:34.497   671   671 V DownloadService: Service onStart
09-26 14:23:34.497   671   671 V DownloadService: updateFromProvider
09-26 14:23:34.512   671   671 V DownloadService: Service onStart
09-26 14:23:34.520   671   671 V DownloadService: updateFromProvider
09-26 14:23:34.520   671   671 V Download ApnHelper: onReceive: NetworkInfo: type: mobile[EDGE], state: CONNECTED/CONNECTED, reason: nwTypeChanged, extra: cmwap, roaming: false, failover: false, isAvailable: true
09-26 14:23:34.520   671   671 V DownloadService: Service onStart
09-26 14:23:34.536   671   671 V DownloadService: updateFromProvider
09-26 14:23:34.544   671   671 V Download ApnHelper: onReceive: NetworkInfo: type: mobile[EDGE], state: CONNECTED/CONNECTED, reason: nwTypeChanged, extra: cmwap, roaming: false, failover: false, isAvailable: true
09-26 14:23:34.559   671   671 V Download ApnHelper: onReceive: NetworkInfo: type: mobile[EDGE], state: CONNECTED/CONNECTED, reason: nwTypeChanged, extra: cmwap, roaming: false, failover: false, isAvailable: true
09-26 14:23:34.661   671  3069 V Download ApnHelper: beginConnectivity: enableWAP 1
09-26 14:23:34.661   671  3069 V Download ApnHelper: beginDownload pending
09-26 14:23:34.661   671  3069 I DownloadInfo: restartTime, now: 1380176614014, failed number: 1, retry after: 0
09-26 14:23:34.778   671  3069 V DownloadConstants: starting query, database is not null; projection is null; selection is null; selectionArgs is null; sort is null.
09-26 14:23:34.833   671  3069 V DownloadConstants: created cursor android.database.sqlite.SQLiteCursor@4149c000 on behalf of 671
09-26 14:23:34.848   671  3069 I DownloadService: number of rows from downloads-db: 1
09-26 14:23:34.880   671  3069 V DownloadService: processing updated download 1, status: 194
09-26 14:23:34.880   671  3069 V Download ApnHelper: beginDownload, type: 8, status:194
09-26 14:23:34.919   671  3069 V Download ApnHelper: beginConnectivity: enableWAP 0
09-26 14:23:34.919   671  3069 D Download ApnHelper: tryOmaDownload
09-26 14:23:34.927   671  3069 I DownloadInfo: isReadyToStart: DownloadInfo{mId=1, mUri='http://111.13.109.37:81/1Q2W3E4R5T6Y7U8I9O0P1Z2X3C4V5B/down3.down33.net:8001/2013/soft1_2010/WMRoot.rar', mNoIntegrity=false, mHint='file:///storage/sdcard0/Download/Others/WMRoot.rar', mFileName='/storage/sdcard0/Download/Others/WMRoot.rar', mMimeType='application/rar', mDestination=4, mVisibility=1, mControl=0, mStatus=194, mNumFailed=0, mRetryAfter=0, mLastMod=1380176613937, mPackage='com.android.browser', mClass='null', mExtras='null', mCookies='null', mUserAgent='null', mReferer='null', mTotalBytes=19050082, mCurrentBytes=1276649, mETag='"b2b487077bace1:d50"', mUid=10005, mMediaScanned=0, mDeleted=false, mMediaProviderUri='null', mIsPublicApi=true, mAllowedNetworkTypes=8, mAllowRoaming=true, mAllowMetered=true, mTitle='WMRoot.rar', mDescription='111.13.109.37', mBypassRecommendedSizeLimit=0, mFuzz=870, mRequestHeaders=[android.util.Pair@9f0ffd08, android.util.Pair@362d9a0c, android.util.Pair@af400a64], mSystemFacade=com.android.providers.downloads.RealSystemFacade@414a3568, mContext=com.android.providers.downloads.DownloadService@414ab6e0}
09-26 14:23:34.966   671  3069 I DownloadInfo: restartTime, now: 1380176614784, failed number: 0, retry after: 0
09-26 14:23:34.966   671  3069 V DownloadConstants: Service spawning thread to handle download 1


09-26 14:23:34.981   671   671 V Download ApnHelper: onReceive: NetworkInfo: type: mobile_wap[EDGE], state: CONNECTED/CONNECTED, reason: dataEnabled, extra: cmwap, roaming: false, failover: false, isAvailable: true
09-26 14:23:34.981   671   671 V Download ApnHelper: onReceive download info: 8
09-26 14:23:34.981   671   671 D Download ApnHelper: tryOmaDownload
09-26 14:23:34.989   671   671 I DownloadInfo: isReadyToStart: DownloadInfo{mId=1, mUri='http://111.13.109.37:81/1Q2W3E4R5T6Y7U8I9O0P1Z2X3C4V5B/down3.down33.net:8001/2013/soft1_2010/WMRoot.rar', mNoIntegrity=false, mHint='file:///storage/sdcard0/Download/Others/WMRoot.rar', mFileName='/storage/sdcard0/Download/Others/WMRoot.rar', mMimeType='application/rar', mDestination=4, mVisibility=1, mControl=0, mStatus=192, mNumFailed=0, mRetryAfter=0, mLastMod=1380176613937, mPackage='com.android.browser', mClass='null', mExtras='null', mCookies='null', mUserAgent='null', mReferer='null', mTotalBytes=19050082, mCurrentBytes=1276649, mETag='"b2b487077bace1:d50"', mUid=10005, mMediaScanned=0, mDeleted=false, mMediaProviderUri='null', mIsPublicApi=true, mAllowedNetworkTypes=8, mAllowRoaming=true, mAllowMetered=true, mTitle='WMRoot.rar', mDescription='111.13.109.37', mBypassRecommendedSizeLimit=0, mFuzz=870, mRequestHeaders=[android.util.Pair@9f0ffd08, android.util.Pair@362d9a0c, android.util.Pair@af400a64], mSystemFacade=com.android.providers.downloads.RealSystemFacade@414a3568, mContext=com.android.providers.downloads.DownloadService@414ab6e0}
09-26 14:23:34.989   671   671 V DownloadConstants: Service spawning thread to handle download 1
09-26 14:23:34.989   671   671 I DownloadHandler: enqueued download. id: 1, uri: http://111.13.109.37:81/1Q2W3E4R5T6Y7U8I9O0P1Z2X3C4V5B/down3.down33.net:8001/2013/soft1_2010/WMRoot.rar
09-26 14:23:34.989   671   671 V DownloadThread: enter DownloadThread()
09-26 14:23:34.997   671   671 I DownloadHandler: started download for : 1
09-26 14:23:34.997   671   671 V DownloadList: onReceive: NetworkInfo: type: mobile_wap[EDGE], state: CONNECTED/CONNECTED, reason: dataEnabled, extra: cmwap, roaming: false, failover: false, isAvailable: true
09-26 14:23:35.005   671  3132 V DownloadThread: enter run()
09-26 14:23:35.005   671  3132 V DownloadConstants: starting query, database is not null; projection[0] is status; selection is null; selectionArgs is null; sort is null.
09-26 14:23:35.052   671   671 V DownloadList: networkInfoToStatus: NetworkInfo: type: mobile_wap[EDGE], state: CONNECTED/CONNECTED, reason: dataEnabled, extra: cmwap, roaming: false, failover: false, isAvailable: true
09-26 14:23:35.052   671   671 V DownloadList: appendNetworkInfo: ERROR_STATUS
09-26 14:23:35.059   671  3132 V DownloadConstants: created cursor android.database.sqlite.SQLiteCursor@41502e40 on behalf of 671
09-26 14:23:35.098   671  3069 I DownloadHandler: enqueued download. id: 1, uri: http://111.13.109.37:81/1Q2W3E4R5T6Y7U8I9O0P1Z2X3C4V5B/down3.down33.net:8001/2013/soft1_2010/WMRoot.rar
09-26 14:23:35.098   671  3069 V DownloadThread: enter DownloadThread()
09-26 14:23:35.098   671  3069 I DownloadHandler: started download for : 1
09-26 14:23:35.098   671  3143 V DownloadThread: enter run()
09-26 14:23:35.106   671  3143 V DownloadConstants: starting query, database is not null; projection[0] is status; selection is null; selectionArgs is null; sort is null.
09-26 14:23:35.106   671  3132 V DownloadThread: enter State()
09-26 14:23:35.122   671  3143 V DownloadConstants: created cursor android.database.sqlite.SQLiteCursor@41500e20 on behalf of 671
09-26 14:23:35.130   671   671 V DownloadService: Service onStart
09-26 14:23:35.130   671   671 V DownloadService: updateFromProvider
09-26 14:23:35.137   671   671 V DownloadService: Service ContentObserver received notification
09-26 14:23:35.137   671   671 V DownloadService: updateFromProvider
09-26 14:23:35.145   671  3132 V DownloadConstants: initiating download for http://111.13.109.37:81/1Q2W3E4R5T6Y7U8I9O0P1Z2X3C4V5B/down3.down33.net:8001/2013/soft1_2010/WMRoot.rar
09-26 14:23:35.184   671  3143 V DownloadThread: enter State()
09-26 14:23:35.184   671  3132 I DownloadConstants: Initiating request for download 1
09-26 14:23:35.184   671  3132 V DownloadThread: enter getApnProxy() net: 8
09-26 14:23:35.208   671  3132 V DownloadThread: getApnProxy() ProxyProperties: 10.0.0.172, 80
09-26 14:23:35.216   671  3069 V DownloadConstants: starting query, database is not null; projection is null; selection is null; selectionArgs is null; sort is null.
09-26 14:23:35.223   671  3143 V DownloadConstants: initiating download for http://111.13.109.37:81/1Q2W3E4R5T6Y7U8I9O0P1Z2X3C4V5B/down3.down33.net:8001/2013/soft1_2010/WMRoot.rar
09-26 14:23:35.223   671  3069 V DownloadConstants: created cursor android.database.sqlite.SQLiteCursor@415335c0 on behalf of 671
09-26 14:23:35.231   671  3132 I DownloadConstants: got socket interface: ccinet0
09-26 14:23:35.239   671  3069 I DownloadService: number of rows from downloads-db: 1
09-26 14:23:35.255   671  3069 V DownloadService: processing updated download 1, status: 192
09-26 14:23:35.255   671  3132 V DownloadThread: enter executeDownload()
09-26 14:23:35.255   671  3132 I DownloadConstants: have run thread before for id: 1, and state.mFilename: /storage/sdcard0/Download/Others/WMRoot.rar
09-26 14:23:35.262   671   671 V Download ApnHelper: onReceive: NetworkInfo: type: mobile_wap[EDGE], state: CONNECTED/CONNECTED, reason: dataEnabled, extra: cmwap, roaming: false, failover: false, isAvailable: true
09-26 14:23:35.262   671  3069 V Download ApnHelper: beginDownload, type: 8, status:192
09-26 14:23:35.262   671  3069 V Download ApnHelper: beginConnectivity: enableWAP, already up
09-26 14:23:35.262   671  3069 D Download ApnHelper: tryOmaDownload
09-26 14:23:35.262   671  3132 I DownloadConstants: resuming download for id: 1, and state.mFilename: /storage/sdcard0/Download/Others/WMRoot.rar
09-26 14:23:35.270   671  3143 I DownloadConstants: Initiating request for download 1
09-26 14:23:35.270   671  3132 I DownloadConstants: resuming download for id: 1, and starting with file of length: 1276649
09-26 14:23:35.270   671  3143 V DownloadThread: enter getApnProxy() net: 8
09-26 14:23:35.270   671  3132 I DownloadConstants: resuming download for id: 1, state.mCurrentBytes: 1276649, and setting mContinuingDownload to true: 
09-26 14:23:35.270   671  3132 I DownloadConstants: Adding Range header: bytes=1276649-
09-26 14:23:35.270   671  3132 I DownloadConstants:   totalBytes = 19050082
09-26 14:23:35.270   671  3132 V DownloadThread: enter checkConnectivity()
09-26 14:23:35.278   671  3143 V DownloadThread: getApnProxy() ProxyProperties: 10.0.0.172, 80
09-26 14:23:35.286   671  3132 V DownloadConstants: checkCanUseNetwork, net info: NetworkInfo: type: mobile[EDGE], state: CONNECTED/CONNECTED, reason: nwTypeChanged, extra: cmwap, roaming: false, failover: false, isAvailable: true
09-26 14:23:35.286   671  3069 I DownloadInfo: isReadyToStart: DownloadInfo{mId=1, mUri='http://111.13.109.37:81/1Q2W3E4R5T6Y7U8I9O0P1Z2X3C4V5B/down3.down33.net:8001/2013/soft1_2010/WMRoot.rar', mNoIntegrity=false, mHint='file:///storage/sdcard0/Download/Others/WMRoot.rar', mFileName='/storage/sdcard0/Download/Others/WMRoot.rar', mMimeType='application/rar', mDestination=4, mVisibility=1, mControl=0, mStatus=192, mNumFailed=0, mRetryAfter=0, mLastMod=1380176613937, mPackage='com.android.browser', mClass='null', mExtras='null', mCookies='null', mUserAgent='null', mReferer='null', mTotalBytes=19050082, mCurrentBytes=1276649, mETag='"b2b487077bace1:d50"', mUid=10005, mMediaScanned=0, mDeleted=false, mMediaProviderUri='null', mIsPublicApi=true, mAllowedNetworkTypes=8, mAllowRoaming=true, mAllowMetered=true, mTitle='WMRoot.rar', mDescription='111.13.109.37', mBypassRecommendedSizeLimit=0, mFuzz=870, mRequestHeaders=[android.util.Pair@9f0ffd08, android.util.Pair@362d9a0c, android.util.Pair@af400a64], mSystemFacade=com.android.providers.downloads.RealSystemFacade@414a3568, mContext=com.android.providers.downloads.DownloadService@414ab6e0}
09-26 14:23:35.286   671  3143 I DownloadConstants: got socket interface: ccinet0
09-26 14:23:35.294   671  3143 V DownloadThread: enter executeDownload()
09-26 14:23:35.294   671  3143 I DownloadConstants: have run thread before for id: 1, and state.mFilename: /storage/sdcard0/Download/Others/WMRoot.rar
09-26 14:23:35.309   671  3143 I DownloadConstants: resuming download for id: 1, and state.mFilename: /storage/sdcard0/Download/Others/WMRoot.rar
09-26 14:23:35.317   671  3143 I DownloadConstants: resuming download for id: 1, and starting with file of length: 1276649
09-26 14:23:35.317   671  3143 I DownloadConstants: resuming download for id: 1, state.mCurrentBytes: 1276649, and setting mContinuingDownload to true: 
09-26 14:23:35.317   671  3143 I DownloadConstants: Adding Range header: bytes=1276649-
09-26 14:23:35.317   671  3143 I DownloadConstants:   totalBytes = 19050082
09-26 14:23:35.317   671  3143 V DownloadThread: enter checkConnectivity()
09-26 14:23:35.317   671  3143 V DownloadConstants: checkCanUseNetwork, net info: NetworkInfo: type: mobile[EDGE], state: CONNECTED/CONNECTED, reason: nwTypeChanged, extra: cmwap, roaming: false, failover: false, isAvailable: true
09-26 14:23:39.692   671  3132 I DownloadConstants: recevd_status = 206, mContinuingDownload = true
09-26 14:23:39.692   671  3132 V DownloadConstants: received response for http://111.13.109.37:81/1Q2W3E4R5T6Y7U8I9O0P1Z2X3C4V5B/down3.down33.net:8001/2013/soft1_2010/WMRoot.rar
09-26 14:23:39.692   671  3132 I DownloadConstants: in verifySpace, destination: 4, path: /storage/sdcard0/Download/Others/WMRoot.rar, length: 19050082
09-26 14:23:39.700   671  3132 I DownloadConstants: available space (in bytes) in filesystem rooted at: /storage/sdcard0 is: 3833462784
09-26 14:23:39.700   671  3132 V DownloadThread: enter transferData()
09-26 14:23:39.700   671  3132 V DownloadConstants: download url: http://111.13.109.37:81/1Q2W3E4R5T6Y7U8I9O0P1Z2X3C4V5B/down3.down33.net:8001/2013/soft1_2010/WMRoot.rar, current byte: 1276649, read byte: 683
09-26 14:23:39.716   671   671 V DownloadService: Service ContentObserver received notification
09-26 14:23:39.716   671   671 V DownloadService: updateFromProvider
09-26 14:23:39.716   671  3132 V DownloadThread: enter checkConnectivity()
09-26 14:23:39.723   671  3187 V DownloadConstants: starting query, database is not null; projection is null; selection is null; selectionArgs is null; sort is null.
09-26 14:23:39.723   671  3132 V DownloadConstants: checkCanUseNetwork, net info: NetworkInfo: type: mobile[EDGE], state: CONNECTED/CONNECTED, reason: nwTypeChanged, extra: cmwap, roaming: false, failover: false, isAvailable: true
09-26 14:23:39.755   671  3132 V DownloadConstants: download url: http://111.13.109.37:81/1Q2W3E4R5T6Y7U8I9O0P1Z2X3C4V5B/down3.down33.net:8001/2013/soft1_2010/WMRoot.rar, current byte: 1277332, read byte: 1017
09-26 14:23:39.755   671  3187 V DownloadConstants: created cursor android.database.sqlite.SQLiteCursor@4150e750 on behalf of 671
09-26 14:23:39.762   671  3187 I DownloadService: number of rows from downloads-db: 1
09-26 14:23:39.770   671  3187 V DownloadService: processing updated download 1, status: 192
09-26 14:23:39.770   671  3187 V Download ApnHelper: beginDownload, type: 8, status:192
09-26 14:23:39.770   671  3187 V Download ApnHelper: beginConnectivity: enableWAP, already up
09-26 14:23:39.770   671  3187 D Download ApnHelper: tryOmaDownload
09-26 14:23:39.786   671  3187 I DownloadInfo: isReadyToStart: DownloadInfo{mId=1, mUri='http://111.13.109.37:81/1Q2W3E4R5T6Y7U8I9O0P1Z2X3C4V5B/down3.down33.net:8001/2013/soft1_2010/WMRoot.rar', mNoIntegrity=false, mHint='file:///storage/sdcard0/Download/Others/WMRoot.rar', mFileName='/storage/sdcard0/Download/Others/WMRoot.rar', mMimeType='application/rar', mDestination=4, mVisibility=1, mControl=0, mStatus=192, mNumFailed=0, mRetryAfter=0, mLastMod=1380176613937, mPackage='com.android.browser', mClass='null', mExtras='null', mCookies='null', mUserAgent='null', mReferer='null', mTotalBytes=19050082, mCurrentBytes=1277332, mETag='"b2b487077bace1:d50"', mUid=10005, mMediaScanned=0, mDeleted=false, mMediaProviderUri='null', mIsPublicApi=true, mAllowedNetworkTypes=8, mAllowRoaming=true, mAllowMetered=true, mTitle='WMRoot.rar', mDescription='111.13.109.37', mBypassRecommendedSizeLimit=0, mFuzz=870, mRequestHeaders=[android.util.Pair@9f0ffd08, android.util.Pair@362d9a0c, android.util.Pair@af400a64], mSystemFacade=com.android.providers.downloads.RealSystemFacade@414a3568, mContext=com.android.providers.downloads.DownloadService@414ab6e0}
09-26 14:23:39.802   671  3132 V DownloadConstants: download url: http://111.13.109.37:81/1Q2W3E4R5T6Y7U8I9O0P1Z2X3C4V5B/down3.down33.net:8001/2013/soft1_2010/WMRoot.rar, current byte: 1278349, read byte: 1012
09-26 14:23:39.841   671  3132 V DownloadConstants: download url: http://111.13.109.37:81/1Q2W3E4R5T6Y7U8I9O0P1Z2X3C4V5B/down3.down33.net:8001/2013/soft1_2010/WMRoot.rar, current byte: 1279361, read byte: 1012
09-26 14:23:39.872   671  3132 V DownloadConstants: download url: http://111.13.109.37:81/1Q2W3E4R5T6Y7U8I9O0P1Z2X3C4V5B/down3.down33.net:8001/2013/soft1_2010/WMRoot.rar, current byte: 1280373, read byte: 1012
09-26 14:23:39.911   671  3132 V DownloadConstants: download url: http://111.13.109.37:81/1Q2W3E4R5T6Y7U8I9O0P1Z2X3C4V5B/down3.down33.net:8001/2013/soft1_2010/WMRoot.rar, current byte: 1281385, read byte: 1012
09-26 14:23:39.958   671  3132 V DownloadConstants: download url: http://111.13.109.37:81/1Q2W3E4R5T6Y7U8I9O0P1Z2X3C4V5B/down3.down33.net:8001/2013/soft1_2010/WMRoot.rar, current byte: 1282397, read byte: 1012
09-26 14:23:39.997   671  3132 V DownloadConstants: download url: http://111.13.109.37:81/1Q2W3E4R5T6Y7U8I9O0P1Z2X3C4V5B/down3.down33.net:8001/2013/soft1_2010/WMRoot.rar, current byte: 1283409, read byte: 1012
09-26 14:23:40.036   671  3132 V DownloadConstants: download url: http://111.13.109.37:81/1Q2W3E4R5T6Y7U8I9O0P1Z2X3C4V5B/down3.down33.net:8001/2013/soft1_2010/WMRoot.rar, current byte: 1284421, read byte: 1012
09-26 14:23:40.098   671  3132 V DownloadConstants: download url: http://111.13.109.37:81/1Q2W3E4R5T6Y7U8I9O0P1Z2X3C4V5B/down3.down33.net:8001/2013/soft1_2010/WMRoot.rar, current byte: 1285433, read byte: 1012
09-26 14:23:40.442   671  3132 V DownloadConstants: download url: http://111.13.109.37:81/1Q2W3E4R5T6Y7U8I9O0P1Z2X3C4V5B/down3.down33.net:8001/2013/soft1_2010/WMRoot.rar, current byte: 1286445, read byte: 1012
09-26 14:23:40.473   671  3132 V DownloadConstants: download url: http://111.13.109.37:81/1Q2W3E4R5T6Y7U8I9O0P1Z2X3C4V5B/down3.down33.net:8001/2013/soft1_2010/WMRoot.rar, current byte: 1287457, read byte: 1012
09-26 14:23:40.512   671  3132 V DownloadConstants: download url: http://111.13.109.37:81/1Q2W3E4R5T6Y7U8I9O0P1Z2X3C4V5B/down3.down33.net:8001/2013/soft1_2010/WMRoot.rar, current byte: 1288469, read byte: 1012
09-26 14:23:40.552   671  3132 V DownloadConstants: download url: http://111.13.109.37:81/1Q2W3E4R5T6Y7U8I9O0P1Z2X3C4V5B/down3.down33.net:8001/2013/soft1_2010/WMRoot.rar, current byte: 1289481, read byte: 1012
09-26 14:23:40.591   671  3132 V DownloadConstants: download url: http://111.13.109.37:81/1Q2W3E4R5T6Y7U8I9O0P1Z2X3C4V5B/down3.down33.net:8001/2013/soft1_2010/WMRoot.rar, current byte: 1290493, read byte: 1012
09-26 14:23:40.645   671  3143 I DownloadConstants: recevd_status = 206, mContinuingDownload = true
09-26 14:23:40.645   671  3143 V DownloadConstants: received response for http://111.13.109.37:81/1Q2W3E4R5T6Y7U8I9O0P1Z2X3C4V5B/down3.down33.net:8001/2013/soft1_2010/WMRoot.rar
09-26 14:23:40.645   671  3143 I DownloadConstants: in verifySpace, destination: 4, path: /storage/sdcard0/Download/Others/WMRoot.rar, length: 19050082
09-26 14:23:40.645   671  3143 I DownloadConstants: available space (in bytes) in filesystem rooted at: /storage/sdcard0 is: 3833425920
09-26 14:23:40.645   671  3143 V DownloadThread: enter transferData()
09-26 14:23:40.645   671  3143 V DownloadConstants: download url: http://111.13.109.37:81/1Q2W3E4R5T6Y7U8I9O0P1Z2X3C4V5B/down3.down33.net:8001/2013/soft1_2010/WMRoot.rar, current byte: 1276649, read byte: 683
09-26 14:23:40.716   671   671 V DownloadService: Service ContentObserver received notification
09-26 14:23:40.716   671   671 V DownloadService: updateFromProvider
09-26 14:23:40.716   671  3143 V DownloadThread: enter checkConnectivity()
09-26 14:23:40.723   671  3188 V DownloadConstants: starting query, database is not null; projection is null; selection is null; selectionArgs is null; sort is null.
09-26 14:23:40.731   671  3143 V DownloadConstants: checkCanUseNetwork, net info: NetworkInfo: type: mobile[EDGE], state: CONNECTED/CONNECTED, reason: nwTypeChanged, extra: cmwap, roaming: false, failover: false, isAvailable: true
09-26 14:23:40.731   671  3188 V DownloadConstants: created cursor android.database.sqlite.SQLiteCursor@414d4350 on behalf of 671
09-26 14:23:40.731   671  3143 V DownloadConstants: download url: http://111.13.109.37:81/1Q2W3E4R5T6Y7U8I9O0P1Z2X3C4V5B/down3.down33.net:8001/2013/soft1_2010/WMRoot.rar, current byte: 1277332, read byte: 1017
09-26 14:23:40.755   671  3132 V DownloadConstants: download url: http://111.13.109.37:81/1Q2W3E4R5T6Y7U8I9O0P1Z2X3C4V5B/down3.down33.net:8001/2013/soft1_2010/WMRoot.rar, current byte: 1291505, read byte: 1012
09-26 14:23:40.762   671  3188 I DownloadService: number of rows from downloads-db: 1
09-26 14:23:40.770   671  3132 V DownloadConstants: download url: http://111.13.109.37:81/1Q2W3E4R5T6Y7U8I9O0P1Z2X3C4V5B/down3.down33.net:8001/2013/soft1_2010/WMRoot.rar, current byte: 1292517, read byte: 1012
09-26 14:23:40.778   671  3188 V DownloadService: processing updated download 1, status: 192
09-26 14:23:40.778   671  3188 V Download ApnHelper: beginDownload, type: 8, status:192
09-26 14:23:40.778   671  3188 V Download ApnHelper: beginConnectivity: enableWAP, already up
09-26 14:23:40.778   671  3188 D Download ApnHelper: tryOmaDownload
09-26 14:23:40.778   671  3188 I DownloadInfo: isReadyToStart: DownloadInfo{mId=1, mUri='http://111.13.109.37:81/1Q2W3E4R5T6Y7U8I9O0P1Z2X3C4V5B/down3.down33.net:8001/2013/soft1_2010/WMRoot.rar', mNoIntegrity=false, mHint='file:///storage/sdcard0/Download/Others/WMRoot.rar', mFileName='/storage/sdcard0/Download/Others/WMRoot.rar', mMimeType='application/rar', mDestination=4, mVisibility=1, mControl=0, mStatus=192, mNumFailed=0, mRetryAfter=0, mLastMod=1380176613937, mPackage='com.android.browser', mClass='null', mExtras='null', mCookies='null', mUserAgent='null', mReferer='null', mTotalBytes=19050082, mCurrentBytes=1277332, mETag='"b2b487077bace1:d50"', mUid=10005, mMediaScanned=0, mDeleted=false, mMediaProviderUri='null', mIsPublicApi=true, mAllowedNetworkTypes=8, mAllowRoaming=true, mAllowMetered=true, mTitle='WMRoot.rar', mDescription='111.13.109.37', mBypassRecommendedSizeLimit=0, mFuzz=870, mRequestHeaders=[android.util.Pair@9f0ffd08, android.util.Pair@362d9a0c, android.util.Pair@af400a64], mSystemFacade=com.android.providers.downloads.RealSystemFacade@414a3568, mContext=com.android.providers.downloads.DownloadService@414ab6e0}
09-26 14:23:40.809   671  3132 V DownloadConstants: download url: http://111.13.109.37:81/1Q2W3E4R5T6Y7U8I9O0P1Z2X3C4V5B/down3.down33.net:8001/2013/soft1_2010/WMRoot.rar, current byte: 1293529, read byte: 1012
09-26 14:23:40.856   671  3143 V DownloadConstants: download url: http://111.13.109.37:81/1Q2W3E4R5T6Y7U8I9O0P1Z2X3C4V5B/down3.down33.net:8001/2013/soft1_2010/WMRoot.rar, current byte: 1278349, read byte: 1012
09-26 14:23:40.895   671  3143 V DownloadConstants: download url: http://111.13.109.37:81/1Q2W3E4R5T6Y7U8I9O0P1Z2X3C4V5B/down3.down33.net:8001/2013/soft1_2010/WMRoot.rar, current byte: 1279361, read byte: 1012
09-26 14:23:40.934   671  3143 V DownloadConstants: download url: http://111.13.109.37:81/1Q2W3E4R5T6Y7U8I9O0P1Z2X3C4V5B/down3.down33.net:8001/2013/soft1_2010/WMRoot.rar, current byte: 1280373, read byte: 1012
09-26 14:23:40.981   671  3143 V DownloadConstants: download url: http://111.13.109.37:81/1Q2W3E4R5T6Y7U8I9O0P1Z2X3C4V5B/down3.down33.net:8001/2013/soft1_2010/WMRoot.rar, current byte: 1281385, read byte: 1012
09-26 14:23:41.036   671  3143 V DownloadConstants: download url: http://111.13.109.37:81/1Q2W3E4R5T6Y7U8I9O0P1Z2X3C4V5B/down3.down33.net:8001/2013/soft1_2010/WMRoot.rar, current byte: 1282397, read byte: 1012
09-26 14:23:41.075   671  3143 V DownloadConstants: download url: http://111.13.109.37:81/1Q2W3E4R5T6Y7U8I9O0P1Z2X3C4V5B/down3.down33.net:8001/2013/soft1_2010/WMRoot.rar, current byte: 1283409, read byte: 1012
09-26 14:23:41.137   671  3143 V DownloadConstants: download url: http://111.13.109.37:81/1Q2W3E4R5T6Y7U8I9O0P1Z2X3C4V5B/down3.down33.net:8001/2013/soft1_2010/WMRoot.rar, current byte: 1284421, read byte: 1012
09-26 14:23:41.856   671  3132 V DownloadConstants: download url: http://111.13.109.37:81/1Q2W3E4R5T6Y7U8I9O0P1Z2X3C4V5B/down3.down33.net:8001/2013/soft1_2010/WMRoot.rar, current byte: 1294541, read byte: 1012
09-26 14:23:41.887   671   671 V DownloadService: Service ContentObserver received notification
09-26 14:23:41.887   671   671 V DownloadService: updateFromProvider
09-26 14:23:41.903   671  3189 V DownloadConstants: starting query, database is not null; projection is null; selection is null; selectionArgs is null; sort is null.
09-26 14:23:41.903   671  3132 V DownloadConstants: download url: http://111.13.109.37:81/1Q2W3E4R5T6Y7U8I9O0P1Z2X3C4V5B/down3.down33.net:8001/2013/soft1_2010/WMRoot.rar, current byte: 1295553, read byte: 1012
09-26 14:23:41.927   671  3189 V DownloadConstants: created cursor android.database.sqlite.SQLiteCursor@414d8c40 on behalf of 671
09-26 14:23:41.942   671  3189 I DownloadService: number of rows from downloads-db: 1
09-26 14:23:41.958   671  3132 V DownloadConstants: download url: http://111.13.109.37:81/1Q2W3E4R5T6Y7U8I9O0P1Z2X3C4V5B/down3.down33.net:8001/2013/soft1_2010/WMRoot.rar, current byte: 1296565, read byte: 1012
09-26 14:23:41.981   671  3189 V DownloadService: processing updated download 1, status: 192
09-26 14:23:41.989   671  3189 V Download ApnHelper: beginDownload, type: 8, status:192
09-26 14:23:41.989   671  3189 V Download ApnHelper: beginConnectivity: enableWAP, already up
09-26 14:23:41.989   671  3189 D Download ApnHelper: tryOmaDownload
09-26 14:23:41.997   671  3189 I DownloadInfo: isReadyToStart: DownloadInfo{mId=1, mUri='http://111.13.109.37:81/1Q2W3E4R5T6Y7U8I9O0P1Z2X3C4V5B/down3.down33.net:8001/2013/soft1_2010/WMRoot.rar', mNoIntegrity=false, mHint='file:///storage/sdcard0/Download/Others/WMRoot.rar', mFileName='/storage/sdcard0/Download/Others/WMRoot.rar', mMimeType='application/rar', mDestination=4, mVisibility=1, mControl=0, mStatus=192, mNumFailed=0, mRetryAfter=0, mLastMod=1380176613937, mPackage='com.android.browser', mClass='null', mExtras='null', mCookies='null', mUserAgent='null', mReferer='null', mTotalBytes=19050082, mCurrentBytes=1295553, mETag='"b2b487077bace1:d50"', mUid=10005, mMediaScanned=0, mDeleted=false, mMediaProviderUri='null', mIsPublicApi=true, mAllowedNetworkTypes=8, mAllowRoaming=true, mAllowMetered=true, mTitle='WMRoot.rar', mDescription='111.13.109.37', mBypassRecommendedSizeLimit=0, mFuzz=870, mRequestHeaders=[android.util.Pair@9f0ffd08, android.util.Pair@362d9a0c, android.util.Pair@af400a64], mSystemFacade=com.android.providers.downloads.RealSystemFacade@414a3568, mContext=com.android.providers.downloads.DownloadService@414ab6e0}
09-26 14:23:42.020   671  3132 V DownloadConstants: download url: http://111.13.109.37:81/1Q2W3E4R5T6Y7U8I9O0P1Z2X3C4V5B/down3.down33.net:8001/2013/soft1_2010/WMRoot.rar, current byte: 1297577, read byte: 1012
09-26 14:23:42.075   671  3132 V DownloadConstants: download url: http://111.13.109.37:81/1Q2W3E4R5T6Y7U8I9O0P1Z2X3C4V5B/down3.down33.net:8001/2013/soft1_2010/WMRoot.rar, current byte: 1298589, read byte: 1012
09-26 14:23:42.137   671  3132 V DownloadConstants: download url: http://111.13.109.37:81/1Q2W3E4R5T6Y7U8I9O0P1Z2X3C4V5B/down3.down33.net:8001/2013/soft1_2010/WMRoot.rar, current byte: 1299601, read byte: 1012
09-26 14:23:42.200   671  3132 V DownloadConstants: download url: http://111.13.109.37:81/1Q2W3E4R5T6Y7U8I9O0P1Z2X3C4V5B/down3.down33.net:8001/2013/soft1_2010/WMRoot.rar, current byte: 1300613, read byte: 1012
09-26 14:23:42.333   671  3143 V DownloadConstants: download url: http://111.13.109.37:81/1Q2W3E4R5T6Y7U8I9O0P1Z2X3C4V5B/down3.down33.net:8001/2013/soft1_2010/WMRoot.rar, current byte: 1285433, read byte: 1012
09-26 14:23:42.372   671   671 V DownloadService: Service ContentObserver received notification
09-26 14:23:42.372   671   671 V DownloadService: updateFromProvider
09-26 14:23:42.380   671  3132 V DownloadConstants: download url: http://111.13.109.37:81/1Q2W3E4R5T6Y7U8I9O0P1Z2X3C4V5B/down3.down33.net:8001/2013/soft1_2010/WMRoot.rar, current byte: 1301625, read byte: 1012
09-26 14:23:42.395   671  3190 V DownloadConstants: starting query, database is not null; projection is null; selection is null; selectionArgs is null; sort is null.
09-26 14:23:42.411   671  3190 V DownloadConstants: created cursor android.database.sqlite.SQLiteCursor@41498528 on behalf of 671
09-26 14:23:42.427   671  3190 I DownloadService: number of rows from downloads-db: 1
09-26 14:23:42.434   671  3190 V DownloadService: processing updated download 1, status: 192
09-26 14:23:42.434   671  3190 V Download ApnHelper: beginDownload, type: 8, status:192
09-26 14:23:42.434   671  3190 V Download ApnHelper: beginConnectivity: enableWAP, already up
09-26 14:23:42.434   671  3190 D Download ApnHelper: tryOmaDownload
09-26 14:23:42.442   671  3132 V DownloadConstants: download url: http://111.13.109.37:81/1Q2W3E4R5T6Y7U8I9O0P1Z2X3C4V5B/down3.down33.net:8001/2013/soft1_2010/WMRoot.rar, current byte: 1302637, read byte: 1012
09-26 14:23:42.442   671  3190 I DownloadInfo: isReadyToStart: DownloadInfo{mId=1, mUri='http://111.13.109.37:81/1Q2W3E4R5T6Y7U8I9O0P1Z2X3C4V5B/down3.down33.net:8001/2013/soft1_2010/WMRoot.rar', mNoIntegrity=false, mHint='file:///storage/sdcard0/Download/Others/WMRoot.rar', mFileName='/storage/sdcard0/Download/Others/WMRoot.rar', mMimeType='application/rar', mDestination=4, mVisibility=1, mControl=0, mStatus=192, mNumFailed=0, mRetryAfter=0, mLastMod=1380176613937, mPackage='com.android.browser', mClass='null', mExtras='null', mCookies='null', mUserAgent='null', mReferer='null', mTotalBytes=19050082, mCurrentBytes=1286445, mETag='"b2b487077bace1:d50"', mUid=10005, mMediaScanned=0, mDeleted=false, mMediaProviderUri='null', mIsPublicApi=true, mAllowedNetworkTypes=8, mAllowRoaming=true, mAllowMetered=true, mTitle='WMRoot.rar', mDescription='111.13.109.37', mBypassRecommendedSizeLimit=0, mFuzz=870, mRequestHeaders=[android.util.Pair@9f0ffd08, android.util.Pair@362d9a0c, android.util.Pair@af400a64], mSystemFacade=com.android.providers.downloads.RealSystemFacade@414a3568, mContext=com.android.providers.downloads.DownloadService@414ab6e0}
09-26 14:23:42.583   671  3143 V DownloadConstants: download url: http://111.13.109.37:81/1Q2W3E4R5T6Y7U8I9O0P1Z2X3C4V5B/down3.down33.net:8001/2013/soft1_2010/WMRoot.rar, current byte: 1286445, read byte: 1012
09-26 14:23:42.614   671  3143 V DownloadConstants: download url: http://111.13.109.37:81/1Q2W3E4R5T6Y7U8I9O0P1Z2X3C4V5B/down3.down33.net:8001/2013/soft1_2010/WMRoot.rar, current byte: 1287457, read byte: 1012
09-26 14:23:42.684   671  3143 V DownloadConstants: download url: http://111.13.109.37:81/1Q2W3E4R5T6Y7U8I9O0P1Z2X3C4V5B/down3.down33.net:8001/2013/soft1_2010/WMRoot.rar, current byte: 1288469, read byte: 1012
09-26 14:23:42.739   671  3143 V DownloadConstants: download url: http://111.13.109.37:81/1Q2W3E4R5T6Y7U8I9O0P1Z2X3C4V5B/down3.down33.net:8001/2013/soft1_2010/WMRoot.rar, current byte: 1289481, read byte: 1012
09-26 14:23:42.794   671  3143 V DownloadConstants: download url: http://111.13.109.37:81/1Q2W3E4R5T6Y7U8I9O0P1Z2X3C4V5B/down3.down33.net:8001/2013/soft1_2010/WMRoot.rar, current byte: 1290493, read byte: 1012
09-26 14:23:42.856   671  3143 V DownloadConstants: download url: http://111.13.109.37:81/1Q2W3E4R5T6Y7U8I9O0P1Z2X3C4V5B/down3.down33.net:8001/2013/soft1_2010/WMRoot.rar, current byte: 1291505, read byte: 1012
09-26 14:23:42.895   671  3143 V DownloadConstants: download url: http://111.13.109.37:81/1Q2W3E4R5T6Y7U8I9O0P1Z2X3C4V5B/down3.down33.net:8001/2013/soft1_2010/WMRoot.rar, current byte: 1292517, read byte: 1012
09-26 14:23:42.958   671  3143 V DownloadConstants: download url: http://111.13.109.37:81/1Q2W3E4R5T6Y7U8I9O0P1Z2X3C4V5B/down3.down33.net:8001/2013/soft1_2010/WMRoot.rar, current byte: 1293529, read byte: 1012
09-26 14:23:42.997   671  3143 V DownloadConstants: download url: http://111.13.109.37:81/1Q2W3E4R5T6Y7U8I9O0P1Z2X3C4V5B/down3.down33.net:8001/2013/soft1_2010/WMRoot.rar, current byte: 1294541, read byte: 1012
09-26 14:23:43.052   671  3132 V DownloadConstants: download url: http://111.13.109.37:81/1Q2W3E4R5T6Y7U8I9O0P1Z2X3C4V5B/down3.down33.net:8001/2013/soft1_2010/WMRoot.rar, current byte: 1303649, read byte: 1012
09-26 14:23:43.098   671  3132 V DownloadConstants: download url: http://111.13.109.37:81/1Q2W3E4R5T6Y7U8I9O0P1Z2X3C4V5B/down3.down33.net:8001/2013/soft1_2010/WMRoot.rar, current byte: 1304661, read byte: 1012
09-26 14:23:43.216   671  3132 V DownloadConstants: download url: http://111.13.109.37:81/1Q2W3E4R5T6Y7U8I9O0P1Z2X3C4V5B/down3.down33.net:8001/2013/soft1_2010/WMRoot.rar, current byte: 1305673, read byte: 1012
09-26 14:23:43.255   671  3132 V DownloadConstants: download url: http://111.13.109.37:81/1Q2W3E4R5T6Y7U8I9O0P1Z2X3C4V5B/down3.down33.net:8001/2013/soft1_2010/WMRoot.rar, current byte: 1306685, read byte: 1012
09-26 14:23:43.294   671  3132 V DownloadConstants: download url: http://111.13.109.37:81/1Q2W3E4R5T6Y7U8I9O0P1Z2X3C4V5B/down3.down33.net:8001/2013/soft1_2010/WMRoot.rar, current byte: 1307697, read byte: 1012
09-26 14:23:43.341   671  3132 V DownloadConstants: download url: http://111.13.109.37:81/1Q2W3E4R5T6Y7U8I9O0P1Z2X3C4V5B/down3.down33.net:8001/2013/soft1_2010/WMRoot.rar, current byte: 1308709, read byte: 1012
09-26 14:23:43.380   671  3132 V DownloadConstants: download url: http://111.13.109.37:81/1Q2W3E4R5T6Y7U8I9O0P1Z2X3C4V5B/down3.down33.net:8001/2013/soft1_2010/WMRoot.rar, current byte: 1309721, read byte: 1012
09-26 14:23:43.411   671   671 V DownloadService: Service ContentObserver received notification
09-26 14:23:43.411   671   671 V DownloadService: updateFromProvider
09-26 14:23:43.427   671  3191 V DownloadConstants: starting query, database is not null; projection is null; selection is null; selectionArgs is null; sort is null.
09-26 14:23:43.434   671  3132 V DownloadConstants: download url: http://111.13.109.37:81/1Q2W3E4R5T6Y7U8I9O0P1Z2X3C4V5B/down3.down33.net:8001/2013/soft1_2010/WMRoot.rar, current byte: 1310733, read byte: 1012
09-26 14:23:43.466   671  3191 V DownloadConstants: created cursor android.database.sqlite.SQLiteCursor@4152cbb8 on behalf of 671
09-26 14:23:43.473   671  3191 I DownloadService: number of rows from downloads-db: 1
09-26 14:23:43.497   671  3132 V DownloadConstants: download url: http://111.13.109.37:81/1Q2W3E4R5T6Y7U8I9O0P1Z2X3C4V5B/down3.down33.net:8001/2013/soft1_2010/WMRoot.rar, current byte: 1311745, read byte: 1012
09-26 14:23:43.512   671  3191 V DownloadService: processing updated download 1, status: 192
09-26 14:23:43.512   671  3191 V Download ApnHelper: beginDownload, type: 8, status:192
09-26 14:23:43.512   671  3191 V Download ApnHelper: beginConnectivity: enableWAP, already up
09-26 14:23:43.512   671  3191 D Download ApnHelper: tryOmaDownload
