09-26 14:21:45.200   671  3009 V DownloadConstants: download url: http://111.13.109.37:81/1Q2W3E4R5T6Y7U8I9O0P1Z2X3C4V5B/down3.down33.net:8001/2013/soft1_2010/WMRoot.rar, current byte: 31889, read byte: 1012
09-26 14:21:45.231   671  3009 V DownloadConstants: download url: http://111.13.109.37:81/1Q2W3E4R5T6Y7U8I9O0P1Z2X3C4V5B/down3.down33.net:8001/2013/soft1_2010/WMRoot.rar, current byte: 32901, read byte: 1012
09-26 14:21:45.247   671  3009 V DownloadConstants: download url: http://111.13.109.37:81/1Q2W3E4R5T6Y7U8I9O0P1Z2X3C4V5B/down3.down33.net:8001/2013/soft1_2010/WMRoot.rar, current byte: 33913, read byte: 1012
09-26 14:21:45.247   671  3009 V DownloadConstants: download url: http://111.13.109.37:81/1Q2W3E4R5T6Y7U8I9O0P1Z2X3C4V5B/down3.down33.net:8001/2013/soft1_2010/WMRoot.rar, current byte: 34925, read byte: 1012
09-26 14:21:45.302   671  3009 V DownloadConstants: download url: http://111.13.109.37:81/1Q2W3E4R5T6Y7U8I9O0P1Z2X3C4V5B/down3.down33.net:8001/2013/soft1_2010/WMRoot.rar, current byte: 35937, read byte: 1012
09-26 14:21:45.302   671  3009 V DownloadConstants: download url: http://111.13.109.37:81/1Q2W3E4R5T6Y7U8I9O0P1Z2X3C4V5B/down3.down33.net:8001/2013/soft1_2010/WMRoot.rar, current byte: 36949, read byte: 1012
09-26 14:21:45.309   671  3009 V DownloadConstants: download url: http://111.13.109.37:81/1Q2W3E4R5T6Y7U8I9O0P1Z2X3C4V5B/down3.down33.net:8001/2013/soft1_2010/WMRoot.rar, current byte: 37961, read byte: 1012
09-26 14:21:45.309   671  3009 V DownloadConstants: download url: http://111.13.109.37:81/1Q2W3E4R5T6Y7U8I9O0P1Z2X3C4V5B/down3.down33.net:8001/2013/soft1_2010/WMRoot.rar, current byte: 38973, read byte: 1012
09-26 14:21:45.325   671  3009 V DownloadConstants: download url: http://111.13.109.37:81/1Q2W3E4R5T6Y7U8I9O0P1Z2X3C4V5B/down3.down33.net:8001/2013/soft1_2010/WMRoot.rar, current byte: 39985, read byte: 1012
09-26 14:21:45.333   671  3009 V DownloadConstants: download url: http://111.13.109.37:81/1Q2W3E4R5T6Y7U8I9O0P1Z2X3C4V5B/down3.down33.net:8001/2013/soft1_2010/WMRoot.rar, current byte: 40997, read byte: 1012
09-26 14:21:45.333   671  3009 V DownloadConstants: download url: http://111.13.109.37:81/1Q2W3E4R5T6Y7U8I9O0P1Z2X3C4V5B/down3.down33.net:8001/2013/soft1_2010/WMRoot.rar, current byte: 42009, read byte: 1012
09-26 14:21:45.341   671  3009 V DownloadConstants: download url: http://111.13.109.37:81/1Q2W3E4R5T6Y7U8I9O0P1Z2X3C4V5B/down3.down33.net:8001/2013/soft1_2010/WMRoot.rar, current byte: 43021, read byte: 1012
09-26 14:21:45.380   671  3009 V DownloadConstants: download url: http://111.13.109.37:81/1Q2W3E4R5T6Y7U8I9O0P1Z2X3C4V5B/down3.down33.net:8001/2013/soft1_2010/WMRoot.rar, current byte: 44033, read byte: 1012
09-26 14:21:45.403   671  3009 V DownloadConstants: download url: http://111.13.109.37:81/1Q2W3E4R5T6Y7U8I9O0P1Z2X3C4V5B/down3.down33.net:8001/2013/soft1_2010/WMRoot.rar, current byte: 45045, read byte: 1012
09-26 14:21:45.403   671  3009 V DownloadConstants: download url: http://111.13.109.37:81/1Q2W3E4R5T6Y7U8I9O0P1Z2X3C4V5B/down3.down33.net:8001/2013/soft1_2010/WMRoot.rar, current byte: 46057, read byte: 1012
09-26 14:21:45.489   671  3009 V DownloadConstants: download url: http://111.13.109.37:81/1Q2W3E4R5T6Y7U8I9O0P1Z2X3C4V5B/down3.down33.net:8001/2013/soft1_2010/WMRoot.rar, current byte: 47069, read byte: 1012
09-26 14:21:45.505   671  3009 V DownloadConstants: download url: http://111.13.109.37:81/1Q2W3E4R5T6Y7U8I9O0P1Z2X3C4V5B/down3.down33.net:8001/2013/soft1_2010/WMRoot.rar, current byte: 48081, read byte: 2024
09-26 14:21:45.512   671  3009 V DownloadConstants: download url: http://111.13.109.37:81/1Q2W3E4R5T6Y7U8I9O0P1Z2X3C4V5B/down3.down33.net:8001/2013/soft1_2010/WMRoot.rar, current byte: 50105, read byte: 1012
09-26 14:21:45.520   671  3009 V DownloadConstants: download url: http://111.13.109.37:81/1Q2W3E4R5T6Y7U8I9O0P1Z2X3C4V5B/down3.down33.net:8001/2013/soft1_2010/WMRoot.rar, current byte: 51117, read byte: 1012
09-26 14:21:45.552   671  3009 V DownloadConstants: download url: http://111.13.109.37:81/1Q2W3E4R5T6Y7U8I9O0P1Z2X3C4V5B/down3.down33.net:8001/2013/soft1_2010/WMRoot.rar, current byte: 52129, read byte: 1012
09-26 14:21:45.559   671  3009 V DownloadConstants: download url: http://111.13.109.37:81/1Q2W3E4R5T6Y7U8I9O0P1Z2X3C4V5B/down3.down33.net:8001/2013/soft1_2010/WMRoot.rar, current byte: 53141, read byte: 1012
09-26 14:21:45.567   671  3009 V DownloadConstants: download url: http://111.13.109.37:81/1Q2W3E4R5T6Y7U8I9O0P1Z2X3C4V5B/down3.down33.net:8001/2013/soft1_2010/WMRoot.rar, current byte: 54153, read byte: 1012
09-26 14:21:45.575   671  3009 V DownloadConstants: download url: http://111.13.109.37:81/1Q2W3E4R5T6Y7U8I9O0P1Z2X3C4V5B/down3.down33.net:8001/2013/soft1_2010/WMRoot.rar, current byte: 55165, read byte: 1012
09-26 14:21:45.583   671  3009 V DownloadConstants: download url: http://111.13.109.37:81/1Q2W3E4R5T6Y7U8I9O0P1Z2X3C4V5B/down3.down33.net:8001/2013/soft1_2010/WMRoot.rar, current byte: 56177, read byte: 1012
09-26 14:21:45.591   671  3009 V DownloadConstants: download url: http://111.13.109.37:81/1Q2W3E4R5T6Y7U8I9O0P1Z2X3C4V5B/down3.down33.net:8001/2013/soft1_2010/WMRoot.rar, current byte: 57189, read byte: 1012
09-26 14:21:45.591   671  3009 V DownloadConstants: download url: http://111.13.109.37:81/1Q2W3E4R5T6Y7U8I9O0P1Z2X3C4V5B/down3.down33.net:8001/2013/soft1_2010/WMRoot.rar, current byte: 58201, read byte: 1012
09-26 14:21:45.661   671  3009 V DownloadConstants: download url: http://111.13.109.37:81/1Q2W3E4R5T6Y7U8I9O0P1Z2X3C4V5B/down3.down33.net:8001/2013/soft1_2010/WMRoot.rar, current byte: 59213, read byte: 1012
09-26 14:21:45.669   671  3009 V DownloadConstants: download url: http://111.13.109.37:81/1Q2W3E4R5T6Y7U8I9O0P1Z2X3C4V5B/down3.down33.net:8001/2013/soft1_2010/WMRoot.rar, current byte: 60225, read byte: 2024
09-26 14:21:45.708   671  3009 V DownloadConstants: download url: http://111.13.109.37:81/1Q2W3E4R5T6Y7U8I9O0P1Z2X3C4V5B/down3.down33.net:8001/2013/soft1_2010/WMRoot.rar, current byte: 62249, read byte: 1012
09-26 14:21:45.708   671  3009 V DownloadConstants: download url: http://111.13.109.37:81/1Q2W3E4R5T6Y7U8I9O0P1Z2X3C4V5B/down3.down33.net:8001/2013/soft1_2010/WMRoot.rar, current byte: 63261, read byte: 2024
09-26 14:21:45.716   671  3009 V DownloadConstants: download url: http://111.13.109.37:81/1Q2W3E4R5T6Y7U8I9O0P1Z2X3C4V5B/down3.down33.net:8001/2013/soft1_2010/WMRoot.rar, current byte: 65285, read byte: 1012
09-26 14:21:45.723   671  3009 V DownloadConstants: download url: http://111.13.109.37:81/1Q2W3E4R5T6Y7U8I9O0P1Z2X3C4V5B/down3.down33.net:8001/2013/soft1_2010/WMRoot.rar, current byte: 66297, read byte: 1012
09-26 14:21:45.731   671  3009 V DownloadConstants: download url: http://111.13.109.37:81/1Q2W3E4R5T6Y7U8I9O0P1Z2X3C4V5B/down3.down33.net:8001/2013/soft1_2010/WMRoot.rar, current byte: 67309, read byte: 1012
09-26 14:21:45.731   671  3009 V DownloadConstants: download url: http://111.13.109.37:81/1Q2W3E4R5T6Y7U8I9O0P1Z2X3C4V5B/down3.down33.net:8001/2013/soft1_2010/WMRoot.rar, current byte: 68321, read byte: 1012
09-26 14:21:45.739   671  3009 V DownloadConstants: download url: http://111.13.109.37:81/1Q2W3E4R5T6Y7U8I9O0P1Z2X3C4V5B/down3.down33.net:8001/2013/soft1_2010/WMRoot.rar, current byte: 69333, read byte: 1012
09-26 14:21:45.747   671  3009 V DownloadConstants: download url: http://111.13.109.37:81/1Q2W3E4R5T6Y7U8I9O0P1Z2X3C4V5B/down3.down33.net:8001/2013/soft1_2010/WMRoot.rar, current byte: 70345, read byte: 1012
09-26 14:21:45.786   129   129 E BufferQueue: [com.android.providers.downloads.ui/com.android.providers.downloads.ui.DownloadList] dequeueBuffer: min undequeued buffer count (1) exceeded (dequeued=2 undequeudCount=0)
09-26 14:21:45.786   129   285 E BufferQueue: [com.android.providers.downloads.ui/com.android.providers.downloads.ui.DownloadList] dequeueBuffer: min undequeued buffer count (1) exceeded (dequeued=2 undequeudCount=0)
09-26 14:21:45.802   671  3009 V DownloadConstants: download url: http://111.13.109.37:81/1Q2W3E4R5T6Y7U8I9O0P1Z2X3C4V5B/down3.down33.net:8001/2013/soft1_2010/WMRoot.rar, current byte: 71357, read byte: 3036
09-26 14:21:45.817   671  3009 V DownloadConstants: download url: http://111.13.109.37:81/1Q2W3E4R5T6Y7U8I9O0P1Z2X3C4V5B/down3.down33.net:8001/2013/soft1_2010/WMRoot.rar, current byte: 74393, read byte: 2024
09-26 14:21:45.841   671  3009 V DownloadConstants: download url: http://111.13.109.37:81/1Q2W3E4R5T6Y7U8I9O0P1Z2X3C4V5B/down3.down33.net:8001/2013/soft1_2010/WMRoot.rar, current byte: 76417, read byte: 2024
09-26 14:21:45.864   671  3009 V DownloadConstants: download url: http://111.13.109.37:81/1Q2W3E4R5T6Y7U8I9O0P1Z2X3C4V5B/down3.down33.net:8001/2013/soft1_2010/WMRoot.rar, current byte: 78441, read byte: 3036
09-26 14:21:45.872   671  3009 V DownloadConstants: download url: http://111.13.109.37:81/1Q2W3E4R5T6Y7U8I9O0P1Z2X3C4V5B/down3.down33.net:8001/2013/soft1_2010/WMRoot.rar, current byte: 81477, read byte: 1012
09-26 14:21:45.880   671  3009 V DownloadConstants: download url: http://111.13.109.37:81/1Q2W3E4R5T6Y7U8I9O0P1Z2X3C4V5B/down3.down33.net:8001/2013/soft1_2010/WMRoot.rar, current byte: 82489, read byte: 1012
09-26 14:21:45.880   671  3009 V DownloadConstants: download url: http://111.13.109.37:81/1Q2W3E4R5T6Y7U8I9O0P1Z2X3C4V5B/down3.down33.net:8001/2013/soft1_2010/WMRoot.rar, current byte: 83501, read byte: 1012
09-26 14:21:45.887   671  3009 V DownloadConstants: download url: http://111.13.109.37:81/1Q2W3E4R5T6Y7U8I9O0P1Z2X3C4V5B/down3.down33.net:8001/2013/soft1_2010/WMRoot.rar, current byte: 84513, read byte: 1012
09-26 14:21:45.903   671  3009 V DownloadConstants: download url: http://111.13.109.37:81/1Q2W3E4R5T6Y7U8I9O0P1Z2X3C4V5B/down3.down33.net:8001/2013/soft1_2010/WMRoot.rar, current byte: 85525, read byte: 1012
09-26 14:21:45.911   671  3009 V DownloadConstants: download url: http://111.13.109.37:81/1Q2W3E4R5T6Y7U8I9O0P1Z2X3C4V5B/down3.down33.net:8001/2013/soft1_2010/WMRoot.rar, current byte: 86537, read byte: 1012
09-26 14:21:45.927   671  3009 V DownloadConstants: download url: http://111.13.109.37:81/1Q2W3E4R5T6Y7U8I9O0P1Z2X3C4V5B/down3.down33.net:8001/2013/soft1_2010/WMRoot.rar, current byte: 87549, read byte: 1012
09-26 14:21:45.966   671  3009 V DownloadConstants: download url: http://111.13.109.37:81/1Q2W3E4R5T6Y7U8I9O0P1Z2X3C4V5B/down3.down33.net:8001/2013/soft1_2010/WMRoot.rar, current byte: 88561, read byte: 2024
09-26 14:21:45.973   671  3009 V DownloadConstants: download url: http://111.13.109.37:81/1Q2W3E4R5T6Y7U8I9O0P1Z2X3C4V5B/down3.down33.net:8001/2013/soft1_2010/WMRoot.rar, current byte: 90585, read byte: 1012
09-26 14:21:45.989   671  3009 V DownloadConstants: download url: http://111.13.109.37:81/1Q2W3E4R5T6Y7U8I9O0P1Z2X3C4V5B/down3.down33.net:8001/2013/soft1_2010/WMRoot.rar, current byte: 91597, read byte: 1012
09-26 14:21:45.997   671  3009 V DownloadConstants: download url: http://111.13.109.37:81/1Q2W3E4R5T6Y7U8I9O0P1Z2X3C4V5B/down3.down33.net:8001/2013/soft1_2010/WMRoot.rar, current byte: 92609, read byte: 1012
09-26 14:21:45.997   671   671 V DownloadService: Service ContentObserver received notification
09-26 14:21:45.997   671   671 V DownloadService: updateFromProvider
09-26 14:21:45.997   671  3015 V DownloadConstants: starting query, database is not null; projection is null; selection is null; selectionArgs is null; sort is null.
09-26 14:21:46.005   671  3009 V DownloadConstants: download url: http://111.13.109.37:81/1Q2W3E4R5T6Y7U8I9O0P1Z2X3C4V5B/down3.down33.net:8001/2013/soft1_2010/WMRoot.rar, current byte: 93621, read byte: 1012
09-26 14:21:46.005   671  3015 V DownloadConstants: created cursor android.database.sqlite.SQLiteCursor@414ad1e0 on behalf of 671
09-26 14:21:46.012   671  3009 V DownloadConstants: download url: http://111.13.109.37:81/1Q2W3E4R5T6Y7U8I9O0P1Z2X3C4V5B/down3.down33.net:8001/2013/soft1_2010/WMRoot.rar, current byte: 94633, read byte: 1012
09-26 14:21:46.012   671  3015 I DownloadService: number of rows from downloads-db: 1
09-26 14:21:46.012   671  3015 V DownloadService: processing updated download 1, status: 192
09-26 14:21:46.012   671  3015 V Download ApnHelper: beginDownload, type: 8, status:192
09-26 14:21:46.012   671  3015 V Download ApnHelper: beginConnectivity: enableWAP, already up
09-26 14:21:46.012   671  3009 V DownloadConstants: download url: http://111.13.109.37:81/1Q2W3E4R5T6Y7U8I9O0P1Z2X3C4V5B/down3.down33.net:8001/2013/soft1_2010/WMRoot.rar, current byte: 95645, read byte: 1012
09-26 14:21:46.012   671  3015 D Download ApnHelper: tryOmaDownload
09-26 14:21:46.020   671  3015 I DownloadInfo: isReadyToStart: DownloadInfo{mId=1, mUri='http://111.13.109.37:81/1Q2W3E4R5T6Y7U8I9O0P1Z2X3C4V5B/down3.down33.net:8001/2013/soft1_2010/WMRoot.rar', mNoIntegrity=false, mHint='file:///storage/sdcard0/Download/Others/WMRoot.rar', mFileName='/storage/sdcard0/Download/Others/WMRoot.rar', mMimeType='application/rar', mDestination=4, mVisibility=1, mControl=0, mStatus=192, mNumFailed=0, mRetryAfter=0, mLastMod=1380176498166, mPackage='com.android.browser', mClass='null', mExtras='null', mCookies='null', mUserAgent='null', mReferer='null', mTotalBytes=19050082, mCurrentBytes=88561, mETag='"b2b487077bace1:d50"', mUid=10005, mMediaScanned=0, mDeleted=false, mMediaProviderUri='null', mIsPublicApi=true, mAllowedNetworkTypes=8, mAllowRoaming=true, mAllowMetered=true, mTitle='WMRoot.rar', mDescription='111.13.109.37', mBypassRecommendedSizeLimit=0, mFuzz=870, mRequestHeaders=[android.util.Pair@9f0ffd08, android.util.Pair@362d9a0c, android.util.Pair@af400a64], mSystemFacade=com.android.providers.downloads.RealSystemFacade@414a3568, mContext=com.android.providers.downloads.DownloadService@414ab6e0}
09-26 14:21:46.044   671  3009 V DownloadConstants: download url: http://111.13.109.37:81/1Q2W3E4R5T6Y7U8I9O0P1Z2X3C4V5B/down3.down33.net:8001/2013/soft1_2010/WMRoot.rar, current byte: 96657, read byte: 1012
09-26 14:21:46.044   671  3009 V DownloadConstants: download url: http://111.13.109.37:81/1Q2W3E4R5T6Y7U8I9O0P1Z2X3C4V5B/down3.down33.net:8001/2013/soft1_2010/WMRoot.rar, current byte: 97669, read byte: 1012
09-26 14:21:46.052   671  3009 V DownloadConstants: download url: http://111.13.109.37:81/1Q2W3E4R5T6Y7U8I9O0P1Z2X3C4V5B/down3.down33.net:8001/2013/soft1_2010/WMRoot.rar, current byte: 98681, read byte: 1012
09-26 14:21:46.075   671  3009 V DownloadConstants: download url: http://111.13.109.37:81/1Q2W3E4R5T6Y7U8I9O0P1Z2X3C4V5B/down3.down33.net:8001/2013/soft1_2010/WMRoot.rar, current byte: 99693, read byte: 3036
09-26 14:21:46.075   671  3009 V DownloadConstants: download url: http://111.13.109.37:81/1Q2W3E4R5T6Y7U8I9O0P1Z2X3C4V5B/down3.down33.net:8001/2013/soft1_2010/WMRoot.rar, current byte: 102729, read byte: 1012
09-26 14:21:46.083   671  3009 V DownloadConstants: download url: http://111.13.109.37:81/1Q2W3E4R5T6Y7U8I9O0P1Z2X3C4V5B/down3.down33.net:8001/2013/soft1_2010/WMRoot.rar, current byte: 103741, read byte: 1012
09-26 14:21:46.083   671  3009 V DownloadConstants: download url: http://111.13.109.37:81/1Q2W3E4R5T6Y7U8I9O0P1Z2X3C4V5B/down3.down33.net:8001/2013/soft1_2010/WMRoot.rar, current byte: 104753, read byte: 1012
09-26 14:21:46.122   671  3009 V DownloadConstants: download url: http://111.13.109.37:81/1Q2W3E4R5T6Y7U8I9O0P1Z2X3C4V5B/down3.down33.net:8001/2013/soft1_2010/WMRoot.rar, current byte: 105765, read byte: 1012
09-26 14:21:46.130   671  3009 V DownloadConstants: download url: http://111.13.109.37:81/1Q2W3E4R5T6Y7U8I9O0P1Z2X3C4V5B/down3.down33.net:8001/2013/soft1_2010/WMRoot.rar, current byte: 106777, read byte: 1012
09-26 14:21:46.145   671  3009 V DownloadConstants: download url: http://111.13.109.37:81/1Q2W3E4R5T6Y7U8I9O0P1Z2X3C4V5B/down3.down33.net:8001/2013/soft1_2010/WMRoot.rar, current byte: 107789, read byte: 1012
09-26 14:21:46.153   671  3009 V DownloadConstants: download url: http://111.13.109.37:81/1Q2W3E4R5T6Y7U8I9O0P1Z2X3C4V5B/down3.down33.net:8001/2013/soft1_2010/WMRoot.rar, current byte: 108801, read byte: 1012
09-26 14:21:46.161   671  3009 V DownloadConstants: download url: http://111.13.109.37:81/1Q2W3E4R5T6Y7U8I9O0P1Z2X3C4V5B/down3.down33.net:8001/2013/soft1_2010/WMRoot.rar, current byte: 109813, read byte: 1012
09-26 14:21:46.177   671  3009 V DownloadConstants: download url: http://111.13.109.37:81/1Q2W3E4R5T6Y7U8I9O0P1Z2X3C4V5B/down3.down33.net:8001/2013/soft1_2010/WMRoot.rar, current byte: 110825, read byte: 1012
09-26 14:21:46.184   671  3009 V DownloadConstants: download url: http://111.13.109.37:81/1Q2W3E4R5T6Y7U8I9O0P1Z2X3C4V5B/down3.down33.net:8001/2013/soft1_2010/WMRoot.rar, current byte: 111837, read byte: 1012
09-26 14:21:46.216   671  3009 V DownloadConstants: download url: http://111.13.109.37:81/1Q2W3E4R5T6Y7U8I9O0P1Z2X3C4V5B/down3.down33.net:8001/2013/soft1_2010/WMRoot.rar, current byte: 112849, read byte: 2024
09-26 14:21:46.216   671  3009 V DownloadConstants: download url: http://111.13.109.37:81/1Q2W3E4R5T6Y7U8I9O0P1Z2X3C4V5B/down3.down33.net:8001/2013/soft1_2010/WMRoot.rar, current byte: 114873, read byte: 1012
09-26 14:21:46.223   671  3009 V DownloadConstants: download url: http://111.13.109.37:81/1Q2W3E4R5T6Y7U8I9O0P1Z2X3C4V5B/down3.down33.net:8001/2013/soft1_2010/WMRoot.rar, current byte: 115885, read byte: 1012
09-26 14:21:46.231   671  3009 V DownloadConstants: download url: http://111.13.109.37:81/1Q2W3E4R5T6Y7U8I9O0P1Z2X3C4V5B/down3.down33.net:8001/2013/soft1_2010/WMRoot.rar, current byte: 116897, read byte: 1012
09-26 14:21:46.239   671  3009 V DownloadConstants: download url: http://111.13.109.37:81/1Q2W3E4R5T6Y7U8I9O0P1Z2X3C4V5B/down3.down33.net:8001/2013/soft1_2010/WMRoot.rar, current byte: 117909, read byte: 1012
09-26 14:21:46.247   671  3009 V DownloadConstants: download url: http://111.13.109.37:81/1Q2W3E4R5T6Y7U8I9O0P1Z2X3C4V5B/down3.down33.net:8001/2013/soft1_2010/WMRoot.rar, current byte: 118921, read byte: 1012
09-26 14:21:46.247   671  3009 V DownloadConstants: download url: http://111.13.109.37:81/1Q2W3E4R5T6Y7U8I9O0P1Z2X3C4V5B/down3.down33.net:8001/2013/soft1_2010/WMRoot.rar, current byte: 119933, read byte: 1012
09-26 14:21:46.255   671  3009 V DownloadConstants: download url: http://111.13.109.37:81/1Q2W3E4R5T6Y7U8I9O0P1Z2X3C4V5B/down3.down33.net:8001/2013/soft1_2010/WMRoot.rar, current byte: 120945, read byte: 1012
09-26 14:21:46.262   671  3009 V DownloadConstants: download url: http://111.13.109.37:81/1Q2W3E4R5T6Y7U8I9O0P1Z2X3C4V5B/down3.down33.net:8001/2013/soft1_2010/WMRoot.rar, current byte: 121957, read byte: 1012
09-26 14:21:46.262   671  3009 V DownloadConstants: download url: http://111.13.109.37:81/1Q2W3E4R5T6Y7U8I9O0P1Z2X3C4V5B/down3.down33.net:8001/2013/soft1_2010/WMRoot.rar, current byte: 122969, read byte: 1012
09-26 14:21:46.270   671  3009 V DownloadConstants: download url: http://111.13.109.37:81/1Q2W3E4R5T6Y7U8I9O0P1Z2X3C4V5B/down3.down33.net:8001/2013/soft1_2010/WMRoot.rar, current byte: 123981, read byte: 1012
09-26 14:21:46.286   671  3009 V DownloadConstants: download url: http://111.13.109.37:81/1Q2W3E4R5T6Y7U8I9O0P1Z2X3C4V5B/down3.down33.net:8001/2013/soft1_2010/WMRoot.rar, current byte: 124993, read byte: 1012
09-26 14:21:46.286   671  3009 V DownloadConstants: download url: http://111.13.109.37:81/1Q2W3E4R5T6Y7U8I9O0P1Z2X3C4V5B/down3.down33.net:8001/2013/soft1_2010/WMRoot.rar, current byte: 126005, read byte: 1012
09-26 14:21:46.294   671  3009 V DownloadConstants: download url: http://111.13.109.37:81/1Q2W3E4R5T6Y7U8I9O0P1Z2X3C4V5B/down3.down33.net:8001/2013/soft1_2010/WMRoot.rar, current byte: 127017, read byte: 1012
09-26 14:21:46.302   671  3009 V DownloadConstants: download url: http://111.13.109.37:81/1Q2W3E4R5T6Y7U8I9O0P1Z2X3C4V5B/down3.down33.net:8001/2013/soft1_2010/WMRoot.rar, current byte: 128029, read byte: 1012
09-26 14:21:46.302   671  3009 V DownloadConstants: download url: http://111.13.109.37:81/1Q2W3E4R5T6Y7U8I9O0P1Z2X3C4V5B/down3.down33.net:8001/2013/soft1_2010/WMRoot.rar, current byte: 129041, read byte: 1012
09-26 14:21:46.333   671  3009 V DownloadConstants: download url: http://111.13.109.37:81/1Q2W3E4R5T6Y7U8I9O0P1Z2X3C4V5B/down3.down33.net:8001/2013/soft1_2010/WMRoot.rar, current byte: 130053, read byte: 1012
09-26 14:21:46.333   671  3009 V DownloadConstants: download url: http://111.13.109.37:81/1Q2W3E4R5T6Y7U8I9O0P1Z2X3C4V5B/down3.down33.net:8001/2013/soft1_2010/WMRoot.rar, current byte: 131065, read byte: 1012
09-26 14:21:46.364   671  3009 V DownloadConstants: download url: http://111.13.109.37:81/1Q2W3E4R5T6Y7U8I9O0P1Z2X3C4V5B/down3.down33.net:8001/2013/soft1_2010/WMRoot.rar, current byte: 132077, read byte: 1012
09-26 14:21:46.364   671  3009 V DownloadConstants: download url: http://111.13.109.37:81/1Q2W3E4R5T6Y7U8I9O0P1Z2X3C4V5B/down3.down33.net:8001/2013/soft1_2010/WMRoot.rar, current byte: 133089, read byte: 1012
09-26 14:21:46.372   671  3009 V DownloadConstants: download url: http://111.13.109.37:81/1Q2W3E4R5T6Y7U8I9O0P1Z2X3C4V5B/down3.down33.net:8001/2013/soft1_2010/WMRoot.rar, current byte: 134101, read byte: 1012
09-26 14:21:46.380   671  3009 V DownloadConstants: download url: http://111.13.109.37:81/1Q2W3E4R5T6Y7U8I9O0P1Z2X3C4V5B/down3.down33.net:8001/2013/soft1_2010/WMRoot.rar, current byte: 135113, read byte: 1012
09-26 14:21:46.387   671  3009 V DownloadConstants: download url: http://111.13.109.37:81/1Q2W3E4R5T6Y7U8I9O0P1Z2X3C4V5B/down3.down33.net:8001/2013/soft1_2010/WMRoot.rar, current byte: 136125, read byte: 1012
09-26 14:21:46.387   671  3009 V DownloadConstants: download url: http://111.13.109.37:81/1Q2W3E4R5T6Y7U8I9O0P1Z2X3C4V5B/down3.down33.net:8001/2013/soft1_2010/WMRoot.rar, current byte: 137137, read byte: 1012
09-26 14:21:46.395   671  3009 V DownloadConstants: download url: http://111.13.109.37:81/1Q2W3E4R5T6Y7U8I9O0P1Z2X3C4V5B/down3.down33.net:8001/2013/soft1_2010/WMRoot.rar, current byte: 138149, read byte: 1012
09-26 14:21:46.403   671  3009 V DownloadConstants: download url: http://111.13.109.37:81/1Q2W3E4R5T6Y7U8I9O0P1Z2X3C4V5B/down3.down33.net:8001/2013/soft1_2010/WMRoot.rar, current byte: 139161, read byte: 1012
09-26 14:21:46.411   671  3009 V DownloadConstants: download url: http://111.13.109.37:81/1Q2W3E4R5T6Y7U8I9O0P1Z2X3C4V5B/down3.down33.net:8001/2013/soft1_2010/WMRoot.rar, current byte: 140173, read byte: 1012
09-26 14:21:46.419   671  3009 V DownloadConstants: download url: http://111.13.109.37:81/1Q2W3E4R5T6Y7U8I9O0P1Z2X3C4V5B/down3.down33.net:8001/2013/soft1_2010/WMRoot.rar, current byte: 141185, read byte: 1012
09-26 14:21:46.419   671  3009 V DownloadConstants: download url: http://111.13.109.37:81/1Q2W3E4R5T6Y7U8I9O0P1Z2X3C4V5B/down3.down33.net:8001/2013/soft1_2010/WMRoot.rar, current byte: 142197, read byte: 1012
09-26 14:21:46.427   671  3009 V DownloadConstants: download url: http://111.13.109.37:81/1Q2W3E4R5T6Y7U8I9O0P1Z2X3C4V5B/down3.down33.net:8001/2013/soft1_2010/WMRoot.rar, current byte: 143209, read byte: 1012
09-26 14:21:46.427   671  3009 V DownloadConstants: download url: http://111.13.109.37:81/1Q2W3E4R5T6Y7U8I9O0P1Z2X3C4V5B/down3.down33.net:8001/2013/soft1_2010/WMRoot.rar, current byte: 144221, read byte: 1012
09-26 14:21:46.434   671  3009 V DownloadConstants: download url: http://111.13.109.37:81/1Q2W3E4R5T6Y7U8I9O0P1Z2X3C4V5B/down3.down33.net:8001/2013/soft1_2010/WMRoot.rar, current byte: 145233, read byte: 1012
09-26 14:21:46.442   671  3009 V DownloadConstants: download url: http://111.13.109.37:81/1Q2W3E4R5T6Y7U8I9O0P1Z2X3C4V5B/down3.down33.net:8001/2013/soft1_2010/WMRoot.rar, current byte: 146245, read byte: 1012
09-26 14:21:46.458   671  3009 V DownloadConstants: download url: http://111.13.109.37:81/1Q2W3E4R5T6Y7U8I9O0P1Z2X3C4V5B/down3.down33.net:8001/2013/soft1_2010/WMRoot.rar, current byte: 147257, read byte: 1012
09-26 14:21:46.458   671  3009 V DownloadConstants: download url: http://111.13.109.37:81/1Q2W3E4R5T6Y7U8I9O0P1Z2X3C4V5B/down3.down33.net:8001/2013/soft1_2010/WMRoot.rar, current byte: 148269, read byte: 1012
09-26 14:21:46.466   671  3009 V DownloadConstants: download url: http://111.13.109.37:81/1Q2W3E4R5T6Y7U8I9O0P1Z2X3C4V5B/down3.down33.net:8001/2013/soft1_2010/WMRoot.rar, current byte: 149281, read byte: 1012
09-26 14:21:46.466   671  3009 V DownloadConstants: download url: http://111.13.109.37:81/1Q2W3E4R5T6Y7U8I9O0P1Z2X3C4V5B/down3.down33.net:8001/2013/soft1_2010/WMRoot.rar, current byte: 150293, read byte: 1012
09-26 14:21:46.473   671  3009 V DownloadConstants: download url: http://111.13.109.37:81/1Q2W3E4R5T6Y7U8I9O0P1Z2X3C4V5B/down3.down33.net:8001/2013/soft1_2010/WMRoot.rar, current byte: 151305, read byte: 1012
09-26 14:21:46.481   671  3009 V DownloadConstants: download url: http://111.13.109.37:81/1Q2W3E4R5T6Y7U8I9O0P1Z2X3C4V5B/down3.down33.net:8001/2013/soft1_2010/WMRoot.rar, current byte: 152317, read byte: 1012
09-26 14:21:46.481   671  3009 V DownloadConstants: download url: http://111.13.109.37:81/1Q2W3E4R5T6Y7U8I9O0P1Z2X3C4V5B/down3.down33.net:8001/2013/soft1_2010/WMRoot.rar, current byte: 153329, read byte: 1012
09-26 14:21:46.536   671  3009 V DownloadConstants: download url: http://111.13.109.37:81/1Q2W3E4R5T6Y7U8I9O0P1Z2X3C4V5B/down3.down33.net:8001/2013/soft1_2010/WMRoot.rar, current byte: 154341, read byte: 3036
09-26 14:21:46.536   671  3009 V DownloadConstants: download url: http://111.13.109.37:81/1Q2W3E4R5T6Y7U8I9O0P1Z2X3C4V5B/down3.down33.net:8001/2013/soft1_2010/WMRoot.rar, current byte: 157377, read byte: 1012
09-26 14:21:46.544   671  3009 V DownloadConstants: download url: http://111.13.109.37:81/1Q2W3E4R5T6Y7U8I9O0P1Z2X3C4V5B/down3.down33.net:8001/2013/soft1_2010/WMRoot.rar, current byte: 158389, read byte: 1012
09-26 14:21:46.552   671  3009 V DownloadConstants: download url: http://111.13.109.37:81/1Q2W3E4R5T6Y7U8I9O0P1Z2X3C4V5B/down3.down33.net:8001/2013/soft1_2010/WMRoot.rar, current byte: 159401, read byte: 1012
09-26 14:21:46.567   671  3009 V DownloadConstants: download url: http://111.13.109.37:81/1Q2W3E4R5T6Y7U8I9O0P1Z2X3C4V5B/down3.down33.net:8001/2013/soft1_2010/WMRoot.rar, current byte: 160413, read byte: 1012
09-26 14:21:46.598   671  3009 V DownloadConstants: download url: http://111.13.109.37:81/1Q2W3E4R5T6Y7U8I9O0P1Z2X3C4V5B/down3.down33.net:8001/2013/soft1_2010/WMRoot.rar, current byte: 161425, read byte: 1012
09-26 14:21:46.833   671  3009 V DownloadConstants: download url: http://111.13.109.37:81/1Q2W3E4R5T6Y7U8I9O0P1Z2X3C4V5B/down3.down33.net:8001/2013/soft1_2010/WMRoot.rar, current byte: 162437, read byte: 4096
09-26 14:21:46.841   671  3009 V DownloadConstants: download url: http://111.13.109.37:81/1Q2W3E4R5T6Y7U8I9O0P1Z2X3C4V5B/down3.down33.net:8001/2013/soft1_2010/WMRoot.rar, current byte: 166533, read byte: 4096
09-26 14:21:46.841   671  3009 V DownloadConstants: download url: http://111.13.109.37:81/1Q2W3E4R5T6Y7U8I9O0P1Z2X3C4V5B/down3.down33.net:8001/2013/soft1_2010/WMRoot.rar, current byte: 170629, read byte: 4096
09-26 14:21:46.841   671  3009 V DownloadConstants: download url: http://111.13.109.37:81/1Q2W3E4R5T6Y7U8I9O0P1Z2X3C4V5B/down3.down33.net:8001/2013/soft1_2010/WMRoot.rar, current byte: 174725, read byte: 4096
09-26 14:21:46.841   671  3009 V DownloadConstants: download url: http://111.13.109.37:81/1Q2W3E4R5T6Y7U8I9O0P1Z2X3C4V5B/down3.down33.net:8001/2013/soft1_2010/WMRoot.rar, current byte: 178821, read byte: 4096
09-26 14:21:46.841   671  3009 V DownloadConstants: download url: http://111.13.109.37:81/1Q2W3E4R5T6Y7U8I9O0P1Z2X3C4V5B/down3.down33.net:8001/2013/soft1_2010/WMRoot.rar, current byte: 182917, read byte: 4096
09-26 14:21:46.848   671  3009 V DownloadConstants: download url: http://111.13.109.37:81/1Q2W3E4R5T6Y7U8I9O0P1Z2X3C4V5B/down3.down33.net:8001/2013/soft1_2010/WMRoot.rar, current byte: 187013, read byte: 4096
09-26 14:21:46.848   671  3009 V DownloadConstants: download url: http://111.13.109.37:81/1Q2W3E4R5T6Y7U8I9O0P1Z2X3C4V5B/down3.down33.net:8001/2013/soft1_2010/WMRoot.rar, current byte: 191109, read byte: 4096
09-26 14:21:46.848   671  3009 V DownloadConstants: download url: http://111.13.109.37:81/1Q2W3E4R5T6Y7U8I9O0P1Z2X3C4V5B/down3.down33.net:8001/2013/soft1_2010/WMRoot.rar, current byte: 195205, read byte: 4096
09-26 14:21:46.848   671  3009 V DownloadConstants: download url: http://111.13.109.37:81/1Q2W3E4R5T6Y7U8I9O0P1Z2X3C4V5B/down3.down33.net:8001/2013/soft1_2010/WMRoot.rar, current byte: 199301, read byte: 1592
09-26 14:21:46.856   671  3009 V DownloadConstants: download url: http://111.13.109.37:81/1Q2W3E4R5T6Y7U8I9O0P1Z2X3C4V5B/down3.down33.net:8001/2013/soft1_2010/WMRoot.rar, current byte: 200893, read byte: 1012
09-26 14:21:46.856   671  3009 V DownloadConstants: download url: http://111.13.109.37:81/1Q2W3E4R5T6Y7U8I9O0P1Z2X3C4V5B/down3.down33.net:8001/2013/soft1_2010/WMRoot.rar, current byte: 201905, read byte: 1012
09-26 14:21:46.864   671  3009 V DownloadConstants: download url: http://111.13.109.37:81/1Q2W3E4R5T6Y7U8I9O0P1Z2X3C4V5B/down3.down33.net:8001/2013/soft1_2010/WMRoot.rar, current byte: 202917, read byte: 1012
09-26 14:21:46.927   671  3009 V DownloadConstants: download url: http://111.13.109.37:81/1Q2W3E4R5T6Y7U8I9O0P1Z2X3C4V5B/down3.down33.net:8001/2013/soft1_2010/WMRoot.rar, current byte: 203929, read byte: 1012
09-26 14:21:46.942   671  3009 V DownloadConstants: download url: http://111.13.109.37:81/1Q2W3E4R5T6Y7U8I9O0P1Z2X3C4V5B/down3.down33.net:8001/2013/soft1_2010/WMRoot.rar, current byte: 204941, read byte: 1012
09-26 14:21:46.942   671  3009 V DownloadConstants: download url: http://111.13.109.37:81/1Q2W3E4R5T6Y7U8I9O0P1Z2X3C4V5B/down3.down33.net:8001/2013/soft1_2010/WMRoot.rar, current byte: 205953, read byte: 1012
09-26 14:21:46.958   671  3009 V DownloadConstants: download url: http://111.13.109.37:81/1Q2W3E4R5T6Y7U8I9O0P1Z2X3C4V5B/down3.down33.net:8001/2013/soft1_2010/WMRoot.rar, current byte: 206965, read byte: 1012
09-26 14:21:46.966   671  3009 V DownloadConstants: download url: http://111.13.109.37:81/1Q2W3E4R5T6Y7U8I9O0P1Z2X3C4V5B/down3.down33.net:8001/2013/soft1_2010/WMRoot.rar, current byte: 207977, read byte: 1012
09-26 14:21:46.973   671  3009 V DownloadConstants: download url: http://111.13.109.37:81/1Q2W3E4R5T6Y7U8I9O0P1Z2X3C4V5B/down3.down33.net:8001/2013/soft1_2010/WMRoot.rar, current byte: 208989, read byte: 1012
09-26 14:21:46.997   671  3009 V DownloadConstants: download url: http://111.13.109.37:81/1Q2W3E4R5T6Y7U8I9O0P1Z2X3C4V5B/down3.down33.net:8001/2013/soft1_2010/WMRoot.rar, current byte: 210001, read byte: 1012
09-26 14:21:47.005   671  3009 V DownloadConstants: download url: http://111.13.109.37:81/1Q2W3E4R5T6Y7U8I9O0P1Z2X3C4V5B/down3.down33.net:8001/2013/soft1_2010/WMRoot.rar, current byte: 211013, read byte: 1012
09-26 14:21:47.012   671  3009 V DownloadConstants: download url: http://111.13.109.37:81/1Q2W3E4R5T6Y7U8I9O0P1Z2X3C4V5B/down3.down33.net:8001/2013/soft1_2010/WMRoot.rar, current byte: 212025, read byte: 1012
09-26 14:21:47.012   671  3009 V DownloadConstants: download url: http://111.13.109.37:81/1Q2W3E4R5T6Y7U8I9O0P1Z2X3C4V5B/down3.down33.net:8001/2013/soft1_2010/WMRoot.rar, current byte: 213037, read byte: 1012
09-26 14:21:47.020   671  3009 V DownloadConstants: download url: http://111.13.109.37:81/1Q2W3E4R5T6Y7U8I9O0P1Z2X3C4V5B/down3.down33.net:8001/2013/soft1_2010/WMRoot.rar, current byte: 214049, read byte: 1012
09-26 14:21:47.028   671  3009 V DownloadConstants: download url: http://111.13.109.37:81/1Q2W3E4R5T6Y7U8I9O0P1Z2X3C4V5B/down3.down33.net:8001/2013/soft1_2010/WMRoot.rar, current byte: 215061, read byte: 1012
09-26 14:21:47.028   671  3009 V DownloadConstants: download url: http://111.13.109.37:81/1Q2W3E4R5T6Y7U8I9O0P1Z2X3C4V5B/down3.down33.net:8001/2013/soft1_2010/WMRoot.rar, current byte: 216073, read byte: 1012
09-26 14:21:47.044   671  3009 V DownloadConstants: download url: http://111.13.109.37:81/1Q2W3E4R5T6Y7U8I9O0P1Z2X3C4V5B/down3.down33.net:8001/2013/soft1_2010/WMRoot.rar, current byte: 217085, read byte: 1012
09-26 14:21:47.052   671  3009 V DownloadConstants: download url: http://111.13.109.37:81/1Q2W3E4R5T6Y7U8I9O0P1Z2X3C4V5B/down3.down33.net:8001/2013/soft1_2010/WMRoot.rar, current byte: 218097, read byte: 1012
09-26 14:21:47.067   671  3009 V DownloadConstants: download url: http://111.13.109.37:81/1Q2W3E4R5T6Y7U8I9O0P1Z2X3C4V5B/down3.down33.net:8001/2013/soft1_2010/WMRoot.rar, current byte: 219109, read byte: 1012
09-26 14:21:47.067   671  3009 V DownloadConstants: download url: http://111.13.109.37:81/1Q2W3E4R5T6Y7U8I9O0P1Z2X3C4V5B/down3.down33.net:8001/2013/soft1_2010/WMRoot.rar, current byte: 220121, read byte: 1012
09-26 14:21:47.075   671  3009 V DownloadConstants: download url: http://111.13.109.37:81/1Q2W3E4R5T6Y7U8I9O0P1Z2X3C4V5B/down3.down33.net:8001/2013/soft1_2010/WMRoot.rar, current byte: 221133, read byte: 1012
09-26 14:21:47.083   671  3009 V DownloadConstants: download url: http://111.13.109.37:81/1Q2W3E4R5T6Y7U8I9O0P1Z2X3C4V5B/down3.down33.net:8001/2013/soft1_2010/WMRoot.rar, current byte: 222145, read byte: 1012
09-26 14:21:47.091   671  3009 V DownloadConstants: download url: http://111.13.109.37:81/1Q2W3E4R5T6Y7U8I9O0P1Z2X3C4V5B/down3.down33.net:8001/2013/soft1_2010/WMRoot.rar, current byte: 223157, read byte: 1012
09-26 14:21:47.098   671  3009 V DownloadConstants: download url: http://111.13.109.37:81/1Q2W3E4R5T6Y7U8I9O0P1Z2X3C4V5B/down3.down33.net:8001/2013/soft1_2010/WMRoot.rar, current byte: 224169, read byte: 1012
09-26 14:21:47.106   671  3009 V DownloadConstants: download url: http://111.13.109.37:81/1Q2W3E4R5T6Y7U8I9O0P1Z2X3C4V5B/down3.down33.net:8001/2013/soft1_2010/WMRoot.rar, current byte: 225181, read byte: 1012
09-26 14:21:47.106   671  3009 V DownloadConstants: download url: http://111.13.109.37:81/1Q2W3E4R5T6Y7U8I9O0P1Z2X3C4V5B/down3.down33.net:8001/2013/soft1_2010/WMRoot.rar, current byte: 226193, read byte: 1012
09-26 14:21:47.130   671  3009 V DownloadConstants: download url: http://111.13.109.37:81/1Q2W3E4R5T6Y7U8I9O0P1Z2X3C4V5B/down3.down33.net:8001/2013/soft1_2010/WMRoot.rar, current byte: 227205, read byte: 1012
09-26 14:21:47.130   671  3009 V DownloadConstants: download url: http://111.13.109.37:81/1Q2W3E4R5T6Y7U8I9O0P1Z2X3C4V5B/down3.down33.net:8001/2013/soft1_2010/WMRoot.rar, current byte: 228217, read byte: 1012
09-26 14:21:47.145   671  3009 V DownloadConstants: download url: http://111.13.109.37:81/1Q2W3E4R5T6Y7U8I9O0P1Z2X3C4V5B/down3.down33.net:8001/2013/soft1_2010/WMRoot.rar, current byte: 229229, read byte: 1012
09-26 14:21:47.153   671  3009 V DownloadConstants: download url: http://111.13.109.37:81/1Q2W3E4R5T6Y7U8I9O0P1Z2X3C4V5B/down3.down33.net:8001/2013/soft1_2010/WMRoot.rar, current byte: 230241, read byte: 1012
09-26 14:21:47.153   671  3009 V DownloadConstants: download url: http://111.13.109.37:81/1Q2W3E4R5T6Y7U8I9O0P1Z2X3C4V5B/down3.down33.net:8001/2013/soft1_2010/WMRoot.rar, current byte: 231253, read byte: 1012
09-26 14:21:47.169   671  3009 V DownloadConstants: download url: http://111.13.109.37:81/1Q2W3E4R5T6Y7U8I9O0P1Z2X3C4V5B/down3.down33.net:8001/2013/soft1_2010/WMRoot.rar, current byte: 232265, read byte: 1012
09-26 14:21:47.169   671  3009 V DownloadConstants: download url: http://111.13.109.37:81/1Q2W3E4R5T6Y7U8I9O0P1Z2X3C4V5B/down3.down33.net:8001/2013/soft1_2010/WMRoot.rar, current byte: 233277, read byte: 1012
09-26 14:21:47.177   671  3009 V DownloadConstants: download url: http://111.13.109.37:81/1Q2W3E4R5T6Y7U8I9O0P1Z2X3C4V5B/down3.down33.net:8001/2013/soft1_2010/WMRoot.rar, current byte: 234289, read byte: 1012
09-26 14:21:47.177   671  3009 V DownloadConstants: download url: http://111.13.109.37:81/1Q2W3E4R5T6Y7U8I9O0P1Z2X3C4V5B/down3.down33.net:8001/2013/soft1_2010/WMRoot.rar, current byte: 235301, read byte: 1012
09-26 14:21:47.192   671  3009 V DownloadConstants: download url: http://111.13.109.37:81/1Q2W3E4R5T6Y7U8I9O0P1Z2X3C4V5B/down3.down33.net:8001/2013/soft1_2010/WMRoot.rar, current byte: 236313, read byte: 1012
09-26 14:21:47.192   671  3009 V DownloadConstants: download url: http://111.13.109.37:81/1Q2W3E4R5T6Y7U8I9O0P1Z2X3C4V5B/down3.down33.net:8001/2013/soft1_2010/WMRoot.rar, current byte: 237325, read byte: 1012
09-26 14:21:47.200   671  3009 V DownloadConstants: download url: http://111.13.109.37:81/1Q2W3E4R5T6Y7U8I9O0P1Z2X3C4V5B/down3.down33.net:8001/2013/soft1_2010/WMRoot.rar, current byte: 238337, read byte: 1012
09-26 14:21:47.208   671  3009 V DownloadConstants: download url: http://111.13.109.37:81/1Q2W3E4R5T6Y7U8I9O0P1Z2X3C4V5B/down3.down33.net:8001/2013/soft1_2010/WMRoot.rar, current byte: 239349, read byte: 1012
09-26 14:21:47.216   671  3009 V DownloadConstants: download url: http://111.13.109.37:81/1Q2W3E4R5T6Y7U8I9O0P1Z2X3C4V5B/down3.down33.net:8001/2013/soft1_2010/WMRoot.rar, current byte: 240361, read byte: 1012
09-26 14:21:47.223   671  3009 V DownloadConstants: download url: http://111.13.109.37:81/1Q2W3E4R5T6Y7U8I9O0P1Z2X3C4V5B/down3.down33.net:8001/2013/soft1_2010/WMRoot.rar, current byte: 241373, read byte: 1012
09-26 14:21:47.223   671  3009 V DownloadConstants: download url: http://111.13.109.37:81/1Q2W3E4R5T6Y7U8I9O0P1Z2X3C4V5B/down3.down33.net:8001/2013/soft1_2010/WMRoot.rar, current byte: 242385, read byte: 1012
09-26 14:21:47.231   671  3009 V DownloadConstants: download url: http://111.13.109.37:81/1Q2W3E4R5T6Y7U8I9O0P1Z2X3C4V5B/down3.down33.net:8001/2013/soft1_2010/WMRoot.rar, current byte: 243397, read byte: 1012
09-26 14:21:47.239   671  3009 V DownloadConstants: download url: http://111.13.109.37:81/1Q2W3E4R5T6Y7U8I9O0P1Z2X3C4V5B/down3.down33.net:8001/2013/soft1_2010/WMRoot.rar, current byte: 244409, read byte: 1012
09-26 14:21:47.247   671  3009 V DownloadConstants: download url: http://111.13.109.37:81/1Q2W3E4R5T6Y7U8I9O0P1Z2X3C4V5B/down3.down33.net:8001/2013/soft1_2010/WMRoot.rar, current byte: 245421, read byte: 2024
09-26 14:21:47.247   671  3009 V DownloadConstants: download url: http://111.13.109.37:81/1Q2W3E4R5T6Y7U8I9O0P1Z2X3C4V5B/down3.down33.net:8001/2013/soft1_2010/WMRoot.rar, current byte: 247445, read byte: 1012
09-26 14:21:47.255   129   285 E BufferQueue: [com.android.providers.downloads.ui/com.android.providers.downloads.ui.DownloadList] dequeueBuffer: min undequeued buffer count (1) exceeded (dequeued=2 undequeudCount=0)
09-26 14:21:47.255   129  1383 E BufferQueue: [com.android.providers.downloads.ui/com.android.providers.downloads.ui.DownloadList] dequeueBuffer: min undequeued buffer count (1) exceeded (dequeued=2 undequeudCount=0)
09-26 14:21:47.262   671  3009 V DownloadConstants: download url: http://111.13.109.37:81/1Q2W3E4R5T6Y7U8I9O0P1Z2X3C4V5B/down3.down33.net:8001/2013/soft1_2010/WMRoot.rar, current byte: 248457, read byte: 1012
09-26 14:21:47.262   671  3009 V DownloadConstants: download url: http://111.13.109.37:81/1Q2W3E4R5T6Y7U8I9O0P1Z2X3C4V5B/down3.down33.net:8001/2013/soft1_2010/WMRoot.rar, current byte: 249469, read byte: 1012
09-26 14:21:47.270   671  3009 V DownloadConstants: download url: http://111.13.109.37:81/1Q2W3E4R5T6Y7U8I9O0P1Z2X3C4V5B/down3.down33.net:8001/2013/soft1_2010/WMRoot.rar, current byte: 250481, read byte: 1012
09-26 14:21:47.278   671  3009 V DownloadConstants: download url: http://111.13.109.37:81/1Q2W3E4R5T6Y7U8I9O0P1Z2X3C4V5B/down3.down33.net:8001/2013/soft1_2010/WMRoot.rar, current byte: 251493, read byte: 1012
09-26 14:21:47.286   671  3009 V DownloadConstants: download url: http://111.13.109.37:81/1Q2W3E4R5T6Y7U8I9O0P1Z2X3C4V5B/down3.down33.net:8001/2013/soft1_2010/WMRoot.rar, current byte: 252505, read byte: 1012
09-26 14:21:47.286   671  3009 V DownloadConstants: download url: http://111.13.109.37:81/1Q2W3E4R5T6Y7U8I9O0P1Z2X3C4V5B/down3.down33.net:8001/2013/soft1_2010/WMRoot.rar, current byte: 253517, read byte: 1012
09-26 14:21:47.286   671  3009 V DownloadConstants: download url: http://111.13.109.37:81/1Q2W3E4R5T6Y7U8I9O0P1Z2X3C4V5B/down3.down33.net:8001/2013/soft1_2010/WMRoot.rar, current byte: 254529, read byte: 1012
09-26 14:21:47.294   671  3009 V DownloadConstants: download url: http://111.13.109.37:81/1Q2W3E4R5T6Y7U8I9O0P1Z2X3C4V5B/down3.down33.net:8001/2013/soft1_2010/WMRoot.rar, current byte: 255541, read byte: 1012
09-26 14:21:47.309   671  3009 V DownloadConstants: download url: http://111.13.109.37:81/1Q2W3E4R5T6Y7U8I9O0P1Z2X3C4V5B/down3.down33.net:8001/2013/soft1_2010/WMRoot.rar, current byte: 256553, read byte: 1012
09-26 14:21:47.325   671  3009 V DownloadConstants: download url: http://111.13.109.37:81/1Q2W3E4R5T6Y7U8I9O0P1Z2X3C4V5B/down3.down33.net:8001/2013/soft1_2010/WMRoot.rar, current byte: 257565, read byte: 3036
09-26 14:21:47.325   671  3009 V DownloadConstants: download url: http://111.13.109.37:81/1Q2W3E4R5T6Y7U8I9O0P1Z2X3C4V5B/down3.down33.net:8001/2013/soft1_2010/WMRoot.rar, current byte: 260601, read byte: 1012
09-26 14:21:47.333   671  3009 V DownloadConstants: download url: http://111.13.109.37:81/1Q2W3E4R5T6Y7U8I9O0P1Z2X3C4V5B/down3.down33.net:8001/2013/soft1_2010/WMRoot.rar, current byte: 261613, read byte: 1012
09-26 14:21:47.333   671  3009 V DownloadConstants: download url: http://111.13.109.37:81/1Q2W3E4R5T6Y7U8I9O0P1Z2X3C4V5B/down3.down33.net:8001/2013/soft1_2010/WMRoot.rar, current byte: 262625, read byte: 1012
09-26 14:21:47.341   671  3009 V DownloadConstants: download url: http://111.13.109.37:81/1Q2W3E4R5T6Y7U8I9O0P1Z2X3C4V5B/down3.down33.net:8001/2013/soft1_2010/WMRoot.rar, current byte: 263637, read byte: 1012
09-26 14:21:47.348   671  3009 V DownloadConstants: download url: http://111.13.109.37:81/1Q2W3E4R5T6Y7U8I9O0P1Z2X3C4V5B/down3.down33.net:8001/2013/soft1_2010/WMRoot.rar, current byte: 264649, read byte: 1012
09-26 14:21:47.356   671  3009 V DownloadConstants: download url: http://111.13.109.37:81/1Q2W3E4R5T6Y7U8I9O0P1Z2X3C4V5B/down3.down33.net:8001/2013/soft1_2010/WMRoot.rar, current byte: 265661, read byte: 1012
09-26 14:21:47.356   671  3009 V DownloadConstants: download url: http://111.13.109.37:81/1Q2W3E4R5T6Y7U8I9O0P1Z2X3C4V5B/down3.down33.net:8001/2013/soft1_2010/WMRoot.rar, current byte: 266673, read byte: 1012
09-26 14:21:47.364   671  3009 V DownloadConstants: download url: http://111.13.109.37:81/1Q2W3E4R5T6Y7U8I9O0P1Z2X3C4V5B/down3.down33.net:8001/2013/soft1_2010/WMRoot.rar, current byte: 267685, read byte: 1012
09-26 14:21:47.395   671  3009 V DownloadConstants: download url: http://111.13.109.37:81/1Q2W3E4R5T6Y7U8I9O0P1Z2X3C4V5B/down3.down33.net:8001/2013/soft1_2010/WMRoot.rar, current byte: 268697, read byte: 3036
09-26 14:21:47.403   671  3009 V DownloadConstants: download url: http://111.13.109.37:81/1Q2W3E4R5T6Y7U8I9O0P1Z2X3C4V5B/down3.down33.net:8001/2013/soft1_2010/WMRoot.rar, current byte: 271733, read byte: 2024
09-26 14:21:47.411   671  3009 V DownloadConstants: download url: http://111.13.109.37:81/1Q2W3E4R5T6Y7U8I9O0P1Z2X3C4V5B/down3.down33.net:8001/2013/soft1_2010/WMRoot.rar, current byte: 273757, read byte: 2024
09-26 14:21:47.427   671  3009 V DownloadConstants: download url: http://111.13.109.37:81/1Q2W3E4R5T6Y7U8I9O0P1Z2X3C4V5B/down3.down33.net:8001/2013/soft1_2010/WMRoot.rar, current byte: 275781, read byte: 1012
09-26 14:21:47.427   671  3009 V DownloadConstants: download url: http://111.13.109.37:81/1Q2W3E4R5T6Y7U8I9O0P1Z2X3C4V5B/down3.down33.net:8001/2013/soft1_2010/WMRoot.rar, current byte: 276793, read byte: 1012
09-26 14:21:47.450   671  3009 V DownloadConstants: download url: http://111.13.109.37:81/1Q2W3E4R5T6Y7U8I9O0P1Z2X3C4V5B/down3.down33.net:8001/2013/soft1_2010/WMRoot.rar, current byte: 277805, read byte: 1012
09-26 14:21:47.481   671  3009 V DownloadConstants: download url: http://111.13.109.37:81/1Q2W3E4R5T6Y7U8I9O0P1Z2X3C4V5B/down3.down33.net:8001/2013/soft1_2010/WMRoot.rar, current byte: 278817, read byte: 3036
09-26 14:21:47.497   671  3009 V DownloadConstants: download url: http://111.13.109.37:81/1Q2W3E4R5T6Y7U8I9O0P1Z2X3C4V5B/down3.down33.net:8001/2013/soft1_2010/WMRoot.rar, current byte: 281853, read byte: 1012
09-26 14:21:47.505   671  3009 V DownloadConstants: download url: http://111.13.109.37:81/1Q2W3E4R5T6Y7U8I9O0P1Z2X3C4V5B/down3.down33.net:8001/2013/soft1_2010/WMRoot.rar, current byte: 282865, read byte: 4048
09-26 14:21:47.512   671  3009 V DownloadConstants: download url: http://111.13.109.37:81/1Q2W3E4R5T6Y7U8I9O0P1Z2X3C4V5B/down3.down33.net:8001/2013/soft1_2010/WMRoot.rar, current byte: 286913, read byte: 1012
09-26 14:21:47.512   671  3009 V DownloadConstants: download url: http://111.13.109.37:81/1Q2W3E4R5T6Y7U8I9O0P1Z2X3C4V5B/down3.down33.net:8001/2013/soft1_2010/WMRoot.rar, current byte: 287925, read byte: 1012
09-26 14:21:47.520   671   671 V DownloadService: Service ContentObserver received notification
09-26 14:21:47.520   671   671 V DownloadService: updateFromProvider
09-26 14:21:47.520   671  3016 V DownloadConstants: starting query, database is not null; projection is null; selection is null; selectionArgs is null; sort is null.
09-26 14:21:47.520   671  3016 V DownloadConstants: created cursor android.database.sqlite.SQLiteCursor@414926b8 on behalf of 671
09-26 14:21:47.528   671  3009 V DownloadConstants: download url: http://111.13.109.37:81/1Q2W3E4R5T6Y7U8I9O0P1Z2X3C4V5B/down3.down33.net:8001/2013/soft1_2010/WMRoot.rar, current byte: 288937, read byte: 1012
09-26 14:21:47.528   671  3009 V DownloadConstants: download url: http://111.13.109.37:81/1Q2W3E4R5T6Y7U8I9O0P1Z2X3C4V5B/down3.down33.net:8001/2013/soft1_2010/WMRoot.rar, current byte: 289949, read byte: 1012
09-26 14:21:47.528   671  3016 I DownloadService: number of rows from downloads-db: 1
09-26 14:21:47.528   671  3016 V DownloadService: processing updated download 1, status: 192
09-26 14:21:47.528   671  3016 V Download ApnHelper: beginDownload, type: 8, status:192
09-26 14:21:47.528   671  3016 V Download ApnHelper: beginConnectivity: enableWAP, already up
09-26 14:21:47.528   671  3016 D Download ApnHelper: tryOmaDownload
09-26 14:21:47.536   671  3016 I DownloadInfo: isReadyToStart: DownloadInfo{mId=1, mUri='http://111.13.109.37:81/1Q2W3E4R5T6Y7U8I9O0P1Z2X3C4V5B/down3.down33.net:8001/2013/soft1_2010/WMRoot.rar', mNoIntegrity=false, mHint='file:///storage/sdcard0/Download/Others/WMRoot.rar', mFileName='/storage/sdcard0/Download/Others/WMRoot.rar', mMimeType='application/rar', mDestination=4, mVisibility=1, mControl=0, mStatus=192, mNumFailed=0, mRetryAfter=0, mLastMod=1380176498166, mPackage='com.android.browser', mClass='null', mExtras='null', mCookies='null', mUserAgent='null', mReferer='null', mTotalBytes=19050082, mCurrentBytes=278817, mETag='"b2b487077bace1:d50"', mUid=10005, mMediaScanned=0, mDeleted=false, mMediaProviderUri='null', mIsPublicApi=true, mAllowedNetworkTypes=8, mAllowRoaming=true, mAllowMetered=true, mTitle='WMRoot.rar', mDescription='111.13.109.37', mBypassRecommendedSizeLimit=0, mFuzz=870, mRequestHeaders=[android.util.Pair@9f0ffd08, android.util.Pair@362d9a0c, android.util.Pair@af400a64], mSystemFacade=com.android.providers.downloads.RealSystemFacade@414a3568, mContext=com.android.providers.downloads.DownloadService@414ab6e0}
09-26 14:21:47.559   671  3009 V DownloadConstants: download url: http://111.13.109.37:81/1Q2W3E4R5T6Y7U8I9O0P1Z2X3C4V5B/down3.down33.net:8001/2013/soft1_2010/WMRoot.rar, current byte: 290961, read byte: 1012
09-26 14:21:47.559   671  3009 V DownloadConstants: download url: http://111.13.109.37:81/1Q2W3E4R5T6Y7U8I9O0P1Z2X3C4V5B/down3.down33.net:8001/2013/soft1_2010/WMRoot.rar, current byte: 291973, read byte: 4048
09-26 14:21:47.567   671  3009 V DownloadConstants: download url: http://111.13.109.37:81/1Q2W3E4R5T6Y7U8I9O0P1Z2X3C4V5B/down3.down33.net:8001/2013/soft1_2010/WMRoot.rar, current byte: 296021, read byte: 1012
09-26 14:21:47.575   671  3009 V DownloadConstants: download url: http://111.13.109.37:81/1Q2W3E4R5T6Y7U8I9O0P1Z2X3C4V5B/down3.down33.net:8001/2013/soft1_2010/WMRoot.rar, current byte: 297033, read byte: 1012
09-26 14:21:47.583   671  3009 V DownloadConstants: download url: http://111.13.109.37:81/1Q2W3E4R5T6Y7U8I9O0P1Z2X3C4V5B/down3.down33.net:8001/2013/soft1_2010/WMRoot.rar, current byte: 298045, read byte: 1012
09-26 14:21:47.591   671  3009 V DownloadConstants: download url: http://111.13.109.37:81/1Q2W3E4R5T6Y7U8I9O0P1Z2X3C4V5B/down3.down33.net:8001/2013/soft1_2010/WMRoot.rar, current byte: 299057, read byte: 1012
09-26 14:21:47.606   671  3009 V DownloadConstants: download url: http://111.13.109.37:81/1Q2W3E4R5T6Y7U8I9O0P1Z2X3C4V5B/down3.down33.net:8001/2013/soft1_2010/WMRoot.rar, current byte: 300069, read byte: 1012
09-26 14:21:47.614   671  3009 V DownloadConstants: download url: http://111.13.109.37:81/1Q2W3E4R5T6Y7U8I9O0P1Z2X3C4V5B/down3.down33.net:8001/2013/soft1_2010/WMRoot.rar, current byte: 301081, read byte: 1012
09-26 14:21:47.622   671  3009 V DownloadConstants: download url: http://111.13.109.37:81/1Q2W3E4R5T6Y7U8I9O0P1Z2X3C4V5B/down3.down33.net:8001/2013/soft1_2010/WMRoot.rar, current byte: 302093, read byte: 1012
09-26 14:21:47.637   671  3009 V DownloadConstants: download url: http://111.13.109.37:81/1Q2W3E4R5T6Y7U8I9O0P1Z2X3C4V5B/down3.down33.net:8001/2013/soft1_2010/WMRoot.rar, current byte: 303105, read byte: 1012
09-26 14:21:47.637   671  3009 V DownloadConstants: download url: http://111.13.109.37:81/1Q2W3E4R5T6Y7U8I9O0P1Z2X3C4V5B/down3.down33.net:8001/2013/soft1_2010/WMRoot.rar, current byte: 304117, read byte: 1012
09-26 14:21:47.684   671  3009 V DownloadConstants: download url: http://111.13.109.37:81/1Q2W3E4R5T6Y7U8I9O0P1Z2X3C4V5B/down3.down33.net:8001/2013/soft1_2010/WMRoot.rar, current byte: 305129, read byte: 1012
09-26 14:21:47.692   671  3009 V DownloadConstants: download url: http://111.13.109.37:81/1Q2W3E4R5T6Y7U8I9O0P1Z2X3C4V5B/down3.down33.net:8001/2013/soft1_2010/WMRoot.rar, current byte: 306141, read byte: 1012
09-26 14:21:47.708   671  3009 V DownloadConstants: download url: http://111.13.109.37:81/1Q2W3E4R5T6Y7U8I9O0P1Z2X3C4V5B/down3.down33.net:8001/2013/soft1_2010/WMRoot.rar, current byte: 307153, read byte: 1012
