05-11 14:00:07.043  2628  2628 E webkit_native_draw_history: compositeRoot, 1688
05-11 14:00:07.043  2628  2628 E webkit_native_draw_history: m_baseLayer->countChildren() == 1
05-11 14:00:07.043  2628  2628 E webkit_native_draw_history: compositeRoot, 1688
05-11 14:00:07.043  2628  2628 E webkit_native_draw_history: m_baseLayer->countChildren() == 1
05-11 14:00:07.043  2628  2628 V WebView:drawHistory: onDraw(), isHardwareAccelerated
05-11 14:00:07.053  2628  2628 V WebView:drawHistory: drawCoreAndCursorRing(): canvas.isHardwareAccelerated() draw
05-11 14:00:07.053  2628  2628 V WebView:drawHistory: drawCoreAndCursorRing(): canvas.isHardwareAccelerated() draw done!
05-11 14:00:07.053  2628  2628 E webkit_native_draw_history: drawGL, 491
05-11 14:00:07.053  2628  2628 E webkit_native_draw_history: drawGL, 549
05-11 14:00:07.053  2628  2628 E webkit_native_draw_history: extras: 3
05-11 14:00:07.053  2628  2628 E webkit_native_draw_history: drawGL, 580
05-11 14:00:07.053  2628  2628 E webkit_native_draw_history: currentPictureCounter: 72
05-11 14:00:07.063  1449  1452 D dalvikvm: GC_CONCURRENT freed 649K, 18% free 12207K/14791K, paused 3ms+8ms
05-11 14:00:07.083  2628  2628 E webkit_native_draw_history: drawGL, 491
05-11 14:00:07.083  2628  2628 E webkit_native_draw_history: drawGL, 549
05-11 14:00:07.083  2628  2628 E webkit_native_draw_history: extras: 3
05-11 14:00:07.083  2628  2628 E webkit_native_draw_history: drawGL, 580
05-11 14:00:07.083  2628  2628 E webkit_native_draw_history: currentPictureCounter: 72
05-11 14:00:07.113  2628  2628 E webkit_native_draw_history: setBaseLayer, 1737
05-11 14:00:07.113  2628  2628 E webkit_native_draw_history: setBaseLayer, 1744
05-11 14:00:07.113  2628  2628 E webkit_native_draw_history: m_glWebViewState->setBaseLayer
05-11 14:00:07.113  2628  2628 E webkit_native_draw_history: setBaseLayer, 1758
05-11 14:00:07.113  2628  2628 E webkit_native_draw_history: copyScrollPositionRecursive
05-11 14:00:07.113  2628  2628 E webkit_native_draw_history: compositeRoot, 1688
05-11 14:00:07.113  2628  2628 E webkit_native_draw_history: m_baseLayer->countChildren() == 1
05-11 14:00:07.113  2628  2628 E webkit_native_draw_history: compositeRoot, 1688
05-11 14:00:07.113  2628  2628 E webkit_native_draw_history: m_baseLayer->countChildren() == 1
05-11 14:00:07.113  2628  2628 V WebView:drawHistory: onDraw(), isHardwareAccelerated
05-11 14:00:07.113  2628  2628 V WebView:drawHistory: drawCoreAndCursorRing(): canvas.isHardwareAccelerated() draw
05-11 14:00:07.113  2628  2628 V WebView:drawHistory: drawCoreAndCursorRing(): canvas.isHardwareAccelerated() draw done!
05-11 14:00:07.113  2628  2628 E webkit_native_draw_history: drawGL, 491
05-11 14:00:07.113  2628  2628 E webkit_native_draw_history: drawGL, 549
05-11 14:00:07.113  2628  2628 E webkit_native_draw_history: extras: 3
05-11 14:00:07.113  2628  2628 E webkit_native_draw_history: drawGL, 580
05-11 14:00:07.113  2628  2628 E webkit_native_draw_history: currentPictureCounter: 72
05-11 14:00:07.143  2628  2628 E webkit_native_draw_history: setBaseLayer, 1737
05-11 14:00:07.143  2628  2628 E webkit_native_draw_history: setBaseLayer, 1744
05-11 14:00:07.143  2628  2628 E webkit_native_draw_history: m_glWebViewState->setBaseLayer
05-11 14:00:07.143  2628  2628 E webkit_native_draw_history: setBaseLayer, 1758
05-11 14:00:07.143  2628  2628 E webkit_native_draw_history: copyScrollPositionRecursive
05-11 14:00:07.143  2628  2628 E webkit_native_draw_history: compositeRoot, 1688
05-11 14:00:07.143  2628  2628 E webkit_native_draw_history: m_baseLayer->countChildren() == 1
05-11 14:00:07.143  2628  2628 E webkit_native_draw_history: compositeRoot, 1688
05-11 14:00:07.143  2628  2628 E webkit_native_draw_history: m_baseLayer->countChildren() == 1
05-11 14:00:07.143  2628  2628 V WebView:drawHistory: onDraw(), isHardwareAccelerated
05-11 14:00:07.143  2628  2628 V WebView:drawHistory: drawCoreAndCursorRing(): canvas.isHardwareAccelerated() draw
05-11 14:00:07.143  2628  2628 V WebView:drawHistory: drawCoreAndCursorRing(): canvas.isHardwareAccelerated() draw done!
05-11 14:00:07.143  2628  2628 E webkit_native_draw_history: drawGL, 491
05-11 14:00:07.143  2628  2628 E webkit_native_draw_history: drawGL, 549
05-11 14:00:07.143  2628  2628 E webkit_native_draw_history: extras: 3
05-11 14:00:07.143  2628  2628 E webkit_native_draw_history: drawGL, 580
05-11 14:00:07.143  2628  2628 E webkit_native_draw_history: currentPictureCounter: 72
05-11 14:00:07.183  2628  2628 E webkit_native_draw_history: setBaseLayer, 1737
05-11 14:00:07.183  2628  2628 E webkit_native_draw_history: setBaseLayer, 1744
05-11 14:00:07.183  2628  2628 E webkit_native_draw_history: m_glWebViewState->setBaseLayer
05-11 14:00:07.183  2628  2628 E webkit_native_draw_history: setBaseLayer, 1758
05-11 14:00:07.183  2628  2628 E webkit_native_draw_history: copyScrollPositionRecursive
05-11 14:00:07.183  2628  2628 E webkit_native_draw_history: compositeRoot, 1688
05-11 14:00:07.183  2628  2628 E webkit_native_draw_history: m_baseLayer->countChildren() == 1
05-11 14:00:07.183  2628  2628 E webkit_native_draw_history: compositeRoot, 1688
05-11 14:00:07.183  2628  2628 E webkit_native_draw_history: m_baseLayer->countChildren() == 1
05-11 14:00:07.183  2628  2628 V WebView:drawHistory: onDraw(), isHardwareAccelerated
05-11 14:00:07.183  2628  2628 V WebView:drawHistory: drawCoreAndCursorRing(): canvas.isHardwareAccelerated() draw
05-11 14:00:07.183  2628  2628 V WebView:drawHistory: drawCoreAndCursorRing(): canvas.isHardwareAccelerated() draw done!
05-11 14:00:07.183  2628  2628 E webkit_native_draw_history: drawGL, 491
05-11 14:00:07.183  2628  2628 E webkit_native_draw_history: drawGL, 549
05-11 14:00:07.183  2628  2628 E webkit_native_draw_history: extras: 3
05-11 14:00:07.183  2628  2628 E webkit_native_draw_history: drawGL, 580
05-11 14:00:07.183  2628  2628 E webkit_native_draw_history: currentPictureCounter: 72
05-11 14:00:07.213  2628  2628 E webkit_native_draw_history: setBaseLayer, 1737
05-11 14:00:07.213  2628  2628 E webkit_native_draw_history: setBaseLayer, 1744
05-11 14:00:07.213  2628  2628 E webkit_native_draw_history: m_glWebViewState->setBaseLayer
05-11 14:00:07.213  2628  2628 E webkit_native_draw_history: setBaseLayer, 1758
05-11 14:00:07.213  2628  2628 E webkit_native_draw_history: copyScrollPositionRecursive
05-11 14:00:07.213  2628  2628 E webkit_native_draw_history: compositeRoot, 1688
05-11 14:00:07.213  2628  2628 E webkit_native_draw_history: m_baseLayer->countChildren() == 1
05-11 14:00:07.213  2628  2628 E webkit_native_draw_history: compositeRoot, 1688
05-11 14:00:07.213  2628  2628 E webkit_native_draw_history: m_baseLayer->countChildren() == 1
05-11 14:00:07.213  2628  2628 V WebView:drawHistory: onDraw(), isHardwareAccelerated
05-11 14:00:07.213  2628  2628 V WebView:drawHistory: drawCoreAndCursorRing(): canvas.isHardwareAccelerated() draw
05-11 14:00:07.213  2628  2628 V WebView:drawHistory: drawCoreAndCursorRing(): canvas.isHardwareAccelerated() draw done!
05-11 14:00:07.213  2628  2628 E webkit_native_draw_history: drawGL, 491
05-11 14:00:07.213  2628  2628 E webkit_native_draw_history: drawGL, 549
05-11 14:00:07.213  2628  2628 E webkit_native_draw_history: extras: 3
05-11 14:00:07.213  2628  2628 E webkit_native_draw_history: drawGL, 580
05-11 14:00:07.213  2628  2628 E webkit_native_draw_history: currentPictureCounter: 72



05-11 14:00:07.243  2628  2628 E webkit_native_draw_history: setBaseLayer, 1737
05-11 14:00:07.243  2628  2628 E webkit_native_draw_history: setBaseLayer, 1744
05-11 14:00:07.243  2628  2628 E webkit_native_draw_history: m_glWebViewState->setBaseLayer
05-11 14:00:07.243  2628  2628 E webkit_native_draw_history: setBaseLayer, 1758
05-11 14:00:07.243  2628  2628 E webkit_native_draw_history: copyScrollPositionRecursive
05-11 14:00:07.243  2628  2628 E webkit_native_draw_history: compositeRoot, 1688
05-11 14:00:07.243  2628  2628 E webkit_native_draw_history: m_baseLayer->countChildren() == 1
05-11 14:00:07.243  2628  2628 E webkit_native_draw_history: compositeRoot, 1688
05-11 14:00:07.243  2628  2628 E webkit_native_draw_history: m_baseLayer->countChildren() == 1
05-11 14:00:07.243  2628  2628 V WebView:drawHistory: onDraw(), isHardwareAccelerated
05-11 14:00:07.243  2628  2628 V WebView:drawHistory: drawCoreAndCursorRing(): canvas.isHardwareAccelerated() draw
05-11 14:00:07.253  2628  2628 V WebView:drawHistory: drawCoreAndCursorRing(): canvas.isHardwareAccelerated() draw done!
05-11 14:00:07.253  2628  2628 E webkit_native_draw_history: drawGL, 491
05-11 14:00:07.253  2628  2628 E webkit_native_draw_history: drawGL, 549
05-11 14:00:07.253  2628  2628 E webkit_native_draw_history: extras: 3
05-11 14:00:07.253  2628  2628 E webkit_native_draw_history: drawGL, 580
05-11 14:00:07.253  2628  2628 E webkit_native_draw_history: currentPictureCounter: 72
05-11 14:00:07.283  2628  2628 E webkit_native_draw_history: setBaseLayer, 1737
05-11 14:00:07.283  2628  2628 E webkit_native_draw_history: setBaseLayer, 1744
05-11 14:00:07.283  2628  2628 E webkit_native_draw_history: m_glWebViewState->setBaseLayer
05-11 14:00:07.283  2628  2628 E webkit_native_draw_history: setBaseLayer, 1758
05-11 14:00:07.283  2628  2628 E webkit_native_draw_history: copyScrollPositionRecursive
05-11 14:00:07.283  2628  2628 E webkit_native_draw_history: compositeRoot, 1688
05-11 14:00:07.283  2628  2628 E webkit_native_draw_history: m_baseLayer->countChildren() == 1
05-11 14:00:07.283  2628  2628 E webkit_native_draw_history: compositeRoot, 1688
05-11 14:00:07.283  2628  2628 E webkit_native_draw_history: m_baseLayer->countChildren() == 1
05-11 14:00:07.283  2628  2628 V WebView:drawHistory: onDraw(), isHardwareAccelerated
05-11 14:00:07.283  2628  2628 V WebView:drawHistory: drawCoreAndCursorRing(): canvas.isHardwareAccelerated() draw
05-11 14:00:07.283  2628  2628 V WebView:drawHistory: drawCoreAndCursorRing(): canvas.isHardwareAccelerated() draw done!
05-11 14:00:07.283  2628  2628 E webkit_native_draw_history: drawGL, 491
05-11 14:00:07.283  2628  2628 E webkit_native_draw_history: drawGL, 549
05-11 14:00:07.283  2628  2628 E webkit_native_draw_history: extras: 3
05-11 14:00:07.283  2628  2628 E webkit_native_draw_history: drawGL, 580
05-11 14:00:07.283  2628  2628 E webkit_native_draw_history: currentPictureCounter: 72
05-11 14:00:07.313  2628  2628 E webkit_native_draw_history: setBaseLayer, 1737
05-11 14:00:07.313  2628  2628 E webkit_native_draw_history: setBaseLayer, 1744
05-11 14:00:07.313  2628  2628 E webkit_native_draw_history: m_glWebViewState->setBaseLayer
05-11 14:00:07.313  2628  2628 E webkit_native_draw_history: setBaseLayer, 1758
05-11 14:00:07.313  2628  2628 E webkit_native_draw_history: copyScrollPositionRecursive
05-11 14:00:07.313  2628  2628 E webkit_native_draw_history: compositeRoot, 1688
05-11 14:00:07.313  2628  2628 E webkit_native_draw_history: m_baseLayer->countChildren() == 1
05-11 14:00:07.313  2628  2628 E webkit_native_draw_history: compositeRoot, 1688
05-11 14:00:07.313  2628  2628 E webkit_native_draw_history: m_baseLayer->countChildren() == 1
05-11 14:00:07.313  2628  2628 V WebView:drawHistory: onDraw(), isHardwareAccelerated
05-11 14:00:07.313  2628  2628 V WebView:drawHistory: drawCoreAndCursorRing(): canvas.isHardwareAccelerated() draw
05-11 14:00:07.313  2628  2628 V WebView:drawHistory: drawCoreAndCursorRing(): canvas.isHardwareAccelerated() draw done!
05-11 14:00:07.313  2628  2628 E webkit_native_draw_history: drawGL, 491
05-11 14:00:07.313  2628  2628 E webkit_native_draw_history: drawGL, 549
05-11 14:00:07.313  2628  2628 E webkit_native_draw_history: extras: 3
05-11 14:00:07.313  2628  2628 E webkit_native_draw_history: drawGL, 580
05-11 14:00:07.313  2628  2628 E webkit_native_draw_history: currentPictureCounter: 72
05-11 14:00:07.343  2628  2628 E webkit_native_draw_history: setBaseLayer, 1737
05-11 14:00:07.343  2628  2628 E webkit_native_draw_history: setBaseLayer, 1744
05-11 14:00:07.343  2628  2628 E webkit_native_draw_history: m_glWebViewState->setBaseLayer
05-11 14:00:07.343  2628  2628 E webkit_native_draw_history: setBaseLayer, 1758
05-11 14:00:07.343  2628  2628 E webkit_native_draw_history: copyScrollPositionRecursive
05-11 14:00:07.343  2628  2628 E webkit_native_draw_history: compositeRoot, 1688
05-11 14:00:07.343  2628  2628 E webkit_native_draw_history: m_baseLayer->countChildren() == 1
05-11 14:00:07.343  2628  2628 E webkit_native_draw_history: compositeRoot, 1688
05-11 14:00:07.343  2628  2628 E webkit_native_draw_history: m_baseLayer->countChildren() == 1
05-11 14:00:07.353  2628  2628 V WebView:drawHistory: onDraw(), isHardwareAccelerated
05-11 14:00:07.353  2628  2628 V WebView:drawHistory: drawCoreAndCursorRing(): canvas.isHardwareAccelerated() draw
05-11 14:00:07.353  2628  2628 V WebView:drawHistory: drawCoreAndCursorRing(): canvas.isHardwareAccelerated() draw done!
05-11 14:00:07.353  2628  2628 E webkit_native_draw_history: drawGL, 491
05-11 14:00:07.353  2628  2628 E webkit_native_draw_history: drawGL, 549
05-11 14:00:07.353  2628  2628 E webkit_native_draw_history: extras: 3
05-11 14:00:07.353  2628  2628 E webkit_native_draw_history: drawGL, 580
05-11 14:00:07.353  2628  2628 E webkit_native_draw_history: currentPictureCounter: 72
05-11 14:00:07.383  2628  2628 E webkit_native_draw_history: setBaseLayer, 1737
05-11 14:00:07.383  2628  2628 E webkit_native_draw_history: setBaseLayer, 1744
05-11 14:00:07.383  2628  2628 E webkit_native_draw_history: m_glWebViewState->setBaseLayer
05-11 14:00:07.383  2628  2628 E webkit_native_draw_history: setBaseLayer, 1758
05-11 14:00:07.383  2628  2628 E webkit_native_draw_history: copyScrollPositionRecursive
05-11 14:00:07.383  2628  2628 E webkit_native_draw_history: compositeRoot, 1688
05-11 14:00:07.383  2628  2628 E webkit_native_draw_history: m_baseLayer->countChildren() == 1
05-11 14:00:07.383  2628  2628 E webkit_native_draw_history: compositeRoot, 1688
05-11 14:00:07.383  2628  2628 E webkit_native_draw_history: m_baseLayer->countChildren() == 1
05-11 14:00:07.383  2628  2628 V WebView:drawHistory: onDraw(), isHardwareAccelerated
05-11 14:00:07.383  2628  2628 V WebView:drawHistory: drawCoreAndCursorRing(): canvas.isHardwareAccelerated() draw
05-11 14:00:07.383  2628  2628 V WebView:drawHistory: drawCoreAndCursorRing(): canvas.isHardwareAccelerated() draw done!
05-11 14:00:07.383  2628  2628 E webkit_native_draw_history: drawGL, 491
05-11 14:00:07.383  2628  2628 E webkit_native_draw_history: drawGL, 549
05-11 14:00:07.383  2628  2628 E webkit_native_draw_history: extras: 3
05-11 14:00:07.383  2628  2628 E webkit_native_draw_history: drawGL, 580
05-11 14:00:07.383  2628  2628 E webkit_native_draw_history: currentPictureCounter: 72
05-11 14:00:07.413  2628  2628 E webkit_native_draw_history: drawGL, 491
05-11 14:00:07.413  2628  2628 E webkit_native_draw_history: drawGL, 549
05-11 14:00:07.413  2628  2628 E webkit_native_draw_history: extras: 3
05-11 14:00:07.413  2628  2628 E webkit_native_draw_history: drawGL, 580
05-11 14:00:07.413  2628  2628 E webkit_native_draw_history: currentPictureCounter: 72
05-11 14:00:07.443  2628  2628 E webkit_native_draw_history: setBaseLayer, 1737
05-11 14:00:07.443  2628  2628 E webkit_native_draw_history: setBaseLayer, 1744
05-11 14:00:07.443  2628  2628 E webkit_native_draw_history: m_glWebViewState->setBaseLayer
05-11 14:00:07.443  2628  2628 E webkit_native_draw_history: setBaseLayer, 1758
05-11 14:00:07.443  2628  2628 E webkit_native_draw_history: copyScrollPositionRecursive
05-11 14:00:07.443  2628  2628 E webkit_native_draw_history: compositeRoot, 1688
05-11 14:00:07.443  2628  2628 E webkit_native_draw_history: m_baseLayer->countChildren() == 1
05-11 14:00:07.443  2628  2628 E webkit_native_draw_history: compositeRoot, 1688
05-11 14:00:07.443  2628  2628 E webkit_native_draw_history: m_baseLayer->countChildren() == 1
05-11 14:00:07.443  2628  2628 V WebView:drawHistory: onDraw(), isHardwareAccelerated
05-11 14:00:07.443  2628  2628 V WebView:drawHistory: drawCoreAndCursorRing(): canvas.isHardwareAccelerated() draw
05-11 14:00:07.443  2628  2628 V WebView:drawHistory: drawCoreAndCursorRing(): canvas.isHardwareAccelerated() draw done!
05-11 14:00:07.453  2628  2628 E webkit_native_draw_history: drawGL, 491
05-11 14:00:07.453  2628  2628 E webkit_native_draw_history: drawGL, 549
05-11 14:00:07.453  2628  2628 E webkit_native_draw_history: extras: 3
05-11 14:00:07.453  2628  2628 E webkit_native_draw_history: drawGL, 580
05-11 14:00:07.453  2628  2628 E webkit_native_draw_history: currentPictureCounter: 72
05-11 14:00:07.483  2628  2628 E webkit_native_draw_history: drawGL, 491
05-11 14:00:07.483  2628  2628 E webkit_native_draw_history: drawGL, 549
05-11 14:00:07.483  2628  2628 E webkit_native_draw_history: extras: 3
05-11 14:00:07.483  2628  2628 E webkit_native_draw_history: drawGL, 580
05-11 14:00:07.483  2628  2628 E webkit_native_draw_history: currentPictureCounter: 72
05-11 14:00:07.513  2628  2628 E webkit_native_draw_history: setBaseLayer, 1737
05-11 14:00:07.513  2628  2628 E webkit_native_draw_history: setBaseLayer, 1744
05-11 14:00:07.513  2628  2628 E webkit_native_draw_history: m_glWebViewState->setBaseLayer
05-11 14:00:07.513  2628  2628 E webkit_native_draw_history: setBaseLayer, 1758
05-11 14:00:07.513  2628  2628 E webkit_native_draw_history: copyScrollPositionRecursive
05-11 14:00:07.513  2628  2628 E webkit_native_draw_history: compositeRoot, 1688
05-11 14:00:07.513  2628  2628 E webkit_native_draw_history: m_baseLayer->countChildren() == 1
05-11 14:00:07.513  2628  2628 E webkit_native_draw_history: compositeRoot, 1688
05-11 14:00:07.513  2628  2628 E webkit_native_draw_history: m_baseLayer->countChildren() == 1
05-11 14:00:07.513  2628  2628 V WebView:drawHistory: onDraw(), isHardwareAccelerated
05-11 14:00:07.513  2628  2628 V WebView:drawHistory: drawCoreAndCursorRing(): canvas.isHardwareAccelerated() draw
05-11 14:00:07.513  2628  2628 V WebView:drawHistory: drawCoreAndCursorRing(): canvas.isHardwareAccelerated() draw done!
05-11 14:00:07.513  2628  2628 E webkit_native_draw_history: drawGL, 491
05-11 14:00:07.513  2628  2628 E webkit_native_draw_history: drawGL, 549
05-11 14:00:07.513  2628  2628 E webkit_native_draw_history: extras: 3
05-11 14:00:07.513  2628  2628 E webkit_native_draw_history: drawGL, 580
05-11 14:00:07.513  2628  2628 E webkit_native_draw_history: currentPictureCounter: 72
05-11 14:00:07.543  2628  2628 E webkit_native_draw_history: drawGL, 491
05-11 14:00:07.543  2628  2628 E webkit_native_draw_history: drawGL, 549
05-11 14:00:07.543  2628  2628 E webkit_native_draw_history: extras: 3
05-11 14:00:07.543  2628  2628 E webkit_native_draw_history: drawGL, 580
05-11 14:00:07.543  2628  2628 E webkit_native_draw_history: currentPictureCounter: 72
05-11 14:00:07.573  2628  2628 E webkit_native_draw_history: setBaseLayer, 1737
05-11 14:00:07.573  2628  2628 E webkit_native_draw_history: setBaseLayer, 1744
05-11 14:00:07.573  2628  2628 E webkit_native_draw_history: m_glWebViewState->setBaseLayer
05-11 14:00:07.573  2628  2628 E webkit_native_draw_history: setBaseLayer, 1758
05-11 14:00:07.573  2628  2628 E webkit_native_draw_history: copyScrollPositionRecursive
05-11 14:00:07.573  2628  2628 E webkit_native_draw_history: compositeRoot, 1688
05-11 14:00:07.573  2628  2628 E webkit_native_draw_history: m_baseLayer->countChildren() == 1
05-11 14:00:07.573  2628  2628 E webkit_native_draw_history: compositeRoot, 1688
05-11 14:00:07.573  2628  2628 E webkit_native_draw_history: m_baseLayer->countChildren() == 1
05-11 14:00:07.573  2628  2628 V WebView:drawHistory: onDraw(), isHardwareAccelerated
05-11 14:00:07.573  2628  2628 V WebView:drawHistory: drawCoreAndCursorRing(): canvas.isHardwareAccelerated() draw
05-11 14:00:07.583  2628  2628 V WebView:drawHistory: drawCoreAndCursorRing(): canvas.isHardwareAccelerated() draw done!
05-11 14:00:07.583  2628  2628 E webkit_native_draw_history: drawGL, 491
05-11 14:00:07.583  2628  2628 E webkit_native_draw_history: drawGL, 549
05-11 14:00:07.583  2628  2628 E webkit_native_draw_history: extras: 3
05-11 14:00:07.583  2628  2628 E webkit_native_draw_history: drawGL, 580
05-11 14:00:07.583  2628  2628 E webkit_native_draw_history: currentPictureCounter: 72
05-11 14:00:07.613  2628  2628 E webkit_native_draw_history: drawGL, 491
05-11 14:00:07.613  2628  2628 E webkit_native_draw_history: drawGL, 549
05-11 14:00:07.613  2628  2628 E webkit_native_draw_history: extras: 3
05-11 14:00:07.613  2628  2628 E webkit_native_draw_history: drawGL, 580
05-11 14:00:07.613  2628  2628 E webkit_native_draw_history: currentPictureCounter: 72
05-11 14:00:07.643  2628  2628 E webkit_native_draw_history: setBaseLayer, 1737
05-11 14:00:07.643  2628  2628 E webkit_native_draw_history: setBaseLayer, 1744
05-11 14:00:07.643  2628  2628 E webkit_native_draw_history: m_glWebViewState->setBaseLayer
05-11 14:00:07.643  2628  2628 E webkit_native_draw_history: setBaseLayer, 1758
05-11 14:00:07.643  2628  2628 E webkit_native_draw_history: copyScrollPositionRecursive
05-11 14:00:07.643  2628  2628 E webkit_native_draw_history: compositeRoot, 1688
05-11 14:00:07.643  2628  2628 E webkit_native_draw_history: m_baseLayer->countChildren() == 1
05-11 14:00:07.643  2628  2628 E webkit_native_draw_history: compositeRoot, 1688
05-11 14:00:07.643  2628  2628 E webkit_native_draw_history: m_baseLayer->countChildren() == 1
05-11 14:00:07.643  2628  2628 V WebView:drawHistory: onDraw(), isHardwareAccelerated
05-11 14:00:07.643  2628  2628 V WebView:drawHistory: drawCoreAndCursorRing(): canvas.isHardwareAccelerated() draw
05-11 14:00:07.643  2628  2628 V WebView:drawHistory: drawCoreAndCursorRing(): canvas.isHardwareAccelerated() draw done!
05-11 14:00:07.643  2628  2628 E webkit_native_draw_history: drawGL, 491
05-11 14:00:07.643  2628  2628 E webkit_native_draw_history: drawGL, 549
05-11 14:00:07.643  2628  2628 E webkit_native_draw_history: extras: 3
05-11 14:00:07.643  2628  2628 E webkit_native_draw_history: drawGL, 580
05-11 14:00:07.643  2628  2628 E webkit_native_draw_history: currentPictureCounter: 72
05-11 14:00:07.683  2628  2628 E webkit_native_draw_history: drawGL, 491
05-11 14:00:07.683  2628  2628 E webkit_native_draw_history: drawGL, 549
05-11 14:00:07.683  2628  2628 E webkit_native_draw_history: extras: 3
05-11 14:00:07.683  2628  2628 E webkit_native_draw_history: drawGL, 580
05-11 14:00:07.683  2628  2628 E webkit_native_draw_history: currentPictureCounter: 72
05-11 14:00:07.683  1535  1535 D StatusBar.NetworkControllerDualSIM: phone1:onDataActivity: direction=1
05-11 14:00:07.713  2628  2628 E webkit_native_draw_history: setBaseLayer, 1737
05-11 14:00:07.713  2628  2628 E webkit_native_draw_history: setBaseLayer, 1744
05-11 14:00:07.713  2628  2628 E webkit_native_draw_history: m_glWebViewState->setBaseLayer
05-11 14:00:07.713  2628  2628 E webkit_native_draw_history: setBaseLayer, 1758
05-11 14:00:07.713  2628  2628 E webkit_native_draw_history: copyScrollPositionRecursive
05-11 14:00:07.713  2628  2628 E webkit_native_draw_history: compositeRoot, 1688
05-11 14:00:07.713  2628  2628 E webkit_native_draw_history: m_baseLayer->countChildren() == 1
05-11 14:00:07.713  2628  2628 E webkit_native_draw_history: compositeRoot, 1688
05-11 14:00:07.713  2628  2628 E webkit_native_draw_history: m_baseLayer->countChildren() == 1
05-11 14:00:07.713  2628  2628 V WebView:drawHistory: onDraw(), isHardwareAccelerated
05-11 14:00:07.713  2628  2628 V WebView:drawHistory: drawCoreAndCursorRing(): canvas.isHardwareAccelerated() draw
05-11 14:00:07.713  2628  2628 V WebView:drawHistory: drawCoreAndCursorRing(): canvas.isHardwareAccelerated() draw done!
05-11 14:00:07.713  2628  2628 E webkit_native_draw_history: drawGL, 491
05-11 14:00:07.713  2628  2628 E webkit_native_draw_history: drawGL, 549
05-11 14:00:07.713  2628  2628 E webkit_native_draw_history: extras: 3
05-11 14:00:07.713  2628  2628 E webkit_native_draw_history: drawGL, 580
05-11 14:00:07.713  2628  2628 E webkit_native_draw_history: currentPictureCounter: 72
05-11 14:00:07.743  2628  2628 E webkit_native_draw_history: drawGL, 491
05-11 14:00:07.743  2628  2628 E webkit_native_draw_history: drawGL, 549
05-11 14:00:07.743  2628  2628 E webkit_native_draw_history: extras: 3
05-11 14:00:07.743  2628  2628 E webkit_native_draw_history: drawGL, 580
05-11 14:00:07.743  2628  2628 E webkit_native_draw_history: currentPictureCounter: 72
05-11 14:00:07.763  1262  1299 D SPRDENG : eng_atauto_thread: At Auto Report
05-11 14:00:07.763  1262  1299 D SPRDENG : eng_atauto_thread: eng_atautobuf=
05-11 14:00:07.763  1262  1299 D SPRDENG : +CSQ: 17,99
05-11 14:00:07.763  1262  1299 D SPRDENG : ; usb_fd=19
05-11 14:00:07.763  1262  1299 D SPRDENG : eng_atauto_thread: usb_status=1
05-11 14:00:07.763  1262  1299 D SPRDENG : eng_atauto_thread: write at auto report to PC
05-11 14:00:07.763  1535  1535 D StatusBar.NetworkControllerDualSIM: phone1:onSignalStrengthsChanged signalStrength=SignalStrength: 17 -1 -1 -1 -1 -1 -1 -1 -1 -1 -1 -1 gsm|lte level=4
05-11 14:00:07.773  2156  2156 I appservice.DMAppSvcBoardCastReceiver.onReceive: Received Intent Action android.intent.action.SIG_STR
05-11 14:00:07.773  2156  2156 I DMApplication: getApnReg Invoked0
05-11 14:00:07.783  2628  2628 E webkit_native_draw_history: drawGL, 491
05-11 14:00:07.783  2628  2628 E webkit_native_draw_history: drawGL, 549
05-11 14:00:07.783  2628  2628 E webkit_native_draw_history: extras: 3
05-11 14:00:07.783  2628  2628 E webkit_native_draw_history: drawGL, 580
05-11 14:00:07.783  2628  2628 E webkit_native_draw_history: currentPictureCounter: 72
05-11 14:00:07.813  2628  2628 E webkit_native_draw_history: setBaseLayer, 1737
05-11 14:00:07.813  2628  2628 E webkit_native_draw_history: setBaseLayer, 1744
05-11 14:00:07.813  2628  2628 E webkit_native_draw_history: m_glWebViewState->setBaseLayer
05-11 14:00:07.813  2628  2628 E webkit_native_draw_history: setBaseLayer, 1758
05-11 14:00:07.813  2628  2628 E webkit_native_draw_history: copyScrollPositionRecursive
05-11 14:00:07.813  2628  2628 E webkit_native_draw_history: compositeRoot, 1688
05-11 14:00:07.813  2628  2628 E webkit_native_draw_history: m_baseLayer->countChildren() == 1
05-11 14:00:07.813  2628  2628 E webkit_native_draw_history: compositeRoot, 1688
05-11 14:00:07.813  2628  2628 E webkit_native_draw_history: m_baseLayer->countChildren() == 1
05-11 14:00:07.813  2628  2628 V WebView:drawHistory: onDraw(), isHardwareAccelerated
05-11 14:00:07.813  2628  2628 V WebView:drawHistory: drawCoreAndCursorRing(): canvas.isHardwareAccelerated() draw
05-11 14:00:07.813  2628  2628 V WebView:drawHistory: drawCoreAndCursorRing(): canvas.isHardwareAccelerated() draw done!
05-11 14:00:07.813  2628  2628 E webkit_native_draw_history: drawGL, 491
05-11 14:00:07.813  2628  2628 E webkit_native_draw_history: drawGL, 549
05-11 14:00:07.813  2628  2628 E webkit_native_draw_history: extras: 3
05-11 14:00:07.813  2628  2628 E webkit_native_draw_history: drawGL, 580
05-11 14:00:07.813  2628  2628 E webkit_native_draw_history: currentPictureCounter: 72
05-11 14:00:07.843  2628  2628 E webkit_native_draw_history: drawGL, 491
05-11 14:00:07.843  2628  2628 E webkit_native_draw_history: drawGL, 549
05-11 14:00:07.843  2628  2628 E webkit_native_draw_history: extras: 3
05-11 14:00:07.843  2628  2628 E webkit_native_draw_history: drawGL, 580
05-11 14:00:07.843  2628  2628 E webkit_native_draw_history: currentPictureCounter: 72
05-11 14:00:07.883  2628  2628 E webkit_native_draw_history: setBaseLayer, 1737
05-11 14:00:07.883  2628  2628 E webkit_native_draw_history: setBaseLayer, 1744
05-11 14:00:07.883  2628  2628 E webkit_native_draw_history: m_glWebViewState->setBaseLayer
05-11 14:00:07.883  2628  2628 E webkit_native_draw_history: setBaseLayer, 1758
05-11 14:00:07.883  2628  2628 E webkit_native_draw_history: copyScrollPositionRecursive
05-11 14:00:07.883  2628  2628 E webkit_native_draw_history: compositeRoot, 1688
05-11 14:00:07.883  2628  2628 E webkit_native_draw_history: m_baseLayer->countChildren() == 1
05-11 14:00:07.883  2628  2628 E webkit_native_draw_history: compositeRoot, 1688
05-11 14:00:07.883  2628  2628 E webkit_native_draw_history: m_baseLayer->countChildren() == 1
05-11 14:00:07.883  2628  2628 V WebView:drawHistory: onDraw(), isHardwareAccelerated
05-11 14:00:07.883  2628  2628 V WebView:drawHistory: drawCoreAndCursorRing(): canvas.isHardwareAccelerated() draw
05-11 14:00:07.883  2628  2628 V WebView:drawHistory: drawCoreAndCursorRing(): canvas.isHardwareAccelerated() draw done!
05-11 14:00:07.883  2628  2628 E webkit_native_draw_history: drawGL, 491
05-11 14:00:07.883  2628  2628 E webkit_native_draw_history: drawGL, 549
05-11 14:00:07.883  2628  2628 E webkit_native_draw_history: extras: 3
05-11 14:00:07.883  2628  2628 E webkit_native_draw_history: drawGL, 580
05-11 14:00:07.883  2628  2628 E webkit_native_draw_history: currentPictureCounter: 72
05-11 14:00:07.913  2628  2628 E webkit_native_draw_history: setBaseLayer, 1737
05-11 14:00:07.913  2628  2628 E webkit_native_draw_history: setBaseLayer, 1744
05-11 14:00:07.913  2628  2628 E webkit_native_draw_history: m_glWebViewState->setBaseLayer
05-11 14:00:07.913  2628  2628 E webkit_native_draw_history: setBaseLayer, 1758
05-11 14:00:07.913  2628  2628 E webkit_native_draw_history: copyScrollPositionRecursive
05-11 14:00:07.913  2628  2628 E webkit_native_draw_history: compositeRoot, 1688
05-11 14:00:07.913  2628  2628 E webkit_native_draw_history: m_baseLayer->countChildren() == 1
05-11 14:00:07.913  2628  2628 E webkit_native_draw_history: compositeRoot, 1688
05-11 14:00:07.913  2628  2628 E webkit_native_draw_history: m_baseLayer->countChildren() == 1
05-11 14:00:07.913  2628  2628 V WebView:drawHistory: onDraw(), isHardwareAccelerated
05-11 14:00:07.913  2628  2628 V WebView:drawHistory: drawCoreAndCursorRing(): canvas.isHardwareAccelerated() draw
05-11 14:00:07.913  2628  2628 V WebView:drawHistory: drawCoreAndCursorRing(): canvas.isHardwareAccelerated() draw done!
05-11 14:00:07.913  2628  2628 E webkit_native_draw_history: drawGL, 491
05-11 14:00:07.913  2628  2628 E webkit_native_draw_history: drawGL, 549
05-11 14:00:07.913  2628  2628 E webkit_native_draw_history: extras: 3
05-11 14:00:07.913  2628  2628 E webkit_native_draw_history: drawGL, 580
05-11 14:00:07.913  2628  2628 E webkit_native_draw_history: currentPictureCounter: 72
05-11 14:00:07.943  2628  2628 E webkit_native_draw_history: setBaseLayer, 1737
05-11 14:00:07.943  2628  2628 E webkit_native_draw_history: setBaseLayer, 1744
05-11 14:00:07.943  2628  2628 E webkit_native_draw_history: m_glWebViewState->setBaseLayer
05-11 14:00:07.943  2628  2628 E webkit_native_draw_history: setBaseLayer, 1758
05-11 14:00:07.943  2628  2628 E webkit_native_draw_history: copyScrollPositionRecursive
05-11 14:00:07.943  2628  2628 E webkit_native_draw_history: compositeRoot, 1688
05-11 14:00:07.943  2628  2628 E webkit_native_draw_history: m_baseLayer->countChildren() == 1
05-11 14:00:07.943  2628  2628 E webkit_native_draw_history: compositeRoot, 1688
05-11 14:00:07.943  2628  2628 E webkit_native_draw_history: m_baseLayer->countChildren() == 1
05-11 14:00:07.943  2628  2628 V WebView:drawHistory: onDraw(), isHardwareAccelerated
05-11 14:00:07.943  2628  2628 V WebView:drawHistory: drawCoreAndCursorRing(): canvas.isHardwareAccelerated() draw
05-11 14:00:07.943  2628  2628 V WebView:drawHistory: drawCoreAndCursorRing(): canvas.isHardwareAccelerated() draw done!
05-11 14:00:07.953  2628  2628 E webkit_native_draw_history: drawGL, 491
05-11 14:00:07.953  2628  2628 E webkit_native_draw_history: drawGL, 549
05-11 14:00:07.953  2628  2628 E webkit_native_draw_history: extras: 3
05-11 14:00:07.953  2628  2628 E webkit_native_draw_history: drawGL, 580
05-11 14:00:07.953  2628  2628 E webkit_native_draw_history: currentPictureCounter: 72
05-11 14:00:07.973  2628  2628 E webkit_native_draw_history: drawGL, 491
05-11 14:00:07.973  2628  2628 E webkit_native_draw_history: drawGL, 549
05-11 14:00:07.973  2628  2628 E webkit_native_draw_history: extras: 3
05-11 14:00:07.973  2628  2628 E webkit_native_draw_history: drawGL, 580
05-11 14:00:07.973  2628  2628 E webkit_native_draw_history: currentPictureCounter: 72
05-11 14:00:08.013  2628  2628 E webkit_native_draw_history: drawGL, 491
05-11 14:00:08.013  2628  2628 E webkit_native_draw_history: drawGL, 549
05-11 14:00:08.013  2628  2628 E webkit_native_draw_history: extras: 3
05-11 14:00:08.013  2628  2628 E webkit_native_draw_history: drawGL, 580
05-11 14:00:08.013  2628  2628 E webkit_native_draw_history: currentPictureCounter: 72
05-11 14:00:08.043  2628  2628 E webkit_native_draw_history: drawGL, 491
05-11 14:00:08.043  2628  2628 E webkit_native_draw_history: drawGL, 549
05-11 14:00:08.043  2628  2628 E webkit_native_draw_history: extras: 3
05-11 14:00:08.043  2628  2628 E webkit_native_draw_history: drawGL, 580
05-11 14:00:08.043  2628  2628 E webkit_native_draw_history: currentPictureCounter: 72
05-11 14:00:08.083  2628  2628 E webkit_native_draw_history: drawGL, 491
05-11 14:00:08.083  2628  2628 E webkit_native_draw_history: drawGL, 549
05-11 14:00:08.083  2628  2628 E webkit_native_draw_history: extras: 3
05-11 14:00:08.083  2628  2628 E webkit_native_draw_history: drawGL, 580
05-11 14:00:08.083  2628  2628 E webkit_native_draw_history: currentPictureCounter: 72
05-11 14:00:08.113  2628  2628 E webkit_native_draw_history: drawGL, 491
05-11 14:00:08.113  2628  2628 E webkit_native_draw_history: drawGL, 549
05-11 14:00:08.113  2628  2628 E webkit_native_draw_history: extras: 3
05-11 14:00:08.113  2628  2628 E webkit_native_draw_history: drawGL, 580
05-11 14:00:08.113  2628  2628 E webkit_native_draw_history: currentPictureCounter: 72
05-11 14:00:08.143  2628  2628 E webkit_native_draw_history: drawGL, 491
05-11 14:00:08.143  2628  2628 E webkit_native_draw_history: drawGL, 549
05-11 14:00:08.143  2628  2628 E webkit_native_draw_history: extras: 3
05-11 14:00:08.143  2628  2628 E webkit_native_draw_history: drawGL, 580
05-11 14:00:08.143  2628  2628 E webkit_native_draw_history: currentPictureCounter: 72
05-11 14:00:08.173  2628  2628 E webkit_native_draw_history: drawGL, 491
05-11 14:00:08.173  2628  2628 E webkit_native_draw_history: drawGL, 549
05-11 14:00:08.173  2628  2628 E webkit_native_draw_history: extras: 3
05-11 14:00:08.173  2628  2628 E webkit_native_draw_history: drawGL, 580
05-11 14:00:08.173  2628  2628 E webkit_native_draw_history: currentPictureCounter: 72
05-11 14:00:08.213  2628  2628 E webkit_native_draw_history: drawGL, 491
05-11 14:00:08.213  2628  2628 E webkit_native_draw_history: drawGL, 549
05-11 14:00:08.213  2628  2628 E webkit_native_draw_history: extras: 3
05-11 14:00:08.213  2628  2628 E webkit_native_draw_history: drawGL, 580
05-11 14:00:08.213  2628  2628 E webkit_native_draw_history: currentPictureCounter: 72
05-11 14:00:08.243  2628  2628 E webkit_native_draw_history: drawGL, 491
05-11 14:00:08.243  2628  2628 E webkit_native_draw_history: drawGL, 549
05-11 14:00:08.243  2628  2628 E webkit_native_draw_history: extras: 3
05-11 14:00:08.243  2628  2628 E webkit_native_draw_history: drawGL, 580
05-11 14:00:08.243  2628  2628 E webkit_native_draw_history: currentPictureCounter: 72
05-11 14:00:08.283  2628  2628 E webkit_native_draw_history: drawGL, 491
05-11 14:00:08.283  2628  2628 E webkit_native_draw_history: drawGL, 549
05-11 14:00:08.283  2628  2628 E webkit_native_draw_history: extras: 3
05-11 14:00:08.283  2628  2628 E webkit_native_draw_history: drawGL, 580
05-11 14:00:08.283  2628  2628 E webkit_native_draw_history: currentPictureCounter: 72
05-11 14:00:08.313  2628  2628 E webkit_native_draw_history: drawGL, 491
05-11 14:00:08.313  2628  2628 E webkit_native_draw_history: drawGL, 549
05-11 14:00:08.313  2628  2628 E webkit_native_draw_history: extras: 3
05-11 14:00:08.313  2628  2628 E webkit_native_draw_history: drawGL, 580
05-11 14:00:08.313  2628  2628 E webkit_native_draw_history: currentPictureCounter: 72
05-11 14:00:08.343  2628  2628 E webkit_native_draw_history: drawGL, 491
05-11 14:00:08.343  2628  2628 E webkit_native_draw_history: drawGL, 549
05-11 14:00:08.343  2628  2628 E webkit_native_draw_history: extras: 3
05-11 14:00:08.343  2628  2628 E webkit_native_draw_history: drawGL, 580
05-11 14:00:08.343  2628  2628 E webkit_native_draw_history: currentPictureCounter: 72
05-11 14:00:08.373  2628  2628 E webkit_native_draw_history: drawGL, 491
05-11 14:00:08.373  2628  2628 E webkit_native_draw_history: drawGL, 549
05-11 14:00:08.373  2628  2628 E webkit_native_draw_history: extras: 3
05-11 14:00:08.373  2628  2628 E webkit_native_draw_history: drawGL, 580
05-11 14:00:08.373  2628  2628 E webkit_native_draw_history: currentPictureCounter: 72
05-11 14:00:08.413  2628  2628 E webkit_native_draw_history: drawGL, 491
05-11 14:00:08.413  2628  2628 E webkit_native_draw_history: drawGL, 549
05-11 14:00:08.413  2628  2628 E webkit_native_draw_history: extras: 3
05-11 14:00:08.413  2628  2628 E webkit_native_draw_history: drawGL, 580
05-11 14:00:08.413  2628  2628 E webkit_native_draw_history: currentPictureCounter: 72
05-11 14:00:08.433  2156  2156 I appservice.DMAppSvcBoardCastReceiver.onReceive: Received Intent Action android.intent.action.BATTERY_CHANGED
05-11 14:00:08.433  2156  2156 I DMApplication: getApnReg Invoked0
05-11 14:00:08.433  2156  2156 I appservice.DMAppSvcBoardCastReceiver.onReceive: Scale:100.0Level:5.0Temp:0.0
05-11 14:00:08.433  2156  2156 I appservice.DMAppSvcBoardCastReceiver.onReceive: Received Battary Level 5
05-11 14:00:08.453  2628  2628 E webkit_native_draw_history: drawGL, 491
05-11 14:00:08.453  2628  2628 E webkit_native_draw_history: drawGL, 549
05-11 14:00:08.453  2628  2628 E webkit_native_draw_history: extras: 3
05-11 14:00:08.453  2628  2628 E webkit_native_draw_history: drawGL, 580
05-11 14:00:08.453  2628  2628 E webkit_native_draw_history: currentPictureCounter: 72
05-11 14:00:08.453  1449  1463 D KeyguardUpdateMonitor: received broadcast android.intent.action.BATTERY_CHANGED
05-11 14:00:08.463  1449  1481 D KeyguardUpdateMonitor: handleBatteryUpdate
05-11 14:00:08.483  2628  2628 E webkit_native_draw_history: drawGL, 491
05-11 14:00:08.483  2628  2628 E webkit_native_draw_history: drawGL, 549
05-11 14:00:08.483  2628  2628 E webkit_native_draw_history: extras: 3
05-11 14:00:08.483  2628  2628 E webkit_native_draw_history: drawGL, 580
05-11 14:00:08.483  2628  2628 E webkit_native_draw_history: currentPictureCounter: 72
05-11 14:00:08.513  2628  2628 E webkit_native_draw_history: drawGL, 491
05-11 14:00:08.513  2628  2628 E webkit_native_draw_history: drawGL, 549
05-11 14:00:08.513  2628  2628 E webkit_native_draw_history: extras: 3
05-11 14:00:08.513  2628  2628 E webkit_native_draw_history: drawGL, 580
05-11 14:00:08.513  2628  2628 E webkit_native_draw_history: currentPictureCounter: 72
05-11 14:00:08.543  2628  2628 E webkit_native_draw_history: drawGL, 491
05-11 14:00:08.543  2628  2628 E webkit_native_draw_history: drawGL, 549
05-11 14:00:08.543  2628  2628 E webkit_native_draw_history: extras: 3
05-11 14:00:08.543  2628  2628 E webkit_native_draw_history: drawGL, 580
05-11 14:00:08.543  2628  2628 E webkit_native_draw_history: currentPictureCounter: 72
05-11 14:00:08.573  2628  2628 E webkit_native_draw_history: drawGL, 491
05-11 14:00:08.573  2628  2628 E webkit_native_draw_history: drawGL, 549
05-11 14:00:08.573  2628  2628 E webkit_native_draw_history: extras: 3
05-11 14:00:08.573  2628  2628 E webkit_native_draw_history: drawGL, 580
05-11 14:00:08.573  2628  2628 E webkit_native_draw_history: currentPictureCounter: 72
05-11 14:00:08.613  2628  2628 E webkit_native_draw_history: drawGL, 491
05-11 14:00:08.613  2628  2628 E webkit_native_draw_history: drawGL, 549
05-11 14:00:08.613  2628  2628 E webkit_native_draw_history: extras: 3
05-11 14:00:08.613  2628  2628 E webkit_native_draw_history: drawGL, 580
05-11 14:00:08.613  2628  2628 E webkit_native_draw_history: currentPictureCounter: 72
05-11 14:00:08.643  2628  2628 E webkit_native_draw_history: drawGL, 491
05-11 14:00:08.643  2628  2628 E webkit_native_draw_history: drawGL, 549
05-11 14:00:08.643  2628  2628 E webkit_native_draw_history: extras: 3
05-11 14:00:08.643  2628  2628 E webkit_native_draw_history: drawGL, 580
05-11 14:00:08.643  2628  2628 E webkit_native_draw_history: currentPictureCounter: 72
05-11 14:00:08.683  2628  2628 E webkit_native_draw_history: drawGL, 491
05-11 14:00:08.683  2628  2628 E webkit_native_draw_history: drawGL, 549
05-11 14:00:08.683  2628  2628 E webkit_native_draw_history: extras: 3
05-11 14:00:08.683  2628  2628 E webkit_native_draw_history: drawGL, 580
05-11 14:00:08.683  2628  2628 E webkit_native_draw_history: currentPictureCounter: 72
05-11 14:00:08.683  1535  1535 D StatusBar.NetworkControllerDualSIM: phone1:onDataActivity: direction=0
05-11 14:00:08.713  2628  2628 E webkit_native_draw_history: drawGL, 491
05-11 14:00:08.713  2628  2628 E webkit_native_draw_history: drawGL, 549
05-11 14:00:08.713  2628  2628 E webkit_native_draw_history: extras: 3
05-11 14:00:08.713  2628  2628 E webkit_native_draw_history: drawGL, 580
05-11 14:00:08.713  2628  2628 E webkit_native_draw_history: currentPictureCounter: 72
05-11 14:00:08.743  2628  2628 E webkit_native_draw_history: drawGL, 491
05-11 14:00:08.743  2628  2628 E webkit_native_draw_history: drawGL, 549
05-11 14:00:08.743  2628  2628 E webkit_native_draw_history: extras: 3
05-11 14:00:08.743  2628  2628 E webkit_native_draw_history: drawGL, 580
05-11 14:00:08.743  2628  2628 E webkit_native_draw_history: currentPictureCounter: 72
05-11 14:00:08.763  1262  1299 D SPRDENG : eng_atauto_thread: At Auto Report
05-11 14:00:08.763  1262  1299 D SPRDENG : eng_atauto_thread: eng_atautobuf=
05-11 14:00:08.763  1262  1299 D SPRDENG : +CSQ: 18,99
05-11 14:00:08.763  1262  1299 D SPRDENG : ; usb_fd=19
05-11 14:00:08.763  1262  1299 D SPRDENG : eng_atauto_thread: usb_status=1
05-11 14:00:08.763  1262  1299 D SPRDENG : eng_atauto_thread: write at auto report to PC
05-11 14:00:08.763  1535  1535 D StatusBar.NetworkControllerDualSIM: phone1:onSignalStrengthsChanged signalStrength=SignalStrength: 18 -1 -1 -1 -1 -1 -1 -1 -1 -1 -1 -1 gsm|lte level=4
05-11 14:00:08.773  2156  2156 I appservice.DMAppSvcBoardCastReceiver.onReceive: Received Intent Action android.intent.action.SIG_STR
05-11 14:00:08.773  2156  2156 I DMApplication: getApnReg Invoked0
05-11 14:00:08.773  2628  2628 E webkit_native_draw_history: drawGL, 491
05-11 14:00:08.773  2628  2628 E webkit_native_draw_history: drawGL, 549
05-11 14:00:08.773  2628  2628 E webkit_native_draw_history: extras: 3
05-11 14:00:08.773  2628  2628 E webkit_native_draw_history: drawGL, 580
05-11 14:00:08.773  2628  2628 E webkit_native_draw_history: currentPictureCounter: 72
05-11 14:00:08.813  2628  2628 E webkit_native_draw_history: drawGL, 491
05-11 14:00:08.813  2628  2628 E webkit_native_draw_history: drawGL, 549
05-11 14:00:08.813  2628  2628 E webkit_native_draw_history: extras: 3
05-11 14:00:08.813  2628  2628 E webkit_native_draw_history: drawGL, 580
05-11 14:00:08.813  2628  2628 E webkit_native_draw_history: currentPictureCounter: 72
05-11 14:00:08.843  2628  2628 E webkit_native_draw_history: drawGL, 491
05-11 14:00:08.843  2628  2628 E webkit_native_draw_history: drawGL, 549
05-11 14:00:08.843  2628  2628 E webkit_native_draw_history: extras: 3
05-11 14:00:08.843  2628  2628 E webkit_native_draw_history: drawGL, 580
05-11 14:00:08.843  2628  2628 E webkit_native_draw_history: currentPictureCounter: 72
05-11 14:00:08.873  2628  2628 E webkit_native_draw_history: drawGL, 491
05-11 14:00:08.873  2628  2628 E webkit_native_draw_history: drawGL, 549
05-11 14:00:08.873  2628  2628 E webkit_native_draw_history: extras: 3
05-11 14:00:08.873  2628  2628 E webkit_native_draw_history: drawGL, 580
05-11 14:00:08.873  2628  2628 E webkit_native_draw_history: currentPictureCounter: 72
05-11 14:00:08.913  2628  2628 E webkit_native_draw_history: drawGL, 491
05-11 14:00:08.913  2628  2628 E webkit_native_draw_history: drawGL, 549
05-11 14:00:08.913  2628  2628 E webkit_native_draw_history: extras: 3
05-11 14:00:08.913  2628  2628 E webkit_native_draw_history: drawGL, 580
05-11 14:00:08.913  2628  2628 E webkit_native_draw_history: currentPictureCounter: 72
05-11 14:00:08.943  2628  2628 E webkit_native_draw_history: drawGL, 491
05-11 14:00:08.943  2628  2628 E webkit_native_draw_history: drawGL, 549
05-11 14:00:08.943  2628  2628 E webkit_native_draw_history: extras: 3
05-11 14:00:08.943  2628  2628 E webkit_native_draw_history: drawGL, 580
05-11 14:00:08.943  2628  2628 E webkit_native_draw_history: currentPictureCounter: 72
05-11 14:00:08.973  2628  2628 E webkit_native_draw_history: drawGL, 491
05-11 14:00:08.973  2628  2628 E webkit_native_draw_history: drawGL, 549
05-11 14:00:08.973  2628  2628 E webkit_native_draw_history: extras: 3
05-11 14:00:08.973  2628  2628 E webkit_native_draw_history: drawGL, 580
05-11 14:00:08.973  2628  2628 E webkit_native_draw_history: currentPictureCounter: 72
05-11 14:00:09.013  2628  2628 E webkit_native_draw_history: drawGL, 491
05-11 14:00:09.013  2628  2628 E webkit_native_draw_history: drawGL, 549
05-11 14:00:09.013  2628  2628 E webkit_native_draw_history: extras: 3
05-11 14:00:09.013  2628  2628 E webkit_native_draw_history: drawGL, 580
05-11 14:00:09.013  2628  2628 E webkit_native_draw_history: currentPictureCounter: 72
05-11 14:00:09.043  2628  2628 E webkit_native_draw_history: drawGL, 491
05-11 14:00:09.043  2628  2628 E webkit_native_draw_history: drawGL, 549
05-11 14:00:09.043  2628  2628 E webkit_native_draw_history: extras: 3
05-11 14:00:09.043  2628  2628 E webkit_native_draw_history: drawGL, 580
05-11 14:00:09.043  2628  2628 E webkit_native_draw_history: currentPictureCounter: 72
05-11 14:00:09.073  2628  2628 E webkit_native_draw_history: drawGL, 491
05-11 14:00:09.073  2628  2628 E webkit_native_draw_history: drawGL, 549
05-11 14:00:09.073  2628  2628 E webkit_native_draw_history: extras: 3
05-11 14:00:09.073  2628  2628 E webkit_native_draw_history: drawGL, 580
05-11 14:00:09.073  2628  2628 E webkit_native_draw_history: currentPictureCounter: 72
05-11 14:00:09.113  2628  2628 E webkit_native_draw_history: drawGL, 491
05-11 14:00:09.113  2628  2628 E webkit_native_draw_history: drawGL, 549
05-11 14:00:09.113  2628  2628 E webkit_native_draw_history: extras: 3
05-11 14:00:09.113  2628  2628 E webkit_native_draw_history: drawGL, 580
05-11 14:00:09.113  2628  2628 E webkit_native_draw_history: currentPictureCounter: 72
05-11 14:00:09.143  2628  2628 E webkit_native_draw_history: drawGL, 491
05-11 14:00:09.143  2628  2628 E webkit_native_draw_history: drawGL, 549
05-11 14:00:09.143  2628  2628 E webkit_native_draw_history: extras: 3
05-11 14:00:09.143  2628  2628 E webkit_native_draw_history: drawGL, 580
05-11 14:00:09.143  2628  2628 E webkit_native_draw_history: currentPictureCounter: 72
05-11 14:00:09.173  2628  2628 E webkit_native_draw_history: drawGL, 491
05-11 14:00:09.173  2628  2628 E webkit_native_draw_history: drawGL, 549
05-11 14:00:09.173  2628  2628 E webkit_native_draw_history: extras: 3
05-11 14:00:09.173  2628  2628 E webkit_native_draw_history: drawGL, 580
05-11 14:00:09.173  2628  2628 E webkit_native_draw_history: currentPictureCounter: 72
05-11 14:00:09.213  2628  2628 E webkit_native_draw_history: drawGL, 491
05-11 14:00:09.213  2628  2628 E webkit_native_draw_history: drawGL, 549
05-11 14:00:09.213  2628  2628 E webkit_native_draw_history: extras: 3
05-11 14:00:09.213  2628  2628 E webkit_native_draw_history: drawGL, 580
05-11 14:00:09.213  2628  2628 E webkit_native_draw_history: currentPictureCounter: 72
05-11 14:00:09.243  2628  2628 E webkit_native_draw_history: drawGL, 491
05-11 14:00:09.243  2628  2628 E webkit_native_draw_history: drawGL, 549
05-11 14:00:09.243  2628  2628 E webkit_native_draw_history: extras: 3
05-11 14:00:09.243  2628  2628 E webkit_native_draw_history: drawGL, 580
05-11 14:00:09.243  2628  2628 E webkit_native_draw_history: currentPictureCounter: 72
05-11 14:00:09.273  2628  2628 E webkit_native_draw_history: drawGL, 491
05-11 14:00:09.273  2628  2628 E webkit_native_draw_history: drawGL, 549
05-11 14:00:09.273  2628  2628 E webkit_native_draw_history: extras: 3
05-11 14:00:09.273  2628  2628 E webkit_native_draw_history: drawGL, 580
05-11 14:00:09.273  2628  2628 E webkit_native_draw_history: currentPictureCounter: 72
05-11 14:00:09.313  2628  2628 E webkit_native_draw_history: drawGL, 491
05-11 14:00:09.313  2628  2628 E webkit_native_draw_history: drawGL, 549
05-11 14:00:09.313  2628  2628 E webkit_native_draw_history: extras: 3
05-11 14:00:09.313  2628  2628 E webkit_native_draw_history: drawGL, 580
05-11 14:00:09.313  2628  2628 E webkit_native_draw_history: currentPictureCounter: 72
05-11 14:00:09.343  2628  2628 E webkit_native_draw_history: drawGL, 491
05-11 14:00:09.343  2628  2628 E webkit_native_draw_history: drawGL, 549
05-11 14:00:09.343  2628  2628 E webkit_native_draw_history: extras: 3
05-11 14:00:09.343  2628  2628 E webkit_native_draw_history: drawGL, 580
05-11 14:00:09.343  2628  2628 E webkit_native_draw_history: currentPictureCounter: 72
05-11 14:00:09.363  1262  1299 D SPRDENG : eng_atauto_thread: At Auto Report
05-11 14:00:09.363  1262  1299 D SPRDENG : eng_atauto_thread: eng_atautobuf=
05-11 14:00:09.363  1262  1299 D SPRDENG : +CSQ: 17,99
05-11 14:00:09.363  1262  1299 D SPRDENG : ; usb_fd=19
05-11 14:00:09.363  1262  1299 D SPRDENG : eng_atauto_thread: usb_status=1
05-11 14:00:09.363  1262  1299 D SPRDENG : eng_atauto_thread: write at auto report to PC
05-11 14:00:09.363  1535  1535 D StatusBar.NetworkControllerDualSIM: phone1:onSignalStrengthsChanged signalStrength=SignalStrength: 17 -1 -1 -1 -1 -1 -1 -1 -1 -1 -1 -1 gsm|lte level=4
