--------- beginning of /dev/log/main
05-11 14:00:04.623  1262  1299 D SPRDENG : eng_atauto_thread: At Auto Report
05-11 14:00:04.623  1262  1299 D SPRDENG : eng_atauto_thread: eng_atautobuf=
05-11 14:00:04.623  1262  1299 D SPRDENG : +CSQ: 18,99
05-11 14:00:04.623  1262  1299 D SPRDENG : ; usb_fd=19
05-11 14:00:04.623  1262  1299 D SPRDENG : eng_atauto_thread: usb_status=1
05-11 14:00:04.623  1262  1299 D SPRDENG : eng_atauto_thread: write at auto report to PC
05-11 14:00:04.623  2156  2156 I appservice.DMAppSvcBoardCastReceiver.onReceive: Received Intent Action android.intent.action.SIG_STR
05-11 14:00:04.623  2156  2156 I DMApplication: getApnReg Invoked0
--------- beginning of /dev/log/system
05-11 14:00:04.623  1535  1535 D StatusBar.NetworkControllerDualSIM: phone1:onSignalStrengthsChanged signalStrength=SignalStrength: 18 -1 -1 -1 -1 -1 -1 -1 -1 -1 -1 -1 gsm|lte level=4
05-11 14:00:04.653  1535  1535 D StatusBar.NetworkControllerDualSIM: phone1:onDataActivity: direction=0
05-11 14:00:04.663  2628  2628 V Controller: enter onBackKey()
05-11 14:00:04.663  2628  2628 V Controller: enter onBackKey(), ui check done
05-11 14:00:04.663  2628  2628 V Controller: enter onBackKey(), goBackOnePageOrQuit()
05-11 14:00:04.663  2628  2628 V Controller: enter goBackOnePageOrQuit()
05-11 14:00:04.663  2628  2628 V Tab     : enter canGoBack()
05-11 14:00:04.663  2628  2628 V Controller: enter goBackOnePageOrQuit(), current.goBack()
05-11 14:00:04.663  2628  2628 V Tab     : enter goBack()
05-11 14:00:04.663  2628  2653 E WebCoreFrameBridge: GoBackOrForward, 1819
05-11 14:00:04.663  2628  2653 E WebCoreFrameBridge: updateHistoryIndex, 732
05-11 14:00:04.663  2628  2653 E WebCoreFrameBridge: loadStarted, 592
05-11 14:00:04.663  2628  2653 E WebCoreFrameBridge: setProgress, 786
05-11 14:00:04.673  2628  2628 V Tab     : enter onPageStarted()
05-11 14:00:04.673  2628  2628 V Controller: enter onPageStarted()
05-11 14:00:04.673  2628  2628 V NetworkStateHandler: enter isNetworkUp(): true
05-11 14:00:04.673  2628  2628 V Tab     : enter isSnapshot()
05-11 14:00:04.673  2628  2628 V Tab     : enter updateBookmarkedStatus()
05-11 14:00:04.673  2628  2628 V Tab     : enter onProgressChanged(): 10
05-11 14:00:04.693  2628  2653 E WebCoreFrameBridge: transitionToCommitted, 654
05-11 14:00:04.703  2628  2653 E WebCoreFrameBridge: GetShouldStartScrolledRight, 2258
05-11 14:00:04.703  2628  2653 E WebCoreFrameBridge: setTitle, 745
05-11 14:00:04.823  2628  2628 V WebView:drawHistory: onDraw(), isHardwareAccelerated
05-11 14:00:04.823  2628  2628 V WebView:drawHistory: drawCoreAndCursorRing(): canvas.isHardwareAccelerated() draw
05-11 14:00:04.823  2628  2628 V WebView:drawHistory: drawCoreAndCursorRing(): canvas.isHardwareAccelerated() draw done!
05-11 14:00:04.823  2628  2628 E webkit_native_draw_history: drawGL, 491
05-11 14:00:04.833  2628  2628 E webkit_native_draw_history: drawGL, 549
05-11 14:00:04.833  2628  2628 E webkit_native_draw_history: extras: 3
05-11 14:00:04.833  2628  2628 E webkit_native_draw_history: drawGL, 580
05-11 14:00:04.833  2628  2628 E webkit_native_draw_history: currentPictureCounter: 71
05-11 14:00:04.843  2628  2628 V Tab     : enter onReceivedTitle()
05-11 14:00:04.843  2628  2628 V Controller: enter onReceivedTitle()
05-11 14:00:04.853  2628  2628 V Tab     : enter isSnapshot()
05-11 14:00:04.853  2628  2628 V WebView:drawHistory: onDraw(), isHardwareAccelerated
05-11 14:00:04.853  2628  2628 V WebView:drawHistory: drawCoreAndCursorRing(): canvas.isHardwareAccelerated() draw
05-11 14:00:04.853  2628  2628 V WebView:drawHistory: drawCoreAndCursorRing(): canvas.isHardwareAccelerated() draw done!
05-11 14:00:04.883  2628  2628 E webkit_native_draw_history: drawGL, 491
05-11 14:00:04.883  2628  2628 E webkit_native_draw_history: drawGL, 549
05-11 14:00:04.883  2628  2628 E webkit_native_draw_history: extras: 3
05-11 14:00:04.883  2628  2628 E webkit_native_draw_history: drawGL, 580
05-11 14:00:04.883  2628  2628 E webkit_native_draw_history: currentPictureCounter: 71
05-11 14:00:04.883  2628  2628 V WebView:drawHistory: onDraw(), isHardwareAccelerated
05-11 14:00:04.893  2628  2628 V WebView:drawHistory: drawCoreAndCursorRing(): canvas.isHardwareAccelerated() draw
05-11 14:00:04.893  2628  2628 V WebView:drawHistory: drawCoreAndCursorRing(): canvas.isHardwareAccelerated() draw done!
05-11 14:00:04.893  2628  2628 E webkit_native_draw_history: drawGL, 491
05-11 14:00:04.893  2628  2628 E webkit_native_draw_history: drawGL, 549
05-11 14:00:04.893  2628  2628 E webkit_native_draw_history: extras: 3
05-11 14:00:04.893  2628  2628 E webkit_native_draw_history: drawGL, 580
05-11 14:00:04.893  2628  2628 E webkit_native_draw_history: currentPictureCounter: 71
05-11 14:00:04.903  2628  2628 V WebView:drawHistory: onDraw(), isHardwareAccelerated
05-11 14:00:04.903  2628  2630 D dalvikvm: GC_CONCURRENT freed 529K, 7% free 11139K/11911K, paused 3ms+4ms
05-11 14:00:04.903  2628  2628 V WebView:drawHistory: drawCoreAndCursorRing(): canvas.isHardwareAccelerated() draw
05-11 14:00:04.913  2628  2628 V WebView:drawHistory: drawCoreAndCursorRing(): canvas.isHardwareAccelerated() draw done!
05-11 14:00:04.913  2628  2628 E webkit_native_draw_history: drawGL, 491
05-11 14:00:04.913  2628  2628 E webkit_native_draw_history: drawGL, 549
05-11 14:00:04.913  2628  2628 E webkit_native_draw_history: extras: 3
05-11 14:00:04.913  2628  2628 E webkit_native_draw_history: drawGL, 580
05-11 14:00:04.913  2628  2628 E webkit_native_draw_history: currentPictureCounter: 71
05-11 14:00:04.923  2628  2628 V WebView:drawHistory: onDraw(), isHardwareAccelerated
05-11 14:00:04.933  2628  2628 V WebView:drawHistory: drawCoreAndCursorRing(): canvas.isHardwareAccelerated() draw
05-11 14:00:04.933  2628  2628 V WebView:drawHistory: drawCoreAndCursorRing(): canvas.isHardwareAccelerated() draw done!
05-11 14:00:04.933  2628  2628 E webkit_native_draw_history: drawGL, 491
05-11 14:00:04.933  2628  2628 E webkit_native_draw_history: drawGL, 549
05-11 14:00:04.933  2628  2628 E webkit_native_draw_history: extras: 3
05-11 14:00:04.933  2628  2628 E webkit_native_draw_history: drawGL, 580
05-11 14:00:04.933  2628  2628 E webkit_native_draw_history: currentPictureCounter: 71
05-11 14:00:04.943  2628  2628 V WebView:drawHistory: onDraw(), isHardwareAccelerated
05-11 14:00:04.943  2628  2628 V WebView:drawHistory: drawCoreAndCursorRing(): canvas.isHardwareAccelerated() draw
05-11 14:00:04.943  2628  2628 V WebView:drawHistory: drawCoreAndCursorRing(): canvas.isHardwareAccelerated() draw done!
05-11 14:00:04.943  2628  2628 E webkit_native_draw_history: drawGL, 491
05-11 14:00:04.943  2628  2628 E webkit_native_draw_history: drawGL, 549
05-11 14:00:04.943  2628  2628 E webkit_native_draw_history: extras: 3
05-11 14:00:04.943  2628  2628 E webkit_native_draw_history: drawGL, 580
05-11 14:00:04.943  2628  2628 E webkit_native_draw_history: currentPictureCounter: 71




05-11 14:00:04.953  2628  2653 E WebCoreFrameBridge: didFinishLoad, 673
05-11 14:00:04.953  2628  2653 E WebCoreFrameBridge: setProgress, 786
05-11 14:00:04.963  2628  2628 V WebView:drawHistory: switchOutDrawHistory()
05-11 14:00:04.963  2628  2628 V Tab     : enter onPageFinished()
05-11 14:00:04.963  2628  2628 V Tab     : enter syncCurrentState()
05-11 14:00:04.963  2628  2628 V Controller: enter onPageFinished()
05-11 14:00:04.973  2628  2628 V Tab     : enter isSnapshot()
05-11 14:00:04.983  2628  2628 V Tab     : enter isSnapshot()
05-11 14:00:04.983  2628  2628 V Tab     : enter onProgressChanged(): 100

JR: load complete


05-11 14:00:04.983  2628  2628 V WebView:drawHistory: switchOutDrawHistory()
05-11 14:00:05.103  2628  2628 V WebView:drawHistory: onDraw(), isHardwareAccelerated
05-11 14:00:05.103  2628  2628 V WebView:drawHistory: drawCoreAndCursorRing(): canvas.isHardwareAccelerated() draw
05-11 14:00:05.103  2628  2628 V WebView:drawHistory: drawCoreAndCursorRing(): canvas.isHardwareAccelerated() draw done!
05-11 14:00:05.113  2628  2628 E webkit_native_draw_history: drawGL, 491
05-11 14:00:05.113  2628  2628 E webkit_native_draw_history: drawGL, 549
05-11 14:00:05.113  2628  2628 E webkit_native_draw_history: extras: 3
05-11 14:00:05.113  2628  2628 E webkit_native_draw_history: drawGL, 580
05-11 14:00:05.113  2628  2628 E webkit_native_draw_history: currentPictureCounter: 71
05-11 14:00:05.123  2628  2628 V WebView:drawHistory: onDraw(), isHardwareAccelerated
05-11 14:00:05.123  2628  2628 V WebView:drawHistory: drawCoreAndCursorRing(): canvas.isHardwareAccelerated() draw
05-11 14:00:05.123  2628  2628 V WebView:drawHistory: drawCoreAndCursorRing(): canvas.isHardwareAccelerated() draw done!
05-11 14:00:05.123  2628  2628 E webkit_native_draw_history: drawGL, 491
05-11 14:00:05.133  2628  2628 E webkit_native_draw_history: drawGL, 549
05-11 14:00:05.133  2628  2628 E webkit_native_draw_history: extras: 3
05-11 14:00:05.133  2628  2628 E webkit_native_draw_history: drawGL, 580
05-11 14:00:05.133  2628  2628 E webkit_native_draw_history: currentPictureCounter: 71
05-11 14:00:05.143  2628  2628 V WebView:drawHistory: onDraw(), isHardwareAccelerated
05-11 14:00:05.143  2628  2628 V WebView:drawHistory: drawCoreAndCursorRing(): canvas.isHardwareAccelerated() draw
05-11 14:00:05.153  2628  2628 V WebView:drawHistory: drawCoreAndCursorRing(): canvas.isHardwareAccelerated() draw done!
05-11 14:00:05.153  2628  2628 E webkit_native_draw_history: drawGL, 491
05-11 14:00:05.153  2628  2628 E webkit_native_draw_history: drawGL, 549
05-11 14:00:05.153  2628  2628 E webkit_native_draw_history: extras: 3
05-11 14:00:05.153  2628  2628 E webkit_native_draw_history: drawGL, 580
05-11 14:00:05.153  2628  2628 E webkit_native_draw_history: currentPictureCounter: 71
05-11 14:00:05.163  2628  2628 V WebView:drawHistory: onDraw(), isHardwareAccelerated
05-11 14:00:05.163  2628  2628 V WebView:drawHistory: drawCoreAndCursorRing(): canvas.isHardwareAccelerated() draw
05-11 14:00:05.163  2628  2628 V WebView:drawHistory: drawCoreAndCursorRing(): canvas.isHardwareAccelerated() draw done!
05-11 14:00:05.163  2628  2628 E webkit_native_draw_history: drawGL, 491
05-11 14:00:05.163  2628  2628 E webkit_native_draw_history: drawGL, 549
05-11 14:00:05.163  2628  2628 E webkit_native_draw_history: extras: 3
05-11 14:00:05.163  2628  2628 E webkit_native_draw_history: drawGL, 580
05-11 14:00:05.163  2628  2628 E webkit_native_draw_history: currentPictureCounter: 71
05-11 14:00:05.173  2628  2628 V WebView:drawHistory: onDraw(), isHardwareAccelerated
05-11 14:00:05.173  2628  2628 V WebView:drawHistory: drawCoreAndCursorRing(): canvas.isHardwareAccelerated() draw
05-11 14:00:05.173  2628  2628 V WebView:drawHistory: drawCoreAndCursorRing(): canvas.isHardwareAccelerated() draw done!
05-11 14:00:05.173  2628  2628 E webkit_native_draw_history: drawGL, 491
05-11 14:00:05.173  2628  2628 E webkit_native_draw_history: drawGL, 549
05-11 14:00:05.173  2628  2628 E webkit_native_draw_history: extras: 3
05-11 14:00:05.173  2628  2628 E webkit_native_draw_history: drawGL, 580
05-11 14:00:05.183  2628  2628 E webkit_native_draw_history: currentPictureCounter: 71



05-11 14:00:05.183  2628  2628 V Controller: enter onSaveInstanceState()
05-11 14:00:05.193  2628  2628 V TabControl: enter saveState()
05-11 14:00:05.193  2628  2628 V Tab     : enter saveState()
05-11 14:00:05.203  2628  2628 V WebView:drawHistory: onDraw(), isHardwareAccelerated
05-11 14:00:05.203  2628  2628 V WebView:drawHistory: drawCoreAndCursorRing(): canvas.isHardwareAccelerated() draw
05-11 14:00:05.203  2628  2628 V WebView:drawHistory: drawCoreAndCursorRing(): canvas.isHardwareAccelerated() draw done!
05-11 14:00:05.203  2628  2628 E webkit_native_draw_history: drawGL, 491
05-11 14:00:05.203  2628  2628 E webkit_native_draw_history: drawGL, 549
05-11 14:00:05.203  2628  2628 E webkit_native_draw_history: extras: 3
05-11 14:00:05.203  2628  2628 E webkit_native_draw_history: drawGL, 580
05-11 14:00:05.203  2628  2628 E webkit_native_draw_history: currentPictureCounter: 71
05-11 14:00:05.223  2628  2628 V WebView:drawHistory: onDraw(), isHardwareAccelerated
05-11 14:00:05.223  2628  2628 V WebView:drawHistory: drawCoreAndCursorRing(): canvas.isHardwareAccelerated() draw
05-11 14:00:05.223  2628  2628 V WebView:drawHistory: drawCoreAndCursorRing(): canvas.isHardwareAccelerated() draw done!
05-11 14:00:05.223  2628  2628 E webkit_native_draw_history: drawGL, 491
05-11 14:00:05.223  2628  2628 E webkit_native_draw_history: drawGL, 549
05-11 14:00:05.233  2628  2628 E webkit_native_draw_history: extras: 3
05-11 14:00:05.233  2628  2628 E webkit_native_draw_history: drawGL, 580
05-11 14:00:05.233  2628  2628 E webkit_native_draw_history: currentPictureCounter: 71
05-11 14:00:05.233  2628  2628 V WebView:drawHistory: onDraw(), isHardwareAccelerated
05-11 14:00:05.253  2628  2628 V WebView:drawHistory: drawCoreAndCursorRing(): canvas.isHardwareAccelerated() draw
05-11 14:00:05.253  2628  2628 V WebView:drawHistory: drawCoreAndCursorRing(): canvas.isHardwareAccelerated() draw done!
05-11 14:00:05.253  2628  2628 E webkit_native_draw_history: drawGL, 491
05-11 14:00:05.253  2628  2628 E webkit_native_draw_history: drawGL, 549
05-11 14:00:05.253  2628  2628 E webkit_native_draw_history: extras: 3
05-11 14:00:05.253  2628  2628 E webkit_native_draw_history: drawGL, 580
05-11 14:00:05.253  2628  2628 E webkit_native_draw_history: currentPictureCounter: 71
05-11 14:00:05.253  2628  2628 V WebView:drawHistory: onDraw(), isHardwareAccelerated
05-11 14:00:05.253  2628  2628 V WebView:drawHistory: drawCoreAndCursorRing(): canvas.isHardwareAccelerated() draw
05-11 14:00:05.253  2628  2628 V WebView:drawHistory: drawCoreAndCursorRing(): canvas.isHardwareAccelerated() draw done!
05-11 14:00:05.263  2628  2628 E webkit_native_draw_history: drawGL, 491
05-11 14:00:05.263  2628  2628 E webkit_native_draw_history: drawGL, 549
05-11 14:00:05.263  2628  2628 E webkit_native_draw_history: extras: 3
05-11 14:00:05.263  2628  2628 E webkit_native_draw_history: drawGL, 580
05-11 14:00:05.263  2628  2628 E webkit_native_draw_history: currentPictureCounter: 71

05-11 14:00:05.283  2628  2628 E webkit_native_draw_history: setBaseLayer, 1737
05-11 14:00:05.283  2628  2628 E webkit_native_draw_history: setBaseLayer, 1744
05-11 14:00:05.283  2628  2628 E webkit_native_draw_history: m_glWebViewState->setBaseLayer
05-11 14:00:05.283  2628  2628 E webkit_native_draw_history: setBaseLayer, 1758
05-11 14:00:05.283  2628  2628 E webkit_native_draw_history: copyScrollPositionRecursive
05-11 14:00:05.283  2628  2628 E webkit_native_draw_history: compositeRoot, 1696
05-11 14:00:05.283  2628  2628 E webkit_native_draw_history: m_baseLayer null or no children
05-11 14:00:05.283  2628  2628 E webkit_native_draw_history: compositeRoot, 1688
05-11 14:00:05.283  2628  2628 E webkit_native_draw_history: m_baseLayer->countChildren() == 1
05-11 14:00:05.283  2628  2628 E webkit_native_draw_history: compositeRoot, 1688
05-11 14:00:05.283  2628  2628 E webkit_native_draw_history: m_baseLayer->countChildren() == 1
05-11 14:00:05.283  2628  2628 V WebView:drawHistory: recordNewContentSize
05-11 14:00:05.283  2628  2628 V WebView:drawHistory: setNewPicture: for not mDrawHistory
05-11 14:00:05.283  2628  2628 V WebView:drawHistory: onDraw(), isHardwareAccelerated
05-11 14:00:05.283  2628  2628 V WebView:drawHistory: drawCoreAndCursorRing(): canvas.isHardwareAccelerated() draw
05-11 14:00:05.283  2628  2628 V WebView:drawHistory: drawCoreAndCursorRing(): canvas.isHardwareAccelerated() draw done!
05-11 14:00:05.293  2628  2628 E webkit_native_draw_history: drawGL, 491
05-11 14:00:05.293  2628  2628 E webkit_native_draw_history: drawGL, 549
05-11 14:00:05.293  2628  2628 E webkit_native_draw_history: extras: 3
05-11 14:00:05.293  2628  2628 E webkit_native_draw_history: drawGL, 580
05-11 14:00:05.293  2628  2628 E webkit_native_draw_history: currentPictureCounter: 72
05-11 14:00:05.293  2628  2653 E WebCoreFrameBridge: HasPasswordField, 2099
05-11 14:00:05.293  2628  2628 V WebView:drawHistory: onDraw(), isHardwareAccelerated
05-11 14:00:05.293  2628  2628 V WebView:drawHistory: drawCoreAndCursorRing(): canvas.isHardwareAccelerated() draw
05-11 14:00:05.303  2628  2628 V WebView:drawHistory: drawCoreAndCursorRing(): canvas.isHardwareAccelerated() draw done!
05-11 14:00:05.303  2628  2628 E webkit_native_draw_history: drawGL, 491
05-11 14:00:05.303  2628  2628 E webkit_native_draw_history: drawGL, 549
05-11 14:00:05.303  2628  2628 E webkit_native_draw_history: extras: 3
05-11 14:00:05.303  2628  2628 E webkit_native_draw_history: drawGL, 580
05-11 14:00:05.303  2628  2628 E webkit_native_draw_history: currentPictureCounter: 72
05-11 14:00:05.313  2628  2628 V WebView:drawHistory: onDraw(), isHardwareAccelerated
05-11 14:00:05.313  2628  2628 V WebView:drawHistory: drawCoreAndCursorRing(): canvas.isHardwareAccelerated() draw
05-11 14:00:05.313  2628  2628 V WebView:drawHistory: drawCoreAndCursorRing(): canvas.isHardwareAccelerated() draw done!
05-11 14:00:05.313  2628  2628 E webkit_native_draw_history: drawGL, 491
05-11 14:00:05.313  2628  2628 E webkit_native_draw_history: drawGL, 549
05-11 14:00:05.313  2628  2628 E webkit_native_draw_history: extras: 3
05-11 14:00:05.313  2628  2628 E webkit_native_draw_history: drawGL, 580
05-11 14:00:05.313  2628  2628 E webkit_native_draw_history: currentPictureCounter: 72
05-11 14:00:05.353  2628  2628 E webkit_native_draw_history: setBaseLayer, 1737
05-11 14:00:05.353  2628  2628 E webkit_native_draw_history: setBaseLayer, 1744
05-11 14:00:05.353  2628  2628 E webkit_native_draw_history: m_glWebViewState->setBaseLayer
05-11 14:00:05.353  2628  2628 E webkit_native_draw_history: setBaseLayer, 1758
05-11 14:00:05.353  2628  2628 E webkit_native_draw_history: copyScrollPositionRecursive
05-11 14:00:05.353  2628  2628 E webkit_native_draw_history: compositeRoot, 1688
05-11 14:00:05.353  2628  2628 E webkit_native_draw_history: m_baseLayer->countChildren() == 1
05-11 14:00:05.353  2628  2628 E webkit_native_draw_history: compositeRoot, 1688
05-11 14:00:05.353  2628  2628 E webkit_native_draw_history: m_baseLayer->countChildren() == 1
05-11 14:00:05.353  2628  2628 V WebView:drawHistory: onDraw(), isHardwareAccelerated
05-11 14:00:05.353  2628  2628 V WebView:drawHistory: drawCoreAndCursorRing(): canvas.isHardwareAccelerated() draw
05-11 14:00:05.353  2628  2628 V WebView:drawHistory: drawCoreAndCursorRing(): canvas.isHardwareAccelerated() draw done!
05-11 14:00:05.353  2628  2628 E webkit_native_draw_history: drawGL, 491
05-11 14:00:05.353  2628  2628 E webkit_native_draw_history: drawGL, 549
05-11 14:00:05.353  2628  2628 E webkit_native_draw_history: extras: 3
05-11 14:00:05.353  2628  2628 E webkit_native_draw_history: drawGL, 580
05-11 14:00:05.353  2628  2628 E webkit_native_draw_history: currentPictureCounter: 72
05-11 14:00:05.383  2628  2628 V WebView:drawHistory: onDraw(), isHardwareAccelerated
05-11 14:00:05.383  2628  2628 V WebView:drawHistory: drawCoreAndCursorRing(): canvas.isHardwareAccelerated() draw
05-11 14:00:05.383  2628  2628 V WebView:drawHistory: drawCoreAndCursorRing(): canvas.isHardwareAccelerated() draw done!
05-11 14:00:05.383  2628  2628 E webkit_native_draw_history: drawGL, 491
05-11 14:00:05.393  2628  2628 E webkit_native_draw_history: drawGL, 549
05-11 14:00:05.393  2628  2628 E webkit_native_draw_history: extras: 3
05-11 14:00:05.393  2628  2628 E webkit_native_draw_history: drawGL, 580
05-11 14:00:05.393  2628  2628 E webkit_native_draw_history: currentPictureCounter: 72
05-11 14:00:05.423  2628  2628 V Tab     : enter onQueryUrlIsBookmark()
05-11 14:00:05.423  2628  2628 V WebView:drawHistory: onDraw(), isHardwareAccelerated
05-11 14:00:05.423  2628  2628 V WebView:drawHistory: drawCoreAndCursorRing(): canvas.isHardwareAccelerated() draw
05-11 14:00:05.423  2628  2628 V WebView:drawHistory: drawCoreAndCursorRing(): canvas.isHardwareAccelerated() draw done!
05-11 14:00:05.423  2628  2628 E webkit_native_draw_history: drawGL, 491
05-11 14:00:05.423  2628  2628 E webkit_native_draw_history: drawGL, 549
05-11 14:00:05.423  2628  2628 E webkit_native_draw_history: extras: 3
05-11 14:00:05.423  2628  2628 E webkit_native_draw_history: drawGL, 580
05-11 14:00:05.423  2628  2628 E webkit_native_draw_history: currentPictureCounter: 72
05-11 14:00:05.433  2156  2156 I appservice.DMAppSvcBoardCastReceiver.onReceive: Received Intent Action android.intent.action.BATTERY_CHANGED
05-11 14:00:05.433  2156  2156 I DMApplication: getApnReg Invoked0
05-11 14:00:05.433  2156  2156 I appservice.DMAppSvcBoardCastReceiver.onReceive: Scale:100.0Level:5.0Temp:0.0
05-11 14:00:05.433  2156  2156 I appservice.DMAppSvcBoardCastReceiver.onReceive: Received Battary Level 5
05-11 14:00:05.433  1449  1463 D KeyguardUpdateMonitor: received broadcast android.intent.action.BATTERY_CHANGED
05-11 14:00:05.433  1449  1481 D KeyguardUpdateMonitor: handleBatteryUpdate
05-11 14:00:05.453  2628  2628 E webkit_native_draw_history: drawGL, 491
05-11 14:00:05.453  2628  2628 E webkit_native_draw_history: drawGL, 549
05-11 14:00:05.453  2628  2628 E webkit_native_draw_history: extras: 3
05-11 14:00:05.453  2628  2628 E webkit_native_draw_history: drawGL, 580
05-11 14:00:05.453  2628  2628 E webkit_native_draw_history: currentPictureCounter: 72


05-11 14:00:05.483  2628  2628 V Controller: enter updateScreenshot()
05-11 14:00:05.483  2628  2628 V Controller: enter createScreenshot() ??
05-11 14:00:05.483  2628  2628 V WebView:drawHistory: animateZoom !canvas.isHardwareAccelerated() ??


05-11 14:00:05.483  2628  2628 E webkit_native_draw_history: compositeRoot, 1688 ??
05-11 14:00:05.483  2628  2628 E webkit_native_draw_history: m_baseLayer->countChildren() == 1
05-11 14:00:05.483  2628  2628 V WebView:drawHistory: UIAnimationsRunning, !canvas.isHardwareAccelerated()


05-11 14:00:05.483  2628  2628 E webkit_native_draw_history: draw, 630
05-11 14:00:05.483  2628  2628 E webkit_native_draw_history: draw, 647
05-11 14:00:05.483  2628  2628 E webkit_native_draw_history: draw the content of the base layer first
05-11 14:00:05.503  2628  2628 E webkit_native_draw_history: draw, 663
05-11 14:00:05.503  2628  2628 E webkit_native_draw_history: after base layer content->draw()
05-11 14:00:05.503  2628  2628 E webkit_native_draw_history: draw, 678
05-11 14:00:05.503  2628  2628 E webkit_native_draw_history: extras: 3
05-11 14:00:05.503  2628  2628 E webkit_native_draw_history: draw, 706
05-11 14:00:05.503  2628  2628 E webkit_native_draw_history: get compositeLayer
05-11 14:00:05.503  2628  2628 E webkit_native_draw_history: compositeRoot, 1688
05-11 14:00:05.513  2628  2628 E webkit_native_draw_history: m_baseLayer->countChildren() == 1
05-11 14:00:05.513  2628  2628 E webkit_native_draw_history: draw, 715
05-11 14:00:05.513  2628  2628 E webkit_native_draw_history: got compositeLayer, m_baseLayer->draw().Be sure we've adjusted for any scrolling or animations before we actually draw
05-11 14:00:05.513  2628  2628 V WebView:drawHistory: onDraw(), isHardwareAccelerated
05-11 14:00:05.513  2628  2628 V WebView:drawHistory: drawCoreAndCursorRing(): canvas.isHardwareAccelerated() draw
05-11 14:00:05.513  2628  2628 V WebView:drawHistory: drawCoreAndCursorRing(): canvas.isHardwareAccelerated() draw done!
05-11 14:00:05.513  2628  2628 E webkit_native_draw_history: drawGL, 491
05-11 14:00:05.523  2628  2628 E webkit_native_draw_history: drawGL, 549
05-11 14:00:05.523  2628  2628 E webkit_native_draw_history: extras: 3
05-11 14:00:05.523  2628  2628 E webkit_native_draw_history: drawGL, 580
05-11 14:00:05.523  2628  2628 E webkit_native_draw_history: currentPictureCounter: 72
05-11 14:00:05.533  2628  2628 E webkit_native_draw_history: drawGL, 491
05-11 14:00:05.543  2628  2628 E webkit_native_draw_history: drawGL, 549
05-11 14:00:05.543  2628  2628 E webkit_native_draw_history: extras: 3
05-11 14:00:05.543  2628  2628 E webkit_native_draw_history: drawGL, 580
05-11 14:00:05.543  2628  2628 E webkit_native_draw_history: currentPictureCounter: 72
05-11 14:00:05.553  2628  2628 E webkit_native_draw_history: drawGL, 491
05-11 14:00:05.553  2628  2628 E webkit_native_draw_history: drawGL, 549
05-11 14:00:05.553  2628  2628 E webkit_native_draw_history: extras: 3
05-11 14:00:05.553  2628  2628 E webkit_native_draw_history: drawGL, 580
05-11 14:00:05.553  2628  2628 E webkit_native_draw_history: currentPictureCounter: 72
05-11 14:00:05.583  2628  2628 E webkit_native_draw_history: drawGL, 491
05-11 14:00:05.583  2628  2628 E webkit_native_draw_history: drawGL, 549
05-11 14:00:05.583  2628  2628 E webkit_native_draw_history: extras: 3
05-11 14:00:05.583  2628  2628 E webkit_native_draw_history: drawGL, 580
05-11 14:00:05.583  2628  2628 E webkit_native_draw_history: currentPictureCounter: 72
05-11 14:00:05.613  2628  2628 E webkit_native_draw_history: drawGL, 491
05-11 14:00:05.613  2628  2628 E webkit_native_draw_history: drawGL, 549
05-11 14:00:05.613  2628  2628 E webkit_native_draw_history: extras: 3
05-11 14:00:05.613  2628  2628 E webkit_native_draw_history: drawGL, 580
05-11 14:00:05.613  2628  2628 E webkit_native_draw_history: currentPictureCounter: 72
05-11 14:00:05.653  2628  2628 E webkit_native_draw_history: drawGL, 491
05-11 14:00:05.653  2628  2628 E webkit_native_draw_history: drawGL, 549
05-11 14:00:05.653  2628  2628 E webkit_native_draw_history: extras: 3
05-11 14:00:05.653  2628  2628 E webkit_native_draw_history: drawGL, 580
05-11 14:00:05.653  2628  2628 E webkit_native_draw_history: currentPictureCounter: 72
05-11 14:00:05.663  1535  1535 D StatusBar.NetworkControllerDualSIM: phone1:onDataActivity: direction=1
05-11 14:00:05.683  2628  2628 E webkit_native_draw_history: drawGL, 491
05-11 14:00:05.683  2628  2628 E webkit_native_draw_history: drawGL, 549
05-11 14:00:05.683  2628  2628 E webkit_native_draw_history: extras: 3
05-11 14:00:05.683  2628  2628 E webkit_native_draw_history: drawGL, 580
05-11 14:00:05.683  2628  2628 E webkit_native_draw_history: currentPictureCounter: 72
05-11 14:00:05.713  2628  2628 E webkit_native_draw_history: drawGL, 491
05-11 14:00:05.713  2628  2628 E webkit_native_draw_history: drawGL, 549
05-11 14:00:05.713  2628  2628 E webkit_native_draw_history: extras: 3
05-11 14:00:05.713  2628  2628 E webkit_native_draw_history: drawGL, 580
05-11 14:00:05.713  2628  2628 E webkit_native_draw_history: currentPictureCounter: 72
05-11 14:00:05.753  2628  2628 E webkit_native_draw_history: drawGL, 491
05-11 14:00:05.753  2628  2628 E webkit_native_draw_history: drawGL, 549
05-11 14:00:05.753  2628  2628 E webkit_native_draw_history: extras: 3
05-11 14:00:05.753  2628  2628 E webkit_native_draw_history: drawGL, 580
05-11 14:00:05.753  2628  2628 E webkit_native_draw_history: currentPictureCounter: 72
05-11 14:00:05.783  2628  2628 E webkit_native_draw_history: drawGL, 491
05-11 14:00:05.783  2628  2628 E webkit_native_draw_history: drawGL, 549
05-11 14:00:05.783  2628  2628 E webkit_native_draw_history: extras: 3
05-11 14:00:05.783  2628  2628 E webkit_native_draw_history: drawGL, 580
05-11 14:00:05.783  2628  2628 E webkit_native_draw_history: currentPictureCounter: 72
05-11 14:00:05.813  2628  2628 E webkit_native_draw_history: drawGL, 491
05-11 14:00:05.813  2628  2628 E webkit_native_draw_history: drawGL, 549
05-11 14:00:05.813  2628  2628 E webkit_native_draw_history: extras: 3
05-11 14:00:05.813  2628  2628 E webkit_native_draw_history: drawGL, 580
05-11 14:00:05.813  2628  2628 E webkit_native_draw_history: currentPictureCounter: 72
05-11 14:00:05.853  2628  2628 E webkit_native_draw_history: drawGL, 491
05-11 14:00:05.853  2628  2628 E webkit_native_draw_history: drawGL, 549
05-11 14:00:05.853  2628  2628 E webkit_native_draw_history: extras: 3
05-11 14:00:05.853  2628  2628 E webkit_native_draw_history: drawGL, 580
05-11 14:00:05.853  2628  2628 E webkit_native_draw_history: currentPictureCounter: 72
05-11 14:00:05.883  2628  2628 E webkit_native_draw_history: drawGL, 491
05-11 14:00:05.883  2628  2628 E webkit_native_draw_history: drawGL, 549
05-11 14:00:05.883  2628  2628 E webkit_native_draw_history: extras: 3
05-11 14:00:05.883  2628  2628 E webkit_native_draw_history: drawGL, 580
05-11 14:00:05.883  2628  2628 E webkit_native_draw_history: currentPictureCounter: 72
05-11 14:00:05.913  2628  2628 E webkit_native_draw_history: drawGL, 491
05-11 14:00:05.913  2628  2628 E webkit_native_draw_history: drawGL, 549
05-11 14:00:05.913  2628  2628 E webkit_native_draw_history: extras: 3
05-11 14:00:05.913  2628  2628 E webkit_native_draw_history: drawGL, 580
05-11 14:00:05.913  2628  2628 E webkit_native_draw_history: currentPictureCounter: 72
05-11 14:00:05.953  2628  2628 E webkit_native_draw_history: drawGL, 491
05-11 14:00:05.953  2628  2628 E webkit_native_draw_history: drawGL, 549
05-11 14:00:05.953  2628  2628 E webkit_native_draw_history: extras: 3
05-11 14:00:05.953  2628  2628 E webkit_native_draw_history: drawGL, 580
05-11 14:00:05.953  2628  2628 E webkit_native_draw_history: currentPictureCounter: 72
05-11 14:00:05.983  2628  2628 E webkit_native_draw_history: drawGL, 491
05-11 14:00:05.983  2628  2628 E webkit_native_draw_history: drawGL, 549
05-11 14:00:05.983  2628  2628 E webkit_native_draw_history: extras: 3
05-11 14:00:05.983  2628  2628 E webkit_native_draw_history: drawGL, 580
05-11 14:00:05.983  2628  2628 E webkit_native_draw_history: currentPictureCounter: 72
05-11 14:00:06.013  2628  2628 E webkit_native_draw_history: drawGL, 491
05-11 14:00:06.013  2628  2628 E webkit_native_draw_history: drawGL, 549
05-11 14:00:06.013  2628  2628 E webkit_native_draw_history: extras: 3
05-11 14:00:06.013  2628  2628 E webkit_native_draw_history: drawGL, 580
05-11 14:00:06.013  2628  2628 E webkit_native_draw_history: currentPictureCounter: 72
05-11 14:00:06.053  2628  2628 V WebView:drawHistory: onDraw(), isHardwareAccelerated
05-11 14:00:06.053  2628  2628 V WebView:drawHistory: drawCoreAndCursorRing(): canvas.isHardwareAccelerated() draw
05-11 14:00:06.053  2628  2628 V WebView:drawHistory: drawCoreAndCursorRing(): canvas.isHardwareAccelerated() draw done!
05-11 14:00:06.053  2628  2628 E webkit_native_draw_history: drawGL, 491
05-11 14:00:06.053  2628  2628 E webkit_native_draw_history: drawGL, 549
05-11 14:00:06.053  2628  2628 E webkit_native_draw_history: extras: 3
05-11 14:00:06.053  2628  2628 E webkit_native_draw_history: drawGL, 580
05-11 14:00:06.053  2628  2628 E webkit_native_draw_history: currentPictureCounter: 72
05-11 14:00:06.083  2628  2628 V WebView:drawHistory: onDraw(), isHardwareAccelerated
05-11 14:00:06.083  2628  2628 V WebView:drawHistory: drawCoreAndCursorRing(): canvas.isHardwareAccelerated() draw
05-11 14:00:06.083  2628  2628 V WebView:drawHistory: drawCoreAndCursorRing(): canvas.isHardwareAccelerated() draw done!
05-11 14:00:06.083  2628  2628 E webkit_native_draw_history: drawGL, 491
05-11 14:00:06.083  2628  2628 E webkit_native_draw_history: drawGL, 549
05-11 14:00:06.083  2628  2628 E webkit_native_draw_history: extras: 3
05-11 14:00:06.083  2628  2628 E webkit_native_draw_history: drawGL, 580
05-11 14:00:06.083  2628  2628 E webkit_native_draw_history: currentPictureCounter: 72
05-11 14:00:06.113  2628  2628 V WebView:drawHistory: onDraw(), isHardwareAccelerated
05-11 14:00:06.113  2628  2628 V WebView:drawHistory: drawCoreAndCursorRing(): canvas.isHardwareAccelerated() draw
05-11 14:00:06.113  2628  2628 V WebView:drawHistory: drawCoreAndCursorRing(): canvas.isHardwareAccelerated() draw done!
05-11 14:00:06.123  2628  2628 E webkit_native_draw_history: drawGL, 491
05-11 14:00:06.123  2628  2628 E webkit_native_draw_history: drawGL, 549
05-11 14:00:06.123  2628  2628 E webkit_native_draw_history: extras: 3
05-11 14:00:06.123  2628  2628 E webkit_native_draw_history: drawGL, 580
05-11 14:00:06.123  2628  2628 E webkit_native_draw_history: currentPictureCounter: 72
05-11 14:00:06.153  2628  2628 V WebView:drawHistory: onDraw(), isHardwareAccelerated
05-11 14:00:06.153  2628  2628 V WebView:drawHistory: drawCoreAndCursorRing(): canvas.isHardwareAccelerated() draw
05-11 14:00:06.153  2628  2628 V WebView:drawHistory: drawCoreAndCursorRing(): canvas.isHardwareAccelerated() draw done!
05-11 14:00:06.153  2628  2628 E webkit_native_draw_history: drawGL, 491
05-11 14:00:06.153  2628  2628 E webkit_native_draw_history: drawGL, 549
05-11 14:00:06.153  2628  2628 E webkit_native_draw_history: extras: 3
05-11 14:00:06.153  2628  2628 E webkit_native_draw_history: drawGL, 580
05-11 14:00:06.153  2628  2628 E webkit_native_draw_history: currentPictureCounter: 72
05-11 14:00:06.183  2628  2628 V WebView:drawHistory: onDraw(), isHardwareAccelerated
05-11 14:00:06.183  2628  2628 V WebView:drawHistory: drawCoreAndCursorRing(): canvas.isHardwareAccelerated() draw
05-11 14:00:06.183  2628  2628 V WebView:drawHistory: drawCoreAndCursorRing(): canvas.isHardwareAccelerated() draw done!
05-11 14:00:06.183  2628  2628 E webkit_native_draw_history: drawGL, 491
05-11 14:00:06.183  2628  2628 E webkit_native_draw_history: drawGL, 549
05-11 14:00:06.183  2628  2628 E webkit_native_draw_history: extras: 3
05-11 14:00:06.183  2628  2628 E webkit_native_draw_history: drawGL, 580
05-11 14:00:06.183  2628  2628 E webkit_native_draw_history: currentPictureCounter: 72
05-11 14:00:06.213  2628  2628 V WebView:drawHistory: onDraw(), isHardwareAccelerated
05-11 14:00:06.213  2628  2628 V WebView:drawHistory: drawCoreAndCursorRing(): canvas.isHardwareAccelerated() draw
05-11 14:00:06.213  2628  2628 V WebView:drawHistory: drawCoreAndCursorRing(): canvas.isHardwareAccelerated() draw done!
05-11 14:00:06.213  2628  2628 E webkit_native_draw_history: drawGL, 491
05-11 14:00:06.213  2628  2628 E webkit_native_draw_history: drawGL, 549
05-11 14:00:06.213  2628  2628 E webkit_native_draw_history: extras: 3
05-11 14:00:06.213  2628  2628 E webkit_native_draw_history: drawGL, 580
05-11 14:00:06.213  2628  2628 E webkit_native_draw_history: currentPictureCounter: 72
05-11 14:00:06.243  2628  2628 V WebView:drawHistory: onDraw(), isHardwareAccelerated
05-11 14:00:06.243  2628  2628 V WebView:drawHistory: drawCoreAndCursorRing(): canvas.isHardwareAccelerated() draw
05-11 14:00:06.243  2628  2628 V WebView:drawHistory: drawCoreAndCursorRing(): canvas.isHardwareAccelerated() draw done!
05-11 14:00:06.243  2628  2628 E webkit_native_draw_history: drawGL, 491
05-11 14:00:06.243  2628  2628 E webkit_native_draw_history: drawGL, 549
05-11 14:00:06.243  2628  2628 E webkit_native_draw_history: extras: 3
05-11 14:00:06.243  2628  2628 E webkit_native_draw_history: drawGL, 580
05-11 14:00:06.243  2628  2628 E webkit_native_draw_history: currentPictureCounter: 72
05-11 14:00:06.283  2628  2628 V WebView:drawHistory: onDraw(), isHardwareAccelerated
05-11 14:00:06.283  2628  2628 V WebView:drawHistory: drawCoreAndCursorRing(): canvas.isHardwareAccelerated() draw
05-11 14:00:06.283  2628  2628 V WebView:drawHistory: drawCoreAndCursorRing(): canvas.isHardwareAccelerated() draw done!
05-11 14:00:06.283  2628  2628 E webkit_native_draw_history: drawGL, 491
05-11 14:00:06.283  2628  2628 E webkit_native_draw_history: drawGL, 549
05-11 14:00:06.283  2628  2628 E webkit_native_draw_history: extras: 3
05-11 14:00:06.283  2628  2628 E webkit_native_draw_history: drawGL, 580
05-11 14:00:06.283  2628  2628 E webkit_native_draw_history: currentPictureCounter: 72
05-11 14:00:06.313  2628  2628 V WebView:drawHistory: onDraw(), isHardwareAccelerated
05-11 14:00:06.313  2628  2628 V WebView:drawHistory: drawCoreAndCursorRing(): canvas.isHardwareAccelerated() draw
05-11 14:00:06.313  2628  2628 V WebView:drawHistory: drawCoreAndCursorRing(): canvas.isHardwareAccelerated() draw done!
05-11 14:00:06.313  2628  2628 E webkit_native_draw_history: drawGL, 491
05-11 14:00:06.313  2628  2628 E webkit_native_draw_history: drawGL, 549
05-11 14:00:06.313  2628  2628 E webkit_native_draw_history: extras: 3
05-11 14:00:06.313  2628  2628 E webkit_native_draw_history: drawGL, 580
05-11 14:00:06.313  2628  2628 E webkit_native_draw_history: currentPictureCounter: 72
05-11 14:00:06.353  2628  2628 V WebView:drawHistory: onDraw(), isHardwareAccelerated
05-11 14:00:06.353  2628  2628 V WebView:drawHistory: drawCoreAndCursorRing(): canvas.isHardwareAccelerated() draw
05-11 14:00:06.353  2628  2628 V WebView:drawHistory: drawCoreAndCursorRing(): canvas.isHardwareAccelerated() draw done!
05-11 14:00:06.353  2628  2628 E webkit_native_draw_history: drawGL, 491
05-11 14:00:06.353  2628  2628 E webkit_native_draw_history: drawGL, 549
05-11 14:00:06.353  2628  2628 E webkit_native_draw_history: extras: 3
05-11 14:00:06.353  2628  2628 E webkit_native_draw_history: drawGL, 580
05-11 14:00:06.353  2628  2628 E webkit_native_draw_history: currentPictureCounter: 72
05-11 14:00:06.383  2628  2628 E webkit_native_draw_history: drawGL, 491
05-11 14:00:06.383  2628  2628 E webkit_native_draw_history: drawGL, 549
05-11 14:00:06.383  2628  2628 E webkit_native_draw_history: extras: 3
05-11 14:00:06.383  2628  2628 E webkit_native_draw_history: drawGL, 580
05-11 14:00:06.383  2628  2628 E webkit_native_draw_history: currentPictureCounter: 72
05-11 14:00:06.413  2628  2628 E webkit_native_draw_history: drawGL, 491
05-11 14:00:06.413  2628  2628 E webkit_native_draw_history: drawGL, 549
05-11 14:00:06.413  2628  2628 E webkit_native_draw_history: extras: 3
05-11 14:00:06.413  2628  2628 E webkit_native_draw_history: drawGL, 580
05-11 14:00:06.413  2628  2628 E webkit_native_draw_history: currentPictureCounter: 72
05-11 14:00:06.423  2156  2156 I appservice.DMAppSvcBoardCastReceiver.onReceive: Received Intent Action android.intent.action.BATTERY_CHANGED
05-11 14:00:06.423  2156  2156 I DMApplication: getApnReg Invoked0
05-11 14:00:06.433  2156  2156 I appservice.DMAppSvcBoardCastReceiver.onReceive: Scale:100.0Level:5.0Temp:0.0
05-11 14:00:06.433  2156  2156 I appservice.DMAppSvcBoardCastReceiver.onReceive: Received Battary Level 5
05-11 14:00:06.433  1449  1463 D KeyguardUpdateMonitor: received broadcast android.intent.action.BATTERY_CHANGED
05-11 14:00:06.433  1449  1481 D KeyguardUpdateMonitor: handleBatteryUpdate
05-11 14:00:06.453  2628  2628 E webkit_native_draw_history: drawGL, 491
05-11 14:00:06.453  2628  2628 E webkit_native_draw_history: drawGL, 549
05-11 14:00:06.453  2628  2628 E webkit_native_draw_history: extras: 3
05-11 14:00:06.453  2628  2628 E webkit_native_draw_history: drawGL, 580
05-11 14:00:06.453  2628  2628 E webkit_native_draw_history: currentPictureCounter: 72
05-11 14:00:06.483  2628  2628 E webkit_native_draw_history: drawGL, 491
05-11 14:00:06.483  2628  2628 E webkit_native_draw_history: drawGL, 549
05-11 14:00:06.483  2628  2628 E webkit_native_draw_history: extras: 3
05-11 14:00:06.483  2628  2628 E webkit_native_draw_history: drawGL, 580
05-11 14:00:06.483  2628  2628 E webkit_native_draw_history: currentPictureCounter: 72
05-11 14:00:06.513  2628  2628 E webkit_native_draw_history: drawGL, 491
05-11 14:00:06.513  2628  2628 E webkit_native_draw_history: drawGL, 549
05-11 14:00:06.513  2628  2628 E webkit_native_draw_history: extras: 3
05-11 14:00:06.513  2628  2628 E webkit_native_draw_history: drawGL, 580
05-11 14:00:06.513  2628  2628 E webkit_native_draw_history: currentPictureCounter: 72
05-11 14:00:06.543  2628  2628 E webkit_native_draw_history: drawGL, 491
05-11 14:00:06.553  2628  2628 E webkit_native_draw_history: drawGL, 549
05-11 14:00:06.553  2628  2628 E webkit_native_draw_history: extras: 3
05-11 14:00:06.553  2628  2628 E webkit_native_draw_history: drawGL, 580
05-11 14:00:06.553  2628  2628 E webkit_native_draw_history: currentPictureCounter: 72
05-11 14:00:06.583  2628  2628 E webkit_native_draw_history: drawGL, 491
05-11 14:00:06.583  2628  2628 E webkit_native_draw_history: drawGL, 549
05-11 14:00:06.583  2628  2628 E webkit_native_draw_history: extras: 3
05-11 14:00:06.583  2628  2628 E webkit_native_draw_history: drawGL, 580
05-11 14:00:06.583  2628  2628 E webkit_native_draw_history: currentPictureCounter: 72
05-11 14:00:06.613  2628  2628 E webkit_native_draw_history: drawGL, 491
05-11 14:00:06.613  2628  2628 E webkit_native_draw_history: drawGL, 549
05-11 14:00:06.613  2628  2628 E webkit_native_draw_history: extras: 3
05-11 14:00:06.613  2628  2628 E webkit_native_draw_history: drawGL, 580
05-11 14:00:06.613  2628  2628 E webkit_native_draw_history: currentPictureCounter: 72
05-11 14:00:06.643  2628  2628 E webkit_native_draw_history: drawGL, 491
05-11 14:00:06.643  2628  2628 E webkit_native_draw_history: drawGL, 549
05-11 14:00:06.643  2628  2628 E webkit_native_draw_history: extras: 3
05-11 14:00:06.643  2628  2628 E webkit_native_draw_history: drawGL, 580
05-11 14:00:06.643  2628  2628 E webkit_native_draw_history: currentPictureCounter: 72
05-11 14:00:06.663  1535  1535 D StatusBar.NetworkControllerDualSIM: phone1:onDataActivity: direction=0
05-11 14:00:06.683  2628  2628 E webkit_native_draw_history: drawGL, 491
05-11 14:00:06.683  2628  2628 E webkit_native_draw_history: drawGL, 549
05-11 14:00:06.683  2628  2628 E webkit_native_draw_history: extras: 3
05-11 14:00:06.683  2628  2628 E webkit_native_draw_history: drawGL, 580
05-11 14:00:06.683  2628  2628 E webkit_native_draw_history: currentPictureCounter: 72
05-11 14:00:06.713  2628  2628 E webkit_native_draw_history: drawGL, 491
05-11 14:00:06.713  2628  2628 E webkit_native_draw_history: drawGL, 549
05-11 14:00:06.713  2628  2628 E webkit_native_draw_history: extras: 3
05-11 14:00:06.713  2628  2628 E webkit_native_draw_history: drawGL, 580
05-11 14:00:06.713  2628  2628 E webkit_native_draw_history: currentPictureCounter: 72
05-11 14:00:06.753  2628  2628 E webkit_native_draw_history: drawGL, 491
05-11 14:00:06.753  2628  2628 E webkit_native_draw_history: drawGL, 549
05-11 14:00:06.753  2628  2628 E webkit_native_draw_history: extras: 3
05-11 14:00:06.753  2628  2628 E webkit_native_draw_history: drawGL, 580
05-11 14:00:06.753  2628  2628 E webkit_native_draw_history: currentPictureCounter: 72
05-11 14:00:06.783  2628  2628 E webkit_native_draw_history: drawGL, 491
05-11 14:00:06.783  2628  2628 E webkit_native_draw_history: drawGL, 549
05-11 14:00:06.783  2628  2628 E webkit_native_draw_history: extras: 3
05-11 14:00:06.783  2628  2628 E webkit_native_draw_history: drawGL, 580
05-11 14:00:06.783  2628  2628 E webkit_native_draw_history: currentPictureCounter: 72
05-11 14:00:06.813  2628  2628 E webkit_native_draw_history: drawGL, 491
05-11 14:00:06.813  2628  2628 E webkit_native_draw_history: drawGL, 549
05-11 14:00:06.813  2628  2628 E webkit_native_draw_history: extras: 3
05-11 14:00:06.813  2628  2628 E webkit_native_draw_history: drawGL, 580
05-11 14:00:06.813  2628  2628 E webkit_native_draw_history: currentPictureCounter: 72
05-11 14:00:06.843  2628  2628 E webkit_native_draw_history: setBaseLayer, 1737
05-11 14:00:06.843  2628  2628 E webkit_native_draw_history: setBaseLayer, 1744
05-11 14:00:06.843  2628  2628 E webkit_native_draw_history: m_glWebViewState->setBaseLayer
05-11 14:00:06.843  2628  2628 E webkit_native_draw_history: setBaseLayer, 1758
05-11 14:00:06.843  2628  2628 E webkit_native_draw_history: copyScrollPositionRecursive
05-11 14:00:06.843  2628  2628 E webkit_native_draw_history: compositeRoot, 1688
05-11 14:00:06.843  2628  2628 E webkit_native_draw_history: m_baseLayer->countChildren() == 1
05-11 14:00:06.843  2628  2628 E webkit_native_draw_history: compositeRoot, 1688
05-11 14:00:06.843  2628  2628 E webkit_native_draw_history: m_baseLayer->countChildren() == 1
05-11 14:00:06.843  2628  2628 V WebView:drawHistory: onDraw(), isHardwareAccelerated
05-11 14:00:06.843  2628  2628 V WebView:drawHistory: drawCoreAndCursorRing(): canvas.isHardwareAccelerated() draw
05-11 14:00:06.843  2628  2628 V WebView:drawHistory: drawCoreAndCursorRing(): canvas.isHardwareAccelerated() draw done!
05-11 14:00:06.843  2628  2628 E webkit_native_draw_history: drawGL, 491
05-11 14:00:06.843  2628  2628 E webkit_native_draw_history: drawGL, 549
05-11 14:00:06.843  2628  2628 E webkit_native_draw_history: extras: 3
05-11 14:00:06.843  2628  2628 E webkit_native_draw_history: drawGL, 580
05-11 14:00:06.843  2628  2628 E webkit_native_draw_history: currentPictureCounter: 72



05-11 14:00:06.883  2628  2628 E webkit_native_draw_history: setBaseLayer, 1737
05-11 14:00:06.883  2628  2628 E webkit_native_draw_history: setBaseLayer, 1744
05-11 14:00:06.883  2628  2628 E webkit_native_draw_history: m_glWebViewState->setBaseLayer
05-11 14:00:06.883  2628  2628 E webkit_native_draw_history: setBaseLayer, 1758
05-11 14:00:06.883  2628  2628 E webkit_native_draw_history: copyScrollPositionRecursive
05-11 14:00:06.883  2628  2628 E webkit_native_draw_history: compositeRoot, 1688
05-11 14:00:06.883  2628  2628 E webkit_native_draw_history: m_baseLayer->countChildren() == 1
05-11 14:00:06.883  2628  2628 E webkit_native_draw_history: compositeRoot, 1688
05-11 14:00:06.883  2628  2628 E webkit_native_draw_history: m_baseLayer->countChildren() == 1
05-11 14:00:06.883  2628  2628 V WebView:drawHistory: onDraw(), isHardwareAccelerated
05-11 14:00:06.883  2628  2628 V WebView:drawHistory: drawCoreAndCursorRing(): canvas.isHardwareAccelerated() draw
05-11 14:00:06.883  2628  2628 V WebView:drawHistory: drawCoreAndCursorRing(): canvas.isHardwareAccelerated() draw done!
05-11 14:00:06.883  2628  2628 E webkit_native_draw_history: drawGL, 491
05-11 14:00:06.883  2628  2628 E webkit_native_draw_history: drawGL, 549
05-11 14:00:06.883  2628  2628 E webkit_native_draw_history: extras: 3
05-11 14:00:06.883  2628  2628 E webkit_native_draw_history: drawGL, 580
05-11 14:00:06.883  2628  2628 E webkit_native_draw_history: currentPictureCounter: 72
05-11 14:00:06.913  2628  2628 E webkit_native_draw_history: drawGL, 491
05-11 14:00:06.913  2628  2628 E webkit_native_draw_history: drawGL, 549
05-11 14:00:06.913  2628  2628 E webkit_native_draw_history: extras: 3
05-11 14:00:06.913  2628  2628 E webkit_native_draw_history: drawGL, 580
05-11 14:00:06.913  2628  2628 E webkit_native_draw_history: currentPictureCounter: 72
05-11 14:00:06.943  2628  2628 E webkit_native_draw_history: setBaseLayer, 1737
05-11 14:00:06.943  2628  2628 E webkit_native_draw_history: setBaseLayer, 1744
05-11 14:00:06.943  2628  2628 E webkit_native_draw_history: m_glWebViewState->setBaseLayer
05-11 14:00:06.943  2628  2628 E webkit_native_draw_history: setBaseLayer, 1758
05-11 14:00:06.943  2628  2628 E webkit_native_draw_history: copyScrollPositionRecursive
05-11 14:00:06.943  2628  2628 E webkit_native_draw_history: compositeRoot, 1688
05-11 14:00:06.943  2628  2628 E webkit_native_draw_history: m_baseLayer->countChildren() == 1
05-11 14:00:06.943  2628  2628 E webkit_native_draw_history: compositeRoot, 1688
05-11 14:00:06.943  2628  2628 E webkit_native_draw_history: m_baseLayer->countChildren() == 1
05-11 14:00:06.953  2628  2628 V WebView:drawHistory: onDraw(), isHardwareAccelerated
05-11 14:00:06.953  2628  2628 V WebView:drawHistory: drawCoreAndCursorRing(): canvas.isHardwareAccelerated() draw
05-11 14:00:06.953  2628  2628 V WebView:drawHistory: drawCoreAndCursorRing(): canvas.isHardwareAccelerated() draw done!
05-11 14:00:06.953  2628  2628 E webkit_native_draw_history: drawGL, 491
05-11 14:00:06.953  2628  2628 E webkit_native_draw_history: drawGL, 549
05-11 14:00:06.953  2628  2628 E webkit_native_draw_history: extras: 3
05-11 14:00:06.953  2628  2628 E webkit_native_draw_history: drawGL, 580
05-11 14:00:06.953  2628  2628 E webkit_native_draw_history: currentPictureCounter: 72
05-11 14:00:06.983  2628  2628 E webkit_native_draw_history: setBaseLayer, 1737
05-11 14:00:06.983  2628  2628 E webkit_native_draw_history: setBaseLayer, 1744
05-11 14:00:06.983  2628  2628 E webkit_native_draw_history: m_glWebViewState->setBaseLayer
05-11 14:00:06.983  2628  2628 E webkit_native_draw_history: setBaseLayer, 1758
05-11 14:00:06.983  2628  2628 E webkit_native_draw_history: copyScrollPositionRecursive
05-11 14:00:06.983  2628  2628 E webkit_native_draw_history: compositeRoot, 1688
05-11 14:00:06.983  2628  2628 E webkit_native_draw_history: m_baseLayer->countChildren() == 1
05-11 14:00:06.983  2628  2628 E webkit_native_draw_history: compositeRoot, 1688
05-11 14:00:06.983  2628  2628 E webkit_native_draw_history: m_baseLayer->countChildren() == 1
05-11 14:00:06.983  2628  2628 V WebView:drawHistory: onDraw(), isHardwareAccelerated
05-11 14:00:06.983  2628  2628 V WebView:drawHistory: drawCoreAndCursorRing(): canvas.isHardwareAccelerated() draw
05-11 14:00:06.983  2628  2628 V WebView:drawHistory: drawCoreAndCursorRing(): canvas.isHardwareAccelerated() draw done!
05-11 14:00:06.983  2628  2628 E webkit_native_draw_history: drawGL, 491
05-11 14:00:06.983  2628  2628 E webkit_native_draw_history: drawGL, 549
05-11 14:00:06.983  2628  2628 E webkit_native_draw_history: extras: 3
05-11 14:00:06.983  2628  2628 E webkit_native_draw_history: drawGL, 580
05-11 14:00:06.983  2628  2628 E webkit_native_draw_history: currentPictureCounter: 72
05-11 14:00:07.013  2628  2628 E webkit_native_draw_history: drawGL, 491
05-11 14:00:07.013  2628  2628 E webkit_native_draw_history: drawGL, 549
05-11 14:00:07.013  2628  2628 E webkit_native_draw_history: extras: 3
05-11 14:00:07.013  2628  2628 E webkit_native_draw_history: drawGL, 580
05-11 14:00:07.013  2628  2628 E webkit_native_draw_history: currentPictureCounter: 72
05-11 14:00:07.043  2628  2628 E webkit_native_draw_history: setBaseLayer, 1737
05-11 14:00:07.043  2628  2628 E webkit_native_draw_history: setBaseLayer, 1744
05-11 14:00:07.043  2628  2628 E webkit_native_draw_history: m_glWebViewState->setBaseLayer
05-11 14:00:07.043  2628  2628 E webkit_native_draw_history: setBaseLayer, 1758
05-11 14:00:07.043  2628  2628 E webkit_native_draw_history: copyScrollPositionRecursive
