05-11 14:00:09.373  2156  2156 I appservice.DMAppSvcBoardCastReceiver.onReceive: Received Intent Action android.intent.action.SIG_STR
05-11 14:00:09.373  2156  2156 I DMApplication: getApnReg Invoked0
05-11 14:00:09.383  2628  2628 E webkit_native_draw_history: drawGL, 491
05-11 14:00:09.383  2628  2628 E webkit_native_draw_history: drawGL, 549
05-11 14:00:09.383  2628  2628 E webkit_native_draw_history: extras: 3
05-11 14:00:09.383  2628  2628 E webkit_native_draw_history: drawGL, 580
05-11 14:00:09.383  2628  2628 E webkit_native_draw_history: currentPictureCounter: 72
05-11 14:00:09.413  2628  2628 E webkit_native_draw_history: drawGL, 491
05-11 14:00:09.413  2628  2628 E webkit_native_draw_history: drawGL, 549
05-11 14:00:09.413  2628  2628 E webkit_native_draw_history: extras: 3
05-11 14:00:09.413  2628  2628 E webkit_native_draw_history: drawGL, 580
05-11 14:00:09.413  2628  2628 E webkit_native_draw_history: currentPictureCounter: 72
05-11 14:00:09.443  2628  2628 E webkit_native_draw_history: drawGL, 491
05-11 14:00:09.443  2628  2628 E webkit_native_draw_history: drawGL, 549
05-11 14:00:09.443  2628  2628 E webkit_native_draw_history: extras: 3
05-11 14:00:09.443  2628  2628 E webkit_native_draw_history: drawGL, 580
05-11 14:00:09.443  2628  2628 E webkit_native_draw_history: currentPictureCounter: 72
05-11 14:00:09.473  2628  2628 E webkit_native_draw_history: drawGL, 491
05-11 14:00:09.473  2628  2628 E webkit_native_draw_history: drawGL, 549
05-11 14:00:09.473  2628  2628 E webkit_native_draw_history: extras: 3
05-11 14:00:09.473  2628  2628 E webkit_native_draw_history: drawGL, 580
05-11 14:00:09.473  2628  2628 E webkit_native_draw_history: currentPictureCounter: 72
05-11 14:00:09.513  2628  2628 E webkit_native_draw_history: drawGL, 491
05-11 14:00:09.513  2628  2628 E webkit_native_draw_history: drawGL, 549
05-11 14:00:09.513  2628  2628 E webkit_native_draw_history: extras: 3
05-11 14:00:09.513  2628  2628 E webkit_native_draw_history: drawGL, 580
05-11 14:00:09.513  2628  2628 E webkit_native_draw_history: currentPictureCounter: 72
05-11 14:00:09.543  2628  2628 E webkit_native_draw_history: drawGL, 491
05-11 14:00:09.543  2628  2628 E webkit_native_draw_history: drawGL, 549
05-11 14:00:09.543  2628  2628 E webkit_native_draw_history: extras: 3
05-11 14:00:09.543  2628  2628 E webkit_native_draw_history: drawGL, 580
05-11 14:00:09.543  2628  2628 E webkit_native_draw_history: currentPictureCounter: 72
05-11 14:00:09.573  2628  2628 E webkit_native_draw_history: drawGL, 611



05-11 14:00:09.583  2628  2628 E webkit_native_draw_history: pageSwapCallback ??
05-11 14:00:09.583  2628  2628 V WebView:drawHistory: pageSwapCallback(): true
05-11 14:00:09.583  2628  2628 E webkit_native_draw_history: drawGL, 491
05-11 14:00:09.583  2628  2628 E webkit_native_draw_history: drawGL, 549
05-11 14:00:09.583  2628  2628 E webkit_native_draw_history: extras: 3
05-11 14:00:09.583  2628  2628 E webkit_native_draw_history: drawGL, 580
05-11 14:00:09.583  2628  2628 E webkit_native_draw_history: currentPictureCounter: 72
05-11 14:00:09.613  2628  2628 E webkit_native_draw_history: drawGL, 611
05-11 14:00:09.623  2628  2628 E webkit_native_draw_history: pageSwapCallback
05-11 14:00:09.623  2628  2628 V WebView:drawHistory: pageSwapCallback(): true
05-11 14:00:09.623  2628  2628 E webkit_native_draw_history: drawGL, 491
05-11 14:00:09.623  2628  2628 E webkit_native_draw_history: drawGL, 549
05-11 14:00:09.623  2628  2628 E webkit_native_draw_history: extras: 3
05-11 14:00:09.623  2628  2628 E webkit_native_draw_history: drawGL, 580
05-11 14:00:09.623  2628  2628 E webkit_native_draw_history: currentPictureCounter: 72
05-11 14:00:09.863  1262  1299 D SPRDENG : eng_atauto_thread: At Auto Report
05-11 14:00:09.863  1262  1299 D SPRDENG : eng_atauto_thread: eng_atautobuf=
05-11 14:00:09.863  1262  1299 D SPRDENG : +CSQ: 15,99
05-11 14:00:09.863  1262  1299 D SPRDENG : ; usb_fd=19
05-11 14:00:09.863  1262  1299 D SPRDENG : eng_atauto_thread: usb_status=1
05-11 14:00:09.863  1262  1299 D SPRDENG : eng_atauto_thread: write at auto report to PC
05-11 14:00:09.863  2156  2156 I appservice.DMAppSvcBoardCastReceiver.onReceive: Received Intent Action android.intent.action.SIG_STR
05-11 14:00:09.863  2156  2156 I DMApplication: getApnReg Invoked0
05-11 14:00:09.863  1535  1535 D StatusBar.NetworkControllerDualSIM: phone1:onSignalStrengthsChanged signalStrength=SignalStrength: 15 -1 -1 -1 -1 -1 -1 -1 -1 -1 -1 -1 gsm|lte level=4
05-11 14:00:10.423  2156  2156 I appservice.DMAppSvcBoardCastReceiver.onReceive: Received Intent Action android.intent.action.BATTERY_CHANGED
05-11 14:00:10.423  2156  2156 I DMApplication: getApnReg Invoked0
05-11 14:00:10.423  2156  2156 I appservice.DMAppSvcBoardCastReceiver.onReceive: Scale:100.0Level:5.0Temp:0.0
05-11 14:00:10.423  2156  2156 I appservice.DMAppSvcBoardCastReceiver.onReceive: Received Battary Level 5
05-11 14:00:10.423  1449  1463 D KeyguardUpdateMonitor: received broadcast android.intent.action.BATTERY_CHANGED
05-11 14:00:10.423  1449  1481 D KeyguardUpdateMonitor: handleBatteryUpdate


05-11 14:00:10.663  2628  2628 E webkit_native_draw_history: setBaseLayer, 1737
05-11 14:00:10.663  2628  2628 E webkit_native_draw_history: setBaseLayer, 1744
05-11 14:00:10.663  2628  2628 E webkit_native_draw_history: m_glWebViewState->setBaseLayer
05-11 14:00:10.663  2628  2628 E webkit_native_draw_history: setBaseLayer, 1758
05-11 14:00:10.663  2628  2628 E webkit_native_draw_history: copyScrollPositionRecursive
05-11 14:00:10.663  2628  2628 E webkit_native_draw_history: compositeRoot, 1688
05-11 14:00:10.663  2628  2628 E webkit_native_draw_history: m_baseLayer->countChildren() == 1
05-11 14:00:10.663  2628  2628 E webkit_native_draw_history: compositeRoot, 1688
05-11 14:00:10.663  2628  2628 E webkit_native_draw_history: m_baseLayer->countChildren() == 1
05-11 14:00:10.663  2628  2628 V WebView:drawHistory: onDraw(), isHardwareAccelerated
05-11 14:00:10.663  2628  2628 V WebView:drawHistory: drawCoreAndCursorRing(): canvas.isHardwareAccelerated() draw
05-11 14:00:10.663  2628  2628 V WebView:drawHistory: drawCoreAndCursorRing(): canvas.isHardwareAccelerated() draw done!
05-11 14:00:10.663  2628  2628 E webkit_native_draw_history: drawGL, 491
05-11 14:00:10.663  2628  2628 E webkit_native_draw_history: drawGL, 549
05-11 14:00:10.663  2628  2628 E webkit_native_draw_history: extras: 3
05-11 14:00:10.663  2628  2628 E webkit_native_draw_history: drawGL, 580
05-11 14:00:10.663  2628  2628 E webkit_native_draw_history: currentPictureCounter: 72
05-11 14:00:10.683  2628  2628 E webkit_native_draw_history: drawGL, 611
05-11 14:00:10.683  2628  2628 E webkit_native_draw_history: pageSwapCallback
05-11 14:00:10.683  2628  2628 V WebView:drawHistory: pageSwapCallback(): true
05-11 14:00:10.683  2628  2628 E webkit_native_draw_history: drawGL, 491
05-11 14:00:10.683  2628  2628 E webkit_native_draw_history: drawGL, 549
05-11 14:00:10.693  2628  2628 E webkit_native_draw_history: extras: 3
05-11 14:00:10.693  2628  2628 E webkit_native_draw_history: drawGL, 580
05-11 14:00:10.693  2628  2628 E webkit_native_draw_history: currentPictureCounter: 72
05-11 14:00:10.703  2628  2628 E webkit_native_draw_history: drawGL, 491
05-11 14:00:10.703  2628  2628 E webkit_native_draw_history: drawGL, 549
05-11 14:00:10.713  2628  2628 E webkit_native_draw_history: extras: 3
05-11 14:00:10.713  2628  2628 E webkit_native_draw_history: drawGL, 580
05-11 14:00:10.713  2628  2628 E webkit_native_draw_history: currentPictureCounter: 72
05-11 14:00:10.713  2628  2628 E webkit_native_draw_history: drawGL, 491
05-11 14:00:10.723  2628  2628 E webkit_native_draw_history: drawGL, 549
05-11 14:00:10.723  2628  2628 E webkit_native_draw_history: extras: 3
05-11 14:00:10.723  2628  2628 E webkit_native_draw_history: drawGL, 580
05-11 14:00:10.723  2628  2628 E webkit_native_draw_history: currentPictureCounter: 72
05-11 14:00:10.723  2628  2628 E webkit_native_draw_history: drawGL, 491
05-11 14:00:10.723  2628  2628 E webkit_native_draw_history: drawGL, 549
05-11 14:00:10.723  2628  2628 E webkit_native_draw_history: extras: 3
05-11 14:00:10.723  2628  2628 E webkit_native_draw_history: drawGL, 580
05-11 14:00:10.723  2628  2628 E webkit_native_draw_history: currentPictureCounter: 72
05-11 14:00:10.733  2628  2628 E webkit_native_draw_history: drawGL, 491
05-11 14:00:10.733  2628  2628 E webkit_native_draw_history: drawGL, 549
05-11 14:00:10.733  2628  2628 E webkit_native_draw_history: extras: 3
05-11 14:00:10.733  2628  2628 E webkit_native_draw_history: drawGL, 580
05-11 14:00:10.733  2628  2628 E webkit_native_draw_history: currentPictureCounter: 72
05-11 14:00:10.743  2628  2628 E webkit_native_draw_history: drawGL, 491
05-11 14:00:10.743  2628  2628 E webkit_native_draw_history: drawGL, 549
05-11 14:00:10.743  2628  2628 E webkit_native_draw_history: extras: 3
05-11 14:00:10.743  2628  2628 E webkit_native_draw_history: drawGL, 580
05-11 14:00:10.743  2628  2628 E webkit_native_draw_history: currentPictureCounter: 72
05-11 14:00:10.763  1262  1299 D SPRDENG : eng_atauto_thread: At Auto Report
05-11 14:00:10.763  1262  1299 D SPRDENG : eng_atauto_thread: eng_atautobuf=
05-11 14:00:10.763  1262  1299 D SPRDENG : +CSQ: 17,99
05-11 14:00:10.763  1262  1299 D SPRDENG : ; usb_fd=19
05-11 14:00:10.763  1262  1299 D SPRDENG : eng_atauto_thread: usb_status=1
05-11 14:00:10.763  1262  1299 D SPRDENG : eng_atauto_thread: write at auto report to PC
05-11 14:00:10.773  2156  2156 I appservice.DMAppSvcBoardCastReceiver.onReceive: Received Intent Action android.intent.action.SIG_STR
05-11 14:00:10.773  2156  2156 I DMApplication: getApnReg Invoked0
05-11 14:00:10.773  2628  2628 E webkit_native_draw_history: drawGL, 491
05-11 14:00:10.773  2628  2628 E webkit_native_draw_history: drawGL, 549
05-11 14:00:10.773  2628  2628 E webkit_native_draw_history: extras: 3
05-11 14:00:10.773  2628  2628 E webkit_native_draw_history: drawGL, 580
05-11 14:00:10.773  2628  2628 E webkit_native_draw_history: currentPictureCounter: 72
05-11 14:00:10.773  1535  1535 D StatusBar.NetworkControllerDualSIM: phone1:onSignalStrengthsChanged signalStrength=SignalStrength: 17 -1 -1 -1 -1 -1 -1 -1 -1 -1 -1 -1 gsm|lte level=4
05-11 14:00:10.793  2628  2628 E webkit_native_draw_history: drawGL, 491
05-11 14:00:10.793  2628  2628 E webkit_native_draw_history: drawGL, 549
05-11 14:00:10.793  2628  2628 E webkit_native_draw_history: extras: 3
05-11 14:00:10.793  2628  2628 E webkit_native_draw_history: drawGL, 580
05-11 14:00:10.793  2628  2628 E webkit_native_draw_history: currentPictureCounter: 72
05-11 14:00:10.813  2628  2628 E webkit_native_draw_history: drawGL, 491
05-11 14:00:10.813  2628  2628 E webkit_native_draw_history: drawGL, 549
05-11 14:00:10.813  2628  2628 E webkit_native_draw_history: extras: 3
05-11 14:00:10.813  2628  2628 E webkit_native_draw_history: drawGL, 580
05-11 14:00:10.813  2628  2628 E webkit_native_draw_history: currentPictureCounter: 72
05-11 14:00:10.833  2628  2628 E webkit_native_draw_history: drawGL, 491
05-11 14:00:10.833  2628  2628 E webkit_native_draw_history: drawGL, 549
05-11 14:00:10.833  2628  2628 E webkit_native_draw_history: extras: 3
05-11 14:00:10.833  2628  2628 E webkit_native_draw_history: drawGL, 580
05-11 14:00:10.833  2628  2628 E webkit_native_draw_history: currentPictureCounter: 72
05-11 14:00:10.873  2628  2628 E webkit_native_draw_history: drawGL, 491
05-11 14:00:10.873  2628  2628 E webkit_native_draw_history: drawGL, 549
05-11 14:00:10.873  2628  2628 E webkit_native_draw_history: extras: 3
05-11 14:00:10.873  2628  2628 E webkit_native_draw_history: drawGL, 580
05-11 14:00:10.873  2628  2628 E webkit_native_draw_history: currentPictureCounter: 72
05-11 14:00:10.903  2628  2628 E webkit_native_draw_history: drawGL, 491
05-11 14:00:10.903  2628  2628 E webkit_native_draw_history: drawGL, 549
05-11 14:00:10.903  2628  2628 E webkit_native_draw_history: extras: 3
05-11 14:00:10.903  2628  2628 E webkit_native_draw_history: drawGL, 580
05-11 14:00:10.903  2628  2628 E webkit_native_draw_history: currentPictureCounter: 72

05-11 14:00:10.933  2628  2628 E webkit_native_draw_history: setBaseLayer, 1737
05-11 14:00:10.933  2628  2628 E webkit_native_draw_history: setBaseLayer, 1744
05-11 14:00:10.933  2628  2628 E webkit_native_draw_history: m_glWebViewState->setBaseLayer
05-11 14:00:10.933  2628  2628 E webkit_native_draw_history: setBaseLayer, 1758
05-11 14:00:10.933  2628  2628 E webkit_native_draw_history: copyScrollPositionRecursive
05-11 14:00:10.933  2628  2628 E webkit_native_draw_history: compositeRoot, 1688
05-11 14:00:10.933  2628  2628 E webkit_native_draw_history: m_baseLayer->countChildren() == 1
05-11 14:00:10.933  2628  2628 E webkit_native_draw_history: compositeRoot, 1688
05-11 14:00:10.933  2628  2628 E webkit_native_draw_history: m_baseLayer->countChildren() == 1
05-11 14:00:10.933  2628  2628 V WebView:drawHistory: onDraw(), isHardwareAccelerated
05-11 14:00:10.933  2628  2628 V WebView:drawHistory: drawCoreAndCursorRing(): canvas.isHardwareAccelerated() draw
05-11 14:00:10.933  2628  2628 V WebView:drawHistory: drawCoreAndCursorRing(): canvas.isHardwareAccelerated() draw done!
05-11 14:00:10.943  2628  2628 E webkit_native_draw_history: drawGL, 491
05-11 14:00:10.943  2628  2628 E webkit_native_draw_history: drawGL, 549
05-11 14:00:10.943  2628  2628 E webkit_native_draw_history: extras: 3
05-11 14:00:10.943  2628  2628 E webkit_native_draw_history: drawGL, 580
05-11 14:00:10.943  2628  2628 E webkit_native_draw_history: currentPictureCounter: 72
05-11 14:00:10.973  2628  2628 E webkit_native_draw_history: drawGL, 611
05-11 14:00:10.973  2628  2628 E webkit_native_draw_history: pageSwapCallback
05-11 14:00:10.973  2628  2628 V WebView:drawHistory: pageSwapCallback(): true
05-11 14:00:10.973  2628  2628 E webkit_native_draw_history: drawGL, 491
05-11 14:00:10.973  2628  2628 E webkit_native_draw_history: drawGL, 549
05-11 14:00:10.973  2628  2628 E webkit_native_draw_history: extras: 3
05-11 14:00:10.973  2628  2628 E webkit_native_draw_history: drawGL, 580
05-11 14:00:10.973  2628  2628 E webkit_native_draw_history: currentPictureCounter: 72
05-11 14:00:11.003  2628  2628 E webkit_native_draw_history: setBaseLayer, 1737
05-11 14:00:11.003  2628  2628 E webkit_native_draw_history: setBaseLayer, 1744
05-11 14:00:11.003  2628  2628 E webkit_native_draw_history: m_glWebViewState->setBaseLayer
05-11 14:00:11.003  2628  2628 E webkit_native_draw_history: setBaseLayer, 1758
05-11 14:00:11.003  2628  2628 E webkit_native_draw_history: copyScrollPositionRecursive
05-11 14:00:11.003  2628  2628 E webkit_native_draw_history: compositeRoot, 1688
05-11 14:00:11.003  2628  2628 E webkit_native_draw_history: m_baseLayer->countChildren() == 1
05-11 14:00:11.003  2628  2628 E webkit_native_draw_history: compositeRoot, 1688
05-11 14:00:11.003  2628  2628 E webkit_native_draw_history: m_baseLayer->countChildren() == 1
05-11 14:00:11.003  2628  2628 V WebView:drawHistory: onDraw(), isHardwareAccelerated
05-11 14:00:11.003  2628  2628 V WebView:drawHistory: drawCoreAndCursorRing(): canvas.isHardwareAccelerated() draw
05-11 14:00:11.003  2628  2628 V WebView:drawHistory: drawCoreAndCursorRing(): canvas.isHardwareAccelerated() draw done!
05-11 14:00:11.003  2628  2628 E webkit_native_draw_history: drawGL, 491
05-11 14:00:11.003  2628  2628 E webkit_native_draw_history: drawGL, 549
05-11 14:00:11.013  2628  2628 E webkit_native_draw_history: extras: 3
05-11 14:00:11.013  2628  2628 E webkit_native_draw_history: drawGL, 580
05-11 14:00:11.013  2628  2628 E webkit_native_draw_history: currentPictureCounter: 72
05-11 14:00:11.033  2628  2628 E webkit_native_draw_history: drawGL, 611
05-11 14:00:11.033  2628  2628 E webkit_native_draw_history: pageSwapCallback
05-11 14:00:11.033  2628  2628 V WebView:drawHistory: pageSwapCallback(): true
05-11 14:00:11.033  2628  2628 E webkit_native_draw_history: setBaseLayer, 1737
05-11 14:00:11.033  2628  2628 E webkit_native_draw_history: setBaseLayer, 1744
05-11 14:00:11.033  2628  2628 E webkit_native_draw_history: m_glWebViewState->setBaseLayer
05-11 14:00:11.033  2628  2628 E webkit_native_draw_history: setBaseLayer, 1758
05-11 14:00:11.033  2628  2628 E webkit_native_draw_history: copyScrollPositionRecursive
05-11 14:00:11.033  2628  2628 E webkit_native_draw_history: compositeRoot, 1688
05-11 14:00:11.033  2628  2628 E webkit_native_draw_history: m_baseLayer->countChildren() == 1
05-11 14:00:11.033  2628  2628 E webkit_native_draw_history: compositeRoot, 1688
05-11 14:00:11.033  2628  2628 E webkit_native_draw_history: m_baseLayer->countChildren() == 1
05-11 14:00:11.033  2628  2628 V WebView:drawHistory: onDraw(), isHardwareAccelerated
05-11 14:00:11.033  2628  2628 V WebView:drawHistory: drawCoreAndCursorRing(): canvas.isHardwareAccelerated() draw
05-11 14:00:11.033  2628  2628 V WebView:drawHistory: drawCoreAndCursorRing(): canvas.isHardwareAccelerated() draw done!
05-11 14:00:11.033  2628  2628 E webkit_native_draw_history: drawGL, 491
05-11 14:00:11.043  2628  2628 E webkit_native_draw_history: drawGL, 549
05-11 14:00:11.043  2628  2628 E webkit_native_draw_history: extras: 3
05-11 14:00:11.043  2628  2628 E webkit_native_draw_history: drawGL, 580
05-11 14:00:11.043  2628  2628 E webkit_native_draw_history: currentPictureCounter: 72
05-11 14:00:11.073  2628  2628 E webkit_native_draw_history: drawGL, 611
05-11 14:00:11.073  2628  2628 E webkit_native_draw_history: pageSwapCallback
05-11 14:00:11.073  2628  2628 V WebView:drawHistory: pageSwapCallback(): true
05-11 14:00:11.073  2628  2628 E webkit_native_draw_history: setBaseLayer, 1737
05-11 14:00:11.073  2628  2628 E webkit_native_draw_history: setBaseLayer, 1744
05-11 14:00:11.073  2628  2628 E webkit_native_draw_history: m_glWebViewState->setBaseLayer
05-11 14:00:11.073  2628  2628 E webkit_native_draw_history: setBaseLayer, 1758
05-11 14:00:11.073  2628  2628 E webkit_native_draw_history: copyScrollPositionRecursive
05-11 14:00:11.073  2628  2628 E webkit_native_draw_history: compositeRoot, 1688
05-11 14:00:11.073  2628  2628 E webkit_native_draw_history: m_baseLayer->countChildren() == 1
05-11 14:00:11.073  2628  2628 E webkit_native_draw_history: compositeRoot, 1688
05-11 14:00:11.073  2628  2628 E webkit_native_draw_history: m_baseLayer->countChildren() == 1
05-11 14:00:11.073  2628  2628 V WebView:drawHistory: onDraw(), isHardwareAccelerated
05-11 14:00:11.073  2628  2628 V WebView:drawHistory: drawCoreAndCursorRing(): canvas.isHardwareAccelerated() draw
05-11 14:00:11.073  2628  2628 V WebView:drawHistory: drawCoreAndCursorRing(): canvas.isHardwareAccelerated() draw done!
05-11 14:00:11.073  2628  2628 E webkit_native_draw_history: drawGL, 491
05-11 14:00:11.073  2628  2628 E webkit_native_draw_history: drawGL, 549
05-11 14:00:11.073  2628  2628 E webkit_native_draw_history: extras: 3
05-11 14:00:11.073  2628  2628 E webkit_native_draw_history: drawGL, 580
05-11 14:00:11.073  2628  2628 E webkit_native_draw_history: currentPictureCounter: 72
05-11 14:00:11.103  2628  2628 E webkit_native_draw_history: drawGL, 611
05-11 14:00:11.103  2628  2628 E webkit_native_draw_history: pageSwapCallback
05-11 14:00:11.103  2628  2628 V WebView:drawHistory: pageSwapCallback(): true
05-11 14:00:11.103  2628  2628 E webkit_native_draw_history: setBaseLayer, 1737
05-11 14:00:11.103  2628  2628 E webkit_native_draw_history: setBaseLayer, 1744
05-11 14:00:11.103  2628  2628 E webkit_native_draw_history: m_glWebViewState->setBaseLayer
05-11 14:00:11.103  2628  2628 E webkit_native_draw_history: setBaseLayer, 1758
05-11 14:00:11.103  2628  2628 E webkit_native_draw_history: copyScrollPositionRecursive
05-11 14:00:11.103  2628  2628 E webkit_native_draw_history: compositeRoot, 1688
05-11 14:00:11.103  2628  2628 E webkit_native_draw_history: m_baseLayer->countChildren() == 1
05-11 14:00:11.103  2628  2628 E webkit_native_draw_history: compositeRoot, 1688
05-11 14:00:11.103  2628  2628 E webkit_native_draw_history: m_baseLayer->countChildren() == 1
05-11 14:00:11.103  2628  2628 V WebView:drawHistory: onDraw(), isHardwareAccelerated
05-11 14:00:11.103  2628  2628 V WebView:drawHistory: drawCoreAndCursorRing(): canvas.isHardwareAccelerated() draw
05-11 14:00:11.103  2628  2628 V WebView:drawHistory: drawCoreAndCursorRing(): canvas.isHardwareAccelerated() draw done!
05-11 14:00:11.103  2628  2628 E webkit_native_draw_history: drawGL, 491
05-11 14:00:11.103  2628  2628 E webkit_native_draw_history: drawGL, 549
05-11 14:00:11.103  2628  2628 E webkit_native_draw_history: extras: 3
05-11 14:00:11.103  2628  2628 E webkit_native_draw_history: drawGL, 580
05-11 14:00:11.103  2628  2628 E webkit_native_draw_history: currentPictureCounter: 72
05-11 14:00:11.133  2628  2628 E webkit_native_draw_history: drawGL, 611
05-11 14:00:11.133  2628  2628 E webkit_native_draw_history: pageSwapCallback
05-11 14:00:11.133  2628  2628 V WebView:drawHistory: pageSwapCallback(): true
05-11 14:00:11.133  2628  2628 E webkit_native_draw_history: setBaseLayer, 1737
05-11 14:00:11.133  2628  2628 E webkit_native_draw_history: setBaseLayer, 1744
05-11 14:00:11.133  2628  2628 E webkit_native_draw_history: m_glWebViewState->setBaseLayer
05-11 14:00:11.133  2628  2628 E webkit_native_draw_history: setBaseLayer, 1758
05-11 14:00:11.133  2628  2628 E webkit_native_draw_history: copyScrollPositionRecursive
05-11 14:00:11.133  2628  2628 E webkit_native_draw_history: compositeRoot, 1688
05-11 14:00:11.133  2628  2628 E webkit_native_draw_history: m_baseLayer->countChildren() == 1
05-11 14:00:11.133  2628  2628 E webkit_native_draw_history: compositeRoot, 1688
05-11 14:00:11.133  2628  2628 E webkit_native_draw_history: m_baseLayer->countChildren() == 1
05-11 14:00:11.133  2628  2628 V WebView:drawHistory: onDraw(), isHardwareAccelerated
05-11 14:00:11.143  2628  2628 V WebView:drawHistory: drawCoreAndCursorRing(): canvas.isHardwareAccelerated() draw
05-11 14:00:11.143  2628  2628 V WebView:drawHistory: drawCoreAndCursorRing(): canvas.isHardwareAccelerated() draw done!
05-11 14:00:11.143  2628  2628 E webkit_native_draw_history: drawGL, 491
05-11 14:00:11.143  2628  2628 E webkit_native_draw_history: drawGL, 549
05-11 14:00:11.143  2628  2628 E webkit_native_draw_history: extras: 3
05-11 14:00:11.143  2628  2628 E webkit_native_draw_history: drawGL, 580
05-11 14:00:11.143  2628  2628 E webkit_native_draw_history: currentPictureCounter: 72
05-11 14:00:11.173  2628  2628 E webkit_native_draw_history: drawGL, 611
05-11 14:00:11.173  2628  2628 E webkit_native_draw_history: pageSwapCallback
05-11 14:00:11.173  2628  2628 V WebView:drawHistory: pageSwapCallback(): true
05-11 14:00:11.173  2628  2628 E webkit_native_draw_history: setBaseLayer, 1737
05-11 14:00:11.173  2628  2628 E webkit_native_draw_history: setBaseLayer, 1744
05-11 14:00:11.173  2628  2628 E webkit_native_draw_history: m_glWebViewState->setBaseLayer
05-11 14:00:11.173  2628  2628 E webkit_native_draw_history: setBaseLayer, 1758
05-11 14:00:11.173  2628  2628 E webkit_native_draw_history: copyScrollPositionRecursive
05-11 14:00:11.173  2628  2628 E webkit_native_draw_history: compositeRoot, 1688
05-11 14:00:11.173  2628  2628 E webkit_native_draw_history: m_baseLayer->countChildren() == 1
05-11 14:00:11.173  2628  2628 E webkit_native_draw_history: compositeRoot, 1688
05-11 14:00:11.173  2628  2628 E webkit_native_draw_history: m_baseLayer->countChildren() == 1
05-11 14:00:11.173  2628  2628 V WebView:drawHistory: onDraw(), isHardwareAccelerated
05-11 14:00:11.173  2628  2628 V WebView:drawHistory: drawCoreAndCursorRing(): canvas.isHardwareAccelerated() draw
05-11 14:00:11.173  2628  2628 V WebView:drawHistory: drawCoreAndCursorRing(): canvas.isHardwareAccelerated() draw done!
05-11 14:00:11.173  2628  2628 E webkit_native_draw_history: drawGL, 491
05-11 14:00:11.173  2628  2628 E webkit_native_draw_history: drawGL, 549
05-11 14:00:11.173  2628  2628 E webkit_native_draw_history: extras: 3
05-11 14:00:11.173  2628  2628 E webkit_native_draw_history: drawGL, 580
05-11 14:00:11.173  2628  2628 E webkit_native_draw_history: currentPictureCounter: 72
05-11 14:00:11.203  2628  2628 E webkit_native_draw_history: drawGL, 611
05-11 14:00:11.203  2628  2628 E webkit_native_draw_history: pageSwapCallback
05-11 14:00:11.203  2628  2628 V WebView:drawHistory: pageSwapCallback(): true
05-11 14:00:11.213  2628  2628 E webkit_native_draw_history: setBaseLayer, 1737
05-11 14:00:11.213  2628  2628 E webkit_native_draw_history: setBaseLayer, 1744
05-11 14:00:11.213  2628  2628 E webkit_native_draw_history: m_glWebViewState->setBaseLayer
05-11 14:00:11.213  2628  2628 E webkit_native_draw_history: setBaseLayer, 1758
05-11 14:00:11.213  2628  2628 E webkit_native_draw_history: copyScrollPositionRecursive
05-11 14:00:11.213  2628  2628 E webkit_native_draw_history: compositeRoot, 1688
05-11 14:00:11.213  2628  2628 E webkit_native_draw_history: m_baseLayer->countChildren() == 1
05-11 14:00:11.213  2628  2628 E webkit_native_draw_history: compositeRoot, 1688
05-11 14:00:11.213  2628  2628 E webkit_native_draw_history: m_baseLayer->countChildren() == 1
05-11 14:00:11.213  2628  2628 V WebView:drawHistory: onDraw(), isHardwareAccelerated
05-11 14:00:11.213  2628  2628 V WebView:drawHistory: drawCoreAndCursorRing(): canvas.isHardwareAccelerated() draw
05-11 14:00:11.213  2628  2628 V WebView:drawHistory: drawCoreAndCursorRing(): canvas.isHardwareAccelerated() draw done!
05-11 14:00:11.213  2628  2628 E webkit_native_draw_history: drawGL, 491
05-11 14:00:11.213  2628  2628 E webkit_native_draw_history: drawGL, 549
05-11 14:00:11.213  2628  2628 E webkit_native_draw_history: extras: 3
05-11 14:00:11.213  2628  2628 E webkit_native_draw_history: drawGL, 580
05-11 14:00:11.213  2628  2628 E webkit_native_draw_history: currentPictureCounter: 72
05-11 14:00:11.233  2628  2628 E webkit_native_draw_history: drawGL, 611
05-11 14:00:11.233  2628  2628 E webkit_native_draw_history: pageSwapCallback
05-11 14:00:11.233  2628  2628 V WebView:drawHistory: pageSwapCallback(): true
05-11 14:00:11.253  2628  2628 E webkit_native_draw_history: setBaseLayer, 1737
05-11 14:00:11.253  2628  2628 E webkit_native_draw_history: setBaseLayer, 1744
05-11 14:00:11.253  2628  2628 E webkit_native_draw_history: m_glWebViewState->setBaseLayer
05-11 14:00:11.253  2628  2628 E webkit_native_draw_history: setBaseLayer, 1758
05-11 14:00:11.253  2628  2628 E webkit_native_draw_history: copyScrollPositionRecursive
05-11 14:00:11.253  2628  2628 E webkit_native_draw_history: compositeRoot, 1688
05-11 14:00:11.253  2628  2628 E webkit_native_draw_history: m_baseLayer->countChildren() == 1
05-11 14:00:11.253  2628  2628 E webkit_native_draw_history: compositeRoot, 1688
05-11 14:00:11.253  2628  2628 E webkit_native_draw_history: m_baseLayer->countChildren() == 1
05-11 14:00:11.253  2628  2628 V WebView:drawHistory: onDraw(), isHardwareAccelerated
05-11 14:00:11.253  2628  2628 V WebView:drawHistory: drawCoreAndCursorRing(): canvas.isHardwareAccelerated() draw
05-11 14:00:11.253  2628  2628 V WebView:drawHistory: drawCoreAndCursorRing(): canvas.isHardwareAccelerated() draw done!
05-11 14:00:11.253  2628  2628 E webkit_native_draw_history: drawGL, 491
05-11 14:00:11.253  2628  2628 E webkit_native_draw_history: drawGL, 549
05-11 14:00:11.253  2628  2628 E webkit_native_draw_history: extras: 3
05-11 14:00:11.253  2628  2628 E webkit_native_draw_history: drawGL, 580
05-11 14:00:11.253  2628  2628 E webkit_native_draw_history: currentPictureCounter: 72
05-11 14:00:11.273  2628  2628 E webkit_native_draw_history: drawGL, 611
05-11 14:00:11.273  2628  2628 E webkit_native_draw_history: pageSwapCallback
05-11 14:00:11.273  2628  2628 V WebView:drawHistory: pageSwapCallback(): true
05-11 14:00:11.293  2628  2628 E webkit_native_draw_history: setBaseLayer, 1737
05-11 14:00:11.293  2628  2628 E webkit_native_draw_history: setBaseLayer, 1744
05-11 14:00:11.293  2628  2628 E webkit_native_draw_history: m_glWebViewState->setBaseLayer
05-11 14:00:11.293  2628  2628 E webkit_native_draw_history: setBaseLayer, 1758
05-11 14:00:11.293  2628  2628 E webkit_native_draw_history: copyScrollPositionRecursive
05-11 14:00:11.293  2628  2628 E webkit_native_draw_history: compositeRoot, 1688
05-11 14:00:11.293  2628  2628 E webkit_native_draw_history: m_baseLayer->countChildren() == 1
05-11 14:00:11.293  2628  2628 E webkit_native_draw_history: compositeRoot, 1688
05-11 14:00:11.293  2628  2628 E webkit_native_draw_history: m_baseLayer->countChildren() == 1
05-11 14:00:11.293  2628  2628 V WebView:drawHistory: onDraw(), isHardwareAccelerated
05-11 14:00:11.293  2628  2628 V WebView:drawHistory: drawCoreAndCursorRing(): canvas.isHardwareAccelerated() draw
05-11 14:00:11.293  2628  2628 V WebView:drawHistory: drawCoreAndCursorRing(): canvas.isHardwareAccelerated() draw done!
05-11 14:00:11.293  2628  2628 E webkit_native_draw_history: drawGL, 491
05-11 14:00:11.293  2628  2628 E webkit_native_draw_history: drawGL, 549
05-11 14:00:11.293  2628  2628 E webkit_native_draw_history: extras: 3
05-11 14:00:11.293  2628  2628 E webkit_native_draw_history: drawGL, 580
05-11 14:00:11.293  2628  2628 E webkit_native_draw_history: currentPictureCounter: 72
05-11 14:00:11.303  2628  2628 E webkit_native_draw_history: drawGL, 611
05-11 14:00:11.303  2628  2628 E webkit_native_draw_history: pageSwapCallback
05-11 14:00:11.303  2628  2628 V WebView:drawHistory: pageSwapCallback(): true
05-11 14:00:11.323  2628  2628 E webkit_native_draw_history: setBaseLayer, 1737
05-11 14:00:11.323  2628  2628 E webkit_native_draw_history: setBaseLayer, 1744
05-11 14:00:11.323  2628  2628 E webkit_native_draw_history: m_glWebViewState->setBaseLayer
05-11 14:00:11.323  2628  2628 E webkit_native_draw_history: setBaseLayer, 1758
05-11 14:00:11.323  2628  2628 E webkit_native_draw_history: copyScrollPositionRecursive
05-11 14:00:11.323  2628  2628 E webkit_native_draw_history: compositeRoot, 1688
05-11 14:00:11.323  2628  2628 E webkit_native_draw_history: m_baseLayer->countChildren() == 1
05-11 14:00:11.323  2628  2628 E webkit_native_draw_history: compositeRoot, 1688
05-11 14:00:11.323  2628  2628 E webkit_native_draw_history: m_baseLayer->countChildren() == 1
05-11 14:00:11.333  2628  2628 V WebView:drawHistory: onDraw(), isHardwareAccelerated
05-11 14:00:11.333  2628  2628 V WebView:drawHistory: drawCoreAndCursorRing(): canvas.isHardwareAccelerated() draw
05-11 14:00:11.333  2628  2628 V WebView:drawHistory: drawCoreAndCursorRing(): canvas.isHardwareAccelerated() draw done!
05-11 14:00:11.333  2628  2628 E webkit_native_draw_history: drawGL, 491
05-11 14:00:11.333  2628  2628 E webkit_native_draw_history: drawGL, 549
05-11 14:00:11.333  2628  2628 E webkit_native_draw_history: extras: 3
05-11 14:00:11.333  2628  2628 E webkit_native_draw_history: drawGL, 580
05-11 14:00:11.333  2628  2628 E webkit_native_draw_history: currentPictureCounter: 72
05-11 14:00:11.333  2628  2628 E webkit_native_draw_history: drawGL, 611
05-11 14:00:11.333  2628  2628 E webkit_native_draw_history: pageSwapCallback
05-11 14:00:11.333  2628  2628 V WebView:drawHistory: pageSwapCallback(): true
05-11 14:00:11.363  2628  2628 E webkit_native_draw_history: setBaseLayer, 1737
05-11 14:00:11.363  2628  2628 E webkit_native_draw_history: setBaseLayer, 1744
05-11 14:00:11.363  2628  2628 E webkit_native_draw_history: m_glWebViewState->setBaseLayer
05-11 14:00:11.363  2628  2628 E webkit_native_draw_history: setBaseLayer, 1758
05-11 14:00:11.363  2628  2628 E webkit_native_draw_history: copyScrollPositionRecursive
05-11 14:00:11.363  2628  2628 E webkit_native_draw_history: compositeRoot, 1688
05-11 14:00:11.363  2628  2628 E webkit_native_draw_history: m_baseLayer->countChildren() == 1
05-11 14:00:11.363  2628  2628 E webkit_native_draw_history: compositeRoot, 1688
05-11 14:00:11.363  2628  2628 E webkit_native_draw_history: m_baseLayer->countChildren() == 1
05-11 14:00:11.373  2628  2628 V WebView:drawHistory: onDraw(), isHardwareAccelerated
05-11 14:00:11.373  2628  2628 V WebView:drawHistory: drawCoreAndCursorRing(): canvas.isHardwareAccelerated() draw
05-11 14:00:11.373  2628  2628 V WebView:drawHistory: drawCoreAndCursorRing(): canvas.isHardwareAccelerated() draw done!
05-11 14:00:11.373  2628  2628 E webkit_native_draw_history: drawGL, 491
05-11 14:00:11.373  2628  2628 E webkit_native_draw_history: drawGL, 549
05-11 14:00:11.373  2628  2628 E webkit_native_draw_history: extras: 3
05-11 14:00:11.373  2628  2628 E webkit_native_draw_history: drawGL, 580
05-11 14:00:11.373  2628  2628 E webkit_native_draw_history: currentPictureCounter: 72
05-11 14:00:11.373  2628  2628 E webkit_native_draw_history: drawGL, 611
05-11 14:00:11.373  2628  2628 E webkit_native_draw_history: pageSwapCallback
05-11 14:00:11.373  2628  2628 V WebView:drawHistory: pageSwapCallback(): true
05-11 14:00:11.403  2628  2628 E webkit_native_draw_history: setBaseLayer, 1737
05-11 14:00:11.403  2628  2628 E webkit_native_draw_history: setBaseLayer, 1744
05-11 14:00:11.403  2628  2628 E webkit_native_draw_history: m_glWebViewState->setBaseLayer
05-11 14:00:11.403  2628  2628 E webkit_native_draw_history: setBaseLayer, 1758
05-11 14:00:11.403  2628  2628 E webkit_native_draw_history: copyScrollPositionRecursive
05-11 14:00:11.403  2628  2628 E webkit_native_draw_history: compositeRoot, 1688
05-11 14:00:11.403  2628  2628 E webkit_native_draw_history: m_baseLayer->countChildren() == 1
05-11 14:00:11.403  2628  2628 E webkit_native_draw_history: compositeRoot, 1688
05-11 14:00:11.403  2628  2628 E webkit_native_draw_history: m_baseLayer->countChildren() == 1
05-11 14:00:11.423  2156  2156 I appservice.DMAppSvcBoardCastReceiver.onReceive: Received Intent Action android.intent.action.BATTERY_CHANGED
05-11 14:00:11.423  2156  2156 I DMApplication: getApnReg Invoked0
05-11 14:00:11.423  2156  2156 I appservice.DMAppSvcBoardCastReceiver.onReceive: Scale:100.0Level:5.0Temp:0.0
05-11 14:00:11.423  2156  2156 I appservice.DMAppSvcBoardCastReceiver.onReceive: Received Battary Level 5
05-11 14:00:11.423  2628  2628 V WebView:drawHistory: onDraw(), isHardwareAccelerated
05-11 14:00:11.423  2628  2628 V WebView:drawHistory: drawCoreAndCursorRing(): canvas.isHardwareAccelerated() draw
05-11 14:00:11.423  2628  2628 V WebView:drawHistory: drawCoreAndCursorRing(): canvas.isHardwareAccelerated() draw done!
05-11 14:00:11.423  2628  2628 E webkit_native_draw_history: drawGL, 491
05-11 14:00:11.423  2628  2628 E webkit_native_draw_history: drawGL, 549
05-11 14:00:11.423  2628  2628 E webkit_native_draw_history: extras: 3
05-11 14:00:11.423  2628  2628 E webkit_native_draw_history: drawGL, 580
05-11 14:00:11.423  2628  2628 E webkit_native_draw_history: currentPictureCounter: 72
05-11 14:00:11.433  2628  2628 E webkit_native_draw_history: drawGL, 611
05-11 14:00:11.433  2628  2628 E webkit_native_draw_history: pageSwapCallback
05-11 14:00:11.433  2628  2628 V WebView:drawHistory: pageSwapCallback(): true
05-11 14:00:11.463  1262  1299 D SPRDENG : eng_atauto_thread: At Auto Report
05-11 14:00:11.463  1262  1299 D SPRDENG : eng_atauto_thread: eng_atautobuf=
05-11 14:00:11.463  1262  1299 D SPRDENG : +CSQ: 18,99
05-11 14:00:11.463  1262  1299 D SPRDENG : ; usb_fd=19
05-11 14:00:11.463  1262  1299 D SPRDENG : eng_atauto_thread: usb_status=1
05-11 14:00:11.463  1262  1299 D SPRDENG : eng_atauto_thread: write at auto report to PC
05-11 14:00:11.463  2156  2156 I appservice.DMAppSvcBoardCastReceiver.onReceive: Received Intent Action android.intent.action.SIG_STR
05-11 14:00:11.463  1535  1535 D StatusBar.NetworkControllerDualSIM: phone1:onSignalStrengthsChanged signalStrength=SignalStrength: 18 -1 -1 -1 -1 -1 -1 -1 -1 -1 -1 -1 gsm|lte level=4
05-11 14:00:11.473  2156  2156 I DMApplication: getApnReg Invoked0
05-11 14:00:11.473  2628  2628 E webkit_native_draw_history: setBaseLayer, 1737
05-11 14:00:11.473  2628  2628 E webkit_native_draw_history: setBaseLayer, 1744
05-11 14:00:11.473  2628  2628 E webkit_native_draw_history: m_glWebViewState->setBaseLayer
05-11 14:00:11.473  2628  2628 E webkit_native_draw_history: setBaseLayer, 1758
05-11 14:00:11.473  2628  2628 E webkit_native_draw_history: copyScrollPositionRecursive
05-11 14:00:11.473  2628  2628 E webkit_native_draw_history: compositeRoot, 1688
05-11 14:00:11.473  2628  2628 E webkit_native_draw_history: m_baseLayer->countChildren() == 1
05-11 14:00:11.473  2628  2628 E webkit_native_draw_history: compositeRoot, 1688
05-11 14:00:11.473  2628  2628 E webkit_native_draw_history: m_baseLayer->countChildren() == 1
05-11 14:00:11.473  2628  2628 V WebView:drawHistory: onDraw(), isHardwareAccelerated
05-11 14:00:11.473  2628  2628 V WebView:drawHistory: drawCoreAndCursorRing(): canvas.isHardwareAccelerated() draw
05-11 14:00:11.473  2628  2628 V WebView:drawHistory: drawCoreAndCursorRing(): canvas.isHardwareAccelerated() draw done!
05-11 14:00:11.473  2628  2628 E webkit_native_draw_history: drawGL, 491
05-11 14:00:11.473  2628  2628 E webkit_native_draw_history: drawGL, 549
05-11 14:00:11.473  2628  2628 E webkit_native_draw_history: extras: 3
05-11 14:00:11.473  2628  2628 E webkit_native_draw_history: drawGL, 580
05-11 14:00:11.473  2628  2628 E webkit_native_draw_history: currentPictureCounter: 72
05-11 14:00:11.473  2628  2628 E webkit_native_draw_history: drawGL, 611
05-11 14:00:11.473  2628  2628 E webkit_native_draw_history: pageSwapCallback
05-11 14:00:11.473  2628  2628 V WebView:drawHistory: pageSwapCallback(): true
05-11 14:00:11.503  1449  1463 D KeyguardUpdateMonitor: received broadcast android.intent.action.BATTERY_CHANGED
05-11 14:00:11.503  1449  1481 D KeyguardUpdateMonitor: handleBatteryUpdate
05-11 14:00:11.513  2628  2628 E webkit_native_draw_history: setBaseLayer, 1737
05-11 14:00:11.513  2628  2628 E webkit_native_draw_history: setBaseLayer, 1744
05-11 14:00:11.513  2628  2628 E webkit_native_draw_history: m_glWebViewState->setBaseLayer
05-11 14:00:11.513  2628  2628 E webkit_native_draw_history: setBaseLayer, 1758
05-11 14:00:11.513  2628  2628 E webkit_native_draw_history: copyScrollPositionRecursive
05-11 14:00:11.513  2628  2628 E webkit_native_draw_history: compositeRoot, 1688
05-11 14:00:11.513  2628  2628 E webkit_native_draw_history: m_baseLayer->countChildren() == 1
05-11 14:00:11.513  2628  2628 E webkit_native_draw_history: compositeRoot, 1688
05-11 14:00:11.513  2628  2628 E webkit_native_draw_history: m_baseLayer->countChildren() == 1
05-11 14:00:11.513  2628  2628 V WebView:drawHistory: onDraw(), isHardwareAccelerated
05-11 14:00:11.513  2628  2628 V WebView:drawHistory: drawCoreAndCursorRing(): canvas.isHardwareAccelerated() draw
05-11 14:00:11.513  2628  2628 V WebView:drawHistory: drawCoreAndCursorRing(): canvas.isHardwareAccelerated() draw done!
05-11 14:00:11.523  2628  2628 E webkit_native_draw_history: drawGL, 491
05-11 14:00:11.523  2628  2628 E webkit_native_draw_history: drawGL, 549
05-11 14:00:11.523  2628  2628 E webkit_native_draw_history: extras: 3
05-11 14:00:11.523  2628  2628 E webkit_native_draw_history: drawGL, 580
05-11 14:00:11.523  2628  2628 E webkit_native_draw_history: currentPictureCounter: 72
05-11 14:00:11.523  2628  2628 E webkit_native_draw_history: drawGL, 611
05-11 14:00:11.523  2628  2628 E webkit_native_draw_history: pageSwapCallback
05-11 14:00:11.523  2628  2628 V WebView:drawHistory: pageSwapCallback(): true
05-11 14:00:11.553  2628  2628 E webkit_native_draw_history: setBaseLayer, 1737
05-11 14:00:11.553  2628  2628 E webkit_native_draw_history: setBaseLayer, 1744
05-11 14:00:11.553  2628  2628 E webkit_native_draw_history: m_glWebViewState->setBaseLayer
05-11 14:00:11.553  2628  2628 E webkit_native_draw_history: setBaseLayer, 1758
05-11 14:00:11.553  2628  2628 E webkit_native_draw_history: copyScrollPositionRecursive
05-11 14:00:11.553  2628  2628 E webkit_native_draw_history: compositeRoot, 1688
05-11 14:00:11.553  2628  2628 E webkit_native_draw_history: m_baseLayer->countChildren() == 1
05-11 14:00:11.553  2628  2628 E webkit_native_draw_history: compositeRoot, 1688
05-11 14:00:11.553  2628  2628 E webkit_native_draw_history: m_baseLayer->countChildren() == 1
05-11 14:00:11.553  2628  2628 V WebView:drawHistory: onDraw(), isHardwareAccelerated
05-11 14:00:11.553  2628  2628 V WebView:drawHistory: drawCoreAndCursorRing(): canvas.isHardwareAccelerated() draw
05-11 14:00:11.553  2628  2628 V WebView:drawHistory: drawCoreAndCursorRing(): canvas.isHardwareAccelerated() draw done!
05-11 14:00:11.553  2628  2628 E webkit_native_draw_history: drawGL, 491
05-11 14:00:11.553  2628  2628 E webkit_native_draw_history: drawGL, 549
05-11 14:00:11.553  2628  2628 E webkit_native_draw_history: extras: 3
05-11 14:00:11.553  2628  2628 E webkit_native_draw_history: drawGL, 580
05-11 14:00:11.553  2628  2628 E webkit_native_draw_history: currentPictureCounter: 72
05-11 14:00:11.563  2628  2628 E webkit_native_draw_history: drawGL, 611
05-11 14:00:11.563  2628  2628 E webkit_native_draw_history: pageSwapCallback
05-11 14:00:11.563  2628  2628 V WebView:drawHistory: pageSwapCallback(): true
05-11 14:00:11.583  2628  2628 E webkit_native_draw_history: setBaseLayer, 1737
05-11 14:00:11.583  2628  2628 E webkit_native_draw_history: setBaseLayer, 1744
05-11 14:00:11.583  2628  2628 E webkit_native_draw_history: m_glWebViewState->setBaseLayer
05-11 14:00:11.583  2628  2628 E webkit_native_draw_history: setBaseLayer, 1758
05-11 14:00:11.583  2628  2628 E webkit_native_draw_history: copyScrollPositionRecursive
05-11 14:00:11.583  2628  2628 E webkit_native_draw_history: compositeRoot, 1688
05-11 14:00:11.583  2628  2628 E webkit_native_draw_history: m_baseLayer->countChildren() == 1
05-11 14:00:11.583  2628  2628 E webkit_native_draw_history: compositeRoot, 1688
05-11 14:00:11.583  2628  2628 E webkit_native_draw_history: m_baseLayer->countChildren() == 1
05-11 14:00:11.593  2628  2628 V WebView:drawHistory: onDraw(), isHardwareAccelerated
05-11 14:00:11.593  2628  2628 V WebView:drawHistory: drawCoreAndCursorRing(): canvas.isHardwareAccelerated() draw
05-11 14:00:11.593  2628  2628 V WebView:drawHistory: drawCoreAndCursorRing(): canvas.isHardwareAccelerated() draw done!
05-11 14:00:11.593  2628  2628 E webkit_native_draw_history: drawGL, 491
05-11 14:00:11.593  2628  2628 E webkit_native_draw_history: drawGL, 549
05-11 14:00:11.593  2628  2628 E webkit_native_draw_history: extras: 3
05-11 14:00:11.593  2628  2628 E webkit_native_draw_history: drawGL, 580
05-11 14:00:11.593  2628  2628 E webkit_native_draw_history: currentPictureCounter: 72
05-11 14:00:11.593  2628  2628 E webkit_native_draw_history: drawGL, 611
05-11 14:00:11.593  2628  2628 E webkit_native_draw_history: pageSwapCallback
05-11 14:00:11.593  2628  2628 V WebView:drawHistory: pageSwapCallback(): true
05-11 14:00:11.623  2628  2628 E webkit_native_draw_history: setBaseLayer, 1737
05-11 14:00:11.623  2628  2628 E webkit_native_draw_history: setBaseLayer, 1744
05-11 14:00:11.623  2628  2628 E webkit_native_draw_history: m_glWebViewState->setBaseLayer
05-11 14:00:11.623  2628  2628 E webkit_native_draw_history: setBaseLayer, 1758
05-11 14:00:11.623  2628  2628 E webkit_native_draw_history: copyScrollPositionRecursive
05-11 14:00:11.623  2628  2628 E webkit_native_draw_history: compositeRoot, 1688
05-11 14:00:11.623  2628  2628 E webkit_native_draw_history: m_baseLayer->countChildren() == 1
05-11 14:00:11.623  2628  2628 E webkit_native_draw_history: compositeRoot, 1688
05-11 14:00:11.623  2628  2628 E webkit_native_draw_history: m_baseLayer->countChildren() == 1
05-11 14:00:11.623  2628  2628 V WebView:drawHistory: onDraw(), isHardwareAccelerated
05-11 14:00:11.623  2628  2628 V WebView:drawHistory: drawCoreAndCursorRing(): canvas.isHardwareAccelerated() draw
05-11 14:00:11.623  2628  2628 V WebView:drawHistory: drawCoreAndCursorRing(): canvas.isHardwareAccelerated() draw done!
05-11 14:00:11.623  2628  2628 E webkit_native_draw_history: drawGL, 491
05-11 14:00:11.623  2628  2628 E webkit_native_draw_history: drawGL, 549
05-11 14:00:11.623  2628  2628 E webkit_native_draw_history: extras: 3
05-11 14:00:11.623  2628  2628 E webkit_native_draw_history: drawGL, 580
05-11 14:00:11.623  2628  2628 E webkit_native_draw_history: currentPictureCounter: 72
05-11 14:00:11.633  2628  2628 E webkit_native_draw_history: drawGL, 611
05-11 14:00:11.633  2628  2628 E webkit_native_draw_history: pageSwapCallback
05-11 14:00:11.633  2628  2628 V WebView:drawHistory: pageSwapCallback(): true ??
05-11 14:00:11.663  2628  2628 E webkit_native_draw_history: setBaseLayer, 1737
05-11 14:00:11.663  2628  2628 E webkit_native_draw_history: setBaseLayer, 1744
05-11 14:00:11.663  2628  2628 E webkit_native_draw_history: m_glWebViewState->setBaseLayer
05-11 14:00:11.663  2628  2628 E webkit_native_draw_history: setBaseLayer, 1758
05-11 14:00:11.663  2628  2628 E webkit_native_draw_history: copyScrollPositionRecursive
05-11 14:00:11.663  2628  2628 E webkit_native_draw_history: compositeRoot, 1688
05-11 14:00:11.663  2628  2628 E webkit_native_draw_history: m_baseLayer->countChildren() == 1
05-11 14:00:11.663  2628  2628 E webkit_native_draw_history: compositeRoot, 1688
05-11 14:00:11.663  2628  2628 E webkit_native_draw_history: m_baseLayer->countChildren() == 1
05-11 14:00:11.663  2628  2628 V WebView:drawHistory: onDraw(), isHardwareAccelerated
05-11 14:00:11.663  2628  2628 V WebView:drawHistory: drawCoreAndCursorRing(): canvas.isHardwareAccelerated() draw
05-11 14:00:11.673  2628  2628 V WebView:drawHistory: drawCoreAndCursorRing(): canvas.isHardwareAccelerated() draw done!
05-11 14:00:11.673  2628  2628 E webkit_native_draw_history: drawGL, 491
05-11 14:00:11.673  2628  2628 E webkit_native_draw_history: drawGL, 549
05-11 14:00:11.673  2628  2628 E webkit_native_draw_history: extras: 3
05-11 14:00:11.673  2628  2628 E webkit_native_draw_history: drawGL, 580
05-11 14:00:11.673  2628  2628 E webkit_native_draw_history: currentPictureCounter: 72
05-11 14:00:11.673  2628  2628 E webkit_native_draw_history: drawGL, 611
05-11 14:00:11.673  2628  2628 E webkit_native_draw_history: pageSwapCallback
05-11 14:00:11.673  2628  2628 V WebView:drawHistory: pageSwapCallback(): true
05-11 14:00:11.703  2628  2628 E webkit_native_draw_history: setBaseLayer, 1737
05-11 14:00:11.703  2628  2628 E webkit_native_draw_history: setBaseLayer, 1744
05-11 14:00:11.703  2628  2628 E webkit_native_draw_history: m_glWebViewState->setBaseLayer
05-11 14:00:11.703  2628  2628 E webkit_native_draw_history: setBaseLayer, 1758
05-11 14:00:11.703  2628  2628 E webkit_native_draw_history: copyScrollPositionRecursive
05-11 14:00:11.703  2628  2628 E webkit_native_draw_history: compositeRoot, 1688
05-11 14:00:11.703  2628  2628 E webkit_native_draw_history: m_baseLayer->countChildren() == 1
05-11 14:00:11.703  2628  2628 E webkit_native_draw_history: compositeRoot, 1688
05-11 14:00:11.703  2628  2628 E webkit_native_draw_history: m_baseLayer->countChildren() == 1
05-11 14:00:11.713  2628  2628 V WebView:drawHistory: onDraw(), isHardwareAccelerated
05-11 14:00:11.713  2628  2628 V WebView:drawHistory: drawCoreAndCursorRing(): canvas.isHardwareAccelerated() draw
05-11 14:00:11.713  2628  2628 V WebView:drawHistory: drawCoreAndCursorRing(): canvas.isHardwareAccelerated() draw done!
05-11 14:00:11.713  2628  2628 E webkit_native_draw_history: drawGL, 491
05-11 14:00:11.713  2628  2628 E webkit_native_draw_history: drawGL, 549
05-11 14:00:11.713  2628  2628 E webkit_native_draw_history: extras: 3
05-11 14:00:11.713  2628  2628 E webkit_native_draw_history: drawGL, 580
05-11 14:00:11.713  2628  2628 E webkit_native_draw_history: currentPictureCounter: 72
05-11 14:00:11.713  2628  2628 E webkit_native_draw_history: drawGL, 611
05-11 14:00:11.713  2628  2628 E webkit_native_draw_history: pageSwapCallback
05-11 14:00:11.713  2628  2628 V WebView:drawHistory: pageSwapCallback(): true
05-11 14:00:11.743  2628  2628 E webkit_native_draw_history: setBaseLayer, 1737
05-11 14:00:11.743  2628  2628 E webkit_native_draw_history: setBaseLayer, 1744
05-11 14:00:11.743  2628  2628 E webkit_native_draw_history: m_glWebViewState->setBaseLayer
05-11 14:00:11.743  2628  2628 E webkit_native_draw_history: setBaseLayer, 1758
05-11 14:00:11.743  2628  2628 E webkit_native_draw_history: copyScrollPositionRecursive
05-11 14:00:11.743  2628  2628 E webkit_native_draw_history: compositeRoot, 1688
05-11 14:00:11.743  2628  2628 E webkit_native_draw_history: m_baseLayer->countChildren() == 1
05-11 14:00:11.743  2628  2628 E webkit_native_draw_history: compositeRoot, 1688
05-11 14:00:11.743  2628  2628 E webkit_native_draw_history: m_baseLayer->countChildren() == 1
05-11 14:00:11.743  2628  2628 V WebView:drawHistory: onDraw(), isHardwareAccelerated
05-11 14:00:11.743  2628  2628 V WebView:drawHistory: drawCoreAndCursorRing(): canvas.isHardwareAccelerated() draw
05-11 14:00:11.743  2628  2628 V WebView:drawHistory: drawCoreAndCursorRing(): canvas.isHardwareAccelerated() draw done!
05-11 14:00:11.743  2628  2628 E webkit_native_draw_history: drawGL, 491
05-11 14:00:11.743  2628  2628 E webkit_native_draw_history: drawGL, 549
05-11 14:00:11.743  2628  2628 E webkit_native_draw_history: extras: 3
05-11 14:00:11.743  2628  2628 E webkit_native_draw_history: drawGL, 580
05-11 14:00:11.743  2628  2628 E webkit_native_draw_history: currentPictureCounter: 72
05-11 14:00:11.753  2628  2628 E webkit_native_draw_history: drawGL, 611
05-11 14:00:11.753  2628  2628 E webkit_native_draw_history: pageSwapCallback
05-11 14:00:11.753  2628  2628 V WebView:drawHistory: pageSwapCallback(): true
05-11 14:00:11.783  2628  2628 E webkit_native_draw_history: setBaseLayer, 1737
05-11 14:00:11.783  2628  2628 E webkit_native_draw_history: setBaseLayer, 1744
05-11 14:00:11.783  2628  2628 E webkit_native_draw_history: m_glWebViewState->setBaseLayer
