# logcat
V/AudioPolicyManagerALSA( 1516): setStreamVolumeIndex() stream 2, index 2
V/AudioPolicyManagerALSA( 1516): setStreamVolume() for output 1 stream 2, volume 0.190546, delay 0
I/NotificationService( 1556): enqueueToast pkg=android callback=android.widget.Toast$TN@438cf5a0 duration=0
V/AudioPolicyManagerALSA( 1516): setStreamVolumeIndex() stream 5, index 2
V/AudioPolicyManagerALSA( 1516): setStreamVolume() for output 1 stream 5, volume 0.190546, delay 0
E/AudioSystem( 1556): getOutput() read 1 from cache for stream 2
E/AudioSystem( 1556): getOutputSamplingRate() reading from output desc
E/AudioSystem( 1556): getOutputSamplingRate() streamType 2, output 1, sampling rate 44100
E/AudioSystem( 1556): getOutput() read 1 from cache for stream 2
E/AudioSystem( 1556): getOutputSamplingRate() reading from output desc
E/AudioSystem( 1556): getOutputSamplingRate() streamType 2, output 1, sampling rate 44100
E/AudioSystem( 1556): getOutput() read 1 from cache for stream 2
E/AudioSystem( 1556): getOutputFrameCount() streamType 2, output 1, frameCount 4096
E/AudioSystem( 1556): getOutput() read 1 from cache for stream 2
E/AudioSystem( 1556): getOutputLatency() streamType 2, output 1, latency 186
E/AudioSystem( 1556): getOutput() read 1 from cache for stream 2
E/AudioFlinger( 1516): Track constructor name 4096, calling thread 1556
E/AudioTrack( 1556): start 0x3abac0
E/AudioTrack( 1556): Underrun user: 0, server: 0, flowControlFlag 1
E/AudioTrack( 1556): stop 0x3abac0
E/AudioFlinger( 1516): start(4096), calling thread 1556
E/AudioFlinger( 1516): ? => ACTIVE (4096) on thread 0x4b598
V/AudioPolicyManagerALSA( 1516): startOutput() output 1, stream 2
V/AudioPolicyManagerALSA( 1516): getDeviceForStrategy() strategy 2, device 2
V/AudioPolicyManagerALSA( 1516): setOutputDevice() output 1 device 2 delayMs 0
V/AudioPolicyManagerALSA( 1516): setOutputDevice() setting same device 2 for output 1
V/AudioPolicyManagerALSA( 1516): changeRefCount() stream 2, count 1
E/AudioFlinger( 1516): mWaitWorkCV.broadcast
E/AudioFlinger( 1516): MixerThread 0x30130 TID 1554 waking up
E/AudioFlinger( 1516): stop(4096), calling thread 1556
E/AudioFlinger( 1516): (> STOPPED) => STOPPED (4096) on thread 0x30130
V/AudioPolicyManagerALSA( 1516): stopOutput() output 1, stream 2
V/AudioPolicyManagerALSA( 1516): changeRefCount() stream 2, count 0
V/AudioPolicyManagerALSA( 1516): setOutputDevice() output 1 device 0 delayMs 372
W/AudioHardwareALSA( 1516): Write request but device is in state SND_PCM_STATE_SETUP
D/AudioHardwareALSA( 1516): call snd_pcm_prepare
W/AudioHardwareALSA( 1516): Wait for correct device state
E/AudioFlinger( 1516): TrackBase::reset
W/AudioHardwareALSA( 1516): Write request but device is in state SND_PCM_STATE_XRUN
D/AudioHardwareALSA( 1516): call snd_pcm_prepare
W/AudioHardwareALSA( 1516): Wait for correct device state
E/AudioFlinger( 1516): Audio hardware entering standby, mixer 0x30130, mSuspended 0
E/AudioFlinger( 1516): MixerThread 0x30130 TID 1554 going to sleep











E/AudioTrack( 1556): stop 0x3abac0
V/AudioPolicyManagerALSA( 1516): releaseOutput() 1
E/AudioFlinger( 1516): remove track (4096) and delete from mixer
E/AudioFlinger( 1516): PlaybackThread::Track destructor
V/AudioPolicyManagerALSA( 1516): setStreamVolumeIndex() stream 2, index 1
V/AudioPolicyManagerALSA( 1516): setStreamVolume() for output 1 stream 2, volume 0.138038, delay 0
I/NotificationService( 1556): enqueueToast pkg=android callback=android.widget.Toast$TN@438cf5a0 duration=0
V/AudioPolicyManagerALSA( 1516): setStreamVolumeIndex() stream 5, index 1
V/AudioPolicyManagerALSA( 1516): setStreamVolume() for output 1 stream 5, volume 0.138038, delay 0
E/AudioSystem( 1556): getOutput() read 1 from cache for stream 2
E/AudioSystem( 1556): getOutputSamplingRate() reading from output desc
E/AudioSystem( 1556): getOutputSamplingRate() streamType 2, output 1, sampling rate 44100
E/AudioSystem( 1556): getOutput() read 1 from cache for stream 2
E/AudioSystem( 1556): getOutputSamplingRate() reading from output desc
E/AudioSystem( 1556): getOutputSamplingRate() streamType 2, output 1, sampling rate 44100
E/AudioSystem( 1556): getOutput() read 1 from cache for stream 2
E/AudioSystem( 1556): getOutputFrameCount() streamType 2, output 1, frameCount 4096
E/AudioSystem( 1556): getOutput() read 1 from cache for stream 2
E/AudioSystem( 1556): getOutputLatency() streamType 2, output 1, latency 186
E/AudioSystem( 1556): getOutput() read 1 from cache for stream 2
E/AudioFlinger( 1516): Track constructor name 4096, calling thread 1556
E/AudioTrack( 1556): start 0x3abac0
E/AudioTrack( 1556): Underrun user: 0, server: 0, flowControlFlag 1
E/AudioTrack( 1556): stop 0x3abac0
E/AudioFlinger( 1516): start(4096), calling thread 1556
E/AudioFlinger( 1516): ? => ACTIVE (4096) on thread 0x4b598
V/AudioPolicyManagerALSA( 1516): startOutput() output 1, stream 2
V/AudioPolicyManagerALSA( 1516): getDeviceForStrategy() strategy 2, device 2
V/AudioPolicyManagerALSA( 1516): setOutputDevice() output 1 device 2 delayMs 0
V/AudioPolicyManagerALSA( 1516): setOutputDevice() setting same device 2 for output 1
V/AudioPolicyManagerALSA( 1516): changeRefCount() stream 2, count 1
E/AudioFlinger( 1516): mWaitWorkCV.broadcast
E/AudioFlinger( 1516): MixerThread 0x30130 TID 1554 waking up
E/AudioFlinger( 1516): stop(4096), calling thread 1556
E/AudioFlinger( 1516): (> STOPPED) => STOPPED (4096) on thread 0x30130
V/AudioPolicyManagerALSA( 1516): stopOutput() output 1, stream 2
V/AudioPolicyManagerALSA( 1516): changeRefCount() stream 2, count 0
V/AudioPolicyManagerALSA( 1516): setOutputDevice() output 1 device 0 delayMs 372
W/AudioHardwareALSA( 1516): Write request but device is in state SND_PCM_STATE_SETUP
D/AudioHardwareALSA( 1516): call snd_pcm_prepare
W/AudioHardwareALSA( 1516): Wait for correct device state
E/AudioFlinger( 1516): TrackBase::reset

