

################################################################################
press volume key in idle screen, no music:

E/AudioService( 1692): MSG_SET_SYSTEM_VOLUME trace
E/AudioService( 1692): java.lang.Exception
E/AudioService( 1692):  at android.media.AudioService.adjustStreamVolume(AudioService.java:459)
E/AudioService( 1692):  at android.media.AudioService.adjustSuggestedStreamVolume(AudioService.java:422)
E/AudioService( 1692):  at android.media.IAudioService$Stub.onTransact(IAudioService.java:68)
E/AudioService( 1692):  at android.os.Binder.execTransact(Binder.java:288)
E/AudioService( 1692):  at dalvik.system.NativeStart.run(Native Method)
E/AudioService( 1692): setStreamVolumeIndex trace
E/AudioService( 1692): java.lang.Exception
E/AudioService( 1692):  at android.media.AudioService.setStreamVolumeIndex(AudioService.java:392)
E/AudioService( 1692):  at android.media.AudioService.access$1900(AudioService.java:76)
E/AudioService( 1692):  at android.media.AudioService$AudioHandler.setSystemVolume(AudioService.java:1530)
E/AudioService( 1692):  at android.media.AudioService$AudioHandler.handleMessage(AudioService.java:1641)
E/AudioService( 1692):  at android.os.Handler.dispatchMessage(Handler.java:99)
E/AudioService( 1692):  at android.os.Looper.loop(Looper.java:123)
E/AudioService( 1692):  at android.media.AudioService$AudioSystemThread.run(AudioService.java:1520)
V/AudioPolicyManagerALSA( 1636): setStreamVolumeIndex() stream 2, index 6
V/AudioPolicyManagerALSA( 1636): setStreamVolume() for output 1 stream 2, volume 0.595662, delay 0
E/VolumePanel( 1692): postVolumeChanged trace
E/VolumePanel( 1692): java.lang.Exception
E/VolumePanel( 1692):   at android.view.VolumePanel.postVolumeChanged(VolumePanel.java:127)
E/VolumePanel( 1692):   at android.media.AudioService.adjustStreamVolume(AudioService.java:469)
E/VolumePanel( 1692):   at android.media.AudioService.adjustSuggestedStreamVolume(AudioService.java:422)
E/VolumePanel( 1692):   at android.media.IAudioService$Stub.onTransact(IAudioService.java:68)
E/VolumePanel( 1692):   at android.os.Binder.execTransact(Binder.java:288)
E/VolumePanel( 1692):   at dalvik.system.NativeStart.run(Native Method)
D/VolumePanel( 1692): onVolumeChanged(streamType: 2, flags: 17)
D/VolumePanel( 1692): onShowVolumeChanged(streamType: 2, flags: 17), index: 6
D/VolumePanel( 1692): setRingerIcon(), ringerMode: 2
E/AudioService( 1692): setStreamVolumeIndex trace
E/AudioService( 1692): java.lang.Exception
E/AudioService( 1692):  at android.media.AudioService.setStreamVolumeIndex(AudioService.java:392)
E/AudioService( 1692):  at android.media.AudioService.access$1900(AudioService.java:76)
E/AudioService( 1692):  at android.media.AudioService$AudioHandler.setSystemVolume(AudioService.java:1537)
E/AudioService( 1692):  at android.media.AudioService$AudioHandler.handleMessage(AudioService.java:1641)
E/AudioService( 1692):  at android.os.Handler.dispatchMessage(Handler.java:99)
E/AudioService( 1692):  at android.os.Looper.loop(Looper.java:123)
E/AudioService( 1692):  at android.media.AudioService$AudioSystemThread.run(AudioService.java:1520)
D/ModeChangeReceiver( 2214): android.media.VOLUME_CHANGED_ACTION
V/AudioPolicyManagerALSA( 1636): setStreamVolumeIndex() stream 5, index 6
V/AudioPolicyManagerALSA( 1636): setStreamVolume() for output 1 stream 5, volume 0.595662, delay 0
E/VolumePanel( 1692): postVolumeChanged trace
E/VolumePanel( 1692): java.lang.Exception
E/VolumePanel( 1692):   at android.view.VolumePanel.postVolumeChanged(VolumePanel.java:127)
E/VolumePanel( 1692):   at android.media.AudioService.adjustStreamVolume(AudioService.java:469)
E/VolumePanel( 1692):   at android.media.AudioService.adjustSuggestedStreamVolume(AudioService.java:422)
E/VolumePanel( 1692):   at android.media.IAudioService$Stub.onTransact(IAudioService.java:68)
E/VolumePanel( 1692):   at android.os.Binder.execTransact(Binder.java:288)
E/VolumePanel( 1692):   at dalvik.system.NativeStart.run(Native Method)
D/ModeChangeReceiver( 2214): android.media.VOLUME_CHANGED_ACTION
D/VolumePanel( 1692): onVolumeChanged(streamType: 2, flags: 4)
V/AudioPolicyManagerALSA( 1636): startOutput() output 1, stream 2
E/AudioPolicyManagerALSA( 1636): mAvailableOutputDevices=0x3
E/AudioPolicyManagerALSA( 1636): device3=0x0
V/AudioPolicyManagerALSA( 1636): getDeviceForStrategy() -out- strategy 2, device 2
V/AudioPolicyManagerALSA( 1636): setOutputDevice() output 1 device 2 delayMs 0
D/ALSAStreamOps( 1636): setParameters() routing=2
D/ALSAModule( 1636): v0.01 route called for devices 00000002 in mode 0...
D/ALSAModule( 1636): Routing audio to Speakerphone
D/ALSAModule( 1636): the same device
V/AudioPolicyManagerALSA( 1636): applyStreamVolumes() for output 1 and device 2
V/AudioPolicyManagerALSA( 1636): checkAndSetVolume() cannot set stream 6 volume with force use = 0 for comm
V/AudioPolicyManagerALSA( 1636): changeRefCount() stream 2, count 1
V/AudioPolicyManagerALSA( 1636): stopOutput() output 1, stream 2
V/AudioPolicyManagerALSA( 1636): changeRefCount() stream 2, count 0
V/AudioPolicyManagerALSA( 1636): setOutputDevice() output 1 device 0 delayMs 372
W/AudioHardwareALSA( 1636): Write request but device is in state SND_PCM_STATE_SETUP
D/AudioHardwareALSA( 1636): call snd_pcm_prepare
W/AudioHardwareALSA( 1636): current_state=1 - Wait for correct device state
D/AudioHardwareALSA( 1636): standby()
D/AudioHardwareALSA( 1636): mStreamType=0, mParent->getAnalogLoop()=0
V/AudioPolicyManagerALSA( 1636): releaseOutput() 1
D/StorageMonitor( 1746): mms freeMem:11280384, smslowflag:false,mmslowflag:false,smsThrehold:10240,mmsThreshold:317440
D/VtApp   ( 1749): onReceive,action:android.intent.action.SERVICE_STATE
D/VtApp   ( 1749): onReceive,action:android.intent.action.ANY_DATA_STATE
D/NotificationMgr( 1746): updateNetworkSelection()...state = 0 new network 
D/NotificationMgr( 1746): hideDataDisconnectedRoaming()...
D/MobileDataStateTrackerExt( 1692): default Received state= CONNECTED, old= CONNECTED, reason= (unspecified), apnTypeList= default
D/dalvikvm( 1975): GC_EXPLICIT freed 1834 objects / 118776 bytes in 75ms

################################################################################

--------- beginning of /dev/log/main
E/AudioService( 1692): MSG_SET_SYSTEM_VOLUME trace
E/AudioService( 1692): java.lang.Exception
E/AudioService( 1692):  at android.media.AudioService.adjustStreamVolume(AudioService.java:459)
E/AudioService( 1692):  at android.media.AudioService.adjustSuggestedStreamVolume(AudioService.java:422)
E/AudioService( 1692):  at android.media.IAudioService$Stub.onTransact(IAudioService.java:68)
E/AudioService( 1692):  at android.os.Binder.execTransact(Binder.java:288)
E/AudioService( 1692):  at dalvik.system.NativeStart.run(Native Method)
E/AudioService( 1692): setStreamVolumeIndex trace
E/AudioService( 1692): java.lang.Exception
E/AudioService( 1692):  at android.media.AudioService.setStreamVolumeIndex(AudioService.java:392)
E/AudioService( 1692):  at android.media.AudioService.access$1900(AudioService.java:76)
E/AudioService( 1692):  at android.media.AudioService$AudioHandler.setSystemVolume(AudioService.java:1530)
E/AudioService( 1692):  at android.media.AudioService$AudioHandler.handleMessage(AudioService.java:1641)
E/AudioService( 1692):  at android.os.Handler.dispatchMessage(Handler.java:99)
E/AudioService( 1692):  at android.os.Looper.loop(Looper.java:123)
E/AudioService( 1692):  at android.media.AudioService$AudioSystemThread.run(AudioService.java:1520)
E/VolumePanel( 1692): postVolumeChanged trace
E/VolumePanel( 1692): java.lang.Exception
E/VolumePanel( 1692):   at android.view.VolumePanel.postVolumeChanged(VolumePanel.java:127)
E/VolumePanel( 1692):   at android.media.AudioService.adjustStreamVolume(AudioService.java:469)
E/VolumePanel( 1692):   at android.media.AudioService.adjustSuggestedStreamVolume(AudioService.java:422)
E/VolumePanel( 1692):   at android.media.IAudioService$Stub.onTransact(IAudioService.java:68)
E/VolumePanel( 1692):   at android.os.Binder.execTransact(Binder.java:288)
E/VolumePanel( 1692):   at dalvik.system.NativeStart.run(Native Method)
V/AudioPolicyManagerALSA( 1636): setStreamVolumeIndex() stream 3, index 4
V/AudioPolicyManagerALSA( 1636): setStreamVolume() for output 1 stream 3, volume 0.077625, delay 0
D/VolumePanel( 1692): onVolumeChanged(streamType: 3, flags: 17)
D/VolumePanel( 1692): onShowVolumeChanged(streamType: 3, flags: 17), index: 4
E/AudioService( 1692): setStreamVolumeIndex trace
E/AudioService( 1692): java.lang.Exception
E/AudioService( 1692):  at android.media.AudioService.setStreamVolumeIndex(AudioService.java:392)
E/AudioService( 1692):  at android.media.AudioService.access$1900(AudioService.java:76)
E/AudioService( 1692):  at android.media.AudioService$AudioHandler.setSystemVolume(AudioService.java:1537)
E/AudioService( 1692):  at android.media.AudioService$AudioHandler.handleMessage(AudioService.java:1641)
E/AudioService( 1692):  at android.os.Handler.dispatchMessage(Handler.java:99)
E/AudioService( 1692):  at android.os.Looper.loop(Looper.java:123)
E/AudioService( 1692):  at android.media.AudioService$AudioSystemThread.run(AudioService.java:1520)
D/ModeChangeReceiver( 2214): android.media.VOLUME_CHANGED_ACTION
V/AudioPolicyManagerALSA( 1636): setStreamVolumeIndex() stream 9, index 4
V/AudioPolicyManagerALSA( 1636): setStreamVolume() for output 1 stream 9, volume 0.077625, delay 0
E/VolumePanel( 1692): postVolumeChanged trace
E/VolumePanel( 1692): java.lang.Exception
E/VolumePanel( 1692):   at android.view.VolumePanel.postVolumeChanged(VolumePanel.java:127)
E/VolumePanel( 1692):   at android.media.AudioService.adjustStreamVolume(AudioService.java:469)
E/VolumePanel( 1692):   at android.media.AudioService.adjustSuggestedStreamVolume(AudioService.java:422)
E/VolumePanel( 1692):   at android.media.IAudioService$Stub.onTransact(IAudioService.java:68)
E/VolumePanel( 1692):   at android.os.Binder.execTransact(Binder.java:288)
E/VolumePanel( 1692):   at dalvik.system.NativeStart.run(Native Method)
D/ModeChangeReceiver( 2214): android.media.VOLUME_CHANGED_ACTION
D/VolumePanel( 1692): onVolumeChanged(streamType: 3, flags: 0)

################################################################################
