02-25 08:13:02.905    78   178 W ThrottleService: unable to find stats for iface rmnet0
02-25 08:13:07.245   538   538 V BrowserActivity: enter dispatchTouchEvent()
02-25 08:13:07.245   538   538 V Controller: enter dispatchTouchEvent()
02-25 08:13:07.255   538   561 E WebViewCore: UpdateFrameCacheIfLoading, 4389
02-25 08:13:07.255   538   561 E WebViewCore: updateFrameCacheIfLoading, 1823
02-25 08:13:07.395   538   538 V BrowserActivity: enter dispatchTouchEvent()
02-25 08:13:07.395   538   538 V Controller: enter dispatchTouchEvent()
02-25 08:13:07.455   538   538 E WebViewCore: updateCursorBounds, 810
02-25 08:13:07.455   538   538 E WebViewCore: updateCursorBounds, 832
02-25 08:13:07.465   538   561 E WebViewCore: MoveMouseIfLatest, 4809
02-25 08:13:07.465   538   561 E WebViewCore: moveMouseIfLatest, 2280
02-25 08:13:07.465   538   561 E WebViewCore: moveMouse, 2318
02-25 08:13:07.465   538   561 E WebViewCore: updateCacheOnNodeChange, 1726
02-25 08:13:07.475   538   538 E WebViewCore: updateCursorBounds, 810
02-25 08:13:07.475   538   538 E WebViewCore: updateCursorBounds, 832
02-25 08:13:07.704   538   538 E WebViewCore: updateCursorBounds, 810
02-25 08:13:07.704   538   538 E WebViewCore: updateCursorBounds, 832
02-25 08:13:07.714   538   561 E WebViewCore: MoveMouseIfLatest, 4809
02-25 08:13:07.714   538   561 E WebViewCore: moveMouseIfLatest, 2280
02-25 08:13:07.714   538   561 E WebViewCore: moveMouse, 2318
02-25 08:13:07.714   538   561 E WebViewCore: updateCacheOnNodeChange, 1726
02-25 08:13:07.724   538   561 E WebViewCore: ValidNodeAndBounds, 5107
02-25 08:13:07.724   538   561 E WebViewCore: jrect_to_webrect, 5097
02-25 08:13:07.724   538   561 E WebViewCore: validNodeAndBounds, 4188
02-25 08:13:07.734   538   538 E WebViewCore: updateCursorBounds, 810
02-25 08:13:07.734   538   538 E WebViewCore: updateCursorBounds, 832
02-25 08:13:07.734   538   561 E WebViewCore: TouchUp, 4725
02-25 08:13:07.734   538   561 E WebViewCore: touchUp, 3504
02-25 08:13:07.734   538   561 E WebViewCore: moveMouse, 2318
02-25 08:13:07.734   538   561 E WebViewCore: updateCacheOnNodeChange, 1726
02-25 08:13:07.734   538   561 E WebViewCore: handleMouseClick, 3555
02-25 08:13:07.734   538   561 E WebViewCore: drawIsPaused, 4286
02-25 08:13:07.734   538   561 E WebViewCore: contentInvalidate, 1103
02-25 08:13:07.734   538   561 E WebViewCore: contentDraw, 1079
02-25 08:13:07.744   538   561 E WebViewCore: contentInvalidate, 1103
02-25 08:13:07.744   538   561 E WebViewCore: contentDraw, 1079
02-25 08:13:07.744   538   561 E WebViewCore: contentInvalidate, 1103
02-25 08:13:07.744   538   561 E WebViewCore: contentDraw, 1079
02-25 08:13:07.744   538   561 E WebViewCore: drawIsPaused, 4286
02-25 08:13:07.744   538   561 E WebViewCore: contentInvalidate, 1103
02-25 08:13:07.744   538   561 E WebViewCore: contentDraw, 1079
02-25 08:13:07.744   538   561 E WebViewCore: contentInvalidate, 1103
02-25 08:13:07.744   538   561 E WebViewCore: contentDraw, 1079
02-25 08:13:07.744   538   561 E WebViewCore: contentInvalidate, 1103
02-25 08:13:07.744   538   561 E WebViewCore: contentDraw, 1079
02-25 08:13:07.754   538   561 E WebCoreFrameBridge: userAgentForURL, 804
02-25 08:13:07.754   538   561 E WebCoreFrameBridge: canHandleRequest, 876
02-25 08:13:07.774   538   538 E WebViewCore: updateCursorBounds, 810
02-25 08:13:07.774   538   538 E WebViewCore: updateCursorBounds, 832
02-25 08:13:07.784   538   538 V Controller: enter shouldOverrideUrlLoading(): http://192.168.10.224:8080/test-browser/drm/huasha.dcf
02-25 08:13:07.784   538   538 V PageDownloader: reset()
02-25 08:13:07.795   538   538 V PageDownloader: add(): http://192.168.10.224:8080/test-browser/drm/huasha.dcf
02-25 08:13:07.805   538   538 V Controller: enter isMenuDown()
02-25 08:13:07.805   538   561 E WebCoreFrameBridge: loadStarted, 592
02-25 08:13:07.805   538   561 E WebCoreFrameBridge: setProgress, 786
02-25 08:13:07.805   538   561 E WebCoreFrameBridge: userAgentForURL, 804
02-25 08:13:07.805   538   561 E WebCoreFrameBridge: userAgentForURL, 804
02-25 08:13:07.805   538   561 E WebViewCore: webRequestContext, 4318
02-25 08:13:07.805   538   561 E WebViewCore: webRequestContext, 4326
02-25 08:13:07.805   538   561 E WebCoreFrameBridge: maybeSavePassword, 1219
02-25 08:13:07.805   538   561 E         : external/chromium/net/http/http_request_headers.cc, HttpRequestHeaders, 95
02-25 08:13:07.805   538   561 E         : external/chromium/net/http/http_request_headers.cc, SetHeader, 132
02-25 08:13:07.805   538   561 E WebCoreFrameBridge: shouldInterceptRequest, 525
02-25 08:13:07.805   538   561 E         : external/chromium/net/http/http_request_headers.cc, HttpRequestHeaders, 95
02-25 08:13:07.805   538   561 E         : external/chromium/net/http/http_vary_data.cc, HttpVaryData, 23
02-25 08:13:07.805   538   561 E         : external/chromium/net/http/http_response_info.cc, HttpResponseInfo, 71
02-25 08:13:07.805   538   561 E         : external/chromium/net/http/http_request_headers.cc, ~HttpRequestHeaders, 101
02-25 08:13:07.805   538   568 E         : external/chromium/net/http/http_request_headers.cc, HttpRequestHeaders, 95
02-25 08:13:07.805   538   568 E         : external/chromium/net/http/http_request_info.cc, HttpRequestInfo, 18
02-25 08:13:07.805   538   568 E         : external/chromium/net/http/http_request_headers.cc, SetHeaderIfMissing, 146
02-25 08:13:07.805   538   568 E         : external/chromium/net/http/http_request_headers.cc, SetHeader, 132
02-25 08:13:07.805   538   568 E         : external/chromium/net/http/http_request_headers.cc, SetHeaderIfMissing, 146
02-25 08:13:07.805   538   568 E         : external/chromium/net/http/http_request_headers.cc, SetHeaderIfMissing, 146
02-25 08:13:07.805   538   568 E         : external/chromium/net/http/http_cache.cc, CreateTransaction, 610
02-25 08:13:07.805   538   568 E         : external/chromium/net/http/http_vary_data.cc, HttpVaryData, 23
02-25 08:13:07.805   538   568 E         : external/chromium/net/http/http_response_info.cc, HttpResponseInfo, 71
02-25 08:13:07.805   538   568 E         : external/chromium/net/http/http_vary_data.cc, HttpVaryData, 23
02-25 08:13:07.805   538   568 E         : external/chromium/net/http/http_response_info.cc, HttpResponseInfo, 71
02-25 08:13:07.805   538   568 E         : external/chromium/net/http/http_cache_transaction.cc, Transaction, 142
02-25 08:13:07.805   538   568 E         : external/chromium/net/http/http_cache_transaction.cc, Start, 262
02-25 08:13:07.805   538   568 E         : external/chromium/net/http/http_cache_transaction.cc, SetRequest, 1712
02-25 08:13:07.805   538   568 E         : external/chromium/net/http/http_cache_transaction.cc, DoGetBackend, 690
02-25 08:13:07.805   538   568 E         : external/chromium/net/http/http_cache.cc, GetBackendForTransaction, 697
02-25 08:13:07.805   538   568 E         : external/chromium/net/http/http_cache_transaction.cc, DoGetBackendComplete, 702
02-25 08:13:07.805   538   568 E         : external/chromium/net/http/http_cache.cc, GenerateCacheKey, 717
02-25 08:13:07.805   538   568 E         : external/chromium/net/http/http_cache_transaction.cc, DoInitEntry, 900
02-25 08:13:07.805   538   568 E         : external/chromium/net/http/http_cache_transaction.cc, DoOpenEntry, 921
02-25 08:13:07.805   538   568 E         : external/chromium/net/http/http_cache.cc, OpenEntry, 957
02-25 08:13:07.805   538   568 E         : external/chromium/net/http/http_cache.cc, FindActiveEntry, 841
02-25 08:13:07.815   538   568 E         : external/chromium/net/http/http_cache.cc, OnIOComplete, 1342
02-25 08:13:07.815   538   568 E         : external/chromium/net/http/http_cache.cc, DeletePendingOp, 925
02-25 08:13:07.815   538   568 E         : external/chromium/net/http/http_cache_transaction.cc, OnIOComplete, 2543
02-25 08:13:07.815   538   568 E         : external/chromium/net/http/http_cache_transaction.cc, DoOpenEntryComplete, 934
02-25 08:13:07.815   538   568 E         : external/chromium/net/http/http_cache_transaction.cc, DoCreateEntry, 978
02-25 08:13:07.815   538   568 E         : external/chromium/net/http/http_cache.cc, CreateEntry, 995
02-25 08:13:07.825   538   561 E WebViewCore: handleMouseClick, 3685
02-25 08:13:07.825   538   561 E WebViewCore: clearTextEntry, 4019
02-25 08:13:07.825   538   561 E WebViewCore: handleMouseClick, 3690
02-25 08:13:07.825   538   568 E         : external/chromium/net/http/http_cache.cc, OnIOComplete, 1342
02-25 08:13:07.825   538   568 E         : external/chromium/net/http/http_cache.cc, ActivateEntry, 852
02-25 08:13:07.825   538   568 E         : external/chromium/net/http/http_cache.cc, ActiveEntry, 131
02-25 08:13:07.825   538   568 E         : external/chromium/net/http/http_cache.cc, DeletePendingOp, 925
02-25 08:13:07.825   538   568 E         : external/chromium/net/http/http_cache_transaction.cc, OnIOComplete, 2543
02-25 08:13:07.825   538   568 E         : external/chromium/net/http/http_cache_transaction.cc, DoCreateEntryComplete, 991
02-25 08:13:07.825   538   568 E         : external/chromium/net/http/http_cache_transaction.cc, DoAddToEntry, 1053
02-25 08:13:07.825   538   568 E         : external/chromium/net/http/http_cache.cc, AddTransactionToEntry, 1042
02-25 08:13:07.825   538   568 E         : external/chromium/net/http/http_cache_transaction.cc, DoAddToEntryComplete, 1068
02-25 08:13:07.825   538   568 E         : external/chromium/net/http/http_cache_transaction.cc, DoSendRequest, 759
02-25 08:13:07.825   538   568 E         : external/chromium/net/http/http_network_layer.cc, CreateTransaction, 182
02-25 08:13:07.825   538   568 E         : external/chromium/net/http/http_network_layer.cc, GetSession, 204
02-25 08:13:07.825   538   568 E         : external/chromium/net/http/http_vary_data.cc, HttpVaryData, 23
02-25 08:13:07.825   538   568 E         : external/chromium/net/http/http_response_info.cc, HttpResponseInfo, 71
02-25 08:13:07.825   538   568 E         : external/chromium/net/http/http_request_headers.cc, HttpRequestHeaders, 95
02-25 08:13:07.825   538   568 E         : external/chromium/net/http/http_network_transaction.cc, HttpNetworkTransaction, 130
02-25 08:13:07.825   538   568 E         : external/chromium/net/http/http_network_transaction.cc, Start, 189
02-25 08:13:07.825   538   568 E         : external/chromium/net/http/http_network_transaction.cc, DoLoop, 629
02-25 08:13:07.825   538   568 E         : external/chromium/net/http/http_network_transaction.cc, DoCreateStream, 729
02-25 08:13:07.825   538   568 E         : external/chromium/net/http/http_stream_factory_impl.cc, RequestStream, 76
02-25 08:13:07.825   538   568 E         : external/chromium/net/http/http_stream_factory_impl_request.cc, Request, 30
02-25 08:13:07.825   538   568 E         : request url: http://192.168.10.224:8080/test-browser/drm/huasha.dcf
02-25 08:13:07.825   538   568 E         : external/chromium/net/http/http_vary_data.cc, HttpVaryData, 23
02-25 08:13:07.825   538   568 E         : external/chromium/net/http/http_response_info.cc, HttpResponseInfo, 71
02-25 08:13:07.825   538   568 E         : external/chromium/net/http/http_stream_factory_impl_job.cc, Job, 69
02-25 08:13:07.825   538   568 E         : external/chromium/net/http/http_stream_factory_impl_request.cc, AttachJob, 82
02-25 08:13:07.825   538   568 E         : external/chromium/net/http/http_stream_factory_impl_job.cc, Start, 104
02-25 08:13:07.825   538   568 E         : external/chromium/net/http/http_stream_factory_impl_job.cc, StartInternal, 588
02-25 08:13:07.825   538   568 E         : external/chromium/net/http/http_stream_factory_impl_job.cc, RunLoop, 419
02-25 08:13:07.825   538   568 E         : external/chromium/net/http/http_stream_factory_impl_job.cc, DoLoop, 528
02-25 08:13:07.825   538   568 E         : external/chromium/net/http/http_stream_factory_impl_job.cc, DoResolveProxy, 604
02-25 08:13:07.825   538   568 E         : external/chromium/net/http/http_stream_factory_impl_job.cc, DoResolveProxyComplete, 628
02-25 08:13:07.825   538   568 E         : external/chromium/net/http/http_stream_factory_impl_job.cc, DoInitConnection, 709
02-25 08:13:07.825   538   568 E         : external/chromium/net/http/http_stream_factory_impl_job.cc, ShouldForceSpdySSL, 666
02-25 08:13:07.825   538   568 E         : external/chromium/net/http/http_stream_factory_impl_job.cc, IsHttpsProxyAndHttpUrl, 1105
02-25 08:13:07.825   538   568 E         : external/chromium/net/http/http_stream_factory_impl_job.cc, ShouldForceSpdyWithoutSSL, 676
02-25 08:13:07.825   538   568 E         : external/chromium/net/http/http_stream_factory_impl_job.cc, IsPreconnecting, 1321
02-25 08:13:07.825   538   568 E         : external/chromium/net/http/http_stream_factory_impl_job.cc, ShouldForceSpdySSL, 666
02-25 08:13:07.825   538   568 E         : external/chromium/net/http/http_vary_data.cc, HttpVaryData, 23
02-25 08:13:07.825   538   568 E         : external/chromium/net/http/http_response_info.cc, HttpResponseInfo, 71
02-25 08:13:07.825   538   568 E         : external/chromium/net/http/http_response_info.cc, ~HttpResponseInfo, 100
02-25 08:13:07.835   538   538 V Controller: enter shouldShowErrorConsole()
02-25 08:13:07.835   538   538 V Controller: enter onPageStarted()
02-25 08:13:07.845   538   568 E         : external/chromium/net/http/http_stream_factory_impl_job.cc, OnIOComplete, 410
02-25 08:13:07.845   538   568 E         : external/chromium/net/http/http_stream_factory_impl_job.cc, RunLoop, 419
02-25 08:13:07.845   538   568 E         : external/chromium/net/http/http_stream_factory_impl_job.cc, DoLoop, 528
02-25 08:13:07.845   538   568 E         : external/chromium/net/http/http_stream_factory_impl_job.cc, DoInitConnectionComplete, 801
02-25 08:13:07.845   538   568 E         : external/chromium/net/http/http_stream_factory_impl_job.cc, IsPreconnecting, 1321
02-25 08:13:07.845   538   568 E         : external/chromium/net/http/http_stream_factory_impl_job.cc, ShouldForceSpdyWithoutSSL, 676
02-25 08:13:07.845   538   568 E         : external/chromium/net/http/http_stream_factory_impl_job.cc, LogHttpConnectedMetrics, 1283
02-25 08:13:07.845   538   568 E         : external/chromium/net/http/http_stream_factory_impl_job.cc, DoCreateStream, 941
02-25 08:13:07.845   538   568 E         : external/chromium/net/http/http_stream_factory_impl_job.cc, SetSocketMotivation, 1092
02-25 08:13:07.845   538   568 E         : external/chromium/net/http/http_basic_stream.cc, HttpBasicStream, 30
02-25 08:13:07.845   538   568 E         : external/chromium/net/http/http_stream_factory_impl_job.cc, DoCreateStreamComplete, 1025
02-25 08:13:07.845   538   568 E         : external/chromium/net/http/http_stream_factory_impl_job.cc, IsPreconnecting, 1321
02-25 08:13:07.845   538   568 E         : external/chromium/net/http/http_stream_factory_impl_job.cc, OnStreamReadyCallback, 271
02-25 08:13:07.845   538   568 E         : external/chromium/net/http/http_stream_factory_impl_job.cc, IsOrphaned, 1331
02-25 08:13:07.845   538   568 E         : external/chromium/net/http/http_stream_factory_impl_job.cc, IsPreconnecting, 1321
02-25 08:13:07.845   538   568 E         : external/chromium/net/http/http_stream_factory_impl_job.cc, was_npn_negotiated, 221
02-25 08:13:07.845   538   568 E         : external/chromium/net/http/http_stream_factory_impl_job.cc, using_spdy, 230
02-25 08:13:07.845   538   568 E         : external/chromium/net/http/http_stream_factory_impl_request.cc, Complete, 96
02-25 08:13:07.845   538   568 E         : external/chromium/net/http/http_stream_factory_impl_request.cc, OnStreamReady, 116
02-25 08:13:07.845   538   568 E         : external/chromium/net/http/http_stream_factory_impl_request.cc, OrphanJobsExcept, 368
02-25 08:13:07.845   538   568 E         : external/chromium/net/http/http_stream_factory_impl_request.cc, OrphanJobs, 384
02-25 08:13:07.845   538   568 E         : external/chromium/net/http/http_stream_factory_impl_request.cc, RemoveRequestFromSpdySessionRequestMap, 301
02-25 08:13:07.845   538   568 E         : external/chromium/net/http/http_network_transaction.cc, OnStreamReady, 471
02-25 08:13:07.845   538   568 E         : external/chromium/net/http/http_network_transaction.cc, OnIOComplete, 618
02-25 08:13:07.845   538   568 E         : external/chromium/net/http/http_network_transaction.cc, DoLoop, 629
02-25 08:13:07.845   538   568 E         : external/chromium/net/http/http_network_transaction.cc, DoCreateStreamComplete, 747
02-25 08:13:07.845   538   568 E         : external/chromium/net/http/http_network_transaction.cc, HandleSSLHandshakeError, 1453
02-25 08:13:07.845   538   568 E         : external/chromium/net/http/http_stream_factory_impl_request.cc, ~Request, 46
02-25 08:13:07.845   538   568 E         : external/chromium/net/http/http_stream_factory_impl_request.cc, RemoveRequestFromSpdySessionRequestMap, 301
02-25 08:13:07.845   538   568 E         : external/chromium/net/http/http_stream_factory_impl_job.cc, ~Job, 79
02-25 08:13:07.845   538   568 E         : external/chromium/net/http/http_request_info.cc, ~HttpRequestInfo, 26
02-25 08:13:07.845   538   568 E         : external/chromium/net/http/http_request_headers.cc, ~HttpRequestHeaders, 101
02-25 08:13:07.845   538   568 E         : external/chromium/net/http/http_network_transaction.cc, DoInitStream, 776
02-25 08:13:07.845   538   568 E         : external/chromium/net/http/http_basic_stream.cc, InitializeStream, 47
02-25 08:13:07.845   538   568 E         : external/chromium/net/http/http_stream_parser.cc, HttpStreamParser, 52
02-25 08:13:07.845   538   568 E         : external/chromium/net/http/http_network_transaction.cc, DoInitStreamComplete, 787
02-25 08:13:07.845   538   568 E         : external/chromium/net/http/http_network_transaction.cc, DoGenerateProxyAuthToken, 807
02-25 08:13:07.845   538   568 E         : external/chromium/net/http/http_network_transaction.cc, ShouldApplyProxyAuth, 1600
02-25 08:13:07.845   538   568 E         : external/chromium/net/http/http_network_transaction.cc, is_https_request, 594
02-25 08:13:07.845   538   568 E         : external/chromium/net/http/http_network_transaction.cc, DoGenerateProxyAuthTokenComplete, 828
02-25 08:13:07.845   538   568 E         : external/chromium/net/http/http_network_transaction.cc, DoGenerateServerAuthToken, 840
02-25 08:13:07.845   538   568 E         : external/chromium/net/http/http_network_transaction.cc, AuthURL, 1665
02-25 08:13:07.845   538   568 E         : external/chromium/net/http/http_network_transaction.cc, ShouldApplyServerAuth, 1610
02-25 08:13:07.845   538   568 E         : external/chromium/net/http/http_network_transaction.cc, DoGenerateServerAuthTokenComplete, 861
02-25 08:13:07.845   538   568 E         : external/chromium/net/http/http_network_transaction.cc, DoBuildRequest, 954
02-25 08:13:07.845   538   568 E         : external/chromium/net/http/http_network_transaction.cc, BuildRequestHeaders, 873
02-25 08:13:07.845   538   568 E         : external/chromium/net/http/http_request_headers.cc, SetHeader, 132
02-25 08:13:07.845   538   568 E         : external/chromium/net/http/http_request_headers.cc, SetHeader, 132
02-25 08:13:07.845   538   568 E         : external/chromium/net/http/http_network_transaction.cc, ShouldApplyProxyAuth, 1600
02-25 08:13:07.845   538   568 E         : external/chromium/net/http/http_network_transaction.cc, is_https_request, 594
02-25 08:13:07.845   538   568 E         : external/chromium/net/http/http_network_transaction.cc, ShouldApplyServerAuth, 1610
02-25 08:13:07.845   538   568 E         : external/chromium/net/http/http_network_transaction.cc, HaveAuth, 1655
02-25 08:13:07.845   538   568 E         : external/chromium/net/http/http_request_headers.cc, HttpRequestHeaders, 95
02-25 08:13:07.845   538   568 E         : external/chromium/net/http/http_request_headers.cc, RemoveHeader, 157
02-25 08:13:07.845   538   568 E         : external/chromium/net/http/http_request_headers.cc, MergeFrom, 242
02-25 08:13:07.845   538   568 E         : external/chromium/net/http/http_request_headers.cc, SetHeader, 132
02-25 08:13:07.845   538   568 E         : external/chromium/net/http/http_request_headers.cc, SetHeader, 132
02-25 08:13:07.845   538   568 E         : external/chromium/net/http/http_request_headers.cc, SetHeader, 132
02-25 08:13:07.845   538   568 E         : external/chromium/net/http/http_request_headers.cc, SetHeader, 132
02-25 08:13:07.845   538   568 E         : external/chromium/net/http/http_request_headers.cc, SetHeader, 132
02-25 08:13:07.845   538   568 E         : external/chromium/net/http/http_request_headers.cc, ~HttpRequestHeaders, 101
02-25 08:13:07.845   538   568 E         : external/chromium/net/http/http_network_transaction.cc, DoBuildRequestComplete, 993
02-25 08:13:07.845   538   568 E         : external/chromium/net/http/http_network_transaction.cc, DoSendRequest, 1006
02-25 08:13:07.845   538   568 E         : external/chromium/net/http/http_basic_stream.cc, SendRequest, 64
02-25 08:13:07.845   538   568 E         : external/chromium/net/http/http_stream_parser.cc, SendRequest, 75
02-25 08:13:07.845   538   568 E         : external/chromium/net/http/http_stream_parser.cc, DoLoop, 227
02-25 08:13:07.845   538   568 E         : external/chromium/net/http/http_stream_parser.cc, DoSendHeaders, 287
02-25 08:13:07.845   538   568 E         : external/chromium/net/http/http_stream_parser.cc, DoSendHeaders, 287
02-25 08:13:07.845   538   568 E         : external/chromium/net/http/http_network_transaction.cc, DoSendRequestComplete, 1018
02-25 08:13:07.845   538   568 E         : external/chromium/net/http/http_network_transaction.cc, DoReadHeaders, 1030
02-25 08:13:07.845   538   568 E         : external/chromium/net/http/http_basic_stream.cc, ReadResponseHeaders, 91
02-25 08:13:07.845   538   568 E         : external/chromium/net/http/http_stream_parser.cc, ReadResponseHeaders, 123
02-25 08:13:07.845   538   568 E         : external/chromium/net/http/http_stream_parser.cc, DoLoop, 227
02-25 08:13:07.845   538   568 E         : external/chromium/net/http/http_stream_parser.cc, DoReadHeaders, 419
02-25 08:13:07.845   538   538 V websync : *** WebSyncManager resetSync ***
02-25 08:13:07.845   538   538 V Controller: enter endActionMode()
02-25 08:13:07.855   538   568 E         : external/chromium/net/http/http_stream_parser.cc, OnIOComplete, 194
02-25 08:13:07.855   538   568 E         : external/chromium/net/http/http_stream_parser.cc, DoLoop, 227
02-25 08:13:07.855   538   568 E         : external/chromium/net/http/http_stream_parser.cc, DoReadHeadersComplete, 440
02-25 08:13:07.855   538   568 E         : external/chromium/net/http/http_stream_parser.cc, ParseResponseHeaders, 677
02-25 08:13:07.855   538   568 E         : external/chromium/net/http/http_stream_parser.cc, DoParseResponseHeaders, 715
02-25 08:13:07.855   538   568 E         : external/chromium/net/http/http_response_headers.cc, HttpResponseHeaders, 155
02-25 08:13:07.855   538   568 E         : external/chromium/net/http/http_response_headers.cc, Parse, 398
02-25 08:13:07.855   538   568 E         : external/chromium/net/http/http_response_headers.cc, ParseStatusLine, 732
02-25 08:13:07.855   538   568 E         : external/chromium/net/http/http_response_headers.cc, AddHeader, 839
02-25 08:13:07.855   538   568 E         : external/chromium/net/http/http_response_headers.cc, AddHeader, 839
02-25 08:13:07.855   538   568 E         : external/chromium/net/http/http_response_headers.cc, AddHeader, 839
02-25 08:13:07.855   538   568 E         : external/chromium/net/http/http_response_headers.cc, AddHeader, 839
02-25 08:13:07.855   538   568 E         : external/chromium/net/http/http_response_headers.cc, AddHeader, 839
02-25 08:13:07.855   538   568 E         : external/chromium/net/http/http_response_headers.cc, AddHeader, 839
02-25 08:13:07.855   538   568 E         : external/chromium/net/http/http_vary_data.cc, Init, 32
02-25 08:13:07.855   538   568 E         : external/chromium/net/http/http_stream_parser.cc, CalculateResponseBodySize, 759
02-25 08:13:07.855   538   568 E         : external/chromium/net/http/http_network_transaction.cc, OnIOComplete, 618
02-25 08:13:07.855   538   568 E         : external/chromium/net/http/http_network_transaction.cc, DoLoop, 629
02-25 08:13:07.855   538   568 E         : external/chromium/net/http/http_network_transaction.cc, DoReadHeadersComplete, 1056
02-25 08:13:07.855   538   568 E         : external/chromium/net/http/http_network_transaction.cc, ProcessAlternateProtocol, 72
02-25 08:13:07.855   538   568 E         : external/chromium/net/http/http_network_transaction.cc, HandleAuthChallenge, 1619
02-25 08:13:07.855   538   568 E         : external/chromium/net/http/http_network_transaction.cc, GetResponseHeaders, 1555
02-25 08:13:07.855   538   568 E         : external/chromium/net/http/http_network_transaction.cc, is_https_request, 594
02-25 08:13:07.855   538   568 E         : external/chromium/net/http/http_network_transaction.cc, DoCallback, 603
02-25 08:13:07.855   538   568 E         : external/chromium/net/http/http_cache_transaction.cc, OnIOComplete, 2543
02-25 08:13:07.855   538   568 E         : external/chromium/net/http/http_cache_transaction.cc, DoSendRequestComplete, 778
02-25 08:13:07.855   538   568 E         : external/chromium/net/http/http_cache_transaction.cc, DoSuccessfulSendRequest, 810
02-25 08:13:07.855   538   568 E         : external/chromium/net/http/http_network_transaction.cc, GetResponseInfo, 422
02-25 08:13:07.855   538   568 E         : external/chromium/net/http/http_cache_transaction.cc, ValidatePartialResponse, 2201
02-25 08:13:07.855   538   568 E         : external/chromium/net/http/http_cache_transaction.cc, DoOverwriteCachedResponse, 1311
02-25 08:13:07.865   538   568 E         : external/chromium/net/http/http_cache_transaction.cc, DoCacheWriteResponse, 1489
02-25 08:13:07.865   538   568 E         : external/chromium/net/http/http_cache_transaction.cc, WriteResponseInfoToEntry, 2379
02-25 08:13:07.865   538   568 E         : external/chromium/net/http/http_response_info.cc, Persist, 225
02-25 08:13:07.865   538   568 E         : external/chromium/net/http/http_response_headers.cc, Persist, 193
02-25 08:13:07.865   538   568 E         : external/chromium/net/http/http_response_headers.cc, AddNonCacheableHeaders, 878
02-25 08:13:07.865   538   568 E         : external/chromium/net/http/http_response_headers.cc, AddCookieHeaders, 944
02-25 08:13:07.865   538   568 E         : external/chromium/net/http/http_response_headers.cc, AddChallengeHeaders, 954
02-25 08:13:07.865   538   568 E         : external/chromium/net/http/http_response_headers.cc, AddHopByHopHeaders, 934
02-25 08:13:07.865   538   568 E         : external/chromium/net/http/http_response_headers.cc, AddHopContentRangeHeaders, 964
02-25 08:13:07.865   538   568 E         : external/chromium/net/http/http_cache_transaction.cc, OnIOComplete, 2543
02-25 08:13:07.865   538   568 E         : external/chromium/net/http/http_cache_transaction.cc, DoCacheWriteResponseComplete, 1511
02-25 08:13:07.865   538   568 E         : external/chromium/net/http/http_cache_transaction.cc, DoTruncateCachedData, 1345
02-25 08:13:07.865   538   568 E         : external/chromium/net/http/http_cache_transaction.cc, WriteToEntry, 2359
02-25 08:13:07.865   538   568 E         : external/chromium/net/http/http_cache_transaction.cc, OnIOComplete, 2543
02-25 08:13:07.865   538   568 E         : external/chromium/net/http/http_cache_transaction.cc, DoTruncateCachedDataComplete, 1362
02-25 08:13:07.865   538   568 E         : external/chromium/net/http/http_cache_transaction.cc, DoTruncateCachedMetadata, 1380
02-25 08:13:07.865   538   568 E         : external/chromium/net/http/http_cache_transaction.cc, WriteToEntry, 2359
02-25 08:13:07.865   538   568 E         : external/chromium/net/http/http_cache_transaction.cc, OnIOComplete, 2543
02-25 08:13:07.865   538   568 E         : external/chromium/net/http/http_cache_transaction.cc, DoTruncateCachedMetadataComplete, 1396
02-25 08:13:07.865   538   568 E         : external/chromium/net/http/http_cache_transaction.cc, DoPartialHeadersReceived, 1419
02-25 08:13:07.865   538   568 E         : external/chromium/net/http/http_cache_transaction.cc, HandleResult, 506
02-25 08:13:07.865   538   568 E         : external/chromium/net/http/http_cache_transaction.cc, GetResponseInfo, 449
02-25 08:13:07.865   538   568 E         : external/chromium/net/http/http_cache_transaction.cc, GetResponseInfo, 449
02-25 08:13:07.865   538   568 E         : external/chromium/net/http/http_cache_transaction.cc, GetResponseInfo, 449
02-25 08:13:07.865   538   568 E         : external/chromium/net/http/http_network_transaction.cc, IsReadyToRestartForAuth, 367
02-25 08:13:07.865   538   561 E WebCoreFrameBridge: downloadStart, 1091
02-25 08:13:07.865   538   561 E WebCoreFrameBridge: didFinishLoad, 673
02-25 08:13:07.875   538   561 E WebCoreFrameBridge: setProgress, 786
02-25 08:13:07.875   538   561 E WebViewCore: notifyProgressFinished, 1271
02-25 08:13:07.875   538   561 E WebViewCore: sendNotifyProgressFinished, 1051
02-25 08:13:07.875   538   561 E WebViewCore: sendPluginEvent, 2225
02-25 08:13:07.875   538   561 E WebViewCore: sendPluginVisibleScreen, 2196
02-25 08:13:07.875   538   561 E WebViewCore: getVisibleScreen, 2186
02-25 08:13:07.875   538   561 E WebViewCore: RecordContent, 4605
02-25 08:13:07.875   538   561 E WebViewCore: recordContent, 986
02-25 08:13:07.875   538   561 E WebViewCore: recordPictureSet, 591
02-25 08:13:07.875   538   561 E WebViewCore: layoutIfNeededRecursive, 529
02-25 08:13:07.875   538   561 E WebViewCore: rebuildPictureSet, 884
02-25 08:13:07.875   538   561 E WebViewCore: rebuildPicture, 856
02-25 08:13:07.875   538   561 E WebViewCore: createBaseLayer, 946
02-25 08:13:07.875   538   561 E WebViewCore: layoutIfNeededRecursive, 529
02-25 08:13:07.875   538   561 E WebViewCore: FocusBoundsChanged, 4979
02-25 08:13:07.875   538   561 E WebViewCore: focusBoundsChanged, 847
02-25 08:13:07.875   538   561 E WebViewCore: GetContentMinPrefWidth, 4834
02-25 08:13:07.885   538   538 V PhoneUi : enter onProgressChanged(): 5
02-25 08:13:07.885   538   538 V PhoneUi : enter setTitleGravity()
02-25 08:13:07.885   538   568 E         : external/chromium/net/http/http_cache_transaction.cc, Read, 382
02-25 08:13:07.885   538   568 E         : external/chromium/net/http/http_cache_transaction.cc, ReadFromNetwork, 2333
02-25 08:13:07.885   538   568 E         : external/chromium/net/http/http_cache_transaction.cc, DoNetworkRead, 870
02-25 08:13:07.885   538   568 E         : external/chromium/net/http/http_network_transaction.cc, Read, 378
02-25 08:13:07.885   538   568 E         : external/chromium/net/http/http_network_transaction.cc, GetResponseHeaders, 1555
02-25 08:13:07.885   538   568 E         : external/chromium/net/http/http_network_transaction.cc, DoLoop, 629
02-25 08:13:07.885   538   568 E         : external/chromium/net/http/http_network_transaction.cc, DoReadBody, 1154
02-25 08:13:07.885   538   568 E         : external/chromium/net/http/http_basic_stream.cc, ReadResponseBody, 110
02-25 08:13:07.885   538   568 E         : external/chromium/net/http/http_stream_parser.cc, ReadResponseBody, 169
02-25 08:13:07.885   538   568 E         : external/chromium/net/http/http_stream_parser.cc, DoLoop, 227
02-25 08:13:07.885   538   568 E         : external/chromium/net/http/http_stream_parser.cc, DoReadBody, 553
02-25 08:13:07.885   538   568 E         : external/chromium/net/http/http_stream_parser.cc, DoReadBodyComplete, 594
02-25 08:13:07.885   538   568 E         : external/chromium/net/http/http_stream_parser.cc, IsResponseBodyComplete, 828
02-25 08:13:07.885   538   568 E         : external/chromium/net/http/http_network_transaction.cc, DoReadBodyComplete, 1168
02-25 08:13:07.885   538   568 E         : external/chromium/net/http/http_basic_stream.cc, IsResponseBodyComplete, 140
02-25 08:13:07.885   538   568 E         : external/chromium/net/http/http_stream_parser.cc, IsResponseBodyComplete, 828
02-25 08:13:07.885   538   568 E         : external/chromium/net/http/http_cache_transaction.cc, DoNetworkReadComplete, 880
02-25 08:13:07.885   538   568 E         : external/chromium/net/http/http_cache_transaction.cc, DoCacheWriteData, 1654
02-25 08:13:07.885   538   568 E         : external/chromium/net/http/http_cache_transaction.cc, AppendResponseDataToEntry, 2428
02-25 08:13:07.885   538   568 E         : external/chromium/net/http/http_cache_transaction.cc, WriteToEntry, 2359
02-25 08:13:07.885   538   568 E         : external/chromium/net/http/http_cache_transaction.cc, ~Transaction, 153
02-25 08:13:07.885   538   568 E         : external/chromium/net/http/http_cache.cc, DoneWithEntry, 1090
02-25 08:13:07.885   538   568 E         : external/chromium/net/http/http_cache_transaction.cc, AddTruncatedFlag, 216
02-25 08:13:07.885   538   568 E         : external/chromium/net/http/http_cache_transaction.cc, CanResume, 2522
02-25 08:13:07.885   538   568 E         : external/chromium/net/http/http_cache.cc, DoneWritingToEntry, 1120
02-25 08:13:07.885   538   568 E         : external/chromium/net/http/http_cache.cc, DestroyEntry, 1028
02-25 08:13:07.885   538   568 E         : external/chromium/net/http/http_cache.cc, DeactivateEntry, 864
02-25 08:13:07.885   538   568 E         : external/chromium/net/http/http_cache.cc, ~ActiveEntry, 139
02-25 08:13:07.885   538   568 E         : external/chromium/net/http/http_response_info.cc, ~HttpResponseInfo, 100
02-25 08:13:07.885   538   568 E         : external/chromium/net/http/http_response_info.cc, ~HttpResponseInfo, 100
02-25 08:13:07.885   538   568 E         : external/chromium/net/http/http_network_transaction.cc, ~HttpNetworkTransaction, 141
02-25 08:13:07.885   538   568 E         : external/chromium/net/http/http_network_transaction.cc, GetResponseHeaders, 1555
02-25 08:13:07.885   538   568 E         : external/chromium/net/http/http_basic_stream.cc, CanFindEndOfResponse, 149
02-25 08:13:07.885   538   568 E         : external/chromium/net/http/http_stream_parser.cc, CanFindEndOfResponse, 842
02-25 08:13:07.885   538   568 E         : external/chromium/net/http/http_basic_stream.cc, IsResponseBodyComplete, 140
02-25 08:13:07.885   538   568 E         : external/chromium/net/http/http_stream_parser.cc, IsResponseBodyComplete, 828
02-25 08:13:07.905   538   538 V Controller: enter onProgressChanged()
02-25 08:13:07.905   538   538 V websync : *** WebSyncManager sync ***
02-25 08:13:07.915   538   538 V PhoneUi : enter onProgressChanged(): 100
02-25 08:13:07.915   538   538 V Controller: enter onLoadResource(): http://192.168.10.224:8080/test-browser/drm/huasha.dcf
02-25 08:13:07.915   538   538 V PageDownloader: add(): http://192.168.10.224:8080/test-browser/drm/huasha.dcf
02-25 08:13:07.915   538   568 E         : external/chromium/net/http/http_response_body_drainer.cc, HttpResponseBodyDrainer, 28
02-25 08:13:07.915   538   568 E         : external/chromium/net/http/http_response_body_drainer.cc, Start, 42
02-25 08:13:07.915   538   568 E         : external/chromium/net/http/http_response_body_drainer.cc, DoLoop, 65
02-25 08:13:07.915   538   568 E         : external/chromium/net/http/http_response_body_drainer.cc, DoDrainResponseBody, 96
02-25 08:13:07.915   538   568 E         : external/chromium/net/http/http_basic_stream.cc, ReadResponseBody, 110
02-25 08:13:07.915   538   568 E         : external/chromium/net/http/http_stream_parser.cc, ReadResponseBody, 169
02-25 08:13:07.915   538   568 E         : external/chromium/net/http/http_stream_parser.cc, DoLoop, 227
02-25 08:13:07.915   538   568 E         : external/chromium/net/http/http_stream_parser.cc, DoReadBody, 553
02-25 08:13:07.915   538   568 E         : external/chromium/net/http/http_stream_parser.cc, IsResponseBodyComplete, 828
02-25 08:13:07.915   538   568 E         : external/chromium/net/http/http_stream_parser.cc, DoReadBodyComplete, 594
02-25 08:13:07.915   538   568 E         : external/chromium/net/http/http_stream_parser.cc, IsResponseBodyComplete, 828
02-25 08:13:07.915   538   568 E         : external/chromium/net/http/http_response_body_drainer.cc, DoDrainResponseBodyComplete, 109
02-25 08:13:07.915   538   568 E         : external/chromium/net/http/http_basic_stream.cc, IsResponseBodyComplete, 140
02-25 08:13:07.915   538   568 E         : external/chromium/net/http/http_stream_parser.cc, IsResponseBodyComplete, 828
02-25 08:13:07.915   538   568 E         : external/chromium/net/http/http_response_body_drainer.cc, Finish, 158
02-25 08:13:07.915   538   568 E         : external/chromium/net/http/http_basic_stream.cc, Close, 119
02-25 08:13:07.915   538   568 E         : external/chromium/net/http/http_stream_parser.cc, Close, 157
02-25 08:13:07.915   538   568 E         : external/chromium/net/http/http_vary_data.cc, HttpVaryData, 23
02-25 08:13:07.915   538   568 E         : external/chromium/net/http/http_response_info.cc, HttpResponseInfo, 71
02-25 08:13:07.915   538   568 E         : external/chromium/net/http/http_response_info.cc, ~HttpResponseInfo, 100
02-25 08:13:07.915   538   568 E         : external/chromium/net/http/http_response_body_drainer.cc, ~HttpResponseBodyDrainer, 35
02-25 08:13:07.915   538   568 E         : external/chromium/net/http/http_basic_stream.cc, ~HttpBasicStream, 38
02-25 08:13:07.915   538   568 E         : external/chromium/net/http/http_vary_data.cc, HttpVaryData, 23
02-25 08:13:07.915   538   568 E         : external/chromium/net/http/http_response_info.cc, HttpResponseInfo, 71
02-25 08:13:07.915   538   568 E         : external/chromium/net/http/http_response_info.cc, ~HttpResponseInfo, 100
02-25 08:13:07.915   538   568 E         : external/chromium/net/http/http_response_info.cc, ~HttpResponseInfo, 100
02-25 08:13:07.915   538   568 E         : external/chromium/net/http/http_stream_parser.cc, ~HttpStreamParser, 61
02-25 08:13:07.915   538   568 E         : external/chromium/net/http/http_request_headers.cc, ~HttpRequestHeaders, 101
02-25 08:13:07.915   538   568 E         : external/chromium/net/http/http_response_info.cc, ~HttpResponseInfo, 100
02-25 08:13:07.915   538   568 E         : external/chromium/net/http/http_request_info.cc, ~HttpRequestInfo, 26
02-25 08:13:07.915   538   568 E         : external/chromium/net/http/http_request_headers.cc, ~HttpRequestHeaders, 101
02-25 08:13:07.915   538   568 E         : external/chromium/net/http/http_response_info.cc, ~HttpResponseInfo, 100
02-25 08:13:07.915   538   568 E         : external/chromium/net/http/http_response_headers.cc, ~HttpResponseHeaders, 666
02-25 08:13:07.915   538   568 E         : external/chromium/net/http/http_request_headers.cc, ~HttpRequestHeaders, 101
02-25 08:13:08.015   538   552 V websync : *** WebSyncManager sync ***
02-25 08:13:08.015   538   552 V websync : CookieSyncManager::syncFromRamToFlash STARTS
02-25 08:13:08.075   538   538 E WebViewCore: updateCursorBounds, 810
02-25 08:13:08.075   538   538 E WebViewCore: updateCursorBounds, 832
02-25 08:13:08.095   538   538 V DownloadHandler: enter onDownloadStart(), url: http://192.168.10.224:8080/test-browser/drm/huasha.dcf, ua: Mozilla/5.0 (Linux; U; Android 4.0.3; en-us; Full Android on Emulator Build/IML74K) AppleWebKit/534.30 (KHTML, like Gecko) Version/4.0 Mobile Safari/534.30, contentDisposition: , mimetype: application/vnd.oma.drm.content
02-25 08:13:08.095   538   538 V DownloadHandler: enter onDownloadStartNewPolicy(), url: http://192.168.10.224:8080/test-browser/drm/huasha.dcf, ua: Mozilla/5.0 (Linux; U; Android 4.0.3; en-us; Full Android on Emulator Build/IML74K) AppleWebKit/534.30 (KHTML, like Gecko) Version/4.0 Mobile Safari/534.30, contentDisposition: , mimetype: application/vnd.oma.drm.content
02-25 08:13:08.095   538   538 V DownloadHandler: No one can handle the file, just download it,onDownloadStartNoStream
02-25 08:13:08.095   538   538 V DownloadHandler: enter onDownloadStartNoStream(), url: http://192.168.10.224:8080/test-browser/drm/huasha.dcf, ua: Mozilla/5.0 (Linux; U; Android 4.0.3; en-us; Full Android on Emulator Build/IML74K) AppleWebKit/534.30 (KHTML, like Gecko) Version/4.0 Mobile Safari/534.30, contentDisposition: , mimetype: application/vnd.oma.drm.content
02-25 08:13:08.105   538   538 V DownloadHandler: enter encodePath()
02-25 08:13:08.105   538   538 V DownloadHandler: download file uri: file:///mnt/sdcard/user/huasha.dcf
02-25 08:13:08.135   368   418 V DownloadManager: initiating download with UID 10000
02-25 08:13:08.165   538   561 E WebViewCore: SetSize, 4398
02-25 08:13:08.165   538   561 E WebViewCore: setSizeScreenWidthAndScale, 1365
02-25 08:13:08.165   538   561 E WebViewCore: sendPluginVisibleScreen, 2196
02-25 08:13:08.165   538   561 E WebViewCore: getVisibleScreen, 2186
02-25 08:13:08.165   538   561 E WebViewCore: UpdateFrameCache, 4822
02-25 08:13:08.165   538   561 E WebViewCore: updateFrameCache, 1756
02-25 08:13:08.165   538   561 E WebViewCore: graphicsRootLayer, 3405
02-25 08:13:08.185   538   538 V Controller: enter bookmarkedStatusHasChanged()
02-25 08:13:08.195   538   561 E WebViewCore: recordPicture, 563
02-25 08:13:08.195   538   561 E WebViewCore: layoutIfNeededRecursive, 529
02-25 08:13:08.205   368   368 V DownloadManager: Service onStart
02-25 08:13:08.215   368   368 V Download ApnHelper: onReceive: NetworkInfo: type: mobile[UMTS], state: CONNECTED/CONNECTED, reason: simLoaded, extra: epc.tmobile.com, roaming: false, failover: false, isAvailable: true
02-25 08:13:08.225   538   538 E WebViewCore: updateCursorBounds, 810
02-25 08:13:08.225   368   602 V DownloadManager: starting query, database is not null; projection is null; selection is null; selectionArgs is null; sort is null.
02-25 08:13:08.235   368   602 V DownloadManager: created cursor android.database.sqlite.SQLiteCursor@41089a18 on behalf of 368
02-25 08:13:08.235   368   602 I DownloadManager: number of rows from downloads-db: 10
02-25 08:13:08.235   368   602 V DownloadManager: processing updated download 13, status: 200
02-25 08:13:08.235   368   602 V Download ApnHelper: beginDownload type: -1
02-25 08:13:08.235   368   602 D Download ApnHelper: tryOmaDownload
02-25 08:13:08.245   538   538 E WebViewCore: updateCursorBounds, 832
02-25 08:13:08.275   368   368 V DownloadManager: Service ContentObserver received notification
02-25 08:13:08.295    78   488 W ActivityManager: Unable to start service Intent { act=com.android.providers.downloads.action.download.dd typ=application/vnd.oma.drm.message (has extras) }: not found
02-25 08:13:08.335   368   602 V DownloadManager: processing updated download 14, status: 200
02-25 08:13:08.395   538   538 V PhoneUi : enter setTitleGravity()
02-25 08:13:08.455   538   538 V Controller: enter onSaveInstanceState()
02-25 08:13:08.485   538   555 V BrowserCrashRecovery: Saving crash recovery state
02-25 08:13:08.714   368   602 V Download ApnHelper: beginDownload type: -1
02-25 08:13:08.744   368   602 D Download ApnHelper: tryOmaDownload
02-25 08:13:08.744    78    90 W ActivityManager: Unable to start service Intent { act=com.android.providers.downloads.action.download.dd typ=application/vnd.oma.drm.content (has extras) }: not found
02-25 08:13:08.855   368   602 V DownloadManager: processing updated download 15, status: 200
02-25 08:13:08.865   368   602 V Download ApnHelper: beginDownload type: -1
02-25 08:13:08.865   368   602 D Download ApnHelper: tryOmaDownload
02-25 08:13:08.875    78   220 W ActivityManager: Unable to start service Intent { act=com.android.providers.downloads.action.download.dd typ=application/vnd.oma.drm.content (has extras) }: not found
02-25 08:13:08.875   368   602 V DownloadManager: processing updated download 16, status: 200
02-25 08:13:08.875   368   602 V Download ApnHelper: beginDownload type: -1
02-25 08:13:08.875   368   602 D Download ApnHelper: tryOmaDownload
02-25 08:13:08.885    78    78 W ActivityManager: Unable to start service Intent { act=com.android.providers.downloads.action.download.dd typ=application/vnd.oma.drm.content (has extras) }: not found
02-25 08:13:08.885   368   602 V DownloadManager: processing updated download 17, status: 200
02-25 08:13:08.885   368   602 V Download ApnHelper: beginDownload type: -1
02-25 08:13:08.885   368   602 D Download ApnHelper: tryOmaDownload
02-25 08:13:08.895    78   490 W ActivityManager: Unable to start service Intent { act=com.android.providers.downloads.action.download.dd typ=application/vnd.oma.drm.content (has extras) }: not found
02-25 08:13:08.895   368   602 V DownloadManager: processing updated download 18, status: 200
02-25 08:13:08.895   368   602 V Download ApnHelper: beginDownload type: -1
02-25 08:13:08.905   368   602 D Download ApnHelper: tryOmaDownload
02-25 08:13:08.905    78   486 W ActivityManager: Unable to start service Intent { act=com.android.providers.downloads.action.download.dd typ=application/vnd.oma.drm.content (has extras) }: not found
02-25 08:13:08.915   368   602 V DownloadManager: processing updated download 19, status: 200
02-25 08:13:08.915   368   602 V Download ApnHelper: beginDownload type: -1
02-25 08:13:08.915   368   602 D Download ApnHelper: tryOmaDownload
02-25 08:13:08.915    78   234 W ActivityManager: Unable to start service Intent { act=com.android.providers.downloads.action.download.dd typ=application/vnd.oma.drm.content (has extras) }: not found
02-25 08:13:08.925   368   602 V DownloadManager: processing updated download 20, status: 200
02-25 08:13:08.925   368   602 V Download ApnHelper: beginDownload type: -1
02-25 08:13:08.925   368   602 D Download ApnHelper: tryOmaDownload
02-25 08:13:08.925    78   231 W ActivityManager: Unable to start service Intent { act=com.android.providers.downloads.action.download.dd typ=application/vnd.oma.drm.content (has extras) }: not found
02-25 08:13:08.945   368   602 V DownloadManager: processing updated download 21, status: 200
02-25 08:13:08.945   368   602 V Download ApnHelper: beginDownload type: -1
02-25 08:13:08.945   368   602 D Download ApnHelper: tryOmaDownload
02-25 08:13:08.945    78    89 W ActivityManager: Unable to start service Intent { act=com.android.providers.downloads.action.download.dd typ=application/vnd.oma.drm.content (has extras) }: not found
02-25 08:13:08.965   368   602 V DownloadManager: processing inserted download 22
02-25 08:13:08.965   368   602 V Download ApnHelper: beginDownload type: -1
02-25 08:13:08.965   368   602 D Download ApnHelper: tryOmaDownload
02-25 08:13:08.965    78   216 W ActivityManager: Unable to start service Intent { act=com.android.providers.downloads.action.download.dd typ=application/vnd.oma.drm.content (has extras) }: not found
02-25 08:13:08.965   368   602 V DownloadManager: Service spawning thread to handle download 22
02-25 08:13:08.985   368   368 V DownloadManager: Service ContentObserver received notification
02-25 08:13:08.985   368   602 I DownloadHandler: enqueued download. id: 22, uri: http://192.168.10.224:8080/test-browser/drm/huasha.dcf
02-25 08:13:08.985   368   602 I DownloadHandler: started download for : 22
02-25 08:13:09.255   368   603 V DownloadManager: initiating download for http://192.168.10.224:8080/test-browser/drm/huasha.dcf
02-25 08:13:09.355   139   143 D dalvikvm: GC_CONCURRENT freed 492K, 14% free 7504K/8647K, paused 3ms+4ms
02-25 08:13:09.555   368   603 I DownloadManager: Initiating request for download 22
02-25 08:13:09.775   368   602 V DownloadManager: starting query, database is not null; projection is null; selection is null; selectionArgs is null; sort is null.
02-25 08:13:09.785   368   602 V DownloadManager: created cursor android.database.sqlite.SQLiteCursor@410a76d8 on behalf of 368
02-25 08:13:09.805   368   602 I DownloadManager: number of rows from downloads-db: 10
02-25 08:13:09.815   368   602 V DownloadManager: processing updated download 13, status: 200
02-25 08:13:09.834   368   602 V Download ApnHelper: beginDownload type: -1
02-25 08:13:09.834   368   602 D Download ApnHelper: tryOmaDownload
02-25 08:13:09.834    78   216 W ActivityManager: Unable to start service Intent { act=com.android.providers.downloads.action.download.dd typ=application/vnd.oma.drm.message (has extras) }: not found
02-25 08:13:09.896   368   602 V DownloadManager: processing updated download 14, status: 200
02-25 08:13:09.896   368   602 V Download ApnHelper: beginDownload type: -1
02-25 08:13:09.905   368   602 D Download ApnHelper: tryOmaDownload
02-25 08:13:09.925   368   372 D dalvikvm: GC_CONCURRENT freed 421K, 8% free 6689K/7239K, paused 2ms+4ms
02-25 08:13:09.925   368   383 V MediaScanner: enter finalize()
02-25 08:13:09.925   368   383 E         : frameworks/base/media/libstagefright/StagefrightMediaScanner.cpp, ~StagefrightMediaScanner, 47
02-25 08:13:09.925   368   383 V MediaScanner: enter finalize()
02-25 08:13:09.935   368   383 E         : frameworks/base/media/libstagefright/StagefrightMediaScanner.cpp, ~StagefrightMediaScanner, 47
02-25 08:13:09.945    78   485 W ActivityManager: Unable to start service Intent { act=com.android.providers.downloads.action.download.dd typ=application/vnd.oma.drm.content (has extras) }: not found
02-25 08:13:09.955   368   602 V DownloadManager: processing updated download 15, status: 200
02-25 08:13:09.955   368   602 V Download ApnHelper: beginDownload type: -1
02-25 08:13:09.965   368   602 D Download ApnHelper: tryOmaDownload
02-25 08:13:09.965    78   487 W ActivityManager: Unable to start service Intent { act=com.android.providers.downloads.action.download.dd typ=application/vnd.oma.drm.content (has extras) }: not found
