02-25 08:13:09.965   368   602 V DownloadManager: processing updated download 16, status: 200
02-25 08:13:09.985   368   602 V Download ApnHelper: beginDownload type: -1
02-25 08:13:09.985   368   602 D Download ApnHelper: tryOmaDownload
02-25 08:13:09.985    78   489 W ActivityManager: Unable to start service Intent { act=com.android.providers.downloads.action.download.dd typ=application/vnd.oma.drm.content (has extras) }: not found
02-25 08:13:09.995   368   602 V DownloadManager: processing updated download 17, status: 200
02-25 08:13:09.995   368   602 V Download ApnHelper: beginDownload type: -1
02-25 08:13:09.995   368   602 D Download ApnHelper: tryOmaDownload
02-25 08:13:10.005    78   220 W ActivityManager: Unable to start service Intent { act=com.android.providers.downloads.action.download.dd typ=application/vnd.oma.drm.content (has extras) }: not found
02-25 08:13:10.015   368   603 I qtaguid : Tagging socket 50 with tag 7fffff0100000000(-255) for uid 10000 failed errno=-2
02-25 08:13:10.015   368   602 V DownloadManager: processing updated download 18, status: 200
02-25 08:13:10.015   368   602 V Download ApnHelper: beginDownload type: -1
02-25 08:13:10.015   368   602 D Download ApnHelper: tryOmaDownload
02-25 08:13:10.025    78    78 W ActivityManager: Unable to start service Intent { act=com.android.providers.downloads.action.download.dd typ=application/vnd.oma.drm.content (has extras) }: not found
02-25 08:13:10.025   368   602 V DownloadManager: processing updated download 19, status: 200
02-25 08:13:10.025   368   603 I NetworkManagementSocketTagger: tagSocketFd(50, -255, 10000) failed with errno-2
02-25 08:13:10.025   368   602 V Download ApnHelper: beginDownload type: -1
02-25 08:13:10.045   368   602 D Download ApnHelper: tryOmaDownload
02-25 08:13:10.045    78    90 W ActivityManager: Unable to start service Intent { act=com.android.providers.downloads.action.download.dd typ=application/vnd.oma.drm.content (has extras) }: not found
02-25 08:13:10.055   368   602 V DownloadManager: processing updated download 20, status: 200
02-25 08:13:10.055   368   602 V Download ApnHelper: beginDownload type: -1
02-25 08:13:10.055   368   602 D Download ApnHelper: tryOmaDownload
02-25 08:13:10.065    78   490 W ActivityManager: Unable to start service Intent { act=com.android.providers.downloads.action.download.dd typ=application/vnd.oma.drm.content (has extras) }: not found
02-25 08:13:10.065   368   602 V DownloadManager: processing updated download 21, status: 200
02-25 08:13:10.075   368   602 V Download ApnHelper: beginDownload type: -1
02-25 08:13:10.075   368   602 D Download ApnHelper: tryOmaDownload
02-25 08:13:10.075    78   486 W ActivityManager: Unable to start service Intent { act=com.android.providers.downloads.action.download.dd typ=application/vnd.oma.drm.content (has extras) }: not found
02-25 08:13:10.095   368   602 V DownloadManager: processing updated download 22, status: 192
02-25 08:13:10.095   368   602 V Download ApnHelper: beginDownload type: -1
02-25 08:13:10.105   368   602 D Download ApnHelper: tryOmaDownload
02-25 08:13:10.105    78   234 W ActivityManager: Unable to start service Intent { act=com.android.providers.downloads.action.download.dd typ=application/vnd.oma.drm.content (has extras) }: not found
02-25 08:13:10.115   368   603 I DownloadManager: recevd_status = 200, mContinuingDownload = false
02-25 08:13:10.115   368   603 V DownloadManager: received response for http://192.168.10.224:8080/test-browser/drm/huasha.dcf
02-25 08:13:10.125   368   603 V DownloadManager: Content-Disposition: null
02-25 08:13:10.125   368   603 V DownloadManager: Content-Length: 1371942
02-25 08:13:10.125   368   603 V DownloadManager: Content-Location: null
02-25 08:13:10.125   368   603 V DownloadManager: Content-Type: application/vnd.oma.drm.content
02-25 08:13:10.125   368   603 V DownloadManager: ETag: W/"1371942-1329719297000"
02-25 08:13:10.125   368   603 V DownloadManager: Transfer-Encoding: null
02-25 08:13:10.135   368   603 V DownloadDrmHelper: enter isDrmConvertNeeded(): application/vnd.oma.drm.content
02-25 08:13:10.135   368   603 I DownloadManager: in verifySpace, destination: 4, path: /mnt/sdcard/user/huasha.dcf, length: 1371942
02-25 08:13:11.185   368   603 I DownloadManager: available space (in bytes) in filesystem rooted at: /mnt/sdcard is: 526069760
02-25 08:13:11.185   368   603 V DownloadManager: target file: /mnt/sdcard/user/huasha.dcf
02-25 08:13:11.185   368   603 V DownloadManager: file with sequence number 1 exists
02-25 08:13:11.185   368   603 V DownloadManager: file with sequence number 2 exists
02-25 08:13:11.195   368   603 V DownloadDrmHelper: enter isDrmConvertNeeded(): application/vnd.oma.drm.content
02-25 08:13:11.195   368   603 V DownloadManager: writing http://192.168.10.224:8080/test-browser/drm/huasha.dcf to /mnt/sdcard/user/huasha-3.dcf
02-25 08:13:11.195   368   603 V DownloadManager: starting query, database is not null; projection[0] is title; selection is null; selectionArgs is null; sort is null.
02-25 08:13:11.215   368   603 V DownloadManager: created cursor android.database.sqlite.SQLiteCursor@4101bd10 on behalf of 368
02-25 08:13:11.235   368   368 V DownloadManager: Service ContentObserver received notification
02-25 08:13:11.245   368   605 V DownloadManager: starting query, database is not null; projection is null; selection is null; selectionArgs is null; sort is null.
02-25 08:13:11.255   368   605 V DownloadManager: created cursor android.database.sqlite.SQLiteCursor@41052988 on behalf of 368
02-25 08:13:11.255   368   605 I DownloadManager: number of rows from downloads-db: 10
02-25 08:13:11.255   368   603 V DownloadDrmHelper: enter isDrmConvertNeeded(): application/vnd.oma.drm.content
02-25 08:13:11.275   368   603 V DownloadManager: downloaded 4096 for http://192.168.10.224:8080/test-browser/drm/huasha.dcf
02-25 08:13:11.275   368   605 V DownloadManager: processing updated download 13, status: 200
02-25 08:13:11.275   368   603 V DownloadDrmHelper: enter isDrmConvertNeeded(): application/vnd.oma.drm.content
02-25 08:13:11.275   368   605 V Download ApnHelper: beginDownload type: -1
02-25 08:13:11.275   368   605 D Download ApnHelper: tryOmaDownload
02-25 08:13:11.285    78   234 W ActivityManager: Unable to start service Intent { act=com.android.providers.downloads.action.download.dd typ=application/vnd.oma.drm.message (has extras) }: not found
02-25 08:13:11.285   368   605 V DownloadManager: processing updated download 14, status: 200
02-25 08:13:11.295   368   605 V Download ApnHelper: beginDownload type: -1
02-25 08:13:11.295   368   605 D Download ApnHelper: tryOmaDownload
02-25 08:13:11.295    78   231 W ActivityManager: Unable to start service Intent { act=com.android.providers.downloads.action.download.dd typ=application/vnd.oma.drm.content (has extras) }: not found
02-25 08:13:11.295   368   605 V DownloadManager: processing updated download 15, status: 200
02-25 08:13:11.305   368   605 V Download ApnHelper: beginDownload type: -1
02-25 08:13:11.305   368   605 D Download ApnHelper: tryOmaDownload
02-25 08:13:11.305    78    89 W ActivityManager: Unable to start service Intent { act=com.android.providers.downloads.action.download.dd typ=application/vnd.oma.drm.content (has extras) }: not found
02-25 08:13:11.315   368   605 V DownloadManager: processing updated download 16, status: 200
02-25 08:13:11.315   368   368 V DownloadManager: Service ContentObserver received notification
02-25 08:13:11.315   368   603 V DownloadManager: downloaded 7983 for http://192.168.10.224:8080/test-browser/drm/huasha.dcf
02-25 08:13:11.335   368   605 V Download ApnHelper: beginDownload type: -1
02-25 08:13:11.335   368   605 D Download ApnHelper: tryOmaDownload
02-25 08:13:11.335   368   603 V DownloadDrmHelper: enter isDrmConvertNeeded(): application/vnd.oma.drm.content
02-25 08:13:11.335    78   485 W ActivityManager: Unable to start service Intent { act=com.android.providers.downloads.action.download.dd typ=application/vnd.oma.drm.content (has extras) }: not found
02-25 08:13:11.335   368   603 V DownloadManager: downloaded 12079 for http://192.168.10.224:8080/test-browser/drm/huasha.dcf
02-25 08:13:11.345   368   603 V DownloadDrmHelper: enter isDrmConvertNeeded(): application/vnd.oma.drm.content
02-25 08:13:11.345   368   603 V DownloadManager: downloaded 16175 for http://192.168.10.224:8080/test-browser/drm/huasha.dcf
02-25 08:13:11.345   368   603 V DownloadDrmHelper: enter isDrmConvertNeeded(): application/vnd.oma.drm.content
02-25 08:13:11.345   368   603 V DownloadManager: downloaded 20271 for http://192.168.10.224:8080/test-browser/drm/huasha.dcf
02-25 08:13:11.345   368   605 V DownloadManager: processing updated download 17, status: 200
02-25 08:13:11.345   368   603 V DownloadDrmHelper: enter isDrmConvertNeeded(): application/vnd.oma.drm.content
02-25 08:13:11.355   368   605 V Download ApnHelper: beginDownload type: -1
02-25 08:13:11.355   368   605 D Download ApnHelper: tryOmaDownload
02-25 08:13:11.355    78   487 W ActivityManager: Unable to start service Intent { act=com.android.providers.downloads.action.download.dd typ=application/vnd.oma.drm.content (has extras) }: not found
02-25 08:13:11.355   368   603 V DownloadManager: downloaded 24367 for http://192.168.10.224:8080/test-browser/drm/huasha.dcf
02-25 08:13:11.355   368   603 V DownloadDrmHelper: enter isDrmConvertNeeded(): application/vnd.oma.drm.content
02-25 08:13:11.355   368   603 V DownloadManager: downloaded 28463 for http://192.168.10.224:8080/test-browser/drm/huasha.dcf
02-25 08:13:11.355   368   603 V DownloadDrmHelper: enter isDrmConvertNeeded(): application/vnd.oma.drm.content
02-25 08:13:11.355   368   603 V DownloadManager: downloaded 32559 for http://192.168.10.224:8080/test-browser/drm/huasha.dcf
02-25 08:13:11.365   368   603 V DownloadDrmHelper: enter isDrmConvertNeeded(): application/vnd.oma.drm.content
02-25 08:13:11.365   368   603 V DownloadManager: downloaded 36655 for http://192.168.10.224:8080/test-browser/drm/huasha.dcf
02-25 08:13:11.365   368   603 V DownloadDrmHelper: enter isDrmConvertNeeded(): application/vnd.oma.drm.content
02-25 08:13:11.365   368   603 V DownloadManager: downloaded 40751 for http://192.168.10.224:8080/test-browser/drm/huasha.dcf
02-25 08:13:11.365   368   605 V DownloadManager: processing updated download 18, status: 200
02-25 08:13:11.365   368   605 V Download ApnHelper: beginDownload type: -1
02-25 08:13:11.365   368   605 D Download ApnHelper: tryOmaDownload
02-25 08:13:11.375    78   489 W ActivityManager: Unable to start service Intent { act=com.android.providers.downloads.action.download.dd typ=application/vnd.oma.drm.content (has extras) }: not found
02-25 08:13:11.375   368   603 V DownloadDrmHelper: enter isDrmConvertNeeded(): application/vnd.oma.drm.content
02-25 08:13:11.375   368   605 V DownloadManager: processing updated download 19, status: 200
02-25 08:13:11.375   368   603 V DownloadManager: downloaded 44847 for http://192.168.10.224:8080/test-browser/drm/huasha.dcf
02-25 08:13:11.375   368   603 V DownloadDrmHelper: enter isDrmConvertNeeded(): application/vnd.oma.drm.content
02-25 08:13:11.375   368   603 V DownloadManager: downloaded 48943 for http://192.168.10.224:8080/test-browser/drm/huasha.dcf
02-25 08:13:11.395   368   605 V Download ApnHelper: beginDownload type: -1
02-25 08:13:11.395   368   605 D Download ApnHelper: tryOmaDownload
02-25 08:13:11.395    78   220 W ActivityManager: Unable to start service Intent { act=com.android.providers.downloads.action.download.dd typ=application/vnd.oma.drm.content (has extras) }: not found
02-25 08:13:11.414   368   605 V DownloadManager: processing updated download 20, status: 200
02-25 08:13:11.414   368   605 V Download ApnHelper: beginDownload type: -1
02-25 08:13:11.414   368   605 D Download ApnHelper: tryOmaDownload
02-25 08:13:11.414    78    78 W ActivityManager: Unable to start service Intent { act=com.android.providers.downloads.action.download.dd typ=application/vnd.oma.drm.content (has extras) }: not found
02-25 08:13:11.425   368   605 V DownloadManager: processing updated download 21, status: 200
02-25 08:13:11.425   368   605 V Download ApnHelper: beginDownload type: -1
02-25 08:13:11.425   368   605 D Download ApnHelper: tryOmaDownload
02-25 08:13:11.425    78    90 W ActivityManager: Unable to start service Intent { act=com.android.providers.downloads.action.download.dd typ=application/vnd.oma.drm.content (has extras) }: not found
02-25 08:13:11.435   368   605 V DownloadManager: processing updated download 22, status: 192
02-25 08:13:11.435   368   605 V Download ApnHelper: beginDownload type: -1
02-25 08:13:11.435   368   605 D Download ApnHelper: tryOmaDownload
02-25 08:13:11.435    78   490 W ActivityManager: Unable to start service Intent { act=com.android.providers.downloads.action.download.dd typ=application/vnd.oma.drm.content (has extras) }: not found
02-25 08:13:11.455   368   603 V DownloadDrmHelper: enter isDrmConvertNeeded(): application/vnd.oma.drm.content
02-25 08:13:11.455   368   603 V DownloadManager: downloaded 53039 for http://192.168.10.224:8080/test-browser/drm/huasha.dcf
02-25 08:13:11.455   368   603 V DownloadDrmHelper: enter isDrmConvertNeeded(): application/vnd.oma.drm.content
02-25 08:13:11.495   368   603 V DownloadManager: downloaded 57135 for http://192.168.10.224:8080/test-browser/drm/huasha.dcf
02-25 08:13:11.495   368   603 V DownloadDrmHelper: enter isDrmConvertNeeded(): application/vnd.oma.drm.content
02-25 08:13:11.505   368   603 V DownloadManager: downloaded 61231 for http://192.168.10.224:8080/test-browser/drm/huasha.dcf
02-25 08:13:11.545   368   603 V DownloadDrmHelper: enter isDrmConvertNeeded(): application/vnd.oma.drm.content
02-25 08:13:11.555   368   603 V DownloadManager: downloaded 65327 for http://192.168.10.224:8080/test-browser/drm/huasha.dcf
02-25 08:13:11.575   368   603 V DownloadDrmHelper: enter isDrmConvertNeeded(): application/vnd.oma.drm.content
02-25 08:13:11.575   368   603 V DownloadManager: downloaded 69423 for http://192.168.10.224:8080/test-browser/drm/huasha.dcf
02-25 08:13:11.575   368   603 V DownloadDrmHelper: enter isDrmConvertNeeded(): application/vnd.oma.drm.content
02-25 08:13:11.575   368   603 V DownloadManager: downloaded 73519 for http://192.168.10.224:8080/test-browser/drm/huasha.dcf
02-25 08:13:11.585   368   603 V DownloadDrmHelper: enter isDrmConvertNeeded(): application/vnd.oma.drm.content
02-25 08:13:11.585   368   603 V DownloadManager: downloaded 77615 for http://192.168.10.224:8080/test-browser/drm/huasha.dcf
02-25 08:13:11.585   368   603 V DownloadDrmHelper: enter isDrmConvertNeeded(): application/vnd.oma.drm.content
02-25 08:13:11.585   368   603 V DownloadManager: downloaded 81711 for http://192.168.10.224:8080/test-browser/drm/huasha.dcf
02-25 08:13:11.585   368   603 V DownloadDrmHelper: enter isDrmConvertNeeded(): application/vnd.oma.drm.content
02-25 08:13:11.594   368   603 V DownloadManager: downloaded 85807 for http://192.168.10.224:8080/test-browser/drm/huasha.dcf
02-25 08:13:11.594   368   603 V DownloadDrmHelper: enter isDrmConvertNeeded(): application/vnd.oma.drm.content
02-25 08:13:11.594   368   603 V DownloadManager: downloaded 89903 for http://192.168.10.224:8080/test-browser/drm/huasha.dcf
02-25 08:13:11.594   368   603 V DownloadDrmHelper: enter isDrmConvertNeeded(): application/vnd.oma.drm.content
02-25 08:13:11.594   368   603 V DownloadManager: downloaded 93999 for http://192.168.10.224:8080/test-browser/drm/huasha.dcf
02-25 08:13:11.664   368   603 V DownloadDrmHelper: enter isDrmConvertNeeded(): application/vnd.oma.drm.content
02-25 08:13:11.664   368   603 V DownloadManager: downloaded 98095 for http://192.168.10.224:8080/test-browser/drm/huasha.dcf
02-25 08:13:11.684   368   603 V DownloadDrmHelper: enter isDrmConvertNeeded(): application/vnd.oma.drm.content
02-25 08:13:11.684   368   603 V DownloadManager: downloaded 102191 for http://192.168.10.224:8080/test-browser/drm/huasha.dcf
02-25 08:13:11.684   368   603 V DownloadDrmHelper: enter isDrmConvertNeeded(): application/vnd.oma.drm.content
02-25 08:13:11.684   368   603 V DownloadManager: downloaded 106287 for http://192.168.10.224:8080/test-browser/drm/huasha.dcf
02-25 08:13:11.694   368   603 V DownloadDrmHelper: enter isDrmConvertNeeded(): application/vnd.oma.drm.content
02-25 08:13:11.694   368   603 V DownloadManager: downloaded 110383 for http://192.168.10.224:8080/test-browser/drm/huasha.dcf
02-25 08:13:11.694   368   603 V DownloadDrmHelper: enter isDrmConvertNeeded(): application/vnd.oma.drm.content
02-25 08:13:11.694   368   603 V DownloadManager: downloaded 114479 for http://192.168.10.224:8080/test-browser/drm/huasha.dcf
02-25 08:13:11.754   368   603 V DownloadDrmHelper: enter isDrmConvertNeeded(): application/vnd.oma.drm.content
02-25 08:13:11.786   368   603 V DownloadManager: downloaded 118575 for http://192.168.10.224:8080/test-browser/drm/huasha.dcf
02-25 08:13:11.786   368   603 V DownloadDrmHelper: enter isDrmConvertNeeded(): application/vnd.oma.drm.content
02-25 08:13:11.795   368   603 V DownloadManager: downloaded 122671 for http://192.168.10.224:8080/test-browser/drm/huasha.dcf
02-25 08:13:11.795   368   603 V DownloadDrmHelper: enter isDrmConvertNeeded(): application/vnd.oma.drm.content
02-25 08:13:11.795   368   603 V DownloadManager: downloaded 126767 for http://192.168.10.224:8080/test-browser/drm/huasha.dcf
02-25 08:13:11.795   368   603 V DownloadDrmHelper: enter isDrmConvertNeeded(): application/vnd.oma.drm.content
02-25 08:13:11.795   368   603 V DownloadManager: downloaded 130863 for http://192.168.10.224:8080/test-browser/drm/huasha.dcf
02-25 08:13:11.795   368   603 V DownloadDrmHelper: enter isDrmConvertNeeded(): application/vnd.oma.drm.content
02-25 08:13:11.835   368   603 V DownloadManager: downloaded 134959 for http://192.168.10.224:8080/test-browser/drm/huasha.dcf
02-25 08:13:11.845   368   603 V DownloadDrmHelper: enter isDrmConvertNeeded(): application/vnd.oma.drm.content
02-25 08:13:11.895   368   603 V DownloadManager: downloaded 139055 for http://192.168.10.224:8080/test-browser/drm/huasha.dcf
02-25 08:13:11.895   368   603 V DownloadDrmHelper: enter isDrmConvertNeeded(): application/vnd.oma.drm.content
02-25 08:13:11.895   368   603 V DownloadManager: downloaded 143151 for http://192.168.10.224:8080/test-browser/drm/huasha.dcf
02-25 08:13:11.905   368   603 V DownloadDrmHelper: enter isDrmConvertNeeded(): application/vnd.oma.drm.content
02-25 08:13:11.905   368   603 V DownloadManager: downloaded 147247 for http://192.168.10.224:8080/test-browser/drm/huasha.dcf
02-25 08:13:11.905   368   603 V DownloadDrmHelper: enter isDrmConvertNeeded(): application/vnd.oma.drm.content
02-25 08:13:11.905   368   603 V DownloadManager: downloaded 151343 for http://192.168.10.224:8080/test-browser/drm/huasha.dcf
02-25 08:13:11.905   368   603 V DownloadDrmHelper: enter isDrmConvertNeeded(): application/vnd.oma.drm.content
02-25 08:13:11.905   368   603 V DownloadManager: downloaded 155439 for http://192.168.10.224:8080/test-browser/drm/huasha.dcf
02-25 08:13:11.935   368   603 V DownloadDrmHelper: enter isDrmConvertNeeded(): application/vnd.oma.drm.content
02-25 08:13:11.965   368   603 V DownloadManager: downloaded 159535 for http://192.168.10.224:8080/test-browser/drm/huasha.dcf
02-25 08:13:11.995   368   603 V DownloadDrmHelper: enter isDrmConvertNeeded(): application/vnd.oma.drm.content
02-25 08:13:11.995   368   605 V DownloadManager: starting query, database is not null; projection is null; selection is null; selectionArgs is null; sort is null.
02-25 08:13:12.005   368   603 V DownloadManager: downloaded 163631 for http://192.168.10.224:8080/test-browser/drm/huasha.dcf
02-25 08:13:12.005   368   603 V DownloadDrmHelper: enter isDrmConvertNeeded(): application/vnd.oma.drm.content
02-25 08:13:12.015   368   603 V DownloadManager: downloaded 167727 for http://192.168.10.224:8080/test-browser/drm/huasha.dcf
02-25 08:13:12.015   368   603 V DownloadDrmHelper: enter isDrmConvertNeeded(): application/vnd.oma.drm.content
02-25 08:13:12.015   368   603 V DownloadManager: downloaded 171823 for http://192.168.10.224:8080/test-browser/drm/huasha.dcf
02-25 08:13:12.015   368   603 V DownloadDrmHelper: enter isDrmConvertNeeded(): application/vnd.oma.drm.content
02-25 08:13:12.015   368   603 V DownloadManager: downloaded 175919 for http://192.168.10.224:8080/test-browser/drm/huasha.dcf
02-25 08:13:12.015   368   605 V DownloadManager: created cursor android.database.sqlite.SQLiteCursor@41054530 on behalf of 368
02-25 08:13:12.015   368   603 V DownloadDrmHelper: enter isDrmConvertNeeded(): application/vnd.oma.drm.content
02-25 08:13:12.015   368   603 V DownloadManager: downloaded 180015 for http://192.168.10.224:8080/test-browser/drm/huasha.dcf
02-25 08:13:12.025   368   603 V DownloadDrmHelper: enter isDrmConvertNeeded(): application/vnd.oma.drm.content
02-25 08:13:12.025   368   603 V DownloadManager: downloaded 184111 for http://192.168.10.224:8080/test-browser/drm/huasha.dcf
02-25 08:13:12.025   368   603 V DownloadDrmHelper: enter isDrmConvertNeeded(): application/vnd.oma.drm.content
02-25 08:13:12.025   368   603 V DownloadManager: downloaded 188207 for http://192.168.10.224:8080/test-browser/drm/huasha.dcf
02-25 08:13:12.025   368   603 V DownloadDrmHelper: enter isDrmConvertNeeded(): application/vnd.oma.drm.content
02-25 08:13:12.035   368   605 I DownloadManager: number of rows from downloads-db: 10
02-25 08:13:12.035   368   603 V DownloadManager: downloaded 192303 for http://192.168.10.224:8080/test-browser/drm/huasha.dcf
02-25 08:13:12.035   368   603 V DownloadDrmHelper: enter isDrmConvertNeeded(): application/vnd.oma.drm.content
02-25 08:13:12.035   368   603 V DownloadManager: downloaded 196399 for http://192.168.10.224:8080/test-browser/drm/huasha.dcf
02-25 08:13:12.035   368   603 V DownloadDrmHelper: enter isDrmConvertNeeded(): application/vnd.oma.drm.content
02-25 08:13:12.035   368   603 V DownloadManager: downloaded 200495 for http://192.168.10.224:8080/test-browser/drm/huasha.dcf
02-25 08:13:12.035   368   605 V DownloadManager: processing updated download 13, status: 200
02-25 08:13:12.035   368   603 V DownloadDrmHelper: enter isDrmConvertNeeded(): application/vnd.oma.drm.content
02-25 08:13:12.035   368   603 V DownloadManager: downloaded 204591 for http://192.168.10.224:8080/test-browser/drm/huasha.dcf
02-25 08:13:12.045   368   603 V DownloadDrmHelper: enter isDrmConvertNeeded(): application/vnd.oma.drm.content
02-25 08:13:12.045   368   603 V DownloadManager: downloaded 208687 for http://192.168.10.224:8080/test-browser/drm/huasha.dcf
02-25 08:13:12.045   368   605 V Download ApnHelper: beginDownload type: -1
02-25 08:13:12.045   368   605 D Download ApnHelper: tryOmaDownload
02-25 08:13:12.045    78   486 W ActivityManager: Unable to start service Intent { act=com.android.providers.downloads.action.download.dd typ=application/vnd.oma.drm.message (has extras) }: not found
02-25 08:13:12.045   368   603 V DownloadDrmHelper: enter isDrmConvertNeeded(): application/vnd.oma.drm.content
02-25 08:13:12.045   368   603 V DownloadManager: downloaded 212783 for http://192.168.10.224:8080/test-browser/drm/huasha.dcf
02-25 08:13:12.055   368   603 V DownloadDrmHelper: enter isDrmConvertNeeded(): application/vnd.oma.drm.content
02-25 08:13:12.055   368   603 V DownloadManager: downloaded 216879 for http://192.168.10.224:8080/test-browser/drm/huasha.dcf
02-25 08:13:12.055   368   605 V DownloadManager: processing updated download 14, status: 200
02-25 08:13:12.055   368   605 V Download ApnHelper: beginDownload type: -1
02-25 08:13:12.055   368   603 V DownloadDrmHelper: enter isDrmConvertNeeded(): application/vnd.oma.drm.content
02-25 08:13:12.055   368   605 D Download ApnHelper: tryOmaDownload
02-25 08:13:12.055    78   234 W ActivityManager: Unable to start service Intent { act=com.android.providers.downloads.action.download.dd typ=application/vnd.oma.drm.content (has extras) }: not found
02-25 08:13:12.065   368   603 V DownloadManager: downloaded 220975 for http://192.168.10.224:8080/test-browser/drm/huasha.dcf
02-25 08:13:12.065   368   603 V DownloadDrmHelper: enter isDrmConvertNeeded(): application/vnd.oma.drm.content
02-25 08:13:12.065   368   605 V DownloadManager: processing updated download 15, status: 200
02-25 08:13:12.065   368   603 V DownloadManager: downloaded 225071 for http://192.168.10.224:8080/test-browser/drm/huasha.dcf
02-25 08:13:12.065   368   603 V DownloadDrmHelper: enter isDrmConvertNeeded(): application/vnd.oma.drm.content
02-25 08:13:12.065   368   605 V Download ApnHelper: beginDownload type: -1
02-25 08:13:12.065   368   605 D Download ApnHelper: tryOmaDownload
02-25 08:13:12.075    78   231 W ActivityManager: Unable to start service Intent { act=com.android.providers.downloads.action.download.dd typ=application/vnd.oma.drm.content (has extras) }: not found
02-25 08:13:12.075   368   603 V DownloadManager: downloaded 229167 for http://192.168.10.224:8080/test-browser/drm/huasha.dcf
02-25 08:13:12.075   368   605 V DownloadManager: processing updated download 16, status: 200
02-25 08:13:12.075   368   603 V DownloadDrmHelper: enter isDrmConvertNeeded(): application/vnd.oma.drm.content
02-25 08:13:12.075   368   603 V DownloadManager: downloaded 233263 for http://192.168.10.224:8080/test-browser/drm/huasha.dcf
02-25 08:13:12.085   368   603 V DownloadDrmHelper: enter isDrmConvertNeeded(): application/vnd.oma.drm.content
02-25 08:13:12.085   368   603 V DownloadManager: downloaded 237359 for http://192.168.10.224:8080/test-browser/drm/huasha.dcf
02-25 08:13:12.085   368   603 V DownloadDrmHelper: enter isDrmConvertNeeded(): application/vnd.oma.drm.content
02-25 08:13:12.085   368   603 V DownloadManager: downloaded 241455 for http://192.168.10.224:8080/test-browser/drm/huasha.dcf
02-25 08:13:12.085   368   603 V DownloadDrmHelper: enter isDrmConvertNeeded(): application/vnd.oma.drm.content
02-25 08:13:12.085   368   603 V DownloadManager: downloaded 245551 for http://192.168.10.224:8080/test-browser/drm/huasha.dcf
02-25 08:13:12.085   368   605 V Download ApnHelper: beginDownload type: -1
02-25 08:13:12.085   368   605 D Download ApnHelper: tryOmaDownload
02-25 08:13:12.085    78    89 W ActivityManager: Unable to start service Intent { act=com.android.providers.downloads.action.download.dd typ=application/vnd.oma.drm.content (has extras) }: not found
02-25 08:13:12.095   368   603 V DownloadDrmHelper: enter isDrmConvertNeeded(): application/vnd.oma.drm.content
02-25 08:13:12.095   368   605 V DownloadManager: processing updated download 17, status: 200
02-25 08:13:12.095   368   603 V DownloadManager: downloaded 249647 for http://192.168.10.224:8080/test-browser/drm/huasha.dcf
02-25 08:13:12.095   368   603 V DownloadDrmHelper: enter isDrmConvertNeeded(): application/vnd.oma.drm.content
02-25 08:13:12.095   368   603 V DownloadManager: downloaded 253743 for http://192.168.10.224:8080/test-browser/drm/huasha.dcf
02-25 08:13:12.095   368   603 V DownloadDrmHelper: enter isDrmConvertNeeded(): application/vnd.oma.drm.content
02-25 08:13:12.095   368   603 V DownloadManager: downloaded 257839 for http://192.168.10.224:8080/test-browser/drm/huasha.dcf
02-25 08:13:12.095   368   605 V Download ApnHelper: beginDownload type: -1
02-25 08:13:12.095   368   605 D Download ApnHelper: tryOmaDownload
02-25 08:13:12.105    78   216 W ActivityManager: Unable to start service Intent { act=com.android.providers.downloads.action.download.dd typ=application/vnd.oma.drm.content (has extras) }: not found
02-25 08:13:12.105   368   603 V DownloadDrmHelper: enter isDrmConvertNeeded(): application/vnd.oma.drm.content
02-25 08:13:12.105   368   603 V DownloadManager: downloaded 261935 for http://192.168.10.224:8080/test-browser/drm/huasha.dcf
02-25 08:13:12.105   368   605 V DownloadManager: processing updated download 18, status: 200
02-25 08:13:12.105   368   603 V DownloadDrmHelper: enter isDrmConvertNeeded(): application/vnd.oma.drm.content
02-25 08:13:12.115   368   603 V DownloadManager: downloaded 266031 for http://192.168.10.224:8080/test-browser/drm/huasha.dcf
02-25 08:13:12.115   368   603 V DownloadDrmHelper: enter isDrmConvertNeeded(): application/vnd.oma.drm.content
02-25 08:13:12.115   368   603 V DownloadManager: downloaded 270127 for http://192.168.10.224:8080/test-browser/drm/huasha.dcf
02-25 08:13:12.115   368   605 V Download ApnHelper: beginDownload type: -1
02-25 08:13:12.115   368   605 D Download ApnHelper: tryOmaDownload
02-25 08:13:12.115    78   488 W ActivityManager: Unable to start service Intent { act=com.android.providers.downloads.action.download.dd typ=application/vnd.oma.drm.content (has extras) }: not found
02-25 08:13:12.115   368   603 V DownloadDrmHelper: enter isDrmConvertNeeded(): application/vnd.oma.drm.content
02-25 08:13:12.115   368   603 V DownloadManager: downloaded 274223 for http://192.168.10.224:8080/test-browser/drm/huasha.dcf
02-25 08:13:12.125   368   603 V DownloadDrmHelper: enter isDrmConvertNeeded(): application/vnd.oma.drm.content
02-25 08:13:12.125   368   603 V DownloadManager: downloaded 278319 for http://192.168.10.224:8080/test-browser/drm/huasha.dcf
02-25 08:13:12.125   368   603 V DownloadDrmHelper: enter isDrmConvertNeeded(): application/vnd.oma.drm.content
02-25 08:13:12.125   368   603 V DownloadManager: downloaded 282415 for http://192.168.10.224:8080/test-browser/drm/huasha.dcf
02-25 08:13:12.125   368   605 V DownloadManager: processing updated download 19, status: 200
02-25 08:13:12.125   368   605 V Download ApnHelper: beginDownload type: -1
02-25 08:13:12.125   368   605 D Download ApnHelper: tryOmaDownload
02-25 08:13:12.125   368   603 V DownloadDrmHelper: enter isDrmConvertNeeded(): application/vnd.oma.drm.content
02-25 08:13:12.125   368   603 V DownloadManager: downloaded 286511 for http://192.168.10.224:8080/test-browser/drm/huasha.dcf
02-25 08:13:12.125    78   485 W ActivityManager: Unable to start service Intent { act=com.android.providers.downloads.action.download.dd typ=application/vnd.oma.drm.content (has extras) }: not found
02-25 08:13:12.135   368   603 V DownloadDrmHelper: enter isDrmConvertNeeded(): application/vnd.oma.drm.content
02-25 08:13:12.135   368   603 V DownloadManager: downloaded 290607 for http://192.168.10.224:8080/test-browser/drm/huasha.dcf
02-25 08:13:12.135   368   603 V DownloadDrmHelper: enter isDrmConvertNeeded(): application/vnd.oma.drm.content
02-25 08:13:12.135   368   603 V DownloadManager: downloaded 294703 for http://192.168.10.224:8080/test-browser/drm/huasha.dcf
02-25 08:13:12.135   368   605 V DownloadManager: processing updated download 20, status: 200
02-25 08:13:12.135   368   603 V DownloadDrmHelper: enter isDrmConvertNeeded(): application/vnd.oma.drm.content
02-25 08:13:12.135   368   603 V DownloadManager: downloaded 298799 for http://192.168.10.224:8080/test-browser/drm/huasha.dcf
02-25 08:13:12.135   368   605 V Download ApnHelper: beginDownload type: -1
02-25 08:13:12.135   368   605 D Download ApnHelper: tryOmaDownload
02-25 08:13:12.145    78   487 W ActivityManager: Unable to start service Intent { act=com.android.providers.downloads.action.download.dd typ=application/vnd.oma.drm.content (has extras) }: not found
02-25 08:13:12.145   368   603 V DownloadDrmHelper: enter isDrmConvertNeeded(): application/vnd.oma.drm.content
02-25 08:13:12.145   368   603 V DownloadManager: downloaded 302895 for http://192.168.10.224:8080/test-browser/drm/huasha.dcf
02-25 08:13:12.145   368   603 V DownloadDrmHelper: enter isDrmConvertNeeded(): application/vnd.oma.drm.content
02-25 08:13:12.155   368   603 V DownloadManager: downloaded 306991 for http://192.168.10.224:8080/test-browser/drm/huasha.dcf
02-25 08:13:12.155   368   605 V DownloadManager: processing updated download 21, status: 200
02-25 08:13:12.155   368   603 V DownloadDrmHelper: enter isDrmConvertNeeded(): application/vnd.oma.drm.content
02-25 08:13:12.155   368   603 V DownloadManager: downloaded 311087 for http://192.168.10.224:8080/test-browser/drm/huasha.dcf
02-25 08:13:12.155   368   605 V Download ApnHelper: beginDownload type: -1
02-25 08:13:12.155   368   605 D Download ApnHelper: tryOmaDownload
02-25 08:13:12.155    78   489 W ActivityManager: Unable to start service Intent { act=com.android.providers.downloads.action.download.dd typ=application/vnd.oma.drm.content (has extras) }: not found
02-25 08:13:12.165   368   603 V DownloadDrmHelper: enter isDrmConvertNeeded(): application/vnd.oma.drm.content
02-25 08:13:12.165   368   603 V DownloadManager: downloaded 315183 for http://192.168.10.224:8080/test-browser/drm/huasha.dcf
02-25 08:13:12.165   368   605 V DownloadManager: processing updated download 22, status: 192
02-25 08:13:12.165   368   603 V DownloadDrmHelper: enter isDrmConvertNeeded(): application/vnd.oma.drm.content
02-25 08:13:12.165   368   603 V DownloadManager: downloaded 319279 for http://192.168.10.224:8080/test-browser/drm/huasha.dcf
02-25 08:13:12.165   368   603 V DownloadDrmHelper: enter isDrmConvertNeeded(): application/vnd.oma.drm.content
02-25 08:13:12.165   368   605 V Download ApnHelper: beginDownload type: -1
02-25 08:13:12.165   368   605 D Download ApnHelper: tryOmaDownload
02-25 08:13:12.175    78   220 W ActivityManager: Unable to start service Intent { act=com.android.providers.downloads.action.download.dd typ=application/vnd.oma.drm.content (has extras) }: not found
02-25 08:13:12.175   368   603 V DownloadManager: downloaded 323375 for http://192.168.10.224:8080/test-browser/drm/huasha.dcf
02-25 08:13:12.175   368   603 V DownloadDrmHelper: enter isDrmConvertNeeded(): application/vnd.oma.drm.content
02-25 08:13:12.175   368   603 V DownloadManager: downloaded 327471 for http://192.168.10.224:8080/test-browser/drm/huasha.dcf
02-25 08:13:12.185   368   603 V DownloadDrmHelper: enter isDrmConvertNeeded(): application/vnd.oma.drm.content
02-25 08:13:12.185   368   603 V DownloadManager: downloaded 331567 for http://192.168.10.224:8080/test-browser/drm/huasha.dcf
02-25 08:13:12.185   368   603 V DownloadDrmHelper: enter isDrmConvertNeeded(): application/vnd.oma.drm.content
02-25 08:13:12.185   368   603 V DownloadManager: downloaded 335663 for http://192.168.10.224:8080/test-browser/drm/huasha.dcf
02-25 08:13:12.185   368   603 V DownloadDrmHelper: enter isDrmConvertNeeded(): application/vnd.oma.drm.content
02-25 08:13:12.185   368   603 V DownloadManager: downloaded 339759 for http://192.168.10.224:8080/test-browser/drm/huasha.dcf
02-25 08:13:12.195   368   603 V DownloadDrmHelper: enter isDrmConvertNeeded(): application/vnd.oma.drm.content
02-25 08:13:12.195   368   603 V DownloadManager: downloaded 343855 for http://192.168.10.224:8080/test-browser/drm/huasha.dcf
02-25 08:13:12.195   368   603 V DownloadDrmHelper: enter isDrmConvertNeeded(): application/vnd.oma.drm.content
02-25 08:13:12.195   368   603 V DownloadManager: downloaded 347951 for http://192.168.10.224:8080/test-browser/drm/huasha.dcf
02-25 08:13:12.195   368   603 V DownloadDrmHelper: enter isDrmConvertNeeded(): application/vnd.oma.drm.content
02-25 08:13:12.195   368   603 V DownloadManager: downloaded 352047 for http://192.168.10.224:8080/test-browser/drm/huasha.dcf
02-25 08:13:12.205   368   603 V DownloadDrmHelper: enter isDrmConvertNeeded(): application/vnd.oma.drm.content
02-25 08:13:12.205   368   603 V DownloadManager: downloaded 356143 for http://192.168.10.224:8080/test-browser/drm/huasha.dcf
02-25 08:13:12.255   368   603 V DownloadDrmHelper: enter isDrmConvertNeeded(): application/vnd.oma.drm.content
02-25 08:13:12.265   368   603 V DownloadManager: downloaded 360239 for http://192.168.10.224:8080/test-browser/drm/huasha.dcf
02-25 08:13:12.305   368   603 V DownloadDrmHelper: enter isDrmConvertNeeded(): application/vnd.oma.drm.content
02-25 08:13:12.305   368   603 V DownloadManager: downloaded 364335 for http://192.168.10.224:8080/test-browser/drm/huasha.dcf
02-25 08:13:12.305   368   603 V DownloadDrmHelper: enter isDrmConvertNeeded(): application/vnd.oma.drm.content
02-25 08:13:12.315   368   603 V DownloadManager: downloaded 368431 for http://192.168.10.224:8080/test-browser/drm/huasha.dcf
02-25 08:13:12.315   368   603 V DownloadDrmHelper: enter isDrmConvertNeeded(): application/vnd.oma.drm.content
02-25 08:13:12.315   368   603 V DownloadManager: downloaded 372527 for http://192.168.10.224:8080/test-browser/drm/huasha.dcf
02-25 08:13:12.345   368   603 V DownloadDrmHelper: enter isDrmConvertNeeded(): application/vnd.oma.drm.content
02-25 08:13:12.345   368   603 V DownloadManager: downloaded 376623 for http://192.168.10.224:8080/test-browser/drm/huasha.dcf
02-25 08:13:12.395   368   603 V DownloadDrmHelper: enter isDrmConvertNeeded(): application/vnd.oma.drm.content
02-25 08:13:12.405   368   603 V DownloadManager: downloaded 380719 for http://192.168.10.224:8080/test-browser/drm/huasha.dcf
02-25 08:13:12.405   368   603 V DownloadDrmHelper: enter isDrmConvertNeeded(): application/vnd.oma.drm.content
02-25 08:13:12.405   368   603 V DownloadManager: downloaded 384815 for http://192.168.10.224:8080/test-browser/drm/huasha.dcf
02-25 08:13:12.415   368   603 V DownloadDrmHelper: enter isDrmConvertNeeded(): application/vnd.oma.drm.content
02-25 08:13:12.415   368   603 V DownloadManager: downloaded 388911 for http://192.168.10.224:8080/test-browser/drm/huasha.dcf
02-25 08:13:12.425   368   603 V DownloadDrmHelper: enter isDrmConvertNeeded(): application/vnd.oma.drm.content
02-25 08:13:12.505   368   603 V DownloadManager: downloaded 393007 for http://192.168.10.224:8080/test-browser/drm/huasha.dcf
02-25 08:13:12.515   368   603 V DownloadDrmHelper: enter isDrmConvertNeeded(): application/vnd.oma.drm.content
02-25 08:13:12.515   368   603 V DownloadManager: downloaded 397103 for http://192.168.10.224:8080/test-browser/drm/huasha.dcf
02-25 08:13:12.515   368   603 V DownloadDrmHelper: enter isDrmConvertNeeded(): application/vnd.oma.drm.content
02-25 08:13:12.515   368   603 V DownloadManager: downloaded 401199 for http://192.168.10.224:8080/test-browser/drm/huasha.dcf
02-25 08:13:12.515   368   603 V DownloadDrmHelper: enter isDrmConvertNeeded(): application/vnd.oma.drm.content
02-25 08:13:12.525   368   603 V DownloadManager: downloaded 405295 for http://192.168.10.224:8080/test-browser/drm/huasha.dcf
02-25 08:13:12.525   368   603 V DownloadDrmHelper: enter isDrmConvertNeeded(): application/vnd.oma.drm.content
02-25 08:13:12.525   368   603 V DownloadManager: downloaded 409391 for http://192.168.10.224:8080/test-browser/drm/huasha.dcf
02-25 08:13:12.575   368   603 V DownloadDrmHelper: enter isDrmConvertNeeded(): application/vnd.oma.drm.content
02-25 08:13:12.604   368   603 V DownloadManager: downloaded 413487 for http://192.168.10.224:8080/test-browser/drm/huasha.dcf
02-25 08:13:12.604   368   603 V DownloadDrmHelper: enter isDrmConvertNeeded(): application/vnd.oma.drm.content
02-25 08:13:12.615   368   603 V DownloadManager: downloaded 417583 for http://192.168.10.224:8080/test-browser/drm/huasha.dcf
02-25 08:13:12.615   368   603 V DownloadDrmHelper: enter isDrmConvertNeeded(): application/vnd.oma.drm.content
02-25 08:13:12.615   368   603 V DownloadManager: downloaded 421679 for http://192.168.10.224:8080/test-browser/drm/huasha.dcf
02-25 08:13:12.615   368   603 V DownloadDrmHelper: enter isDrmConvertNeeded(): application/vnd.oma.drm.content
02-25 08:13:12.615   368   603 V DownloadManager: downloaded 425775 for http://192.168.10.224:8080/test-browser/drm/huasha.dcf
02-25 08:13:12.615   368   603 V DownloadDrmHelper: enter isDrmConvertNeeded(): application/vnd.oma.drm.content
02-25 08:13:12.624   368   603 V DownloadManager: downloaded 429871 for http://192.168.10.224:8080/test-browser/drm/huasha.dcf
02-25 08:13:12.624   368   603 V DownloadDrmHelper: enter isDrmConvertNeeded(): application/vnd.oma.drm.content
02-25 08:13:12.624   368   603 V DownloadManager: downloaded 433967 for http://192.168.10.224:8080/test-browser/drm/huasha.dcf
02-25 08:13:12.634   368   603 V DownloadDrmHelper: enter isDrmConvertNeeded(): application/vnd.oma.drm.content
02-25 08:13:12.634   368   603 V DownloadManager: downloaded 438063 for http://192.168.10.224:8080/test-browser/drm/huasha.dcf
02-25 08:13:12.634   368   603 V DownloadDrmHelper: enter isDrmConvertNeeded(): application/vnd.oma.drm.content
02-25 08:13:12.634   368   603 V DownloadManager: downloaded 442159 for http://192.168.10.224:8080/test-browser/drm/huasha.dcf
02-25 08:13:12.634   368   603 V DownloadDrmHelper: enter isDrmConvertNeeded(): application/vnd.oma.drm.content
02-25 08:13:12.695   368   603 V DownloadManager: downloaded 446255 for http://192.168.10.224:8080/test-browser/drm/huasha.dcf
02-25 08:13:12.714   368   603 V DownloadDrmHelper: enter isDrmConvertNeeded(): application/vnd.oma.drm.content
02-25 08:13:12.714   368   603 V DownloadManager: downloaded 450351 for http://192.168.10.224:8080/test-browser/drm/huasha.dcf
02-25 08:13:12.724   368   603 V DownloadDrmHelper: enter isDrmConvertNeeded(): application/vnd.oma.drm.content
02-25 08:13:12.724   368   603 V DownloadManager: downloaded 454447 for http://192.168.10.224:8080/test-browser/drm/huasha.dcf
02-25 08:13:12.724   368   603 V DownloadDrmHelper: enter isDrmConvertNeeded(): application/vnd.oma.drm.content
02-25 08:13:12.724   368   603 V DownloadManager: downloaded 458543 for http://192.168.10.224:8080/test-browser/drm/huasha.dcf
02-25 08:13:12.724   368   603 V DownloadDrmHelper: enter isDrmConvertNeeded(): application/vnd.oma.drm.content
02-25 08:13:12.724   368   603 V DownloadManager: downloaded 462639 for http://192.168.10.224:8080/test-browser/drm/huasha.dcf
02-25 08:13:12.724   368   603 V DownloadDrmHelper: enter isDrmConvertNeeded(): application/vnd.oma.drm.content
02-25 08:13:12.724   368   603 V DownloadManager: downloaded 466735 for http://192.168.10.224:8080/test-browser/drm/huasha.dcf
02-25 08:13:12.734   368   603 V DownloadDrmHelper: enter isDrmConvertNeeded(): application/vnd.oma.drm.content
02-25 08:13:12.734   368   603 V DownloadManager: downloaded 470831 for http://192.168.10.224:8080/test-browser/drm/huasha.dcf
02-25 08:13:12.734   368   603 V DownloadDrmHelper: enter isDrmConvertNeeded(): application/vnd.oma.drm.content
02-25 08:13:12.734   368   603 V DownloadManager: downloaded 474927 for http://192.168.10.224:8080/test-browser/drm/huasha.dcf
02-25 08:13:12.734   368   603 V DownloadDrmHelper: enter isDrmConvertNeeded(): application/vnd.oma.drm.content
02-25 08:13:12.734   368   603 V DownloadManager: downloaded 479023 for http://192.168.10.224:8080/test-browser/drm/huasha.dcf
02-25 08:13:12.734   368   603 V DownloadDrmHelper: enter isDrmConvertNeeded(): application/vnd.oma.drm.content
02-25 08:13:12.744   368   603 V DownloadManager: downloaded 483119 for http://192.168.10.224:8080/test-browser/drm/huasha.dcf
02-25 08:13:12.744   368   603 V DownloadDrmHelper: enter isDrmConvertNeeded(): application/vnd.oma.drm.content
02-25 08:13:12.744   368   603 V DownloadManager: downloaded 487215 for http://192.168.10.224:8080/test-browser/drm/huasha.dcf
02-25 08:13:12.744   368   603 V DownloadDrmHelper: enter isDrmConvertNeeded(): application/vnd.oma.drm.content
02-25 08:13:12.744   368   603 V DownloadManager: downloaded 491311 for http://192.168.10.224:8080/test-browser/drm/huasha.dcf
02-25 08:13:12.744   368   603 V DownloadDrmHelper: enter isDrmConvertNeeded(): application/vnd.oma.drm.content
02-25 08:13:12.744   368   603 V DownloadManager: downloaded 495407 for http://192.168.10.224:8080/test-browser/drm/huasha.dcf
02-25 08:13:12.744   368   603 V DownloadDrmHelper: enter isDrmConvertNeeded(): application/vnd.oma.drm.content
02-25 08:13:12.744   368   603 V DownloadManager: downloaded 499503 for http://192.168.10.224:8080/test-browser/drm/huasha.dcf
02-25 08:13:12.744   368   603 V DownloadDrmHelper: enter isDrmConvertNeeded(): application/vnd.oma.drm.content
02-25 08:13:12.754   368   603 V DownloadManager: downloaded 503599 for http://192.168.10.224:8080/test-browser/drm/huasha.dcf
02-25 08:13:12.754   368   603 V DownloadDrmHelper: enter isDrmConvertNeeded(): application/vnd.oma.drm.content
02-25 08:13:12.754   368   603 V DownloadManager: downloaded 507695 for http://192.168.10.224:8080/test-browser/drm/huasha.dcf
02-25 08:13:12.754   368   603 V DownloadDrmHelper: enter isDrmConvertNeeded(): application/vnd.oma.drm.content
02-25 08:13:12.754   368   603 V DownloadManager: downloaded 511791 for http://192.168.10.224:8080/test-browser/drm/huasha.dcf
02-25 08:13:12.754   368   603 V DownloadDrmHelper: enter isDrmConvertNeeded(): application/vnd.oma.drm.content
02-25 08:13:12.754   368   603 V DownloadManager: downloaded 515887 for http://192.168.10.224:8080/test-browser/drm/huasha.dcf
02-25 08:13:12.754   368   603 V DownloadDrmHelper: enter isDrmConvertNeeded(): application/vnd.oma.drm.content
02-25 08:13:12.754   368   603 V DownloadManager: downloaded 519983 for http://192.168.10.224:8080/test-browser/drm/huasha.dcf
02-25 08:13:12.754   368   603 V DownloadDrmHelper: enter isDrmConvertNeeded(): application/vnd.oma.drm.content
02-25 08:13:12.754   368   603 V DownloadManager: downloaded 524079 for http://192.168.10.224:8080/test-browser/drm/huasha.dcf
02-25 08:13:12.754   368   603 V DownloadDrmHelper: enter isDrmConvertNeeded(): application/vnd.oma.drm.content
02-25 08:13:12.754   368   603 V DownloadManager: downloaded 528175 for http://192.168.10.224:8080/test-browser/drm/huasha.dcf
02-25 08:13:12.765   368   603 V DownloadDrmHelper: enter isDrmConvertNeeded(): application/vnd.oma.drm.content
02-25 08:13:12.765   368   603 V DownloadManager: downloaded 532271 for http://192.168.10.224:8080/test-browser/drm/huasha.dcf
02-25 08:13:12.765   368   603 V DownloadDrmHelper: enter isDrmConvertNeeded(): application/vnd.oma.drm.content
02-25 08:13:12.765   368   603 V DownloadManager: downloaded 536367 for http://192.168.10.224:8080/test-browser/drm/huasha.dcf
02-25 08:13:12.765   368   603 V DownloadDrmHelper: enter isDrmConvertNeeded(): application/vnd.oma.drm.content
02-25 08:13:12.765   368   603 V DownloadManager: downloaded 540463 for http://192.168.10.224:8080/test-browser/drm/huasha.dcf
02-25 08:13:12.765   368   603 V DownloadDrmHelper: enter isDrmConvertNeeded(): application/vnd.oma.drm.content
02-25 08:13:12.765   368   603 V DownloadManager: downloaded 544559 for http://192.168.10.224:8080/test-browser/drm/huasha.dcf
02-25 08:13:12.765   368   603 V DownloadDrmHelper: enter isDrmConvertNeeded(): application/vnd.oma.drm.content
02-25 08:13:12.805   368   368 V DownloadManager: Service ContentObserver received notification
02-25 08:13:12.805   368   603 V DownloadManager: downloaded 548655 for http://192.168.10.224:8080/test-browser/drm/huasha.dcf
02-25 08:13:12.805   368   603 V DownloadDrmHelper: enter isDrmConvertNeeded(): application/vnd.oma.drm.content
02-25 08:13:12.805   368   606 V DownloadManager: starting query, database is not null; projection is null; selection is null; selectionArgs is null; sort is null.
02-25 08:13:12.815   368   603 V DownloadManager: downloaded 552751 for http://192.168.10.224:8080/test-browser/drm/huasha.dcf
02-25 08:13:12.815   368   603 V DownloadDrmHelper: enter isDrmConvertNeeded(): application/vnd.oma.drm.content
02-25 08:13:12.815   368   603 V DownloadManager: downloaded 556847 for http://192.168.10.224:8080/test-browser/drm/huasha.dcf
02-25 08:13:12.815   368   603 V DownloadDrmHelper: enter isDrmConvertNeeded(): application/vnd.oma.drm.content
02-25 08:13:12.815   368   603 V DownloadManager: downloaded 560943 for http://192.168.10.224:8080/test-browser/drm/huasha.dcf
02-25 08:13:12.815   368   603 V DownloadDrmHelper: enter isDrmConvertNeeded(): application/vnd.oma.drm.content
02-25 08:13:12.815   368   603 V DownloadManager: downloaded 565039 for http://192.168.10.224:8080/test-browser/drm/huasha.dcf
02-25 08:13:12.815   368   606 V DownloadManager: created cursor android.database.sqlite.SQLiteCursor@410700a0 on behalf of 368
02-25 08:13:12.825   368   606 I DownloadManager: number of rows from downloads-db: 10
02-25 08:13:12.825   368   603 V DownloadDrmHelper: enter isDrmConvertNeeded(): application/vnd.oma.drm.content
02-25 08:13:12.825   368   603 V DownloadManager: downloaded 569135 for http://192.168.10.224:8080/test-browser/drm/huasha.dcf
02-25 08:13:12.835   368   603 V DownloadDrmHelper: enter isDrmConvertNeeded(): application/vnd.oma.drm.content
02-25 08:13:12.835   368   603 V DownloadManager: downloaded 573231 for http://192.168.10.224:8080/test-browser/drm/huasha.dcf
02-25 08:13:12.835   368   603 V DownloadDrmHelper: enter isDrmConvertNeeded(): application/vnd.oma.drm.content
02-25 08:13:12.835   368   603 V DownloadManager: downloaded 577327 for http://192.168.10.224:8080/test-browser/drm/huasha.dcf
02-25 08:13:12.835   368   603 V DownloadDrmHelper: enter isDrmConvertNeeded(): application/vnd.oma.drm.content
02-25 08:13:12.835   368   603 V DownloadManager: downloaded 581423 for http://192.168.10.224:8080/test-browser/drm/huasha.dcf
02-25 08:13:12.835   368   603 V DownloadDrmHelper: enter isDrmConvertNeeded(): application/vnd.oma.drm.content
02-25 08:13:12.835   368   603 V DownloadManager: downloaded 585519 for http://192.168.10.224:8080/test-browser/drm/huasha.dcf
02-25 08:13:12.835   368   603 V DownloadDrmHelper: enter isDrmConvertNeeded(): application/vnd.oma.drm.content
02-25 08:13:12.835   368   603 V DownloadManager: downloaded 589615 for http://192.168.10.224:8080/test-browser/drm/huasha.dcf
02-25 08:13:12.835   368   603 V DownloadDrmHelper: enter isDrmConvertNeeded(): application/vnd.oma.drm.content
02-25 08:13:12.845   368   606 V DownloadManager: processing updated download 13, status: 200
