jiangrui@jr-desk:~/notes/webkit/webview/history.pic$ 
jiangrui@jr-desk:~/notes/webkit/webview/history.pic$ 
jiangrui@jr-desk:~/notes/webkit/webview/history.pic$ log
--------- beginning of /dev/log/main
05-11 16:14:03.440  3249  3249 E webkit_native_draw_history: setBaseLayer, 1737
05-11 16:14:03.440  3249  3249 E webkit_native_draw_history: setBaseLayer, 1744
05-11 16:14:03.440  3249  3249 E webkit_native_draw_history: m_glWebViewState->setBaseLayer
05-11 16:14:03.440  3249  3249 E webkit_native_draw_history: setBaseLayer, 1758
05-11 16:14:03.440  3249  3249 E webkit_native_draw_history: copyScrollPositionRecursive
05-11 16:14:03.440  3249  3249 E webkit_native_draw_history: compositeRoot, 1696
05-11 16:14:03.440  3249  3249 E webkit_native_draw_history: m_baseLayer null or no children
05-11 16:14:03.440  3249  3249 E webkit_native_draw_history: compositeRoot, 1696
05-11 16:14:03.440  3249  3249 E webkit_native_draw_history: m_baseLayer null or no children
05-11 16:14:03.440  3249  3249 V WebView:drawHistory: drawCoreAndCursorRing(): canvas.isHardwareAccelerated() draw
05-11 16:14:03.440  3249  3249 V WebView:drawHistory: drawCoreAndCursorRing(): canvas.isHardwareAccelerated() draw done!
05-11 16:14:03.440  3249  3249 E webkit_native_draw_history: drawGL, 491
05-11 16:14:03.440  3249  3249 E webkit_native_draw_history: drawGL, 549
05-11 16:14:03.440  3249  3249 E webkit_native_draw_history: extras: 3
05-11 16:14:03.440  3249  3249 E webkit_native_draw_history: drawGL, 580
05-11 16:14:03.440  3249  3249 E webkit_native_draw_history: currentPictureCounter: 29
05-11 16:14:03.450  3249  3249 E webkit_native_draw_history: drawGL, 491
05-11 16:14:03.450  3249  3249 E webkit_native_draw_history: drawGL, 549
05-11 16:14:03.450  3249  3249 E webkit_native_draw_history: extras: 3
05-11 16:14:03.450  3249  3249 E webkit_native_draw_history: drawGL, 580
05-11 16:14:03.450  3249  3249 E webkit_native_draw_history: currentPictureCounter: 29
05-11 16:14:03.450  3249  3249 E webkit_native_draw_history: drawGL, 491
05-11 16:14:03.460  3249  3249 E webkit_native_draw_history: drawGL, 549
05-11 16:14:03.460  3249  3249 E webkit_native_draw_history: extras: 3
05-11 16:14:03.460  3249  3249 E webkit_native_draw_history: drawGL, 580
05-11 16:14:03.460  3249  3249 E webkit_native_draw_history: currentPictureCounter: 29
05-11 16:14:03.460  3249  3249 E webkit_native_draw_history: drawGL, 491
05-11 16:14:03.460  3249  3249 E webkit_native_draw_history: drawGL, 549
05-11 16:14:03.460  3249  3249 E webkit_native_draw_history: extras: 3
05-11 16:14:03.460  3249  3249 E webkit_native_draw_history: drawGL, 580
05-11 16:14:03.460  3249  3249 E webkit_native_draw_history: currentPictureCounter: 29
05-11 16:14:03.480  3249  3249 E webkit_native_draw_history: drawGL, 491
05-11 16:14:03.480  3249  3249 E webkit_native_draw_history: drawGL, 549
05-11 16:14:03.480  3249  3249 E webkit_native_draw_history: extras: 3
05-11 16:14:03.480  3249  3249 E webkit_native_draw_history: drawGL, 580
05-11 16:14:03.480  3249  3249 E webkit_native_draw_history: currentPictureCounter: 29
05-11 16:14:03.490  3249  3249 E webkit_native_draw_history: drawGL, 491
05-11 16:14:03.490  3249  3249 E webkit_native_draw_history: drawGL, 549
05-11 16:14:03.490  3249  3249 E webkit_native_draw_history: extras: 3
05-11 16:14:03.490  3249  3249 E webkit_native_draw_history: drawGL, 580
05-11 16:14:03.490  3249  3249 E webkit_native_draw_history: currentPictureCounter: 29
05-11 16:14:03.880  3249  3249 V Controller: enter onBackKey()
05-11 16:14:03.880  3249  3249 V Controller: enter onBackKey(), ui check done
05-11 16:14:03.880  3249  3249 V Controller: enter onBackKey(), goBackOnePageOrQuit()
05-11 16:14:03.880  3249  3249 V Controller: enter goBackOnePageOrQuit()
05-11 16:14:03.880  3249  3249 V Tab     : enter canGoBack()
05-11 16:14:03.880  3249  3249 V Controller: enter goBackOnePageOrQuit(), current.goBack()
05-11 16:14:03.880  3249  3249 V Tab     : enter goBack()
05-11 16:14:03.880  3249  3271 E WebCoreFrameBridge: GoBackOrForward, 1819
05-11 16:14:03.880  3249  3271 E WebCoreFrameBridge: updateHistoryIndex, 732
05-11 16:14:03.880  3249  3271 E WebCoreFrameBridge: loadStarted, 592
05-11 16:14:03.880  3249  3271 E WebCoreFrameBridge: setProgress, 786
05-11 16:14:03.880  3249  3271 E WebCoreFrameBridge: transitionToCommitted, 654
05-11 16:14:03.890  3249  3249 V Tab     : enter onPageStarted()
05-11 16:14:03.890  3249  3249 V Controller: enter onPageStarted()
05-11 16:14:03.890  3249  3249 V NetworkStateHandler: enter isNetworkUp(): true
05-11 16:14:03.890  3249  3249 V Tab     : enter isSnapshot()
05-11 16:14:03.890  3249  3249 V Tab     : enter updateBookmarkedStatus()
05-11 16:14:03.910  3249  3249 V Tab     : enter onProgressChanged(): 10
05-11 16:14:03.910  3249  3271 E WebCoreFrameBridge: GetShouldStartScrolledRight, 2258
05-11 16:14:03.910  3249  3271 E WebCoreFrameBridge: setTitle, 745
05-11 16:14:03.950  3249  3249 V WebView:drawHistory: drawCoreAndCursorRing(): canvas.isHardwareAccelerated() draw
05-11 16:14:03.950  3249  3249 V WebView:drawHistory: drawCoreAndCursorRing(): canvas.isHardwareAccelerated() draw done!
05-11 16:14:03.950  3249  3249 E webkit_native_draw_history: drawGL, 491
05-11 16:14:03.960  3249  3249 E webkit_native_draw_history: drawGL, 549
05-11 16:14:03.960  3249  3249 E webkit_native_draw_history: extras: 3
05-11 16:14:03.960  3249  3249 E webkit_native_draw_history: drawGL, 580
05-11 16:14:03.960  3249  3249 E webkit_native_draw_history: currentPictureCounter: 29
05-11 16:14:03.960  3249  3249 V Tab     : enter onReceivedTitle()
05-11 16:14:03.960  3249  3249 V Controller: enter onReceivedTitle()
05-11 16:14:03.980  3249  3249 V Tab     : enter isSnapshot()
05-11 16:14:03.980  3249  3249 E webkit_native_draw_history: drawGL, 491
05-11 16:14:03.980  3249  3249 E webkit_native_draw_history: drawGL, 549
05-11 16:14:03.980  3249  3249 E webkit_native_draw_history: extras: 3
05-11 16:14:03.980  3249  3249 E webkit_native_draw_history: drawGL, 580
05-11 16:14:03.980  3249  3249 E webkit_native_draw_history: currentPictureCounter: 29
05-11 16:14:03.990  3249  3249 E webkit_native_draw_history: drawGL, 491
05-11 16:14:03.990  3249  3249 E webkit_native_draw_history: drawGL, 549
05-11 16:14:03.990  3249  3249 E webkit_native_draw_history: extras: 3
05-11 16:14:03.990  3249  3249 E webkit_native_draw_history: drawGL, 580
05-11 16:14:03.990  3249  3249 E webkit_native_draw_history: currentPictureCounter: 29
05-11 16:14:04.070  3249  3271 E WebCoreFrameBridge: didFinishLoad, 673
05-11 16:14:04.070  3249  3249 V WebView:drawHistory: switchOutDrawHistory()
05-11 16:14:04.090  3249  3249 V Tab     : enter onPageFinished()
05-11 16:14:04.090  3249  3249 V Tab     : enter syncCurrentState()
05-11 16:14:04.090  3249  3249 V Controller: enter onPageFinished()
05-11 16:14:04.090  3249  3249 V Tab     : enter isSnapshot()
05-11 16:14:04.090  3249  3249 V Tab     : enter isSnapshot()
05-11 16:14:04.090  3249  3249 E webkit_native_draw_history: drawGL, 491
05-11 16:14:04.090  3249  3271 E WebCoreFrameBridge: setProgress, 786
05-11 16:14:04.090  3249  3249 E webkit_native_draw_history: compositeRoot, 1696
05-11 16:14:04.090  3249  3249 E webkit_native_draw_history: m_baseLayer null or no children
05-11 16:14:04.090  3249  3249 E webkit_native_draw_history: drawGL, 549
05-11 16:14:04.090  3249  3249 E webkit_native_draw_history: extras: 3
05-11 16:14:04.090  3249  3249 E webkit_native_draw_history: drawGL, 580
05-11 16:14:04.090  3249  3249 E webkit_native_draw_history: currentPictureCounter: 29
05-11 16:14:04.100  3249  3249 V Tab     : enter onProgressChanged(): 100
05-11 16:14:04.100  3249  3249 V WebView:drawHistory: switchOutDrawHistory()
05-11 16:14:04.160  3249  3249 V WebView:drawHistory: drawCoreAndCursorRing(): canvas.isHardwareAccelerated() draw
05-11 16:14:04.160  3249  3249 V WebView:drawHistory: drawCoreAndCursorRing(): canvas.isHardwareAccelerated() draw done!
05-11 16:14:04.170  3249  3249 E webkit_native_draw_history: drawGL, 491
05-11 16:14:04.170  3249  3249 E webkit_native_draw_history: drawGL, 549
05-11 16:14:04.170  3249  3249 E webkit_native_draw_history: extras: 3
05-11 16:14:04.170  3249  3249 E webkit_native_draw_history: drawGL, 580
05-11 16:14:04.170  3249  3249 E webkit_native_draw_history: currentPictureCounter: 29
05-11 16:14:04.180  3249  3249 V Tab     : enter onQueryUrlIsBookmark()
05-11 16:14:04.270  3249  3249 E webkit_native_draw_history: setBaseLayer, 1737
05-11 16:14:04.270  3249  3249 E webkit_native_draw_history: setBaseLayer, 1744
05-11 16:14:04.270  3249  3249 E webkit_native_draw_history: m_glWebViewState->setBaseLayer
05-11 16:14:04.270  3249  3249 E webkit_native_draw_history: setBaseLayer, 1758
05-11 16:14:04.270  3249  3249 E webkit_native_draw_history: copyScrollPositionRecursive
05-11 16:14:04.270  3249  3249 E webkit_native_draw_history: compositeRoot, 1696
05-11 16:14:04.270  3249  3249 E webkit_native_draw_history: m_baseLayer null or no children
05-11 16:14:04.270  3249  3249 E webkit_native_draw_history: compositeRoot, 1688
05-11 16:14:04.270  3249  3249 E webkit_native_draw_history: m_baseLayer->countChildren() == 1
05-11 16:14:04.270  3249  3249 E webkit_native_draw_history: compositeRoot, 1688
05-11 16:14:04.270  3249  3249 E webkit_native_draw_history: m_baseLayer->countChildren() == 1
05-11 16:14:04.270  3249  3249 V WebView:drawHistory: recordNewContentSize
05-11 16:14:04.270  3249  3249 V WebView:drawHistory: setNewPicture: for not mDrawHistory
05-11 16:14:04.270  3249  3249 V WebView:drawHistory: drawCoreAndCursorRing(): canvas.isHardwareAccelerated() draw
05-11 16:14:04.280  3249  3249 V WebView:drawHistory: drawCoreAndCursorRing(): canvas.isHardwareAccelerated() draw done!
05-11 16:14:04.280  3249  3249 E webkit_native_draw_history: drawGL, 491
05-11 16:14:04.280  3249  3249 E webkit_native_draw_history: drawGL, 549
05-11 16:14:04.280  3249  3249 E webkit_native_draw_history: extras: 3
05-11 16:14:04.280  3249  3249 E webkit_native_draw_history: drawGL, 580
05-11 16:14:04.280  3249  3249 E webkit_native_draw_history: currentPictureCounter: 30
05-11 16:14:04.290  3249  3249 V WebView:drawHistory: drawCoreAndCursorRing(): canvas.isHardwareAccelerated() draw
05-11 16:14:04.290  3249  3249 V WebView:drawHistory: drawCoreAndCursorRing(): canvas.isHardwareAccelerated() draw done!
05-11 16:14:04.290  3249  3249 E webkit_native_draw_history: drawGL, 491
05-11 16:14:04.290  3249  3249 E webkit_native_draw_history: drawGL, 549
05-11 16:14:04.290  3249  3249 E webkit_native_draw_history: extras: 3
05-11 16:14:04.300  3249  3249 E webkit_native_draw_history: drawGL, 580
05-11 16:14:04.300  3249  3249 E webkit_native_draw_history: currentPictureCounter: 30
05-11 16:14:04.310  3249  3249 V WebView:drawHistory: drawCoreAndCursorRing(): canvas.isHardwareAccelerated() draw
05-11 16:14:04.310  3249  3249 V WebView:drawHistory: drawCoreAndCursorRing(): canvas.isHardwareAccelerated() draw done!
05-11 16:14:04.310  3249  3249 E webkit_native_draw_history: drawGL, 491
05-11 16:14:04.320  3249  3249 E webkit_native_draw_history: drawGL, 549
05-11 16:14:04.320  3249  3249 E webkit_native_draw_history: extras: 3
05-11 16:14:04.320  3249  3249 E webkit_native_draw_history: drawGL, 580
05-11 16:14:04.320  3249  3249 E webkit_native_draw_history: currentPictureCounter: 30
05-11 16:14:04.320  3249  3249 E webkit_native_draw_history: drawGL, 491
05-11 16:14:04.320  3249  3271 E WebCoreFrameBridge: HasPasswordField, 2099
05-11 16:14:04.340  3249  3249 E webkit_native_draw_history: drawGL, 549
05-11 16:14:04.340  3249  3249 E webkit_native_draw_history: extras: 3
05-11 16:14:04.340  3249  3249 E webkit_native_draw_history: drawGL, 580
05-11 16:14:04.340  3249  3249 E webkit_native_draw_history: currentPictureCounter: 30
05-11 16:14:04.340  3249  3249 V WebView:drawHistory: drawCoreAndCursorRing(): canvas.isHardwareAccelerated() draw
05-11 16:14:04.340  3249  3249 V WebView:drawHistory: drawCoreAndCursorRing(): canvas.isHardwareAccelerated() draw done!
05-11 16:14:04.340  3249  3249 E webkit_native_draw_history: drawGL, 491
05-11 16:14:04.340  3249  3249 E webkit_native_draw_history: drawGL, 549
05-11 16:14:04.340  3249  3249 E webkit_native_draw_history: extras: 3
05-11 16:14:04.340  3249  3249 E webkit_native_draw_history: drawGL, 580
05-11 16:14:04.340  3249  3249 E webkit_native_draw_history: currentPictureCounter: 30
05-11 16:14:04.340  3249  3249 E webkit_native_draw_history: drawGL, 491
05-11 16:14:04.340  3249  3249 E webkit_native_draw_history: drawGL, 549
05-11 16:14:04.340  3249  3249 E webkit_native_draw_history: extras: 3
05-11 16:14:04.340  3249  3249 E webkit_native_draw_history: drawGL, 580
05-11 16:14:04.350  3249  3249 E webkit_native_draw_history: currentPictureCounter: 30
05-11 16:14:04.350  3249  3249 E webkit_native_draw_history: drawGL, 491
05-11 16:14:04.350  3249  3249 E webkit_native_draw_history: drawGL, 549
05-11 16:14:04.350  3249  3249 E webkit_native_draw_history: extras: 3
05-11 16:14:04.350  3249  3249 E webkit_native_draw_history: drawGL, 580
05-11 16:14:04.350  3249  3249 E webkit_native_draw_history: currentPictureCounter: 30
05-11 16:14:04.370  3249  3249 E webkit_native_draw_history: drawGL, 491
05-11 16:14:04.370  3249  3249 E webkit_native_draw_history: drawGL, 549
05-11 16:14:04.370  3249  3249 E webkit_native_draw_history: extras: 3
05-11 16:14:04.370  3249  3249 E webkit_native_draw_history: drawGL, 580
05-11 16:14:04.370  3249  3249 E webkit_native_draw_history: currentPictureCounter: 30
05-11 16:14:04.380  3249  3249 V WebView:drawHistory: drawCoreAndCursorRing(): canvas.isHardwareAccelerated() draw
05-11 16:14:04.380  3249  3249 V WebView:drawHistory: drawCoreAndCursorRing(): canvas.isHardwareAccelerated() draw done!
05-11 16:14:04.380  3249  3249 E webkit_native_draw_history: drawGL, 491
05-11 16:14:04.380  3249  3249 E webkit_native_draw_history: drawGL, 549
05-11 16:14:04.380  3249  3249 E webkit_native_draw_history: extras: 3
05-11 16:14:04.380  3249  3249 E webkit_native_draw_history: drawGL, 580
05-11 16:14:04.380  3249  3249 E webkit_native_draw_history: currentPictureCounter: 30
05-11 16:14:04.410  3249  3249 V WebView:drawHistory: drawCoreAndCursorRing(): canvas.isHardwareAccelerated() draw
05-11 16:14:04.410  3249  3249 V WebView:drawHistory: drawCoreAndCursorRing(): canvas.isHardwareAccelerated() draw done!
05-11 16:14:04.410  3249  3249 E webkit_native_draw_history: drawGL, 491
05-11 16:14:04.410  3249  3249 E webkit_native_draw_history: drawGL, 549
05-11 16:14:04.410  3249  3249 E webkit_native_draw_history: extras: 3
05-11 16:14:04.410  3249  3249 E webkit_native_draw_history: drawGL, 580
05-11 16:14:04.410  3249  3249 E webkit_native_draw_history: currentPictureCounter: 30
05-11 16:14:04.440  3249  3249 V Controller: enter onSaveInstanceState()
05-11 16:14:04.450  3249  3249 V TabControl: enter saveState()
05-11 16:14:04.450  3249  3249 V Tab     : enter saveState()
05-11 16:14:04.450  3249  3249 E webkit_native_draw_history: drawGL, 491
05-11 16:14:04.450  3249  3249 E webkit_native_draw_history: drawGL, 549
05-11 16:14:04.450  3249  3249 E webkit_native_draw_history: extras: 3
05-11 16:14:04.450  3249  3249 E webkit_native_draw_history: drawGL, 580
05-11 16:14:04.450  3249  3249 E webkit_native_draw_history: currentPictureCounter: 30
05-11 16:14:04.480  3249  3249 E webkit_native_draw_history: drawGL, 491
05-11 16:14:04.480  3249  3249 E webkit_native_draw_history: drawGL, 549
05-11 16:14:04.480  3249  3249 E webkit_native_draw_history: extras: 3
05-11 16:14:04.480  3249  3249 E webkit_native_draw_history: drawGL, 580
05-11 16:14:04.480  3249  3249 E webkit_native_draw_history: currentPictureCounter: 30
05-11 16:14:04.510  1257  1299 D SPRDENG : eng_atauto_thread: At Auto Report
05-11 16:14:04.510  1257  1299 D SPRDENG : eng_atauto_thread: eng_atautobuf=
05-11 16:14:04.510  1257  1299 D SPRDENG : +CSQ: 21,99
05-11 16:14:04.510  1257  1299 D SPRDENG : ; usb_fd=19
05-11 16:14:04.510  1257  1299 D SPRDENG : eng_atauto_thread: usb_status=1
05-11 16:14:04.510  1257  1299 D SPRDENG : eng_atauto_thread: write at auto report to PC
05-11 16:14:04.510  1670  1670 I appservice.DMAppSvcBoardCastReceiver.onReceive: Received Intent Action android.intent.action.SIG_STR
05-11 16:14:04.510  1670  1670 I DMApplication: getApnReg Invoked0
--------- beginning of /dev/log/system
05-11 16:14:04.510  1563  1563 D StatusBar.NetworkControllerDualSIM: phone1:onSignalStrengthsChanged signalStrength=SignalStrength: 21 -1 -1 -1 -1 -1 -1 -1 -1 -1 -1 -1 gsm|lte level=4
05-11 16:14:04.520  3249  3249 E webkit_native_draw_history: drawGL, 491
05-11 16:14:04.520  3249  3249 E webkit_native_draw_history: drawGL, 549
05-11 16:14:04.520  3249  3249 E webkit_native_draw_history: extras: 3
05-11 16:14:04.520  3249  3249 E webkit_native_draw_history: drawGL, 580
05-11 16:14:04.520  3249  3249 E webkit_native_draw_history: currentPictureCounter: 30
05-11 16:14:04.540  3249  3249 E webkit_native_draw_history: drawGL, 491
05-11 16:14:04.540  3249  3249 E webkit_native_draw_history: drawGL, 549
05-11 16:14:04.540  3249  3249 E webkit_native_draw_history: extras: 3
05-11 16:14:04.540  3249  3249 E webkit_native_draw_history: drawGL, 580
05-11 16:14:04.540  3249  3249 E webkit_native_draw_history: currentPictureCounter: 30
05-11 16:14:04.570  3249  3249 E webkit_native_draw_history: drawGL, 491
05-11 16:14:04.570  3249  3249 E webkit_native_draw_history: drawGL, 549
05-11 16:14:04.570  3249  3249 E webkit_native_draw_history: extras: 3
05-11 16:14:04.570  3249  3249 E webkit_native_draw_history: drawGL, 580
05-11 16:14:04.570  3249  3249 E webkit_native_draw_history: currentPictureCounter: 30
05-11 16:14:04.610  3249  3249 V Controller: enter updateScreenshot()
05-11 16:14:04.610  3249  3249 V Controller: enter createScreenshot()
05-11 16:14:04.610  3249  3249 V WebView:drawHistory: animateZoom !canvas.isHardwareAccelerated()
05-11 16:14:04.610  3249  3249 E webkit_native_draw_history: compositeRoot, 1688
05-11 16:14:04.610  3249  3249 E webkit_native_draw_history: m_baseLayer->countChildren() == 1
05-11 16:14:04.610  3249  3249 E webkit_native_draw_history: draw, 630
05-11 16:14:04.610  3249  3249 E webkit_native_draw_history: draw, 647
05-11 16:14:04.610  3249  3249 E webkit_native_draw_history: draw the content of the base layer first
05-11 16:14:04.620  3249  3249 E webkit_native_draw_history: draw, 663
05-11 16:14:04.620  3249  3249 E webkit_native_draw_history: after base layer content->draw()
05-11 16:14:04.620  3249  3249 E webkit_native_draw_history: draw, 678
05-11 16:14:04.620  3249  3249 E webkit_native_draw_history: extras: 3
05-11 16:14:04.620  3249  3249 E webkit_native_draw_history: draw, 706
05-11 16:14:04.620  3249  3249 E webkit_native_draw_history: get compositeLayer
05-11 16:14:04.620  3249  3249 E webkit_native_draw_history: compositeRoot, 1688
05-11 16:14:04.620  3249  3249 E webkit_native_draw_history: m_baseLayer->countChildren() == 1
05-11 16:14:04.620  3249  3249 E webkit_native_draw_history: draw, 715
05-11 16:14:04.620  3249  3249 E webkit_native_draw_history: got compositeLayer, m_baseLayer->draw().Be sure we've adjusted for any scrolling or animations before we actually draw
05-11 16:14:04.650  3249  3249 V Controller: quit createScreenshot()
05-11 16:14:04.650  3249  3249 E webkit_native_draw_history: drawGL, 491
05-11 16:14:04.650  3249  3249 E webkit_native_draw_history: drawGL, 549
05-11 16:14:04.650  3249  3249 E webkit_native_draw_history: extras: 3
05-11 16:14:04.650  3249  3249 E webkit_native_draw_history: drawGL, 580
05-11 16:14:04.650  3249  3249 E webkit_native_draw_history: currentPictureCounter: 30
05-11 16:14:04.660  3249  3249 E webkit_native_draw_history: drawGL, 491
05-11 16:14:04.660  3249  3249 E webkit_native_draw_history: drawGL, 549
05-11 16:14:04.660  3249  3249 E webkit_native_draw_history: extras: 3
05-11 16:14:04.660  3249  3249 E webkit_native_draw_history: drawGL, 580
05-11 16:14:04.660  3249  3249 E webkit_native_draw_history: currentPictureCounter: 30
05-11 16:14:04.680  3249  3249 E webkit_native_draw_history: drawGL, 491
05-11 16:14:04.680  3249  3249 E webkit_native_draw_history: drawGL, 549
05-11 16:14:04.680  3249  3249 E webkit_native_draw_history: extras: 3
05-11 16:14:04.680  3249  3249 E webkit_native_draw_history: drawGL, 580
05-11 16:14:04.680  3249  3249 E webkit_native_draw_history: currentPictureCounter: 30
05-11 16:14:04.700  3249  3249 E webkit_native_draw_history: drawGL, 491
05-11 16:14:04.710  3249  3249 E webkit_native_draw_history: drawGL, 549
05-11 16:14:04.710  3249  3249 E webkit_native_draw_history: extras: 3
05-11 16:14:04.710  3249  3249 E webkit_native_draw_history: drawGL, 580
05-11 16:14:04.710  3249  3249 E webkit_native_draw_history: currentPictureCounter: 30
05-11 16:14:04.750  3249  3249 E webkit_native_draw_history: drawGL, 491
05-11 16:14:04.750  3249  3249 E webkit_native_draw_history: drawGL, 549
05-11 16:14:04.750  3249  3249 E webkit_native_draw_history: extras: 3
05-11 16:14:04.750  3249  3249 E webkit_native_draw_history: drawGL, 580
05-11 16:14:04.750  3249  3249 E webkit_native_draw_history: currentPictureCounter: 30
05-11 16:14:04.770  3249  3249 E webkit_native_draw_history: drawGL, 491
05-11 16:14:04.770  3249  3249 E webkit_native_draw_history: drawGL, 549
05-11 16:14:04.770  3249  3249 E webkit_native_draw_history: extras: 3
05-11 16:14:04.770  3249  3249 E webkit_native_draw_history: drawGL, 580
05-11 16:14:04.770  3249  3249 E webkit_native_draw_history: currentPictureCounter: 30
05-11 16:14:04.810  3249  3249 E webkit_native_draw_history: drawGL, 491
05-11 16:14:04.810  3249  3249 E webkit_native_draw_history: drawGL, 549
05-11 16:14:04.810  3249  3249 E webkit_native_draw_history: extras: 3
05-11 16:14:04.810  3249  3249 E webkit_native_draw_history: drawGL, 580
05-11 16:14:04.810  3249  3249 E webkit_native_draw_history: currentPictureCounter: 30
05-11 16:14:04.840  3249  3249 E webkit_native_draw_history: drawGL, 491
05-11 16:14:04.840  3249  3249 E webkit_native_draw_history: drawGL, 549
05-11 16:14:04.840  3249  3249 E webkit_native_draw_history: extras: 3
05-11 16:14:04.840  3249  3249 E webkit_native_draw_history: drawGL, 580
05-11 16:14:04.840  3249  3249 E webkit_native_draw_history: currentPictureCounter: 30
05-11 16:14:04.880  3249  3249 E webkit_native_draw_history: drawGL, 491
05-11 16:14:04.880  3249  3249 E webkit_native_draw_history: drawGL, 549
05-11 16:14:04.880  3249  3249 E webkit_native_draw_history: extras: 3
05-11 16:14:04.880  3249  3249 E webkit_native_draw_history: drawGL, 580
05-11 16:14:04.880  3249  3249 E webkit_native_draw_history: currentPictureCounter: 30
05-11 16:14:04.900  3249  3249 E webkit_native_draw_history: drawGL, 491
05-11 16:14:04.900  3249  3249 E webkit_native_draw_history: drawGL, 549
05-11 16:14:04.900  3249  3249 E webkit_native_draw_history: extras: 3
05-11 16:14:04.900  3249  3249 E webkit_native_draw_history: drawGL, 580
05-11 16:14:04.900  3249  3249 E webkit_native_draw_history: currentPictureCounter: 30
05-11 16:14:04.940  3249  3249 E webkit_native_draw_history: drawGL, 491
05-11 16:14:04.940  3249  3249 E webkit_native_draw_history: drawGL, 549
05-11 16:14:04.940  3249  3249 E webkit_native_draw_history: extras: 3
05-11 16:14:04.940  3249  3249 E webkit_native_draw_history: drawGL, 580
05-11 16:14:04.940  3249  3249 E webkit_native_draw_history: currentPictureCounter: 30
05-11 16:14:04.970  3249  3249 E webkit_native_draw_history: drawGL, 491
05-11 16:14:04.970  3249  3249 E webkit_native_draw_history: drawGL, 549
05-11 16:14:04.970  3249  3249 E webkit_native_draw_history: extras: 3
05-11 16:14:04.970  3249  3249 E webkit_native_draw_history: drawGL, 580
05-11 16:14:04.970  3249  3249 E webkit_native_draw_history: currentPictureCounter: 30
05-11 16:14:05.000  3249  3249 E webkit_native_draw_history: drawGL, 491
05-11 16:14:05.000  3249  3249 E webkit_native_draw_history: drawGL, 549
05-11 16:14:05.000  3249  3249 E webkit_native_draw_history: extras: 3
05-11 16:14:05.000  3249  3249 E webkit_native_draw_history: drawGL, 580
05-11 16:14:05.000  3249  3249 E webkit_native_draw_history: currentPictureCounter: 30
05-11 16:14:05.040  3249  3249 V WebView:drawHistory: drawCoreAndCursorRing(): canvas.isHardwareAccelerated() draw
05-11 16:14:05.040  3249  3249 V WebView:drawHistory: drawCoreAndCursorRing(): canvas.isHardwareAccelerated() draw done!
05-11 16:14:05.040  3249  3249 E webkit_native_draw_history: drawGL, 491
05-11 16:14:05.040  3249  3249 E webkit_native_draw_history: drawGL, 549
05-11 16:14:05.040  3249  3249 E webkit_native_draw_history: extras: 3
05-11 16:14:05.040  3249  3249 E webkit_native_draw_history: drawGL, 580
05-11 16:14:05.040  3249  3249 E webkit_native_draw_history: currentPictureCounter: 30
05-11 16:14:05.070  3249  3249 V WebView:drawHistory: drawCoreAndCursorRing(): canvas.isHardwareAccelerated() draw
05-11 16:14:05.070  3249  3249 V WebView:drawHistory: drawCoreAndCursorRing(): canvas.isHardwareAccelerated() draw done!
05-11 16:14:05.070  3249  3249 E webkit_native_draw_history: drawGL, 491
05-11 16:14:05.070  3249  3249 E webkit_native_draw_history: drawGL, 549
05-11 16:14:05.070  3249  3249 E webkit_native_draw_history: extras: 3
05-11 16:14:05.070  3249  3249 E webkit_native_draw_history: drawGL, 580
05-11 16:14:05.070  3249  3249 E webkit_native_draw_history: currentPictureCounter: 30
05-11 16:14:05.100  3249  3249 V WebView:drawHistory: drawCoreAndCursorRing(): canvas.isHardwareAccelerated() draw
05-11 16:14:05.110  3249  3249 V WebView:drawHistory: drawCoreAndCursorRing(): canvas.isHardwareAccelerated() draw done!
05-11 16:14:05.110  3249  3249 E webkit_native_draw_history: drawGL, 491
05-11 16:14:05.110  3249  3249 E webkit_native_draw_history: drawGL, 549
05-11 16:14:05.110  3249  3249 E webkit_native_draw_history: extras: 3
05-11 16:14:05.110  3249  3249 E webkit_native_draw_history: drawGL, 580
05-11 16:14:05.110  3249  3249 E webkit_native_draw_history: currentPictureCounter: 30
05-11 16:14:05.140  3249  3249 V WebView:drawHistory: drawCoreAndCursorRing(): canvas.isHardwareAccelerated() draw
05-11 16:14:05.140  3249  3249 V WebView:drawHistory: drawCoreAndCursorRing(): canvas.isHardwareAccelerated() draw done!
05-11 16:14:05.140  3249  3249 E webkit_native_draw_history: drawGL, 491
05-11 16:14:05.140  3249  3249 E webkit_native_draw_history: drawGL, 549
05-11 16:14:05.140  3249  3249 E webkit_native_draw_history: extras: 3
05-11 16:14:05.140  3249  3249 E webkit_native_draw_history: drawGL, 580
05-11 16:14:05.140  3249  3249 E webkit_native_draw_history: currentPictureCounter: 30
05-11 16:14:05.180  3249  3249 V WebView:drawHistory: drawCoreAndCursorRing(): canvas.isHardwareAccelerated() draw
05-11 16:14:05.180  3249  3249 V WebView:drawHistory: drawCoreAndCursorRing(): canvas.isHardwareAccelerated() draw done!
05-11 16:14:05.180  3249  3249 E webkit_native_draw_history: drawGL, 491
05-11 16:14:05.180  3249  3249 E webkit_native_draw_history: drawGL, 549
05-11 16:14:05.180  3249  3249 E webkit_native_draw_history: extras: 3
05-11 16:14:05.180  3249  3249 E webkit_native_draw_history: drawGL, 580
05-11 16:14:05.180  3249  3249 E webkit_native_draw_history: currentPictureCounter: 30
05-11 16:14:05.200  3249  3249 V WebView:drawHistory: drawCoreAndCursorRing(): canvas.isHardwareAccelerated() draw
05-11 16:14:05.200  3249  3249 V WebView:drawHistory: drawCoreAndCursorRing(): canvas.isHardwareAccelerated() draw done!
05-11 16:14:05.210  3249  3249 E webkit_native_draw_history: drawGL, 491
05-11 16:14:05.210  3249  3249 E webkit_native_draw_history: drawGL, 549
05-11 16:14:05.210  3249  3249 E webkit_native_draw_history: extras: 3
05-11 16:14:05.210  3249  3249 E webkit_native_draw_history: drawGL, 580
05-11 16:14:05.210  3249  3249 E webkit_native_draw_history: currentPictureCounter: 30
05-11 16:14:05.240  3249  3249 V WebView:drawHistory: drawCoreAndCursorRing(): canvas.isHardwareAccelerated() draw
05-11 16:14:05.240  3249  3249 V WebView:drawHistory: drawCoreAndCursorRing(): canvas.isHardwareAccelerated() draw done!
05-11 16:14:05.240  3249  3249 E webkit_native_draw_history: drawGL, 491
05-11 16:14:05.240  3249  3249 E webkit_native_draw_history: drawGL, 549
05-11 16:14:05.240  3249  3249 E webkit_native_draw_history: extras: 3
05-11 16:14:05.240  3249  3249 E webkit_native_draw_history: drawGL, 580
05-11 16:14:05.240  3249  3249 E webkit_native_draw_history: currentPictureCounter: 30
05-11 16:14:05.270  3249  3249 V WebView:drawHistory: drawCoreAndCursorRing(): canvas.isHardwareAccelerated() draw
05-11 16:14:05.270  3249  3249 V WebView:drawHistory: drawCoreAndCursorRing(): canvas.isHardwareAccelerated() draw done!
05-11 16:14:05.270  3249  3249 E webkit_native_draw_history: drawGL, 491
05-11 16:14:05.270  3249  3249 E webkit_native_draw_history: drawGL, 549
05-11 16:14:05.270  3249  3249 E webkit_native_draw_history: extras: 3
05-11 16:14:05.270  3249  3249 E webkit_native_draw_history: drawGL, 580
05-11 16:14:05.270  3249  3249 E webkit_native_draw_history: currentPictureCounter: 30
05-11 16:14:05.300  3249  3249 V WebView:drawHistory: drawCoreAndCursorRing(): canvas.isHardwareAccelerated() draw
05-11 16:14:05.300  3249  3249 V WebView:drawHistory: drawCoreAndCursorRing(): canvas.isHardwareAccelerated() draw done!
05-11 16:14:05.300  3249  3249 E webkit_native_draw_history: drawGL, 491
05-11 16:14:05.300  3249  3249 E webkit_native_draw_history: drawGL, 549
05-11 16:14:05.300  3249  3249 E webkit_native_draw_history: extras: 3
05-11 16:14:05.300  3249  3249 E webkit_native_draw_history: drawGL, 580
05-11 16:14:05.300  3249  3249 E webkit_native_draw_history: currentPictureCounter: 30
05-11 16:14:05.340  3249  3249 V WebView:drawHistory: drawCoreAndCursorRing(): canvas.isHardwareAccelerated() draw
05-11 16:14:05.340  3249  3249 V WebView:drawHistory: drawCoreAndCursorRing(): canvas.isHardwareAccelerated() draw done!
05-11 16:14:05.340  3249  3249 E webkit_native_draw_history: drawGL, 491
05-11 16:14:05.340  3249  3249 E webkit_native_draw_history: drawGL, 549
05-11 16:14:05.340  3249  3249 E webkit_native_draw_history: extras: 3
05-11 16:14:05.340  3249  3249 E webkit_native_draw_history: drawGL, 580
05-11 16:14:05.340  3249  3249 E webkit_native_draw_history: currentPictureCounter: 30
05-11 16:14:05.370  3249  3249 E webkit_native_draw_history: drawGL, 491
05-11 16:14:05.370  3249  3249 E webkit_native_draw_history: drawGL, 549
05-11 16:14:05.370  3249  3249 E webkit_native_draw_history: extras: 3
05-11 16:14:05.370  3249  3249 E webkit_native_draw_history: drawGL, 580
05-11 16:14:05.370  3249  3249 E webkit_native_draw_history: currentPictureCounter: 30
05-11 16:14:05.400  3249  3249 E webkit_native_draw_history: drawGL, 491
05-11 16:14:05.400  3249  3249 E webkit_native_draw_history: drawGL, 549
05-11 16:14:05.400  3249  3249 E webkit_native_draw_history: extras: 3
05-11 16:14:05.400  3249  3249 E webkit_native_draw_history: drawGL, 580
05-11 16:14:05.400  3249  3249 E webkit_native_draw_history: currentPictureCounter: 30
05-11 16:14:05.440  3249  3249 E webkit_native_draw_history: drawGL, 491
05-11 16:14:05.440  3249  3249 E webkit_native_draw_history: drawGL, 549
05-11 16:14:05.440  3249  3249 E webkit_native_draw_history: extras: 3
05-11 16:14:05.440  3249  3249 E webkit_native_draw_history: drawGL, 580
05-11 16:14:05.440  3249  3249 E webkit_native_draw_history: currentPictureCounter: 30
05-11 16:14:05.470  3249  3249 E webkit_native_draw_history: drawGL, 491
05-11 16:14:05.470  3249  3249 E webkit_native_draw_history: drawGL, 549
05-11 16:14:05.470  3249  3249 E webkit_native_draw_history: extras: 3
05-11 16:14:05.470  3249  3249 E webkit_native_draw_history: drawGL, 580
05-11 16:14:05.470  3249  3249 E webkit_native_draw_history: currentPictureCounter: 30
05-11 16:14:05.500  3249  3249 E webkit_native_draw_history: drawGL, 491
05-11 16:14:05.500  3249  3249 E webkit_native_draw_history: drawGL, 549
05-11 16:14:05.500  3249  3249 E webkit_native_draw_history: extras: 3
05-11 16:14:05.500  3249  3249 E webkit_native_draw_history: drawGL, 580
05-11 16:14:05.500  3249  3249 E webkit_native_draw_history: currentPictureCounter: 30
05-11 16:14:05.540  3249  3249 E webkit_native_draw_history: drawGL, 491
05-11 16:14:05.540  3249  3249 E webkit_native_draw_history: drawGL, 549
05-11 16:14:05.540  3249  3249 E webkit_native_draw_history: extras: 3
05-11 16:14:05.540  3249  3249 E webkit_native_draw_history: drawGL, 580
05-11 16:14:05.540  3249  3249 E webkit_native_draw_history: currentPictureCounter: 30
05-11 16:14:05.580  3249  3249 E webkit_native_draw_history: drawGL, 491
05-11 16:14:05.580  3249  3249 E webkit_native_draw_history: drawGL, 549
05-11 16:14:05.580  3249  3249 E webkit_native_draw_history: extras: 3
05-11 16:14:05.580  3249  3249 E webkit_native_draw_history: drawGL, 580
05-11 16:14:05.580  3249  3249 E webkit_native_draw_history: currentPictureCounter: 30
05-11 16:14:05.610  3249  3249 E webkit_native_draw_history: drawGL, 491
05-11 16:14:05.610  3249  3249 E webkit_native_draw_history: drawGL, 549
05-11 16:14:05.610  3249  3249 E webkit_native_draw_history: extras: 3
05-11 16:14:05.610  3249  3249 E webkit_native_draw_history: drawGL, 580
05-11 16:14:05.610  3249  3249 E webkit_native_draw_history: currentPictureCounter: 30
05-11 16:14:05.640  3249  3249 E webkit_native_draw_history: drawGL, 491
05-11 16:14:05.640  3249  3249 E webkit_native_draw_history: drawGL, 549
05-11 16:14:05.640  3249  3249 E webkit_native_draw_history: extras: 3
05-11 16:14:05.640  3249  3249 E webkit_native_draw_history: drawGL, 580
05-11 16:14:05.640  3249  3249 E webkit_native_draw_history: currentPictureCounter: 30
05-11 16:14:05.670  3249  3249 E webkit_native_draw_history: drawGL, 491
05-11 16:14:05.670  3249  3249 E webkit_native_draw_history: drawGL, 549
05-11 16:14:05.670  3249  3249 E webkit_native_draw_history: extras: 3
05-11 16:14:05.670  3249  3249 E webkit_native_draw_history: drawGL, 580
05-11 16:14:05.670  3249  3249 E webkit_native_draw_history: currentPictureCounter: 30
05-11 16:14:05.700  3249  3249 E webkit_native_draw_history: drawGL, 491
05-11 16:14:05.700  3249  3249 E webkit_native_draw_history: drawGL, 549
05-11 16:14:05.700  3249  3249 E webkit_native_draw_history: extras: 3
05-11 16:14:05.700  3249  3249 E webkit_native_draw_history: drawGL, 580
05-11 16:14:05.700  3249  3249 E webkit_native_draw_history: currentPictureCounter: 30
05-11 16:14:05.750  3249  3249 E webkit_native_draw_history: drawGL, 491
05-11 16:14:05.750  3249  3249 E webkit_native_draw_history: drawGL, 549
05-11 16:14:05.750  3249  3249 E webkit_native_draw_history: extras: 3
05-11 16:14:05.750  3249  3249 E webkit_native_draw_history: drawGL, 580
05-11 16:14:05.750  3249  3249 E webkit_native_draw_history: currentPictureCounter: 30
05-11 16:14:05.770  3249  3249 E webkit_native_draw_history: drawGL, 491
05-11 16:14:05.770  3249  3249 E webkit_native_draw_history: drawGL, 549
05-11 16:14:05.770  3249  3249 E webkit_native_draw_history: extras: 3
05-11 16:14:05.770  3249  3249 E webkit_native_draw_history: drawGL, 580
05-11 16:14:05.770  3249  3249 E webkit_native_draw_history: currentPictureCounter: 30
05-11 16:14:05.810  3249  3249 E webkit_native_draw_history: setBaseLayer, 1737
05-11 16:14:05.810  3249  3249 E webkit_native_draw_history: setBaseLayer, 1744
05-11 16:14:05.810  3249  3249 E webkit_native_draw_history: m_glWebViewState->setBaseLayer
05-11 16:14:05.810  3249  3249 E webkit_native_draw_history: setBaseLayer, 1758
05-11 16:14:05.810  3249  3249 E webkit_native_draw_history: copyScrollPositionRecursive
05-11 16:14:05.810  3249  3249 E webkit_native_draw_history: compositeRoot, 1688
05-11 16:14:05.810  3249  3249 E webkit_native_draw_history: m_baseLayer->countChildren() == 1
05-11 16:14:05.810  3249  3249 E webkit_native_draw_history: compositeRoot, 1688
05-11 16:14:05.810  3249  3249 E webkit_native_draw_history: m_baseLayer->countChildren() == 1
05-11 16:14:05.810  3249  3249 V WebView:drawHistory: drawCoreAndCursorRing(): canvas.isHardwareAccelerated() draw
05-11 16:14:05.810  3249  3249 V WebView:drawHistory: drawCoreAndCursorRing(): canvas.isHardwareAccelerated() draw done!
05-11 16:14:05.810  3249  3249 E webkit_native_draw_history: drawGL, 491
05-11 16:14:05.810  3249  3249 E webkit_native_draw_history: drawGL, 549
05-11 16:14:05.810  3249  3249 E webkit_native_draw_history: extras: 3
05-11 16:14:05.810  3249  3249 E webkit_native_draw_history: drawGL, 580
05-11 16:14:05.810  3249  3249 E webkit_native_draw_history: currentPictureCounter: 30
05-11 16:14:05.830  3249  3249 E webkit_native_draw_history: setBaseLayer, 1737
05-11 16:14:05.830  3249  3249 E webkit_native_draw_history: setBaseLayer, 1744
05-11 16:14:05.830  3249  3249 E webkit_native_draw_history: m_glWebViewState->setBaseLayer
05-11 16:14:05.830  3249  3249 E webkit_native_draw_history: setBaseLayer, 1758
05-11 16:14:05.830  3249  3249 E webkit_native_draw_history: copyScrollPositionRecursive
05-11 16:14:05.830  3249  3249 E webkit_native_draw_history: compositeRoot, 1688
05-11 16:14:05.830  3249  3249 E webkit_native_draw_history: m_baseLayer->countChildren() == 1
05-11 16:14:05.830  3249  3249 E webkit_native_draw_history: compositeRoot, 1688
05-11 16:14:05.830  3249  3249 E webkit_native_draw_history: m_baseLayer->countChildren() == 1
05-11 16:14:05.830  3249  3249 V WebView:drawHistory: drawCoreAndCursorRing(): canvas.isHardwareAccelerated() draw
05-11 16:14:05.830  3249  3249 V WebView:drawHistory: drawCoreAndCursorRing(): canvas.isHardwareAccelerated() draw done!
05-11 16:14:05.830  3249  3249 E webkit_native_draw_history: drawGL, 491
05-11 16:14:05.830  3249  3249 E webkit_native_draw_history: drawGL, 549
05-11 16:14:05.830  3249  3249 E webkit_native_draw_history: extras: 3
05-11 16:14:05.830  3249  3249 E webkit_native_draw_history: drawGL, 580
05-11 16:14:05.830  3249  3249 E webkit_native_draw_history: currentPictureCounter: 30
05-11 16:14:05.870  3249  3249 E webkit_native_draw_history: setBaseLayer, 1737
05-11 16:14:05.870  3249  3249 E webkit_native_draw_history: setBaseLayer, 1744
05-11 16:14:05.870  3249  3249 E webkit_native_draw_history: m_glWebViewState->setBaseLayer
05-11 16:14:05.870  3249  3249 E webkit_native_draw_history: setBaseLayer, 1758
05-11 16:14:05.870  3249  3249 E webkit_native_draw_history: copyScrollPositionRecursive
05-11 16:14:05.870  3249  3249 E webkit_native_draw_history: compositeRoot, 1688
05-11 16:14:05.870  3249  3249 E webkit_native_draw_history: m_baseLayer->countChildren() == 1
05-11 16:14:05.870  3249  3249 E webkit_native_draw_history: compositeRoot, 1688
05-11 16:14:05.870  3249  3249 E webkit_native_draw_history: m_baseLayer->countChildren() == 1
05-11 16:14:05.870  3249  3249 V WebView:drawHistory: drawCoreAndCursorRing(): canvas.isHardwareAccelerated() draw
05-11 16:14:05.870  3249  3249 V WebView:drawHistory: drawCoreAndCursorRing(): canvas.isHardwareAccelerated() draw done!
05-11 16:14:05.870  3249  3249 E webkit_native_draw_history: drawGL, 491
05-11 16:14:05.870  3249  3249 E webkit_native_draw_history: drawGL, 549
05-11 16:14:05.870  3249  3249 E webkit_native_draw_history: extras: 3
05-11 16:14:05.870  3249  3249 E webkit_native_draw_history: drawGL, 580
05-11 16:14:05.870  3249  3249 E webkit_native_draw_history: currentPictureCounter: 30
05-11 16:14:05.900  3249  3249 E webkit_native_draw_history: setBaseLayer, 1737
05-11 16:14:05.900  3249  3249 E webkit_native_draw_history: setBaseLayer, 1744
05-11 16:14:05.900  3249  3249 E webkit_native_draw_history: m_glWebViewState->setBaseLayer
05-11 16:14:05.900  3249  3249 E webkit_native_draw_history: setBaseLayer, 1758
05-11 16:14:05.900  3249  3249 E webkit_native_draw_history: copyScrollPositionRecursive
05-11 16:14:05.900  3249  3249 E webkit_native_draw_history: compositeRoot, 1688
05-11 16:14:05.900  3249  3249 E webkit_native_draw_history: m_baseLayer->countChildren() == 1
05-11 16:14:05.900  3249  3249 E webkit_native_draw_history: compositeRoot, 1688
05-11 16:14:05.900  3249  3249 E webkit_native_draw_history: m_baseLayer->countChildren() == 1
05-11 16:14:05.900  3249  3249 V WebView:drawHistory: drawCoreAndCursorRing(): canvas.isHardwareAccelerated() draw
05-11 16:14:05.900  3249  3249 V WebView:drawHistory: drawCoreAndCursorRing(): canvas.isHardwareAccelerated() draw done!
05-11 16:14:05.900  3249  3249 E webkit_native_draw_history: drawGL, 491
05-11 16:14:05.900  3249  3249 E webkit_native_draw_history: drawGL, 549
05-11 16:14:05.900  3249  3249 E webkit_native_draw_history: extras: 3
05-11 16:14:05.900  3249  3249 E webkit_native_draw_history: drawGL, 580
05-11 16:14:05.900  3249  3249 E webkit_native_draw_history: currentPictureCounter: 30
05-11 16:14:05.930  3249  3249 E webkit_native_draw_history: setBaseLayer, 1737
05-11 16:14:05.930  3249  3249 E webkit_native_draw_history: setBaseLayer, 1744
05-11 16:14:05.930  3249  3249 E webkit_native_draw_history: m_glWebViewState->setBaseLayer
05-11 16:14:05.930  3249  3249 E webkit_native_draw_history: setBaseLayer, 1758
05-11 16:14:05.930  3249  3249 E webkit_native_draw_history: copyScrollPositionRecursive
05-11 16:14:05.930  3249  3249 E webkit_native_draw_history: compositeRoot, 1688
05-11 16:14:05.930  3249  3249 E webkit_native_draw_history: m_baseLayer->countChildren() == 1
05-11 16:14:05.930  3249  3249 E webkit_native_draw_history: compositeRoot, 1688
05-11 16:14:05.930  3249  3249 E webkit_native_draw_history: m_baseLayer->countChildren() == 1
05-11 16:14:05.940  3249  3249 V WebView:drawHistory: drawCoreAndCursorRing(): canvas.isHardwareAccelerated() draw
05-11 16:14:05.940  3249  3249 V WebView:drawHistory: drawCoreAndCursorRing(): canvas.isHardwareAccelerated() draw done!
05-11 16:14:05.940  3249  3249 E webkit_native_draw_history: drawGL, 491
05-11 16:14:05.940  3249  3249 E webkit_native_draw_history: drawGL, 549
05-11 16:14:05.940  3249  3249 E webkit_native_draw_history: extras: 3
05-11 16:14:05.940  3249  3249 E webkit_native_draw_history: drawGL, 580
05-11 16:14:05.940  3249  3249 E webkit_native_draw_history: currentPictureCounter: 30
05-11 16:14:05.970  3249  3249 E webkit_native_draw_history: setBaseLayer, 1737
05-11 16:14:05.970  3249  3249 E webkit_native_draw_history: setBaseLayer, 1744
05-11 16:14:05.970  3249  3249 E webkit_native_draw_history: m_glWebViewState->setBaseLayer
05-11 16:14:05.970  3249  3249 E webkit_native_draw_history: setBaseLayer, 1758
05-11 16:14:05.970  3249  3249 E webkit_native_draw_history: copyScrollPositionRecursive
05-11 16:14:05.970  3249  3249 E webkit_native_draw_history: compositeRoot, 1688
05-11 16:14:05.970  3249  3249 E webkit_native_draw_history: m_baseLayer->countChildren() == 1
05-11 16:14:05.970  3249  3249 E webkit_native_draw_history: compositeRoot, 1688
05-11 16:14:05.970  3249  3249 E webkit_native_draw_history: m_baseLayer->countChildren() == 1
05-11 16:14:05.970  3249  3249 V WebView:drawHistory: drawCoreAndCursorRing(): canvas.isHardwareAccelerated() draw
05-11 16:14:05.970  3249  3249 V WebView:drawHistory: drawCoreAndCursorRing(): canvas.isHardwareAccelerated() draw done!
05-11 16:14:05.970  3249  3249 E webkit_native_draw_history: drawGL, 491
05-11 16:14:05.970  3249  3249 E webkit_native_draw_history: drawGL, 549
05-11 16:14:05.970  3249  3249 E webkit_native_draw_history: extras: 3
05-11 16:14:05.970  3249  3249 E webkit_native_draw_history: drawGL, 580
05-11 16:14:05.970  3249  3249 E webkit_native_draw_history: currentPictureCounter: 30
05-11 16:14:06.000  3249  3249 E webkit_native_draw_history: setBaseLayer, 1737
05-11 16:14:06.000  3249  3249 E webkit_native_draw_history: setBaseLayer, 1744
05-11 16:14:06.000  3249  3249 E webkit_native_draw_history: m_glWebViewState->setBaseLayer
05-11 16:14:06.000  3249  3249 E webkit_native_draw_history: setBaseLayer, 1758
05-11 16:14:06.000  3249  3249 E webkit_native_draw_history: copyScrollPositionRecursive
05-11 16:14:06.000  3249  3249 E webkit_native_draw_history: compositeRoot, 1688
05-11 16:14:06.000  3249  3249 E webkit_native_draw_history: m_baseLayer->countChildren() == 1
05-11 16:14:06.000  3249  3249 E webkit_native_draw_history: compositeRoot, 1688
05-11 16:14:06.000  3249  3249 E webkit_native_draw_history: m_baseLayer->countChildren() == 1
05-11 16:14:06.000  3249  3249 V WebView:drawHistory: drawCoreAndCursorRing(): canvas.isHardwareAccelerated() draw
05-11 16:14:06.000  3249  3249 V WebView:drawHistory: drawCoreAndCursorRing(): canvas.isHardwareAccelerated() draw done!
05-11 16:14:06.000  3249  3249 E webkit_native_draw_history: drawGL, 491
05-11 16:14:06.000  3249  3249 E webkit_native_draw_history: drawGL, 549
05-11 16:14:06.000  3249  3249 E webkit_native_draw_history: extras: 3
05-11 16:14:06.000  3249  3249 E webkit_native_draw_history: drawGL, 580
05-11 16:14:06.000  3249  3249 E webkit_native_draw_history: currentPictureCounter: 30
05-11 16:14:06.030  3249  3249 E webkit_native_draw_history: setBaseLayer, 1737
05-11 16:14:06.030  3249  3249 E webkit_native_draw_history: setBaseLayer, 1744
05-11 16:14:06.030  3249  3249 E webkit_native_draw_history: m_glWebViewState->setBaseLayer
05-11 16:14:06.030  3249  3249 E webkit_native_draw_history: setBaseLayer, 1758
05-11 16:14:06.030  3249  3249 E webkit_native_draw_history: copyScrollPositionRecursive
05-11 16:14:06.030  3249  3249 E webkit_native_draw_history: compositeRoot, 1688
05-11 16:14:06.030  3249  3249 E webkit_native_draw_history: m_baseLayer->countChildren() == 1
05-11 16:14:06.030  3249  3249 E webkit_native_draw_history: compositeRoot, 1688
05-11 16:14:06.030  3249  3249 E webkit_native_draw_history: m_baseLayer->countChildren() == 1
05-11 16:14:06.030  3249  3249 V WebView:drawHistory: drawCoreAndCursorRing(): canvas.isHardwareAccelerated() draw
05-11 16:14:06.030  3249  3249 V WebView:drawHistory: drawCoreAndCursorRing(): canvas.isHardwareAccelerated() draw done!
05-11 16:14:06.030  3249  3249 E webkit_native_draw_history: drawGL, 491
05-11 16:14:06.030  3249  3249 E webkit_native_draw_history: drawGL, 549
05-11 16:14:06.030  3249  3249 E webkit_native_draw_history: extras: 3
05-11 16:14:06.030  3249  3249 E webkit_native_draw_history: drawGL, 580
05-11 16:14:06.030  3249  3249 E webkit_native_draw_history: currentPictureCounter: 30
05-11 16:14:06.070  3249  3249 E webkit_native_draw_history: setBaseLayer, 1737
05-11 16:14:06.070  3249  3249 E webkit_native_draw_history: setBaseLayer, 1744
05-11 16:14:06.070  3249  3249 E webkit_native_draw_history: m_glWebViewState->setBaseLayer
05-11 16:14:06.070  3249  3249 E webkit_native_draw_history: setBaseLayer, 1758
05-11 16:14:06.070  3249  3249 E webkit_native_draw_history: copyScrollPositionRecursive
05-11 16:14:06.070  3249  3249 E webkit_native_draw_history: compositeRoot, 1688
05-11 16:14:06.070  3249  3249 E webkit_native_draw_history: m_baseLayer->countChildren() == 1
05-11 16:14:06.070  3249  3249 E webkit_native_draw_history: compositeRoot, 1688
05-11 16:14:06.070  3249  3249 E webkit_native_draw_history: m_baseLayer->countChildren() == 1
05-11 16:14:06.070  3249  3249 V WebView:drawHistory: drawCoreAndCursorRing(): canvas.isHardwareAccelerated() draw
05-11 16:14:06.070  3249  3249 V WebView:drawHistory: drawCoreAndCursorRing(): canvas.isHardwareAccelerated() draw done!
05-11 16:14:06.070  3249  3249 E webkit_native_draw_history: drawGL, 491
05-11 16:14:06.070  3249  3249 E webkit_native_draw_history: drawGL, 549
05-11 16:14:06.070  3249  3249 E webkit_native_draw_history: extras: 3
05-11 16:14:06.070  3249  3249 E webkit_native_draw_history: drawGL, 580
05-11 16:14:06.070  3249  3249 E webkit_native_draw_history: currentPictureCounter: 30
05-11 16:14:06.100  3249  3249 E webkit_native_draw_history: setBaseLayer, 1737
05-11 16:14:06.100  3249  3249 E webkit_native_draw_history: setBaseLayer, 1744
05-11 16:14:06.100  3249  3249 E webkit_native_draw_history: m_glWebViewState->setBaseLayer
05-11 16:14:06.100  3249  3249 E webkit_native_draw_history: setBaseLayer, 1758
05-11 16:14:06.100  3249  3249 E webkit_native_draw_history: copyScrollPositionRecursive
05-11 16:14:06.100  3249  3249 E webkit_native_draw_history: compositeRoot, 1688
05-11 16:14:06.100  3249  3249 E webkit_native_draw_history: m_baseLayer->countChildren() == 1
05-11 16:14:06.100  3249  3249 E webkit_native_draw_history: compositeRoot, 1688
05-11 16:14:06.100  3249  3249 E webkit_native_draw_history: m_baseLayer->countChildren() == 1
05-11 16:14:06.100  3249  3249 V WebView:drawHistory: drawCoreAndCursorRing(): canvas.isHardwareAccelerated() draw
05-11 16:14:06.100  3249  3249 V WebView:drawHistory: drawCoreAndCursorRing(): canvas.isHardwareAccelerated() draw done!
05-11 16:14:06.100  3249  3249 E webkit_native_draw_history: drawGL, 491
05-11 16:14:06.100  3249  3249 E webkit_native_draw_history: drawGL, 549
05-11 16:14:06.100  3249  3249 E webkit_native_draw_history: extras: 3
05-11 16:14:06.100  3249  3249 E webkit_native_draw_history: drawGL, 580
05-11 16:14:06.100  3249  3249 E webkit_native_draw_history: currentPictureCounter: 30
05-11 16:14:06.140  3249  3249 E webkit_native_draw_history: setBaseLayer, 1737
05-11 16:14:06.140  3249  3249 E webkit_native_draw_history: setBaseLayer, 1744
05-11 16:14:06.140  3249  3249 E webkit_native_draw_history: m_glWebViewState->setBaseLayer
05-11 16:14:06.140  3249  3249 E webkit_native_draw_history: setBaseLayer, 1758
05-11 16:14:06.140  3249  3249 E webkit_native_draw_history: copyScrollPositionRecursive
05-11 16:14:06.140  3249  3249 E webkit_native_draw_history: compositeRoot, 1688
05-11 16:14:06.140  3249  3249 E webkit_native_draw_history: m_baseLayer->countChildren() == 1
05-11 16:14:06.140  3249  3249 E webkit_native_draw_history: compositeRoot, 1688
05-11 16:14:06.140  3249  3249 E webkit_native_draw_history: m_baseLayer->countChildren() == 1
