jiangrui@jiangrui-desktop:~/notes/android.sdk/android.key.event$ 
jiangrui@jiangrui-desktop:~/notes/android.sdk/android.key.event$ 
jiangrui@jiangrui-desktop:~/notes/android.sdk/android.key.event$ adb shell
error: device not found
jiangrui@jiangrui-desktop:~/notes/android.sdk/android.key.event$ adb shell
error: device not found
jiangrui@jiangrui-desktop:~/notes/android.sdk/android.key.event$ adb shell
error: device not found
jiangrui@jiangrui-desktop:~/notes/android.sdk/android.key.event$ adb shell
error: device not found
jiangrui@jiangrui-desktop:~/notes/android.sdk/android.key.event$ adb shell
error: device not found
jiangrui@jiangrui-desktop:~/notes/android.sdk/android.key.event$ adb shell
error: device not found
jiangrui@jiangrui-desktop:~/notes/android.sdk/android.key.event$ adb shell
# exit
jiangrui@jiangrui-desktop:~/notes/android.sdk/android.key.event$ adb logcat -v threadtime
--------- beginning of /dev/log/main
01-01 08:55:31.971   559   559 I DEBUG   : debuggerd: Dec  2 2011 16:44:58
--------- beginning of /dev/log/system
01-01 08:55:32.192   556   556 I Vold    : Vold 2.1 (the revenge) firing up
01-01 08:55:32.232   557   557 I Netd    : Netd 1.0 starting
01-01 08:55:32.251   556   556 D Vold    : Volume sdcard state changing -1 (Initializing) -> 0 (No-Media)
01-01 08:55:32.561   556   556 W Vold    : No UMS switch available
01-01 08:55:34.582   562   562 D AndroidRuntime: 
01-01 08:55:34.582   562   562 D AndroidRuntime: >>>>>>>>>>>>>> AndroidRuntime START <<<<<<<<<<<<<<
01-01 08:55:34.582   562   562 D AndroidRuntime: CheckJNI is ON
01-01 08:55:35.542   563   563 I         : ServiceManager: 0xadc0
01-01 08:55:35.542   563   563 I AudioHardwareInterface: Creating Vendor Specific AudioHardware
01-01 08:55:35.622   563   563 E ALSALib : external/alsa-lib/src/control/control.c:909:(snd_ctl_open_noupdate) Invalid CTL AndroidOut
01-01 08:55:35.622   563   563 W AudioHardwareALSA: Unable to attach mixer to device AndroidOut: No such file or directory
01-01 08:55:35.632   562   562 D AndroidRuntime: --- registering native functions ---
01-01 08:55:35.641   563   563 E ALSALib : external/alsa-lib/src/control/control.c:909:(snd_ctl_open_noupdate) Invalid CTL AndroidIn
01-01 08:55:35.641   563   563 W AudioHardwareALSA: Unable to attach mixer to device AndroidIn: No such file or directory
01-01 08:55:35.702   563   563 I CameraService: CameraService started: pid=563
01-01 08:55:35.712   563   563 I AudioPolicyService: Using hardware specific audio policy
01-01 08:55:35.712   563   563 I AudioPolicyService: Using AudioPolicyManagerBase for T8100 FM test
01-01 08:55:35.712   563   563 I AudioFlinger: registerClient() 0x2c1d4, tid 563, calling tid 563
01-01 08:55:35.712   563   563 I AudioFlinger: Adding notification client 0x2c1d8
01-01 08:55:35.712   563   563 I AudioFlinger: openOutput(), Device 2, SamplingRate 0, Format 0, Channels 0, flags 0
01-01 08:55:35.712   563   563 D AudioHardwareALSA: openOutputStream called for devices: 0x00000002
01-01 08:55:35.712   563   563 D ALSAModule: open called for devices 00000002 in mode 0...
01-01 08:55:35.712   563   620 I AudioPolicyService: AudioCommandThread() going to sleep
01-01 08:55:35.712   563   619 I AudioPolicyService: AudioCommandThread() going to sleep
01-01 08:55:35.842   563   563 V ALSAModule: Set PLAYBACK PCM format to S16_LE (Signed 16 bit Little Endian)
01-01 08:55:35.842   563   563 V ALSAModule: Using 2 channels for PLAYBACK.
01-01 08:55:35.842   563   563 V ALSAModule: Set PLAYBACK sample rate to 44100 HZ
01-01 08:55:35.852   563   563 V ALSAModule: Buffer size: 8192
01-01 08:55:35.852   563   563 V ALSAModule: Latency: 185759
01-01 08:55:35.852   563   563 I ALSAModule: Initialized ALSA PLAYBACK device AndroidPlayback_Speaker_normal
01-01 08:55:35.852   563   563 I AudioFlinger: openOutput() openOutputStream returned output 0x2bf60, SamplingRate 44100, Format 1, Channels c, status 0
01-01 08:55:35.861   563   563 I AudioFlinger: sendConfigEvent() num events 1 event 0, param 0
01-01 08:55:35.861   563   563 I AudioFlinger: openOutput() created mixer output: ID 1 thread 0x2c238
01-01 08:55:35.861   563   563 I AudioPolicyManagerBase: setOutputDevice() output 1 device 2 delayMs 0
01-01 08:55:35.861   563   563 I AudioPolicyManagerBase: setOutputDevice() fm output 0
01-01 08:55:35.861   563   563 I AudioPolicyManagerBase: setOutputDevice() prevDevice 2
01-01 08:55:35.861   563   563 I AudioPolicyService: setParameters io handle: 1, key-value: routing=2, delay ms: 0
01-01 08:55:35.861   563   563 I AudioPolicyService: inserting command: 3 at index 0, num commands 0
01-01 08:55:35.861   563   563 I AudioPolicyService: AudioCommandThread() adding set parameter string routing=2, io 1 ,delay 0
01-01 08:55:35.861   563   620 I AudioPolicyService: AudioCommandThread() waking up
01-01 08:55:35.861   563   620 I AudioPolicyService: AudioCommandThread() processing set parameters string routing=2, io 1
01-01 08:55:35.861   563   620 I AudioFlinger: setParameters(): io 1, keyvalue routing=2, tid 620, calling tid 563
01-01 08:55:35.861   563   620 I AudioFlinger: ThreadBase::setParameters() routing=2
01-01 08:55:35.861   563   621 I AudioFlinger: AudioFlinger's thread 0x2c238 ready to run
01-01 08:55:35.861   563   621 I AudioFlinger: processConfigEvents() remaining events 1
01-01 08:55:35.861   563   621 I AudioFlinger: PlaybackThread::audioConfigChanged, thread 0x2c238, event 0, param 0
01-01 08:55:35.861   563   621 I AudioFlinger: audioConfigChanged_l() Notifying change to client 0x2c1d8
01-01 08:55:35.861   563   621 I AudioSystem: ioConfigChanged() event 0
01-01 08:55:35.861   563   621 I AudioSystem: ioConfigChanged() new output samplingRate 44100, format 1 channels 2 frameCount 8192 latency 186
01-01 08:55:35.861   563   621 D ALSAModule: route called for devices 00000002 in mode 0...
01-01 08:55:35.861   563   620 I AudioPolicyService: AudioCommandThread() going to sleep
01-01 08:55:35.861   563   563 I AudioPolicyService: setParameters func return
01-01 08:55:35.861   563   563 I AudioPolicyManagerBase: applyStreamVolumes() for output 1 and device 2
01-01 08:55:35.861   563   563 I AudioPolicyManagerBase: setStreamVolume() for output 1 stream 0, volume 1.000000, delay 0
01-01 08:55:35.861   563   563 I AudioPolicyService: inserting command: 4 at index 0, num commands 0
01-01 08:55:35.861   563   563 I AudioPolicyService: AudioCommandThread() adding set voice volume volume 1.000000
01-01 08:55:35.861   563   620 I AudioPolicyService: AudioCommandThread() waking up
01-01 08:55:35.861   563   620 I AudioPolicyService: AudioCommandThread() processing set voice volume volume 1.000000
01-01 08:55:35.861   563   620 I AudioFlinger: setVoiceVolume: 1.000000
01-01 08:55:35.861   563   620 I AudioPolicyService: AudioCommandThread() going to sleep
01-01 08:55:35.861   563   563 I AudioPolicyService: inserting command: 2 at index 0, num commands 0
01-01 08:55:35.861   563   563 I AudioPolicyService: AudioCommandThread() adding set volume stream 0, volume 1.000000, output 1
01-01 08:55:35.861   563   620 I AudioPolicyService: AudioCommandThread() waking up
01-01 08:55:35.861   563   620 I AudioPolicyService: AudioCommandThread() processing set volume stream 0, volume 1.000000, output 1
01-01 08:55:35.861   563   620 I AudioPolicyService: AudioCommandThread() going to sleep
01-01 08:55:35.861   563   563 I AudioPolicyManagerBase: setStreamVolume() for output 1 stream 1, volume 1.000000, delay 0
01-01 08:55:35.861   563   563 I AudioPolicyService: inserting command: 2 at index 0, num commands 0
01-01 08:55:35.861   563   563 I AudioPolicyService: AudioCommandThread() adding set volume stream 1, volume 1.000000, output 1
01-01 08:55:35.861   563   620 I AudioPolicyService: AudioCommandThread() waking up
01-01 08:55:35.872   563   620 I AudioPolicyService: AudioCommandThread() processing set volume stream 1, volume 1.000000, output 1
01-01 08:55:35.872   563   620 I AudioPolicyService: AudioCommandThread() going to sleep
01-01 08:55:35.872   563   563 I AudioPolicyManagerBase: setStreamVolume() for output 1 stream 2, volume 1.000000, delay 0
01-01 08:55:35.872   563   563 I AudioPolicyService: inserting command: 2 at index 0, num commands 0
01-01 08:55:35.872   563   563 I AudioPolicyService: AudioCommandThread() adding set volume stream 2, volume 1.000000, output 1
01-01 08:55:35.872   563   620 I AudioPolicyService: AudioCommandThread() waking up
01-01 08:55:35.872   563   620 I AudioPolicyService: AudioCommandThread() processing set volume stream 2, volume 1.000000, output 1
01-01 08:55:35.872   563   620 I AudioPolicyService: AudioCommandThread() going to sleep
01-01 08:55:35.872   563   563 I AudioPolicyManagerBase: setStreamVolume() for output 1 stream 3, volume 1.000000, delay 0
01-01 08:55:35.872   563   563 I AudioPolicyService: inserting command: 2 at index 0, num commands 0
01-01 08:55:35.872   563   563 I AudioPolicyService: AudioCommandThread() adding set volume stream 3, volume 1.000000, output 1
01-01 08:55:35.872   563   620 I AudioPolicyService: AudioCommandThread() waking up
01-01 08:55:35.872   563   620 I AudioPolicyService: AudioCommandThread() processing set volume stream 3, volume 1.000000, output 1
01-01 08:55:35.872   563   620 I AudioPolicyService: AudioCommandThread() going to sleep
01-01 08:55:35.872   563   563 I AudioPolicyManagerBase: setStreamVolume() for output 1 stream 4, volume 1.000000, delay 0
01-01 08:55:35.872   563   563 I AudioPolicyService: inserting command: 2 at index 0, num commands 0
01-01 08:55:35.872   563   563 I AudioPolicyService: AudioCommandThread() adding set volume stream 4, volume 1.000000, output 1
01-01 08:55:35.872   563   621 I AudioFlinger: Audio hardware entering standby, mixer 0x2c238, mSuspended 0
01-01 08:55:35.872   563   621 I AudioFlinger: MixerThread 0x2c238 TID 621 going to sleep
01-01 08:55:35.872   563   620 I AudioPolicyService: AudioCommandThread() waking up
01-01 08:55:35.872   563   620 I AudioPolicyService: AudioCommandThread() processing set volume stream 4, volume 1.000000, output 1
01-01 08:55:35.872   563   620 I AudioPolicyService: AudioCommandThread() going to sleep
01-01 08:55:35.872   563   563 I AudioPolicyManagerBase: setStreamVolume() for output 1 stream 5, volume 1.000000, delay 0
01-01 08:55:35.872   563   563 I AudioPolicyService: inserting command: 2 at index 0, num commands 0
01-01 08:55:35.872   563   563 I AudioPolicyService: AudioCommandThread() adding set volume stream 5, volume 1.000000, output 1
01-01 08:55:35.872   563   620 I AudioPolicyService: AudioCommandThread() waking up
01-01 08:55:35.872   563   620 I AudioPolicyService: AudioCommandThread() processing set volume stream 5, volume 1.000000, output 1
01-01 08:55:35.872   563   620 I AudioPolicyService: AudioCommandThread() going to sleep
01-01 08:55:35.872   563   563 I AudioPolicyManagerBase: checkAndSetVolume() cannot set stream 6 volume with force use = 0 for comm
01-01 08:55:35.872   563   563 I AudioPolicyManagerBase: setStreamVolume() for output 1 stream 7, volume 1.000000, delay 0
01-01 08:55:35.872   563   563 I AudioPolicyService: inserting command: 2 at index 0, num commands 0
01-01 08:55:35.872   563   563 I AudioPolicyService: AudioCommandThread() adding set volume stream 7, volume 1.000000, output 1
01-01 08:55:35.872   563   620 I AudioPolicyService: AudioCommandThread() waking up
01-01 08:55:35.872   563   620 I AudioPolicyService: AudioCommandThread() processing set volume stream 7, volume 1.000000, output 1
01-01 08:55:35.872   563   620 I AudioPolicyService: AudioCommandThread() going to sleep
01-01 08:55:35.872   563   563 I AudioPolicyManagerBase: setStreamVolume() for output 1 stream 8, volume 1.000000, delay 0
01-01 08:55:35.872   563   563 I AudioPolicyService: inserting command: 2 at index 0, num commands 0
01-01 08:55:35.872   563   563 I AudioPolicyService: AudioCommandThread() adding set volume stream 8, volume 1.000000, output 1
01-01 08:55:35.872   563   620 I AudioPolicyService: AudioCommandThread() waking up
01-01 08:55:35.872   563   620 I AudioPolicyService: AudioCommandThread() processing set volume stream 8, volume 1.000000, output 1
01-01 08:55:35.872   563   620 I AudioPolicyService: AudioCommandThread() going to sleep
01-01 08:55:35.872   563   563 I AudioPolicyManagerBase: setStreamVolume() for output 1 stream 9, volume 1.000000, delay 0
01-01 08:55:35.872   563   563 I AudioPolicyService: inserting command: 2 at index 0, num commands 0
01-01 08:55:35.872   563   563 I AudioPolicyService: AudioCommandThread() adding set volume stream 9, volume 1.000000, output 1
01-01 08:55:35.882   563   620 I AudioPolicyService: AudioCommandThread() waking up
01-01 08:55:35.882   563   620 I AudioPolicyService: AudioCommandThread() processing set volume stream 9, volume 1.000000, output 1
01-01 08:55:35.882   563   620 I AudioPolicyService: AudioCommandThread() going to sleep
01-01 08:55:35.882   563   563 I AudioPolicyManagerBase: setStreamVolume() for output 1 stream 10, volume 1.000000, delay 0
01-01 08:55:35.882   563   563 I AudioPolicyManagerBase: getDeviceForStrategy() strategy 0, device 2
01-01 08:55:35.882   563   563 I AudioPolicyManagerBase: getDeviceForStrategy() strategy 1, device 1
01-01 08:55:35.882   563   563 I AudioPolicyManagerBase: getDeviceForStrategy() strategy 2, device 2
01-01 08:55:35.882   563   563 I AudioPolicyManagerBase: getDeviceForStrategy() strategy 0, device 2
01-01 08:55:35.882   563   563 I AudioPolicyManagerBase: getDeviceForStrategy() strategy 3, device 2
01-01 08:55:35.882   563   563 I AudioPolicyManagerBase: setSystemProperty() property ro.camera.sound.forced, value 0
01-01 08:55:35.882   563   563 I AudioPolicyManagerBase: ENFORCED_AUDIBLE can be muted
01-01 08:55:36.702   562   562 I SamplingProfilerIntegration: Profiler is disabled.
01-01 08:55:36.801   562   562 I Zygote  : Preloading classes...
01-01 08:55:36.812   562   562 E Zygote  : setreuid() failed. errno: 2
01-01 08:55:36.822   562   562 D dalvikvm: GC_EXPLICIT freed 821 objects / 46196 bytes in 7ms
01-01 08:55:37.402   562   562 D dalvikvm: GC_EXPLICIT freed 219 objects / 13172 bytes in 8ms
01-01 08:55:37.491   562   562 I bluetooth_ScoSocket.cpp: Entry name = MY-CAR ScoTypes = 0x7f
01-01 08:55:37.491   562   562 I bluetooth_ScoSocket.cpp: Entry name = Motorola HF850 ScoTypes = 0x7
01-01 08:55:37.532   562   562 D dalvikvm: GC_EXPLICIT freed 253 objects / 13732 bytes in 9ms
01-01 08:55:37.651   562   562 D dalvikvm: GC_EXPLICIT freed 466 objects / 27936 bytes in 11ms
01-01 08:55:38.071   562   562 D dalvikvm: GC_EXPLICIT freed 2090 objects / 114832 bytes in 20ms
01-01 08:55:38.521   562   562 D dalvikvm: GC_EXPLICIT freed 298 objects / 16088 bytes in 14ms
01-01 08:55:39.081   562   562 D dalvikvm: GC_FOR_MALLOC freed 5333 objects / 226964 bytes in 32ms
01-01 08:55:40.512   562   562 D dalvikvm: GC_FOR_MALLOC freed 9947 objects / 313796 bytes in 37ms
01-01 08:55:40.932   562   562 D dalvikvm: GC_FOR_MALLOC freed 7489 objects / 351756 bytes in 40ms
01-01 08:55:41.372   562   562 D dalvikvm: GC_FOR_MALLOC freed 8051 objects / 374260 bytes in 45ms
01-01 08:55:41.842   562   562 D dalvikvm: GC_FOR_MALLOC freed 6445 objects / 339516 bytes in 49ms
01-01 08:55:42.332   562   562 D dalvikvm: GC_FOR_MALLOC freed 5595 objects / 354004 bytes in 46ms
01-01 08:55:42.801   562   562 D dalvikvm: GC_FOR_MALLOC freed 5834 objects / 362960 bytes in 50ms
01-01 08:55:43.282   562   562 D dalvikvm: GC_FOR_MALLOC freed 6056 objects / 372616 bytes in 48ms
01-01 08:55:43.781   562   562 D dalvikvm: GC_FOR_MALLOC freed 6719 objects / 378524 bytes in 50ms
01-01 08:55:44.242   562   562 D dalvikvm: GC_EXPLICIT freed 4733 objects / 291916 bytes in 50ms
01-01 08:55:44.502   562   562 D dalvikvm: GC_EXPLICIT freed 598 objects / 28880 bytes in 45ms
01-01 08:55:44.621   562   562 D dalvikvm: GC_EXPLICIT freed 453 objects / 24436 bytes in 48ms
01-01 08:55:45.032   562   562 D dalvikvm: GC_EXPLICIT freed 314 objects / 35216 bytes in 66ms
01-01 08:55:45.221   562   562 D dalvikvm: GC_EXPLICIT freed 279 objects / 18620 bytes in 65ms
01-01 08:55:45.621   562   562 I WebCoreFrameBridge: register_webframe, 1753
01-01 08:55:45.802   562   562 D dalvikvm: GC_EXPLICIT freed 335 objects / 17436 bytes in 68ms
01-01 08:55:46.171   562   562 D dalvikvm: GC_EXPLICIT freed 453 objects / 27636 bytes in 84ms
01-01 08:55:48.342   562   562 D dalvikvm: GC_EXPLICIT freed 536 objects / 52368 bytes in 74ms
01-01 08:55:48.511   562   562 D dalvikvm: GC_EXPLICIT freed 626 objects / 32872 bytes in 77ms
01-01 08:55:48.692   562   562 D dalvikvm: GC_EXPLICIT freed 866 objects / 45920 bytes in 78ms
01-01 08:55:48.962   562   562 D dalvikvm: GC_EXPLICIT freed 1741 objects / 83724 bytes in 79ms
01-01 08:55:49.121   562   562 D dalvikvm: GC_EXPLICIT freed 454 objects / 28928 bytes in 78ms
01-01 08:55:49.281   562   562 D dalvikvm: GC_EXPLICIT freed 317 objects / 20020 bytes in 78ms
01-01 08:55:49.311   562   562 I Zygote  : ...preloaded 1264 classes in 12506ms.
01-01 08:55:49.311   562   562 E Zygote  : setreuid() failed. errno: 17
01-01 08:55:49.401   562   562 D dalvikvm: GC_EXPLICIT freed 102 objects / 13824 bytes in 85ms
01-01 08:55:49.794   562   562 I Zygote  : Preloading resources...
01-01 08:55:50.242   562   562 D dalvikvm: GC_EXPLICIT freed 312 objects / 15200 bytes in 80ms
01-01 08:55:50.522   562   562 W Zygote  : Preloaded drawable resource #0x10801ee (res/drawable-ldpi/jog_tab_bar_left_end_confirm_gray.9.png) that varies with configuration!!
01-01 08:55:50.532   562   562 W Zygote  : Preloaded drawable resource #0x10801f2 (res/drawable-ldpi/jog_tab_bar_left_end_normal.9.png) that varies with configuration!!
01-01 08:55:50.541   562   562 W Zygote  : Preloaded drawable resource #0x10801f3 (res/drawable-ldpi/jog_tab_bar_left_end_pressed.9.png) that varies with configuration!!
01-01 08:55:50.551   562   562 W Zygote  : Preloaded drawable resource #0x10801f7 (res/drawable-ldpi/jog_tab_bar_right_end_confirm_gray.9.png) that varies with configuration!!
01-01 08:55:50.551   562   562 W Zygote  : Preloaded drawable resource #0x10801fb (res/drawable-ldpi/jog_tab_bar_right_end_normal.9.png) that varies with configuration!!
01-01 08:55:50.561   562   562 W Zygote  : Preloaded drawable resource #0x10801fc (res/drawable-ldpi/jog_tab_bar_right_end_pressed.9.png) that varies with configuration!!
01-01 08:55:50.651   562   562 D dalvikvm: GC_EXPLICIT freed 392 objects / 23248 bytes in 87ms
01-01 08:55:50.661   562   562 W Zygote  : Preloaded drawable resource #0x1080201 (res/drawable-ldpi/jog_tab_left_confirm_gray.png) that varies with configuration!!
01-01 08:55:50.672   562   562 W Zygote  : Preloaded drawable resource #0x1080206 (res/drawable-ldpi/jog_tab_left_normal.png) that varies with configuration!!
01-01 08:55:50.681   562   562 W Zygote  : Preloaded drawable resource #0x1080207 (res/drawable-ldpi/jog_tab_left_pressed.png) that varies with configuration!!
01-01 08:55:50.692   562   562 W Zygote  : Preloaded drawable resource #0x1080209 (res/drawable-ldpi/jog_tab_right_confirm_gray.png) that varies with configuration!!
01-01 08:55:50.701   562   562 W Zygote  : Preloaded drawable resource #0x108020f (res/drawable-ldpi/jog_tab_right_normal.png) that varies with configuration!!
01-01 08:55:50.701   562   562 W Zygote  : Preloaded drawable resource #0x1080210 (res/drawable-ldpi/jog_tab_right_pressed.png) that varies with configuration!!
01-01 08:55:50.711   562   562 I Zygote  : ...preloaded 61 resources in 921ms.
01-01 08:55:50.752   562   562 I Zygote  : ...preloaded 15 resources in 38ms.
01-01 08:55:50.841   562   562 D dalvikvm: GC_EXPLICIT freed 331 objects / 19452 bytes in 85ms
01-01 08:55:50.922   562   562 D dalvikvm: GC_EXPLICIT freed 111 objects / 4140 bytes in 84ms
01-01 08:55:51.012   562   562 D dalvikvm: GC_EXPLICIT freed 2 objects / 40 bytes in 83ms
01-01 08:55:51.022   562   562 I dalvikvm: System server process 632 has been created
01-01 08:55:51.031   562   562 I Zygote  : Accepting command socket connections
01-01 08:55:51.452   632   632 E BatteryService: acOnlinePath not found
01-01 08:55:51.452   632   632 E BatteryService: usbOnlinePath not found
01-01 08:55:51.452   632   632 E BatteryService: batteryVoltagePath not found
01-01 08:55:51.452   632   632 E BatteryService: batteryTemperaturePath not found
01-01 08:55:51.462   632   632 I sysproc : Entered system_init()
01-01 08:55:51.472   632   632 I sysproc : ServiceManager: 0x124bd8
01-01 08:55:51.472   632   632 I SurfaceFlinger: SurfaceFlinger is starting
01-01 08:55:51.472   632   638 I SurfaceFlinger: SurfaceFlinger's main thread ready to run. Initializing graphics H/W...
01-01 08:55:51.482   632   638 I gralloc : using (fd=26)
01-01 08:55:51.482   632   638 I gralloc : id           = vlcd-fe
01-01 08:55:51.482   632   638 I gralloc : xres         = 240 px
01-01 08:55:51.482   632   638 I gralloc : yres         = 400 px
01-01 08:55:51.482   632   638 I gralloc : xres_virtual = 240 px
01-01 08:55:51.482   632   638 I gralloc : yres_virtual = 800 px
01-01 08:55:51.482   632   638 I gralloc : bpp          = 16
01-01 08:55:51.482   632   638 I gralloc : r            = 11:5
01-01 08:55:51.482   632   638 I gralloc : g            =  5:6
01-01 08:55:51.482   632   638 I gralloc : b            =  0:5
01-01 08:55:51.482   632   638 I gralloc : width        = 38 mm (160.421051 dpi)
01-01 08:55:51.482   632   638 I gralloc : height       = 64 mm (158.750000 dpi)
01-01 08:55:51.482   632   638 I gralloc : refresh rate = 60.00 Hz
01-01 08:55:51.482   632   638 D gralloc : PARTIAL_UPDATES supported
01-01 08:55:51.492   632   638 W SurfaceFlinger: H/W composition disabled
01-01 08:55:51.522   632   638 D libEGL  : loaded /system/lib/egl/libGLES_android.so
01-01 08:55:51.532   632   638 I SurfaceFlinger: EGL informations:
01-01 08:55:51.532   632   638 I SurfaceFlinger: # of configs : 8
01-01 08:55:51.532   632   638 I SurfaceFlinger: vendor    : Android
01-01 08:55:51.532   632   638 I SurfaceFlinger: version   : 1.4 Android META-EGL
01-01 08:55:51.532   632   638 I SurfaceFlinger: extensions: EGL_KHR_image EGL_KHR_image_base EGL_KHR_image_pixmap EGL_ANDROID_image_native_buffer EGL_ANDROID_swap_rectangle EGL_ANDROID_get_render_buffer 
01-01 08:55:51.532   632   638 I SurfaceFlinger: Client API: OpenGL ES
01-01 08:55:51.532   632   638 I SurfaceFlinger: EGLSurface: 5-6-5-0, config=0x1000000
01-01 08:55:51.541   632   638 I copybit : Opening VLX virtual blitter
01-01 08:55:51.541   632   638 I SurfaceFlinger: flags     : 001e0000
01-01 08:55:51.541   632   638 I copybit : Opening VLX virtual blitter
01-01 08:55:51.541   632   638 I SurfaceFlinger: OpenGL informations:
01-01 08:55:51.541   632   638 I SurfaceFlinger: vendor    : Android
01-01 08:55:51.541   632   638 I SurfaceFlinger: renderer  : Android PixelFlinger 1.3
01-01 08:55:51.541   632   638 I SurfaceFlinger: version   : OpenGL ES-CM 1.0
01-01 08:55:51.541   632   638 I SurfaceFlinger: extensions: GL_OES_byte_coordinates GL_OES_fixed_point GL_OES_single_precision GL_OES_read_format GL_OES_compressed_paletted_texture GL_OES_draw_texture GL_OES_matrix_get GL_OES_query_matrix GL_OES_EGL_image GL_OES_compressed_ETC1_RGB8_texture GL_ARB_texture_compression GL_ARB_texture_non_power_of_two GL_ANDROID_user_clip_plane GL_ANDROID_vertex_buffer_object GL_ANDROID_generate_mipmap 
01-01 08:55:51.551   632   638 I SurfaceFlinger: GL_MAX_TEXTURE_SIZE = 4096
01-01 08:55:51.551   632   638 I SurfaceFlinger: GL_MAX_VIEWPORT_DIMS = 4096
01-01 08:55:51.701   632   632 I sysproc : System server: starting Android runtime.
01-01 08:55:51.701   632   632 I sysproc : System server: starting Android services.
01-01 08:55:51.701   632   632 I sysproc : System server: entering thread pool.
01-01 08:55:51.701   632   632 I SystemServer: Entered the Android system server!
01-01 08:55:51.722   632   641 I SystemServer: Entropy Service
01-01 08:55:51.832   632   641 I SystemServer: Power Manager
01-01 08:55:51.892   632   641 I SystemServer: Activity Manager
01-01 08:55:51.942   632   642 I ActivityManager: Memory class: 16
01-01 08:55:52.061   632   642 W UsageStats: Usage stats version changed; dropping
01-01 08:55:52.612   632   638 E SurfaceFlinger: eglSwapBuffers: EGL error 0x300c (EGL_BAD_PARAMETER)
01-01 08:55:52.622   640   644 D libEGL  : loaded /system/lib/egl/libGLES_android.so
01-01 08:55:52.652   640   644 I copybit : Opening VLX virtual blitter
01-01 08:55:52.652   640   644 I copybit : Opening VLX virtual blitter
01-01 08:55:52.661   632   637 D gralloc : pmem area size 4194304, base 0x453cc000, fd 36
01-01 08:55:52.661   632   637 D gralloc : maximum allocated pmem: 188 KB
01-01 08:55:52.672   640   644 W zipro   : Unable to open zip '/data/local/bootanimation.zip': No such file or directory
01-01 08:55:52.672   640   644 W zipro   : Unable to open zip '/system/media/bootanimation.zip': No such file or directory
01-01 08:55:52.762   632   638 I ARMAssembler: generated scanline__00000077:03010104_00000004_00000000 [ 22 ipp] (41 ins) at [0x217510:0x2175b4] in 551654 ns
01-01 08:55:52.782   632   636 D gralloc : maximum allocated pmem: 376 KB
01-01 08:55:52.802   640   644 I ARMAssembler: generated scanline__00000077:03545404_00000A01_00000000 [ 30 ipp] (51 ins) at [0x19e60:0x19f2c] in 2287269 ns
01-01 08:55:52.812   632   638 E libagl  : copybit failed (Bad address)
01-01 08:55:52.902   632   641 I SystemServer: Telephony Registry
01-01 08:55:52.912   632   641 I SystemServer: Telephony Registry2
01-01 08:55:52.922   632   641 I SystemServer: Package Manager
01-01 08:55:52.952   565   565 I installd: new connection
01-01 08:55:52.952   632   641 I Installer: connecting...
01-01 08:55:53.162   632   641 I PackageManager: Libs: android.test.runner:/system/framework/android.test.runner.jar javax.obex:/system/framework/javax.obex.jar
01-01 08:55:53.162   632   641 I PackageManager: Features: android.hardware.wifi android.hardware.camera android.hardware.camera.autofocus android.hardware.telephony.gsm android.hardware.touchscreen android.hardware.telephony
01-01 08:55:53.342   632   641 D dalvikvm: GC_FOR_MALLOC freed 4866 objects / 208456 bytes in 142ms
01-01 08:55:54.512   632   641 W PackageManager: Running ENG build: no pre-dexopt!
01-01 08:55:54.662   632   641 D PackageManager: Scanning app dir /system/framework
01-01 08:55:54.892   632   641 D dalvikvm: GC_FOR_MALLOC freed 8522 objects / 458464 bytes in 141ms
01-01 08:55:55.172   632   641 D PackageManager: Scanning app dir /system/app
01-01 08:55:56.341   632   641 W ResourceType: Failure getting entry for 0x7f020000 (t=1 e=0) in package 0: 0xffffffb5
01-01 08:55:56.532   632   641 I PackageParser: com.pekall.monternet: compat added android.permission.WRITE_EXTERNAL_STORAGE android.permission.READ_PHONE_STATE
01-01 08:55:56.872   632   641 D dalvikvm: GC_FOR_MALLOC freed 4534 objects / 244832 bytes in 151ms
01-01 08:55:57.541   632   641 I PackageParser: com.pekall.sdringtonepicker: compat added android.permission.WRITE_EXTERNAL_STORAGE android.permission.READ_PHONE_STATE
01-01 08:55:58.482   632   641 I PackageParser: com.pekall.notepad: compat added android.permission.READ_PHONE_STATE
01-01 08:55:58.892   632   641 D dalvikvm: GC_FOR_MALLOC freed 5648 objects / 299968 bytes in 163ms
01-01 08:55:58.932   632   641 W PackageParser: No actions in intent filter at /system/app/Bluetooth.apk Binary XML file line #129
01-01 08:55:59.072   632   641 W ResourceType: Failure getting entry for 0x7f020000 (t=1 e=0) in package 0: 0xffffffb5
01-01 08:55:59.411   632   641 W ResourceType: Failure getting entry for 0x7f020000 (t=1 e=0) in package 0: 0xffffffb5
01-01 08:55:59.492   632   641 W PackageManager: Unable to update from com.android.stk to com.android.stk2: old package still exists
01-01 08:55:59.762   632   641 W ResourceType: Failure getting entry for 0x7f020000 (t=1 e=0) in package 0: 0xffffffb5
01-01 08:55:59.802   632   641 I PackageParser: com.pekall.myfavorite: compat added android.permission.READ_PHONE_STATE
01-01 08:56:00.732   632   641 D dalvikvm: GC_FOR_MALLOC freed 6162 objects / 323368 bytes in 180ms
01-01 08:56:01.072   632   641 D PackageManager: Scanning app dir /data/app
01-01 08:56:01.871   632   641 W PackageParser: No actions in intent filter at /data/app/ApiDemos.apk Binary XML file line #1841
01-01 08:56:01.871   632   641 W PackageParser: No actions in intent filter at /data/app/ApiDemos.apk Binary XML file line #1847
01-01 08:56:01.901   632   641 W PackageManager: Package com.example.android.apis desires unavailable shared library com.example.will.never.exist; ignoring!
01-01 08:56:02.211   632   641 D dalvikvm: GC_FOR_MALLOC freed 5180 objects / 267760 bytes in 194ms
01-01 08:56:02.211   632   641 D PackageManager: Scanning app dir /data/app-private
01-01 08:56:02.222   632   641 I PackageManager: Time to scan packages: 7.708 seconds
01-01 08:56:02.231   632   641 W PackageManager: Unknown permission com.google.android.googleapps.permission.GOOGLE_AUTH.mail in package com.android.contacts
01-01 08:56:02.231   632   641 W PackageManager: Unknown permission com.pekall.permission.READ_CH_LOCATION in package com.android.contacts
01-01 08:56:02.252   632   641 W PackageManager: Unknown permission android.permission.ADD_SYSTEM_SERVICE in package com.android.phone
01-01 08:56:02.252   632   641 W PackageManager: Unknown permission com.pekall.permission.READ_CH_LOCATION in package com.android.phone
01-01 08:56:02.262   632   641 W PackageManager: Unknown permission com.google.android.googleapps.permission.GOOGLE_AUTH in package com.android.providers.calendar
01-01 08:56:02.262   632   641 W PackageManager: Unknown permission com.google.android.googleapps.permission.GOOGLE_AUTH.cl in package com.android.providers.calendar
01-01 08:56:02.272   632   641 W PackageManager: Unknown permission com.google.android.googleapps.permission.GOOGLE_AUTH.mail in package com.android.calendar
01-01 08:56:02.282   632   641 W PackageManager: Not granting permission android.permission.SEND_DOWNLOAD_COMPLETED_INTENTS to package com.android.browser (protectionLevel=2 flags=0x1be45)
01-01 08:56:02.301   632   641 W PackageManager: Unknown permission com.google.android.googleapps.permission.GOOGLE_AUTH in package com.android.providers.contacts
01-01 08:56:02.301   632   641 W PackageManager: Unknown permission com.google.android.googleapps.permission.GOOGLE_AUTH.cp in package com.android.providers.contacts
01-01 08:56:02.301   632   641 W PackageManager: Unknown permission com.google.android.gm.permission.WRITE_GMAIL in package com.android.settings
01-01 08:56:02.301   632   641 W PackageManager: Unknown permission com.google.android.gm.permission.READ_GMAIL in package com.android.settings
01-01 08:56:02.301   632   641 W PackageManager: Unknown permission com.google.android.googleapps.permission.GOOGLE_AUTH in package com.android.settings
01-01 08:56:02.342   632   641 W PackageManager: Unknown permission android.permission.ACCESS_DOWNLOAD_DATA in package com.pekall.android.omadownload
01-01 08:56:02.842   632   641 D dalvikvm: GC_EXPLICIT freed 3588 objects / 230936 bytes in 183ms
01-01 08:56:02.862   632   641 I SystemServer: Account Manager
01-01 08:56:03.022   632   641 I SystemServer: Content Manager
01-01 08:56:03.161   632   641 I SystemServer: System Content Providers
01-01 08:56:03.182   632   641 I ActivityThread: Publishing provider settings: com.android.providers.settings.SettingsProvider
01-01 08:56:03.302   632   641 I SystemServer: Battery Service
01-01 08:56:03.331   632   641 I SystemServer: Lights Service
01-01 08:56:03.351   632   641 I SystemServer: Vibrator Service
01-01 08:56:03.432   632   641 I SystemServer: Alarm Manager
01-01 08:56:03.441   632   641 I SystemServer: Init Watchdog
01-01 08:56:03.462   632   641 I SystemServer: Sensor Service
01-01 08:56:03.472   632   641 I SystemServer: Window Manager
01-01 08:56:03.572   632   655 V EventHub: Opening device From EventHub: /dev/input/event2
01-01 08:56:03.572   632   655 I EventHub: add device 1: /dev/input/event2
01-01 08:56:03.572   632   655 I EventHub:   bus:      0006
01-01 08:56:03.572   632   655 I EventHub:   vendor    0000
01-01 08:56:03.572   632   655 I EventHub:   product   0000
01-01 08:56:03.572   632   655 I EventHub:   version   0000
01-01 08:56:03.572   632   655 I EventHub:   name:     "vacm"
01-01 08:56:03.572   632   655 I EventHub:   location: ""
01-01 08:56:03.572   632   655 I EventHub:   id:       ""
01-01 08:56:03.572   632   655 I EventHub:   version:  1.0.0
01-01 08:56:03.572   632   655 V EventHub: Getting keys...
01-01 08:56:03.572   632   655 I EventHub: MAP
01-01 08:56:03.572   632   655 I EventHub: 0: 0x00
01-01 08:56:03.572   632   655 I EventHub: 1: 0x00
01-01 08:56:03.572   632   655 I EventHub: 2: 0x00
01-01 08:56:03.572   632   655 I EventHub: 3: 0x00
01-01 08:56:03.572   632   655 I EventHub: 4: 0x00
01-01 08:56:03.572   632   655 I EventHub: 5: 0x00
01-01 08:56:03.572   632   655 I EventHub: 6: 0x00
01-01 08:56:03.572   632   655 I EventHub: 7: 0x00
01-01 08:56:03.572   632   655 I EventHub: 8: 0x00
01-01 08:56:03.572   632   655 I EventHub: 9: 0x00
01-01 08:56:03.572   632   655 I EventHub: 10: 0x00
01-01 08:56:03.572   632   655 I EventHub: 11: 0x00
01-01 08:56:03.572   632   655 I EventHub: 12: 0x00
01-01 08:56:03.572   632   655 I EventHub: 13: 0x00
01-01 08:56:03.572   632   655 I EventHub: 14: 0x00
01-01 08:56:03.572   632   655 I EventHub: 15: 0x00
01-01 08:56:03.572   632   655 I EventHub: 16: 0x00
01-01 08:56:03.572   632   655 I EventHub: 17: 0x00
01-01 08:56:03.572   632   655 I EventHub: 18: 0x00
01-01 08:56:03.572   632   655 I EventHub: 19: 0x00
01-01 08:56:03.572   632   655 I EventHub: 20: 0x00
01-01 08:56:03.572   632   655 I EventHub: 21: 0x00
01-01 08:56:03.572   632   655 I EventHub: 22: 0x00
01-01 08:56:03.572   632   655 I EventHub: 23: 0x00
01-01 08:56:03.572   632   655 I EventHub: 24: 0x00
01-01 08:56:03.572   632   655 I EventHub: 25: 0x00
01-01 08:56:03.572   632   655 I EventHub: 26: 0x00
01-01 08:56:03.572   632   655 I EventHub: 27: 0x00
01-01 08:56:03.572   632   655 I EventHub: 28: 0x00
01-01 08:56:03.572   632   655 I EventHub: 29: 0x00
01-01 08:56:03.572   632   655 I EventHub: 30: 0x00
01-01 08:56:03.572   632   655 I EventHub: 31: 0x00
01-01 08:56:03.572   632   655 I EventHub: 32: 0x00
01-01 08:56:03.572   632   655 I EventHub: 33: 0x00
01-01 08:56:03.572   632   655 I EventHub: 34: 0x00
01-01 08:56:03.572   632   655 I EventHub: 35: 0x00
01-01 08:56:03.572   632   655 I EventHub: 36: 0x00
01-01 08:56:03.572   632   655 I EventHub: 37: 0x00
01-01 08:56:03.572   632   655 I EventHub: 38: 0x00
01-01 08:56:03.572   632   655 I EventHub: 39: 0x00
01-01 08:56:03.572   632   655 I EventHub: 40: 0x00
01-01 08:56:03.572   632   655 I EventHub: 41: 0x00
01-01 08:56:03.572   632   655 I EventHub: 42: 0x00
01-01 08:56:03.572   632   655 I EventHub: 43: 0x00
01-01 08:56:03.572   632   655 I EventHub: 44: 0x00
01-01 08:56:03.572   632   655 I EventHub: 45: 0x00
01-01 08:56:03.572   632   655 I EventHub: 46: 0x00
01-01 08:56:03.572   632   655 I EventHub: 47: 0x00
01-01 08:56:03.572   632   655 I EventHub: 48: 0x00
01-01 08:56:03.572   632   655 I EventHub: 49: 0x00
01-01 08:56:03.572   632   655 I EventHub: 50: 0x00
01-01 08:56:03.572   632   655 I EventHub: 51: 0x00
01-01 08:56:03.572   632   655 I EventHub: 52: 0x00
01-01 08:56:03.572   632   655 I EventHub: 53: 0x00
01-01 08:56:03.572   632   655 I EventHub: 54: 0x00
01-01 08:56:03.572   632   655 I EventHub: 55: 0x00
01-01 08:56:03.572   632   655 I EventHub: 56: 0x00
01-01 08:56:03.572   632   655 I EventHub: 57: 0x00
01-01 08:56:03.572   632   655 I EventHub: 58: 0x00
01-01 08:56:03.572   632   655 I EventHub: 59: 0x00
01-01 08:56:03.572   632   655 I EventHub: 60: 0x00
01-01 08:56:03.572   632   655 I EventHub: 61: 0x00
01-01 08:56:03.572   632   655 I EventHub: 62: 0x00
01-01 08:56:03.572   632   655 I EventHub: 63: 0x00
01-01 08:56:03.572   632   655 V EventHub: Getting absolute controllers...
01-01 08:56:03.572   632   655 I EventHub: New device: path=/dev/input/event2 name=vacm id=0x10000 (of 0x1) index=1 fd=55 classes=0x0
01-01 08:56:03.572   632   655 V EventHub: Adding device /dev/input/event2 0x232fb8 at 1, id = 0, classes = 0x0
01-01 08:56:03.572   632   655 V EventHub: Opening device From EventHub: /dev/input/event1
01-01 08:56:03.572   632   655 I EventHub: add device 2: /dev/input/event1
01-01 08:56:03.572   632   655 I EventHub:   bus:      0006
01-01 08:56:03.572   632   655 I EventHub:   vendor    0000
01-01 08:56:03.572   632   655 I EventHub:   product   0000
01-01 08:56:03.572   632   655 I EventHub:   version   0000
01-01 08:56:03.572   632   655 I EventHub:   name:     "vts"
01-01 08:56:03.572   632   655 I EventHub:   location: ""
01-01 08:56:03.572   632   655 I EventHub:   id:       ""
01-01 08:56:03.572   632   655 I EventHub:   version:  1.0.0
01-01 08:56:03.602   632   655 V EventHub: Getting keys...
01-01 08:56:03.602   632   655 I EventHub: MAP
01-01 08:56:03.602   632   655 I EventHub: 0: 0x00
01-01 08:56:03.602   632   655 I EventHub: 1: 0x00
01-01 08:56:03.602   632   655 I EventHub: 2: 0x00
01-01 08:56:03.602   632   655 I EventHub: 3: 0x00
01-01 08:56:03.602   632   655 I EventHub: 4: 0x00
01-01 08:56:03.602   632   655 I EventHub: 5: 0x00
01-01 08:56:03.602   632   655 I EventHub: 6: 0x00
01-01 08:56:03.602   632   655 I EventHub: 7: 0x00
01-01 08:56:03.602   632   655 I EventHub: 8: 0x00
01-01 08:56:03.602   632   655 I EventHub: 9: 0x00
01-01 08:56:03.602   632   655 I EventHub: 10: 0x00
01-01 08:56:03.602   632   655 I EventHub: 11: 0x00
01-01 08:56:03.602   632   655 I EventHub: 12: 0x00
01-01 08:56:03.602   632   655 I EventHub: 13: 0x00
01-01 08:56:03.602   632   655 I EventHub: 14: 0x00
01-01 08:56:03.602   632   655 I EventHub: 15: 0x00
01-01 08:56:03.602   632   655 I EventHub: 16: 0x00
01-01 08:56:03.602   632   655 I EventHub: 17: 0x00
01-01 08:56:03.602   632   655 I EventHub: 18: 0x00
01-01 08:56:03.602   632   655 I EventHub: 19: 0x00
01-01 08:56:03.602   632   655 I EventHub: 20: 0x00
01-01 08:56:03.602   632   655 I EventHub: 21: 0x00
01-01 08:56:03.602   632   655 I EventHub: 22: 0x00
01-01 08:56:03.602   632   655 I EventHub: 23: 0x00
01-01 08:56:03.602   632   655 I EventHub: 24: 0x00
01-01 08:56:03.602   632   655 I EventHub: 25: 0x00
01-01 08:56:03.602   632   655 I EventHub: 26: 0x00
01-01 08:56:03.602   632   655 I EventHub: 27: 0x00
01-01 08:56:03.602   632   655 I EventHub: 28: 0x00
01-01 08:56:03.602   632   655 I EventHub: 29: 0x00
01-01 08:56:03.602   632   655 I EventHub: 30: 0x00
01-01 08:56:03.602   632   655 I EventHub: 31: 0x00
01-01 08:56:03.602   632   655 I EventHub: 32: 0x00
01-01 08:56:03.602   632   655 I EventHub: 33: 0x00
01-01 08:56:03.602   632   655 I EventHub: 34: 0x00
01-01 08:56:03.602   632   655 I EventHub: 35: 0x00
01-01 08:56:03.602   632   655 I EventHub: 36: 0x00
01-01 08:56:03.602   632   655 I EventHub: 37: 0x00
01-01 08:56:03.602   632   655 I EventHub: 38: 0x00
01-01 08:56:03.602   632   655 I EventHub: 39: 0x00
01-01 08:56:03.602   632   655 I EventHub: 40: 0x00
01-01 08:56:03.602   632   655 I EventHub: 41: 0x04
01-01 08:56:03.602   632   655 I EventHub: 42: 0x00
01-01 08:56:03.602   632   655 I EventHub: 43: 0x00
01-01 08:56:03.602   632   655 I EventHub: 44: 0x00
01-01 08:56:03.602   632   655 I EventHub: 45: 0x00
01-01 08:56:03.602   632   655 I EventHub: 46: 0x00
01-01 08:56:03.602   632   655 I EventHub: 47: 0x00
01-01 08:56:03.602   632   655 I EventHub: 48: 0x00
01-01 08:56:03.602   632   655 I EventHub: 49: 0x00
01-01 08:56:03.602   632   655 I EventHub: 50: 0x00
01-01 08:56:03.602   632   655 I EventHub: 51: 0x00
01-01 08:56:03.602   632   655 I EventHub: 52: 0x00
01-01 08:56:03.602   632   655 I EventHub: 53: 0x00
01-01 08:56:03.602   632   655 I EventHub: 54: 0x00
01-01 08:56:03.602   632   655 I EventHub: 55: 0x00
01-01 08:56:03.602   632   655 I EventHub: 56: 0x00
01-01 08:56:03.602   632   655 I EventHub: 57: 0x00
01-01 08:56:03.602   632   655 I EventHub: 58: 0x00
01-01 08:56:03.602   632   655 I EventHub: 59: 0x00
01-01 08:56:03.602   632   655 I EventHub: 60: 0x00
01-01 08:56:03.602   632   655 I EventHub: 61: 0x00
01-01 08:56:03.602   632   655 I EventHub: 62: 0x00
01-01 08:56:03.602   632   655 I EventHub: 63: 0x00
01-01 08:56:03.602   632   655 V EventHub: Getting absolute controllers...
01-01 08:56:03.602   632   655 I EventHub: New device: path=/dev/input/event1 name=vts id=0x10001 (of 0x2) index=2 fd=56 classes=0x4
01-01 08:56:03.602   632   655 V EventHub: Adding device /dev/input/event1 0x233088 at 2, id = 1, classes = 0x4





 /dev/input/event0
 add device 3: /dev/input/event0
   bus:      0006
   vendor    0000
   product   0000
   version   0000
   name:     "vkp"
   location: ""
   id:       ""
   version:  1.0.0
 Getting keys...
 MAP
 0: 0xff
 1: 0xff
 2: 0xff
 3: 0xff
 4: 0xff
 5: 0xff
 6: 0xff
 7: 0xff
 8: 0xff
 9: 0xff
 10: 0xff
 11: 0xff
 12: 0xff
 13: 0xff
 14: 0xff
 15: 0xff
 16: 0xff
 17: 0xff
 18: 0xff
 19: 0xff
 20: 0xff
 21: 0xff
 22: 0xff
 23: 0xff
 24: 0xff
 25: 0xff
 26: 0xff
 27: 0xff
 28: 0xff
 29: 0xff
 30: 0xff
 31: 0xff
 32: 0xff
 33: 0xff
 34: 0xff
 35: 0xff
 36: 0xff
 37: 0xff
 38: 0xff
 39: 0xff
 40: 0xff
 41: 0xff
 42: 0xff
 43: 0xff
 44: 0xff
 45: 0xff
 46: 0xff
 47: 0xff
 48: 0xff
 49: 0xff
 50: 0xff
 51: 0xff
 52: 0xff
 53: 0xff
 54: 0xff
 55: 0xff
 56: 0xff
 57: 0xff
 58: 0xff
 59: 0xff
 60: 0xff
 61: 0xff
 62: 0xff
 63: 0xff
01-01 08:56:03.602   632   655 V EventHub: Getting relative controllers...
01-01 08:56:03.602   632   655 V EventHub: Getting absolute controllers...
01-01 08:56:03.611   632   655 I EventHub: New keyboard: device->id=0x10002 devname='vkp' propName='hw.keyboards.65538.devname' keylayout='/system/usr/keylayout/vkp.kl'
01-01 08:56:03.611   632   655 I EventHub: New device: path=/dev/input/event0 name=vkp id=0x10002 (of 0x3) index=3 fd=57 classes=0x23
01-01 08:56:03.611   632   655 V EventHub: Adding device /dev/input/event0 0x233168 at 3, id = 2, classes = 0x23
01-01 08:56:03.611   632   655 V EventHub: Reporting device opened: id=0x10002, name=/dev/input/event0
01-01 08:56:03.611   632   655 V EventHub: Reporting device opened: id=0x10001, name=/dev/input/event1
01-01 08:56:03.611   632   655 I KeyInputQueue: Device added: id=0x0, name=vkp, classes=23
01-01 08:56:03.611   632   655 I KeyInputQueue: Device added: id=0x10001, name=vts, classes=4
01-01 08:56:03.622   632   655 V EventHub: Reporting device opened: id=0x10000, name=/dev/input/event2
01-01 08:56:03.622   632   655 I KeyInputQueue:   X: min=0 max=240 flat=0 fuzz=0
01-01 08:56:03.622   632   655 I KeyInputQueue:   Y: min=0 max=400 flat=0 fuzz=0
01-01 08:56:03.622   632   655 I KeyInputQueue:   Pressure: min=0 max=1 flat=0 fuzz=0
01-01 08:56:03.622   632   655 I KeyInputQueue:   Size: unknown values
01-01 08:56:03.622   632   655 I KeyInputQueue: No virtual keys found
01-01 08:56:03.622   632   655 I KeyInputQueue: Ignoring non-input device: id=0x10000, name=vacm
01-01 08:56:03.671   632   656 D DualSimSelector: showOnBoot: false
01-01 08:56:03.671   632   656 D KeyguardUpdateMonitor: User settings: not to select DUAL SIM on boot
01-01 08:56:03.882   632   641 I SystemServer: Bluetooth Service
01-01 08:56:03.962   632   641 I SystemServer: Device Policy
01-01 08:56:03.971   632   641 I SystemServer: Status Bar
01-01 08:56:04.302   632   641 D dalvikvm: GC_FOR_MALLOC freed 2644 objects / 183016 bytes in 215ms
01-01 08:56:04.422   632   641 I SystemServer: Clipboard Service
01-01 08:56:04.432   632   641 I SystemServer: Input Method Service
01-01 08:56:04.492   632   641 I InputManagerService: Enabled input methods: com.android.inputmethod.pinyin/.PinyinIME:com.android.inputmethod.latin/.LatinIME:com.pekall.inputmethod/.PekAllIME
01-01 08:56:04.502   632   641 I SystemServer: NetStat Service
01-01 08:56:04.502   632   641 I SystemServer: NetworkManagement Service
01-01 08:56:04.532   632   641 I SystemServer: Connectivity Service
01-01 08:56:04.532   632   659 V ConnectivityServiceExt: ConnectivityServiceExt starting up
01-01 08:56:04.581   632   659 D ConnectivityServiceExt: getMobileDataEnabled returning true
01-01 08:56:04.621   632   659 V ConnectivityServiceExt: Starting Wifi Service.
01-01 08:56:04.681   632   659 I WifiService: WifiService starting up with Wi-Fi disabled
01-01 08:56:04.712   632   659 D MobileDataStateTrackerExt: data network mode:1
01-01 08:56:04.712   632   659 D MobileDataStateTrackerExt: changing mobile network mode to:1
01-01 08:56:04.712   632   659 D MobileDataStateTrackerExt: update phone service now!
01-01 08:56:04.712   632   659 D MobileDataStateTrackerExt: switching to phone 1
01-01 08:56:04.712   632   659 D MobileDataStateTrackerExt: data network mode:1
01-01 08:56:04.712   632   659 D MobileDataStateTrackerExt: changing mobile network mode to:1
01-01 08:56:04.712   632   659 D MobileDataStateTrackerExt: update phone service now!
01-01 08:56:04.712   632   659 D MobileDataStateTrackerExt: switching to phone 1
01-01 08:56:04.712   632   659 D ConnectivityServiceExt: getMobileDataNetworkMode returning 1
01-01 08:56:04.722   632   659 D MobileDataStateTrackerExt: data network mode:1
01-01 08:56:04.722   632   659 D MobileDataStateTrackerExt: changing mobile network mode to:1
01-01 08:56:04.722   632   659 D MobileDataStateTrackerExt: update phone service now!
01-01 08:56:04.722   632   659 D MobileDataStateTrackerExt: switching to phone 1
01-01 08:56:04.722   632   659 D MobileDataStateTrackerExt: data network mode:1
01-01 08:56:04.722   632   659 D MobileDataStateTrackerExt: changing mobile network mode to:1
01-01 08:56:04.722   632   659 D MobileDataStateTrackerExt: update phone service now!
01-01 08:56:04.722   632   659 D MobileDataStateTrackerExt: switching to phone 1
01-01 08:56:04.731   632   659 D MobileDataStateTrackerExt: data network mode:1
01-01 08:56:04.731   632   659 D MobileDataStateTrackerExt: changing mobile network mode to:1
01-01 08:56:04.731   632   659 D MobileDataStateTrackerExt: update phone service now!
01-01 08:56:04.731   632   659 D MobileDataStateTrackerExt: switching to phone 1
01-01 08:56:04.731   632   659 D MobileDataStateTrackerExt: data network mode:1
01-01 08:56:04.731   632   659 D MobileDataStateTrackerExt: changing mobile network mode to:1
01-01 08:56:04.731   632   659 D MobileDataStateTrackerExt: update phone service now!
01-01 08:56:04.731   632   659 D MobileDataStateTrackerExt: switching to phone 1
01-01 08:56:04.741   632   659 D MobileDataStateTrackerExt: data network mode:1
01-01 08:56:04.741   632   659 D MobileDataStateTrackerExt: changing mobile network mode to:1
01-01 08:56:04.741   632   659 D MobileDataStateTrackerExt: update phone service now!
01-01 08:56:04.741   632   659 D MobileDataStateTrackerExt: switching to phone 1
01-01 08:56:04.741   632   659 D MobileDataStateTrackerExt: data network mode:1
01-01 08:56:04.741   632   659 D MobileDataStateTrackerExt: changing mobile network mode to:1
01-01 08:56:04.741   632   659 D MobileDataStateTrackerExt: update phone service now!
01-01 08:56:04.741   632   659 D MobileDataStateTrackerExt: switching to phone 1
01-01 08:56:04.741   632   659 D MobileDataStateTrackerExt: data network mode:1
01-01 08:56:04.741   632   659 D MobileDataStateTrackerExt: changing mobile network mode to:1
01-01 08:56:04.741   632   659 D MobileDataStateTrackerExt: update phone service now!
01-01 08:56:04.741   632   659 D MobileDataStateTrackerExt: switching to phone 1
01-01 08:56:04.752   632   659 D Tethering: Tethering starting
01-01 08:56:04.752   632   659 D NetworkManagmentService: Registering observer
01-01 08:56:04.801   632   641 I SystemServer: Throttle Service
01-01 08:56:04.812   632   641 I SystemServer: Accessibility Manager
01-01 08:56:04.821   632   641 I SystemServer: Mount Service
01-01 08:56:04.831   632   641 I SystemServer: Notification Manager
01-01 08:56:04.882   556   610 D VoldCmdListener: volume list
01-01 08:56:04.902   632   641 I SystemServer: Device Storage Monitor
01-01 08:56:04.921   632   665 W MountService: Duplicate state transition (removed -> removed)
01-01 08:56:04.921   556   610 D VoldCmdListener: share status ums
01-01 08:56:04.951   632   641 I SystemServer: Location Manager
01-01 08:56:04.951   632   641 I SystemServer: Search Service
01-01 08:56:04.962   632   641 I SystemServer: DropBox Service
01-01 08:56:04.971   632   641 I SystemServer: Wallpaper Service
01-01 08:56:05.001   632   641 I SystemServer: Audio Service
01-01 08:56:05.101   563   563 I AudioPolicyManagerBase: initStreamVolume() stream 0, min 0, max 5
01-01 08:56:05.101   563   622 I AudioPolicyManagerBase: setStreamVolumeIndex() stream 0, index 5
01-01 08:56:05.131   563   563 I AudioPolicyManagerBase: initStreamVolume() stream 1, min 0, max 7
01-01 08:56:05.131   563   622 I AudioPolicyManagerBase: setStreamVolumeIndex() stream 1, index 7
01-01 08:56:05.151   563   563 I AudioPolicyManagerBase: initStreamVolume() stream 2, min 0, max 7
01-01 08:56:05.151   563   622 I AudioPolicyManagerBase: setStreamVolumeIndex() stream 2, index 7
01-01 08:56:05.161   563   563 I AudioPolicyManagerBase: initStreamVolume() stream 3, min 0, max 15
01-01 08:56:05.171   563   622 I AudioPolicyManagerBase: setStreamVolumeIndex() stream 3, index 15
01-01 08:56:05.181   563   563 I AudioPolicyManagerBase: initStreamVolume() stream 4, min 0, max 7
01-01 08:56:05.181   563   622 I AudioPolicyManagerBase: setStreamVolumeIndex() stream 4, index 7
01-01 08:56:05.202   563   563 I AudioPolicyManagerBase: initStreamVolume() stream 5, min 0, max 7
01-01 08:56:05.211   563   622 I AudioPolicyManagerBase: setStreamVolumeIndex() stream 5, index 7
01-01 08:56:05.221   563   563 I AudioPolicyManagerBase: initStreamVolume() stream 6, min 0, max 15
