01-01 08:56:30.022   632   655 V EventHub: /dev/input/event1 got: t0=60, t1=495536, type=0, code=0, v=0
01-01 08:56:30.031   632   655 V EventHub: revents for 2 = 0x00000001
01-01 08:56:30.042   632   655 V EventHub: /dev/input/event1 got: t0=60, t1=510344, type=3, code=0, v=55
01-01 08:56:30.042   632   655 V EventHub: revents for 2 = 0x00000001
01-01 08:56:30.042   632   655 V EventHub: /dev/input/event1 got: t0=60, t1=510439, type=0, code=0, v=0
01-01 08:56:30.051   632   655 V EventHub: revents for 2 = 0x00000001
01-01 08:56:30.051   632   655 V EventHub: /dev/input/event1 got: t0=60, t1=525216, type=3, code=0, v=68
01-01 08:56:30.051   632   655 V EventHub: revents for 2 = 0x00000001
01-01 08:56:30.051   632   655 V EventHub: /dev/input/event1 got: t0=60, t1=525303, type=0, code=0, v=0
01-01 08:56:30.072   632   655 V EventHub: revents for 2 = 0x00000001
01-01 08:56:30.072   632   655 V EventHub: /dev/input/event1 got: t0=60, t1=540250, type=3, code=0, v=85
01-01 08:56:30.072   632   655 V EventHub: revents for 2 = 0x00000001
01-01 08:56:30.072   632   655 V EventHub: /dev/input/event1 got: t0=60, t1=540325, type=3, code=1, v=309
01-01 08:56:30.072   632   655 V EventHub: revents for 2 = 0x00000001
01-01 08:56:30.072   632   655 V EventHub: /dev/input/event1 got: t0=60, t1=540348, type=0, code=0, v=0
01-01 08:56:30.082   632   655 V EventHub: revents for 2 = 0x00000001
01-01 08:56:30.082   632   655 V EventHub: /dev/input/event1 got: t0=60, t1=555318, type=3, code=0, v=103
01-01 08:56:30.082   632   655 V EventHub: revents for 2 = 0x00000001
01-01 08:56:30.082   632   655 V EventHub: /dev/input/event1 got: t0=60, t1=555395, type=3, code=1, v=308
01-01 08:56:30.082   632   655 V EventHub: revents for 2 = 0x00000001
01-01 08:56:30.082   632   655 V EventHub: /dev/input/event1 got: t0=60, t1=555417, type=0, code=0, v=0
01-01 08:56:30.092   632   655 V EventHub: revents for 2 = 0x00000001
01-01 08:56:30.092   632   655 V EventHub: /dev/input/event1 got: t0=60, t1=570275, type=3, code=0, v=126
01-01 08:56:30.102   632   655 V EventHub: revents for 2 = 0x00000001
01-01 08:56:30.102   632   655 V EventHub: /dev/input/event1 got: t0=60, t1=570352, type=3, code=1, v=307
01-01 08:56:30.102   632   655 V EventHub: revents for 2 = 0x00000001
01-01 08:56:30.102   632   655 V EventHub: /dev/input/event1 got: t0=60, t1=570378, type=0, code=0, v=0
01-01 08:56:30.102   632   638 E libagl  : copybit failed (Bad address)
01-01 08:56:30.102   632   656 V LockPatternKeyguardView: *** dispatchDraw() time: 60579
01-01 08:56:30.112   632   655 V EventHub: revents for 2 = 0x00000001
01-01 08:56:30.112   632   655 V EventHub: /dev/input/event1 got: t0=60, t1=585146, type=3, code=0, v=153
01-01 08:56:30.112   632   655 V EventHub: revents for 2 = 0x00000001
01-01 08:56:30.112   632   655 V EventHub: /dev/input/event1 got: t0=60, t1=585224, type=0, code=0, v=0
01-01 08:56:30.122   632   655 V EventHub: revents for 2 = 0x00000001
01-01 08:56:30.122   632   655 V EventHub: /dev/input/event1 got: t0=60, t1=600078, type=3, code=0, v=181
01-01 08:56:30.132   632   655 V EventHub: revents for 2 = 0x00000001
01-01 08:56:30.132   632   655 V EventHub: /dev/input/event1 got: t0=60, t1=600159, type=3, code=1, v=308
01-01 08:56:30.132   632   655 V EventHub: revents for 2 = 0x00000001
01-01 08:56:30.132   632   655 V EventHub: /dev/input/event1 got: t0=60, t1=600184, type=0, code=0, v=0
01-01 08:56:30.153   632   655 V EventHub: revents for 2 = 0x00000001
01-01 08:56:30.153   632   655 V EventHub: /dev/input/event1 got: t0=60, t1=616942, type=3, code=24, v=0
01-01 08:56:30.153   632   655 V EventHub: revents for 2 = 0x00000001
01-01 08:56:30.153   632   655 V EventHub: /dev/input/event1 got: t0=60, t1=617412, type=1, code=330, v=0
01-01 08:56:30.153   632   655 V EventHub: iev.code=330 outKeycode=0 outFlags=0x00000000 err=-19
01-01 08:56:30.153   632   655 V EventHub: revents for 2 = 0x00000001
01-01 08:56:30.153   632   655 V EventHub: /dev/input/event1 got: t0=60, t1=617433, type=0, code=0, v=0
01-01 08:56:30.311   632   656 D LockPatternKeyguardView: currentMode for Unlock:Pattern
01-01 08:56:30.311   632   656 D KeyguardViewMediator: keyguardDone(true)
01-01 08:56:30.341   632   656 D KeyguardViewMediator: pokeWakelock(5000)
01-01 08:56:30.341   632   656 V LockPatternKeyguardView: *** dispatchDraw() time: 60814
01-01 08:56:30.401   632   656 D KeyguardViewMediator: handleKeyguardDone
01-01 08:56:30.401   632   656 D KeyguardViewMediator: handleHide
01-01 08:56:30.432   837   837 D WeatherReceiver: [onReceive] intent -- Intent { act=android.intent.action.BOOT_COMPLETED cmp=com.pekall.weatherwidget/.WeatherReceiver }
01-01 08:56:30.581   632   656 D KeyguardViewManager: hide()
01-01 08:56:30.592   632   656 D KeyguardViewMediator: adjustUserActivityLocked mShowing: false mHidden: false
01-01 08:56:30.771   632   691 I ActivityManager: Start proc com.android.bluetooth for broadcast com.android.bluetooth/.opp.BluetoothOppReceiver: pid=844 uid=10030 gids={3003, 3002, 3001, 1015}
01-01 08:56:30.862   632   656 D KeyguardViewMediator: setHidden false
01-01 08:56:30.871   632   656 D KeyguardViewMediator: setHidden false
01-01 08:56:30.871   632   638 E libagl  : copybit failed (Bad address)
01-01 08:56:30.932   632   654 D KeyguardViewMediator: setHidden false
01-01 08:56:30.952   632   654 D KeyguardViewMediator: setHidden false
01-01 08:56:30.972   632   654 D KeyguardViewMediator: setHidden false
01-01 08:56:31.012   632   654 D KeyguardViewMediator: setHidden false
01-01 08:56:31.012   632   654 D KeyguardViewMediator: setHidden false
01-01 08:56:31.012   632   656 V LockPatternKeyguardView: *** dispatchDraw() time: 61452
01-01 08:56:31.032   632   654 D KeyguardViewMediator: setHidden false
01-01 08:56:31.052   632   654 I ActivityManager: Displayed activity com.android.launcher/com.android.launcher2.Launcher: 23152 ms (total 23152 ms)
01-01 08:56:31.081   632   638 I ARMAssembler: generated scanline__00000077:03545404_00000004_00000000 [ 47 ipp] (67 ins) at [0x256348:0x256454] in 659884 ns
01-01 08:56:31.182   632   638 I ARMAssembler: generated scanline__00000177:03515104_00001001_00000000 [ 91 ipp] (114 ins) at [0x21a890:0x21aa58] in 529731 ns
01-01 08:56:31.441   632   638 E libagl  : copybit failed (Bad address)
01-01 08:56:31.452   632   656 D KeyguardViewMediator: setHidden false
01-01 08:56:31.652   844   844 I ActivityThread: Publishing provider com.android.bluetooth.opp: com.android.bluetooth.opp.BluetoothOppProvider
01-01 08:56:31.801   632   638 E libagl  : copybit failed (Bad address)
01-01 08:56:31.992   632   636 I ActivityManager: Start proc com.pekall.weather for broadcast com.pekall.weather/.InitUpdatesReceiver: pid=850 uid=10031 gids={3003}
01-01 08:56:32.582   850   850 I ActivityThread: Publishing provider com.pekall.provider.weather: com.pekall.weather.WeatherProvider
01-01 08:56:32.702   850   850 D InitUpdatesReceiver: [onReceive] intent -- Intent { act=android.intent.action.BOOT_COMPLETED cmp=com.pekall.weather/.InitUpdatesReceiver }
01-01 08:56:32.732   850   850 D UpdateManager: [setNextUpdate] next update disabled
01-01 08:56:33.142   799   799 V DownloadReceiver: Receiver onBoot
01-01 08:56:33.212   799   799 V DownloadService: Service onCreate
01-01 08:56:33.212   799   799 V DownloadService: DownloadManagerContentObserver
01-01 08:56:33.232   632   692 I ActivityManager: Start proc com.pekall.firewall for broadcast com.pekall.firewall/.services.BroadcastListener: pid=862 uid=10039 gids={}
01-01 08:56:33.241   799   799 V DownloadNotification: DownloadNotification
01-01 08:56:33.262   799   799 D DownloadProvider: query :content://downloads/download
01-01 08:56:33.271   799   799 V DownloadProvider: starting query, database is not null; projection[0] is _id; projection[1] is title; projection[2] is description; projection[3] is notificationpackage; projection[4] is notificationclass; projection[5] is current_bytes; projection[6] is total_bytes; projection[7] is status; projection[8] is _data; selection is (status >= '100') AND (status <= '199') AND (visibility IS NULL OR visibility == '0' OR visibility == '1'); selectionArgs is null; sort is _id.
01-01 08:56:33.271   799   799 D DownloadProvider: query done!
01-01 08:56:33.292   799   799 V DownloadProvider: created cursor com.android.providers.downloads.DownloadProvider$ReadOnlyCursorWrapper@43e8f2a0 on behalf of 799
01-01 08:56:33.312   799   799 V DownloadNotification: updateCompletedNotification
01-01 08:56:33.312   799   799 D DownloadProvider: query :content://downloads/download
01-01 08:56:33.312   799   799 V DownloadProvider: starting query, database is not null; projection[0] is _id; projection[1] is title; projection[2] is description; projection[3] is notificationpackage; projection[4] is notificationclass; projection[5] is current_bytes; projection[6] is total_bytes; projection[7] is status; projection[8] is _data; projection[9] is lastmod; projection[10] is destination; selection is status >= '200' AND visibility == '1'; selectionArgs is null; sort is _id.
01-01 08:56:33.321   799   799 D DownloadProvider: query done!
01-01 08:56:33.332   799   799 V DownloadProvider: created cursor com.android.providers.downloads.DownloadProvider$ReadOnlyCursorWrapper@43e91cf8 on behalf of 799
01-01 08:56:33.341   799   799 V DownloadService: trimDatabase
01-01 08:56:33.352   799   799 D DownloadProvider: query :content://downloads/download
01-01 08:56:33.352   799   799 V DownloadProvider: starting query, database is not null; projection[0] is _id; selection is status >= '200'; selectionArgs is null; sort is lastmod.
01-01 08:56:33.361   799   799 D DownloadProvider: query done!
01-01 08:56:33.371   799   799 V DownloadProvider: created cursor com.android.providers.downloads.DownloadProvider$ReadOnlyCursorWrapper@43e93a10 on behalf of 799
01-01 08:56:33.392   799   799 V DownloadService: removeSpuriousFiles
01-01 08:56:33.401   799   799 D DownloadProvider: query :content://downloads/download
01-01 08:56:33.412   799   799 V DownloadProvider: starting query, database is not null; projection[0] is _data; selection is null; selectionArgs is null; sort is null.
01-01 08:56:33.412   799   799 D DownloadProvider: query done!
01-01 08:56:33.431   799   799 V DownloadProvider: created cursor com.android.providers.downloads.DownloadProvider$ReadOnlyCursorWrapper@43e95528 on behalf of 799
01-01 08:56:33.451   799   799 V DownloadService: Service onStart
01-01 08:56:33.682   632   632 I ActivityManager: Process com.android.settings (pid 708) has died.
01-01 08:56:33.732   862   862 I ActivityThread: Publishing provider com.pekall.firewall: com.pekall.firewall.provider.FireWallProvider
01-01 08:56:33.802   632   641 D VolumePanel: onVolumeChanged(streamType: 3, flags: 0)
01-01 08:56:33.821   632   638 E libagl  : copybit failed (Bad address)
01-01 08:56:33.871   632   641 D VolumePanel: onVolumeChanged(streamType: 4, flags: 0)
01-01 08:56:33.941   862   862 D ServiceBroadcastReceiver: [FW] receiving broadcast <action - android.intent.action.BOOT_COMPLETED>
01-01 08:56:33.992   632   641 D VolumePanel: onVolumeChanged(streamType: 2, flags: 0)
01-01 08:56:34.101   862   862 D ServiceBroadcastReceiver: [FW] firewall auto-start is not enabled.
01-01 08:56:34.182   632   641 D VolumePanel: onVolumeChanged(streamType: 5, flags: 0)
01-01 08:56:34.212   830   830 D ModeChangeReceiver: android.media.VOLUME_CHANGED_ACTION
01-01 08:56:34.241   830   830 D ModeChangeReceiver: android.media.VOLUME_CHANGED_ACTION
01-01 08:56:34.252   830   830 D ModeChangeReceiver: android.media.VOLUME_CHANGED_ACTION
01-01 08:56:34.271   830   830 D ModeChangeReceiver: android.media.VOLUME_CHANGED_ACTION
01-01 08:56:34.442   632   805 I ActivityManager: Process com.pekall.clockset (pid 791) has died.
01-01 08:56:34.593   701   720 V MmsProvider: Query uri=content://mms, match=0
01-01 08:56:34.701   632   797 I ActivityManager: Start proc com.android.providers.calendar for broadcast com.android.providers.calendar/.CalendarReceiver: pid=872 uid=10042 gids={3003}
01-01 08:56:34.751   632   645 W Process : Unable to open /proc/708/status
01-01 08:56:34.751   632   645 W Process : Unable to open /proc/791/status
01-01 08:56:35.021   872   872 I ActivityThread: Publishing provider com.android.calendar: com.android.providers.calendar.CalendarProvider2
01-01 08:56:35.232   799   819 D MediaScanner:  prescan time: 4246ms
01-01 08:56:35.232   799   819 D MediaScanner:     scan time: 3210ms
01-01 08:56:35.232   799   819 D MediaScanner: postscan time: 2ms
01-01 08:56:35.232   799   819 D MediaScanner:    total time: 7458ms
01-01 08:56:35.282   799   819 D MediaScannerService: done scanning volume internal
01-01 08:56:35.341   632   656 D KeyguardViewMediator: handleTimeout
01-01 08:56:35.681   632   691 I ActivityManager: Process com.pekall.weatherwidget (pid 837) has died.
01-01 08:56:35.752   701   701 D DualSimReceiver: onReceive,action:android.intent.action.BOOT_COMPLETED
01-01 08:56:35.752   701   701 D DualSimReceiver: ACTION_BOOT_COMPLETED
01-01 08:56:35.791   632   805 I ActivityManager: Start proc com.pekall.cmccmail for broadcast com.pekall.cmccmail/.service.SimStateReceiver: pid=881 uid=10036 gids={3003, 1015}
01-01 08:56:36.362   881   881 I ActivityThread: Publishing provider com.pekall.cmccmail.provider: com.pekall.cmccmail.provider.EmailProvider
01-01 08:56:36.432   881   881 I ActivityThread: Publishing provider com.pekall.cmccmail.attachmentprovider: com.pekall.cmccmail.provider.AttachmentProvider
01-01 08:56:36.541   632   637 I ActivityManager: Process com.android.email (pid 810) has died.
01-01 08:56:36.682   783   783 D SimStateReceiver: Sim state receiver is launched ...
01-01 08:56:36.682   783   783 E SimStateReceiver: -- xavier -- [Telephony Broadcast] sim state (A): NOT_READY
01-01 08:56:36.711   783   783 E SimSyncService: -- xavier -- -- sim is absent ---
01-01 08:56:36.841   783   783 V SimSyncService: -- xavier -- <sending message> sim (index 1), operate 1 ---
01-01 08:56:36.853   783   783 D SimStateReceiver: Sim state receiver is launched ...
01-01 08:56:36.853   783   783 E SimStateReceiver: -- xavier -- [Telephony Broadcast] sim state (B): NOT_READY
01-01 08:56:36.881   783   834 D SimSyncService: -- xavier -- Start clearing sim contacts (index 1)...
01-01 08:56:36.892   783   834 D SimSyncService: Sim card is absent, remove all sim (1) contacts from local
01-01 08:56:36.902   783   783 E SimSyncService: -- xavier -- -- sim B is absent ---
01-01 08:56:36.931   783   783 V SimSyncService: -- xavier -- <sending message> sim (index 2), operate 1 ---
01-01 08:56:37.351   799   865 V Download Helpers: network is not available
01-01 08:56:37.402   799   865 D DownloadProvider: query :content://downloads/download
01-01 08:56:37.512   799   865 V DownloadProvider: starting query, database is not null; projection is null; selection is null; selectionArgs is null; sort is _id.
01-01 08:56:37.652   799   865 D DownloadProvider: query done!
01-01 08:56:37.771   799   865 V DownloadProvider: created cursor com.android.providers.downloads.DownloadProvider$ReadOnlyCursorWrapper@43e9d7f0 on behalf of 799
01-01 08:56:37.792   799   865 D DownloadProvider: query :content://downloads/download
01-01 08:56:37.802   799   865 V DownloadProvider: starting query, database is not null; projection[0] is _id; projection[1] is title; projection[2] is description; projection[3] is notificationpackage; projection[4] is notificationclass; projection[5] is current_bytes; projection[6] is total_bytes; projection[7] is status; projection[8] is _data; selection is (status >= '100') AND (status <= '199') AND (visibility IS NULL OR visibility == '0' OR visibility == '1'); selectionArgs is null; sort is _id.
01-01 08:56:37.822   632   638 E libagl  : copybit failed (Bad address)
01-01 08:56:37.831   799   865 D DownloadProvider: query done!
01-01 08:56:37.851   799   865 V DownloadProvider: created cursor com.android.providers.downloads.DownloadProvider$ReadOnlyCursorWrapper@43ea0678 on behalf of 799
01-01 08:56:37.871   799   865 V DownloadNotification: updateCompletedNotification
01-01 08:56:37.871   799   865 D DownloadProvider: query :content://downloads/download
01-01 08:56:37.882   799   865 V DownloadProvider: starting query, database is not null; projection[0] is _id; projection[1] is title; projection[2] is description; projection[3] is notificationpackage; projection[4] is notificationclass; projection[5] is current_bytes; projection[6] is total_bytes; projection[7] is status; projection[8] is _data; projection[9] is lastmod; projection[10] is destination; selection is status >= '200' AND visibility == '1'; selectionArgs is null; sort is _id.
01-01 08:56:37.902   799   865 D DownloadProvider: query done!
01-01 08:56:37.932   799   865 V DownloadProvider: created cursor com.android.providers.downloads.DownloadProvider$ReadOnlyCursorWrapper@43ea2ab0 on behalf of 799
01-01 08:56:37.982   799   799 V DownloadService: Service onDestroy
01-01 08:56:37.991   872   878 D Calendar: missed alarms found: 0
01-01 08:56:38.282   783   834 D SimSyncService: -- xavier -- Start clearing sim contacts (index 2)...
01-01 08:56:38.321   783   834 D SimSyncService: Sim card is absent, remove all sim (2) contacts from local
01-01 08:56:38.391   783   834 D SimSyncService: -- xavier -- broad cast: sync done...
01-01 08:56:38.412   740   871 D Mms     : getScrapBaseLocation none sdcard exists, use sdcard as default
01-01 08:56:38.441   740   871 D Mms     : getScrapBaseLocation none sdcard exists, use sdcard as default
01-01 08:56:38.452   740   871 D Mms     : /sdcard/mms/scrapSpace/ doesnot exists,no need clearScrapFile,token:-1
01-01 08:56:38.482   783   783 D FdnStateRceiver: Receiver called ...
01-01 08:56:38.482   783   783 D FdnStateRceiver: SYNC DONE mLocalFdnEnabled=false, mFdnEnabled=false
01-01 08:56:38.612   701   723 V MmsProvider: Query uri=content://mms, match=0
01-01 08:56:38.632   701   723 D dalvikvm: GREF has increased to 201
01-01 08:56:38.712   740   871 D SmsReceiverService: handleSimStateChanged checked false state NOT_READY
01-01 08:56:38.781   632   691 I ActivityManager: Process com.pekall.dcd (pid 820) has died.
^C
jiangrui@jiangrui-desktop:~/notes/android.sdk/android.key.event$ 

