01-01 08:56:05.231   563   622 I AudioPolicyManagerBase: setStreamVolumeIndex() stream 6, index 15
01-01 08:56:05.231   563   622 I AudioPolicyManagerBase: checkAndSetVolume() cannot set stream 6 volume with force use = 0 for comm
01-01 08:56:05.231   563   563 I AudioPolicyManagerBase: initStreamVolume() stream 7, min 0, max 7
01-01 08:56:05.231   563   622 I AudioPolicyManagerBase: setStreamVolumeIndex() stream 7, index 7
01-01 08:56:05.242   563   563 I AudioPolicyManagerBase: initStreamVolume() stream 8, min 0, max 15
01-01 08:56:05.242   563   622 I AudioPolicyManagerBase: setStreamVolumeIndex() stream 8, index 5
01-01 08:56:05.242   563   622 I AudioPolicyManagerBase: setStreamVolume() for output 1 stream 8, volume 0.021135, delay 0
01-01 08:56:05.242   563   622 I AudioPolicyService: inserting command: 2 at index 0, num commands 0
01-01 08:56:05.242   563   622 I AudioPolicyService: AudioCommandThread() adding set volume stream 8, volume 0.030924, output 1
01-01 08:56:05.251   563   620 I AudioPolicyService: AudioCommandThread() waking up
01-01 08:56:05.251   563   620 I AudioPolicyService: AudioCommandThread() processing set volume stream 8, volume 0.030924, output 1
01-01 08:56:05.251   563   620 I AudioPolicyService: AudioCommandThread() going to sleep
01-01 08:56:05.251   563   563 I AudioPolicyManagerBase: initStreamVolume() stream 9, min 0, max 15
01-01 08:56:05.261   563   622 I AudioPolicyManagerBase: setStreamVolumeIndex() stream 9, index 15
01-01 08:56:05.292   563   563 I AudioPolicyManagerBase: initStreamVolume() stream 10, min 0, max 20
01-01 08:56:05.292   563   622 I AudioPolicyManagerBase: setStreamVolumeIndex() stream 10, index 10
01-01 08:56:05.292   563   622 I AudioPolicyManagerBase: setStreamVolume() for output 1 stream 10, volume 0.056234, delay 0
01-01 08:56:05.302   563   563 I AudioPolicyManagerBase: setStreamVolumeIndex() stream 5, index 7
01-01 08:56:05.302   563   622 I AudioPolicyManagerBase: setStreamVolumeIndex() stream 7, index 7
01-01 08:56:05.312   563   563 I AudioPolicyManagerBase: setStreamVolumeIndex() stream 8, index 15
01-01 08:56:05.312   563   563 I AudioPolicyManagerBase: setStreamVolume() for output 1 stream 8, volume 1.000000, delay 0
01-01 08:56:05.312   563   563 I AudioPolicyService: inserting command: 2 at index 0, num commands 0
01-01 08:56:05.312   563   563 I AudioPolicyService: AudioCommandThread() adding set volume stream 8, volume 1.000000, output 1
01-01 08:56:05.312   563   620 I AudioPolicyService: AudioCommandThread() waking up
01-01 08:56:05.312   563   620 I AudioPolicyService: AudioCommandThread() processing set volume stream 8, volume 1.000000, output 1
01-01 08:56:05.312   563   620 I AudioPolicyService: AudioCommandThread() going to sleep
01-01 08:56:05.322   563   622 I AudioPolicyManagerBase: setStreamVolumeIndex() stream 9, index 15
01-01 08:56:05.331   563   563 I AudioPolicyService: setPhoneState() tid 563
01-01 08:56:05.331   563   563 I AudioPolicyManagerBase: setPhoneState() state 0
01-01 08:56:05.331   563   563 I AudioPolicyManagerBase: setPhoneState() setting same state 0
01-01 08:56:05.342   563   563 I AudioFlinger: registerClient() 0x3cc98, tid 563, calling tid 632
01-01 08:56:05.342   563   563 I AudioFlinger: Adding notification client 0x3cc50
01-01 08:56:05.342   563   563 I AudioFlinger: sendConfigEvent() num events 1 event 0, param 0
01-01 08:56:05.342   563   621 I AudioFlinger: MixerThread 0x2c238 TID 621 waking up
01-01 08:56:05.342   563   621 I AudioFlinger: processConfigEvents() remaining events 1
01-01 08:56:05.342   563   621 I AudioFlinger: PlaybackThread::audioConfigChanged, thread 0x2c238, event 0, param 0
01-01 08:56:05.342   563   621 I AudioFlinger: audioConfigChanged_l() Notifying change to client 0x2c1d8
01-01 08:56:05.342   563   621 I AudioSystem: ioConfigChanged() event 0
01-01 08:56:05.342   563   621 I AudioSystem: ioConfigChanged() opening already existing output! 1
01-01 08:56:05.342   563   621 I AudioFlinger: audioConfigChanged_l() Notifying change to client 0x3cc50
01-01 08:56:05.342   632   636 I AudioSystem: ioConfigChanged() event 0
01-01 08:56:05.352   632   636 I AudioSystem: ioConfigChanged() new output samplingRate 44100, format 1 channels 2 frameCount 8192 latency 186
01-01 08:56:05.372   632   641 V AudioService: getActiveStreamType: Forcing STREAM_RING...
01-01 08:56:05.372   563   563 I AudioPolicyManagerBase: setStreamVolumeIndex() stream 2, index 7
01-01 08:56:05.372   563   622 I AudioPolicyManagerBase: setStreamVolumeIndex() stream 5, index 7
01-01 08:56:05.502   632   641 I SystemServer: Headset Observer
01-01 08:56:05.541   632   641 I SystemServer: Dock Observer
01-01 08:56:05.552   632   641 W DockObserver: This kernel does not have dock station support
01-01 08:56:05.572   632   641 I SystemServer: UI Mode Manager Service
01-01 08:56:05.641   632   641 I SystemServer: Backup Service
01-01 08:56:05.752   632   641 V BackupManagerService: No ancestral data
01-01 08:56:05.941   632   641 I BackupManagerService: Found stale backup journal, scheduling:
01-01 08:56:05.941   632   641 I BackupManagerService:     + com.android.inputmethod.latin
01-01 08:56:05.941   632   641 I BackupManagerService:     + com.android.browser
01-01 08:56:05.941   632   641 I BackupManagerService:     + com.android.providers.userdictionary
01-01 08:56:05.941   632   641 I BackupManagerService:     + android
01-01 08:56:05.952   632   641 I BackupManagerService:     + com.android.providers.settings
01-01 08:56:05.952   632   641 I BackupManagerService: Backup enabled => false
01-01 08:56:05.962   632   641 I SystemServer: AppWidget Service
01-01 08:56:05.962   632   641 I SystemServer: Recognition Service
01-01 08:56:06.012   556   610 D VoldCmdListener: share status ums
01-01 08:56:06.021   632   641 D StorageNotification: Startup with UMS connection false (media state removed)
01-01 08:56:06.042   632   641 I SystemServer: DiskStats Service
01-01 08:56:06.292   632   641 D dalvikvm: GC_FOR_MALLOC freed 3574 objects / 222936 bytes in 213ms
01-01 08:56:06.292   632   641 I WindowManager: SAFE MODE not enabled
01-01 08:56:06.301   632   641 W DevicePolicyManagerService: failed parsing /data/system/device_policies.xml java.io.FileNotFoundException: /data/system/device_policies.xml (No such file or directory)
01-01 08:56:06.372   632   641 I ActivityManager: Config changed: { scale=1.0 imsi=0/0 loc=zh_CN touch=3 keys=2/1/2 nav=2/1 orien=1 layout=34 uiMode=0 seq=1}
01-01 08:56:06.381   632   641 D KeyguardViewMediator: onSystemReady
01-01 08:56:06.391   632   641 D DualSimSelector: slot 0 enabled:true
01-01 08:56:06.391   632   641 D DualSimSelector: slot 1 enabled:true
01-01 08:56:06.401   632   641 D KeyguardViewMediator: doKeyguard: showing the lock screen
01-01 08:56:06.401   632   641 D KeyguardViewMediator: showLocked
01-01 08:56:06.411   632   656 D KeyguardViewMediator: handleShow
01-01 08:56:06.422   632   656 D KeyguardViewManager: show(); mKeyguardView==null
01-01 08:56:06.432   632   656 D KeyguardViewManager: keyguard host is null, creating it...
01-01 08:56:06.432   632   656 D KeyguardViewManager: keyguard view is null, creating it...
01-01 08:56:06.451   632   641 I power   : *** set_screen_state 1
01-01 08:56:06.451   632   641 D PowerManagerService: system ready!
01-01 08:56:06.471   632   656 D DualSimSelector: slot 0 enabled:true
01-01 08:56:06.471   632   641 I ActivityManager: Sending system update to: ComponentInfo{com.android.providers.calendar/com.android.providers.calendar.CalendarUpgradeReceiver}
01-01 08:56:06.481   632   656 D DualSimSelector: slot 1 enabled:true
01-01 08:56:06.481   632   656 D LockPatternKeyguardView: currentMode for Unlock:Pattern
01-01 08:56:06.501   632   641 I ActivityManager: Sending system update to: ComponentInfo{com.android.providers.contacts/com.android.providers.contacts.ContactsUpgradeReceiver}
01-01 08:56:06.512   632   642 I Zygote  : Process: zygote socket opened
01-01 08:56:06.522   632   641 D KeyguardUpdateMonitor: received broadcast android.intent.action.BATTERY_CHANGED
01-01 08:56:06.561   632   642 I ActivityManager: Start proc com.android.providers.calendar for broadcast com.android.providers.calendar/.CalendarUpgradeReceiver: pid=677 uid=10042 gids={3003}
01-01 08:56:06.591   632   641 W StatusBar: No icon ID for slot ime
01-01 08:56:07.052   632   636 I ActivityManager: Launching preboot mode app: ProcessRecord{43f483f0 677:com.android.providers.calendar/10042}
01-01 08:56:07.102   632   656 D DualSimSelector: slot 0 enabled:true
01-01 08:56:07.121   632   656 D DualSimSelector: slot 1 enabled:true
01-01 08:56:07.121   632   656 D LockPatternKeyguardView: currentMode for Unlock:Pattern
01-01 08:56:07.121   632   656 D LockPatternKeyguardView: LockPatternKeyguardView ctor: about to createUnlockScreenFor:Pattern; mEnableFallback=false
01-01 08:56:07.132   632   656 D LockPatternKeyguardView: createUnlockScreenFor,unlockMode:Pattern
01-01 08:56:07.471   632   656 D LockPatternKeyguardView: createUnlockScreenFor(Pattern): mEnableFallback=false
01-01 08:56:07.532   632   656 V LockPatternKeyguardView: **** UPDATE SCREEN: mode=LockScreen last mode=LockScreen
01-01 08:56:07.532   632   656 V LockPatternKeyguardView: Gone=com.android.internal.policy.impl.PatternUnlockScreen@43fb4cd0
01-01 08:56:07.542   632   656 V LockPatternKeyguardView: Visible=com.android.internal.policy.impl.LockScreen@43fd2008
01-01 08:56:07.551   632   656 D KeyguardViewMediator: adjustUserActivityLocked mShowing: true mHidden: false
01-01 08:56:07.572   632   652 D KeyguardViewMediator: onScreenTurnedOn, seq = 1
01-01 08:56:07.572   632   652 D KeyguardViewMediator: notifyScreenOnLocked
01-01 08:56:07.581   632   652 D Sensors : 
01-01 08:56:07.581   632   652 D Sensors : control_activate...handle(0) enabled(1)
01-01 08:56:07.581   632   652 E Sensors : 
01-01 08:56:07.581   632   652 E Sensors : Enable Accelerometer sensor
01-01 08:56:07.682   632   641 D KeyguardUpdateMonitor: received broadcast android.media.RINGER_MODE_CHANGED
01-01 08:56:07.722   632   652 I ActivityManager: Starting activity: Intent { act=android.intent.action.MAIN cat=[android.intent.category.HOME] flg=0x10000000 cmp=com.android.launcher/com.android.launcher2.Launcher }
01-01 08:56:07.951   632   637 I ActivityManager: Start proc android.process.acore for broadcast com.android.providers.contacts/.ContactsUpgradeReceiver: pid=684 uid=10002 gids={3003, 1015}
01-01 08:56:08.205   632   641 D KeyguardViewMediator: setHidden false
01-01 08:56:08.522   563   621 I AudioFlinger: MixerThread 0x2c238 TID 621 going to sleep
01-01 08:56:08.522   632   641 D StatusBar: DISABLE_EXPAND: yes
01-01 08:56:08.681   632   636 I ActivityManager: Launching preboot mode app: ProcessRecord{43febe00 684:android.process.acore/10002}
01-01 08:56:08.731   632   641 D KeyguardViewMediator: setHidden false
01-01 08:56:08.971   632   656 D KeyguardViewMediator: setHidden false
01-01 08:56:09.002   632   641 D gralloc : maximum allocated pmem: 396 KB
01-01 08:56:09.381   632   641 D KeyguardViewMediator: setHidden false
01-01 08:56:09.402   632   654 D KeyguardViewMediator: setHidden false
01-01 08:56:09.431   632   654 D KeyguardViewMediator: setHidden false
01-01 08:56:09.441   632   654 D KeyguardViewMediator: setHidden false
01-01 08:56:09.462   632   654 D KeyguardViewMediator: setHidden false
01-01 08:56:09.482   632   654 D KeyguardViewMediator: setHidden false
01-01 08:56:09.501   632   654 D KeyguardViewMediator: setHidden false
01-01 08:56:09.522   632   654 D KeyguardViewMediator: setHidden false
01-01 08:56:09.561   632   641 D KeyguardViewMediator: setHidden false
01-01 08:56:09.612   632   641 D KeyguardViewMediator: setHidden false
01-01 08:56:09.621   632   641 D KeyguardViewMediator: setHidden false
01-01 08:56:09.651   632   641 D gralloc : maximum allocated pmem: 736 KB
01-01 08:56:09.751   632   641 D KeyguardViewMediator: setHidden false
01-01 08:56:09.821   632   656 D DualSimSelector: slot 0 enabled:true
01-01 08:56:09.821   632   656 D DualSimSelector: slot 1 enabled:true
01-01 08:56:09.821   632   656 D LockPatternKeyguardView: currentMode for Unlock:Pattern
01-01 08:56:09.821   632   656 D LockPatternKeyguardView: createUnlockScreenFor,unlockMode:Pattern
01-01 08:56:09.862   632   637 I Process : Sending signal. PID: 677 SIG: 9
01-01 08:56:09.862   632   637 I ActivityManager: Removing system update proc: ProcessRecord{43f483f0 677:com.android.providers.calendar/10042}
01-01 08:56:09.862   632   637 I ActivityManager: Removing system update proc: ProcessRecord{43febe00 684:android.process.acore/10002}
01-01 08:56:09.872   632   637 I Process : Sending signal. PID: 684 SIG: 9
01-01 08:56:09.872   632   637 I ActivityManager: System now ready
01-01 08:56:09.971   632   637 I SystemServer: Making services ready
01-01 08:56:10.001   632   637 I ActivityManager: Config changed: { scale=1.0 imsi=0/0 loc=zh_CN touch=3 keys=2/1/2 nav=2/1 orien=1 layout=34 uiMode=17 seq=2}
01-01 08:56:10.012   632   637 D KeyguardViewMediator: setHidden false
01-01 08:56:10.292   632   645 D dalvikvm: GC_FOR_MALLOC freed 4119 objects / 220724 bytes in 252ms
01-01 08:56:10.312   632   637 W RecognitionManagerService: no available voice recognition services found
01-01 08:56:10.402   632   645 W Process : Unable to open /proc/677/status
01-01 08:56:10.492   632   656 D LockPatternKeyguardView: createUnlockScreenFor(Pattern): mEnableFallback=false
01-01 08:56:10.632   632   637 I ActivityManager: Start proc com.pekall.inputmethod for service com.pekall.inputmethod/.PekAllIME: pid=694 uid=10026 gids={}
01-01 08:56:10.752   632   695 E         : 
01-01 08:56:10.752   632   695 E         : [VGPS]: -->gps_get_hardware_interface
01-01 08:56:10.761   632   637 D NetworkManagmentService: Registering observer
01-01 08:56:10.792   632   695 D libhardware_legacy: Finally found The Hardware
01-01 08:56:10.862   632   637 I ActivityManager: Start proc com.android.phone for added application com.android.phone: pid=701 uid=1001 gids={3002, 3001, 3003, 1006, 1015}
01-01 08:56:10.962   632   637 I ActivityManager: Start proc com.android.launcher for activity com.android.launcher/com.android.launcher2.Launcher: pid=704 uid=10004 gids={1015}
01-01 08:56:11.021   632   637 I ActivityManager: Start proc com.android.settings for broadcast com.android.settings/.widget.SettingsAppWidgetProvider: pid=708 uid=1000 gids={3002, 3001, 3003}
01-01 08:56:11.032   632   656 V LockPatternKeyguardView: **** UPDATE SCREEN: mode=LockScreen last mode=LockScreen
01-01 08:56:11.042   632   656 V LockPatternKeyguardView: Gone=com.android.internal.policy.impl.PatternUnlockScreen@44005940
01-01 08:56:11.042   632   656 V LockPatternKeyguardView: Visible=com.android.internal.policy.impl.LockScreen@43ff7208
01-01 08:56:11.472   632   656 D KeyguardUpdateMonitor: handleBatteryUpdate
01-01 08:56:11.472   632   699 D SntpClient: request time failed: java.net.UnknownHostException: asia.pool.ntp.org
01-01 08:56:11.491   632   699 D SntpClient: request time failed: java.net.UnknownHostException: asia.pool.ntp.org
01-01 08:56:11.512   632   656 D KeyguardViewMediator: handleNotifyScreenOn
01-01 08:56:11.542   632   656 D KeyguardViewManager: onScreenTurnedOn()
01-01 08:56:11.632   632   656 D KeyguardUpdateMonitor: handleRingerModeChange(2)
01-01 08:56:11.812   632   656 D KeyguardViewMediator: setHidden false
01-01 08:56:11.831   632   656 D gralloc : maximum allocated pmem: 1096 KB
01-01 08:56:11.852   632   656 V LockPatternKeyguardView: *** dispatchDraw() time: 42327
01-01 08:56:12.012   557   576 I /system/bin/tc: Cannot find device "rmnet0"
01-01 08:56:12.012   557   576 I logwrapper: /system/bin/tc terminated by exit(1)
01-01 08:56:12.162   557   576 I /system/bin/tc: Cannot find device "rmnet0"
01-01 08:56:12.162   557   576 I logwrapper: /system/bin/tc terminated by exit(1)
01-01 08:56:12.442   632   656 D KeyguardViewMediator: setHidden false
01-01 08:56:12.462   632   656 D KeyguardViewMediator: setHidden false
01-01 08:56:12.482   632   654 D KeyguardViewMediator: setHidden false
01-01 08:56:12.502   632   654 D KeyguardViewMediator: setHidden false
01-01 08:56:12.521   632   654 D KeyguardViewMediator: setHidden false
01-01 08:56:12.531   632   654 D KeyguardViewMediator: setHidden false
01-01 08:56:12.552   632   654 D KeyguardViewMediator: setHidden false
01-01 08:56:12.632   557   576 I /system/bin/tc: Cannot find device "ifb0"
01-01 08:56:12.632   557   576 I logwrapper: /system/bin/tc terminated by exit(1)
01-01 08:56:12.651   632   656 D gralloc : maximum allocated pmem: 1456 KB
01-01 08:56:12.672   632   656 V LockPatternKeyguardView: *** dispatchDraw() time: 43143
01-01 08:56:12.891   632   699 D SntpClient: request time failed: java.net.UnknownHostException: asia.pool.ntp.org
01-01 08:56:12.922   632   699 D SntpClient: request time failed: java.net.UnknownHostException: asia.pool.ntp.org
01-01 08:56:12.992   632   641 D gralloc : maximum allocated pmem: 1796 KB
01-01 08:56:13.162   632   641 D gralloc : maximum allocated pmem: 2136 KB
01-01 08:56:13.461   704   704 I ActivityThread: Publishing provider com.android.launcher2.settings: com.android.launcher2.LauncherProvider
01-01 08:56:13.522   632   656 I IMCJpegDecoder: onDecode
01-01 08:56:13.541   632   656 D IMCJpegDecoder: Dumping post proc: format(2) angle(0) inW(640) inH(480) inX(0) inY(0) displayW(640) displayH(480) outW(640) outH(480)
01-01 08:56:13.541   632   656 I IMCJpegDecoder: onDecode called in mode(:kDecodeBounds_Mode) - finished
01-01 08:56:13.592   632   656 D KeyguardViewMediator: setHidden false
01-01 08:56:13.602   632   656 I IMCJpegDecoder: onDecode
01-01 08:56:13.611   632   656 D IMCJpegDecoder: Dumping post proc: format(2) angle(0) inW(640) inH(480) inX(0) inY(0) displayW(640) displayH(480) outW(640) outH(480)
01-01 08:56:13.941   701   701 I ActivityThread: Publishing provider com.android.phone.provider: com.android.phone.PlmnProvider
01-01 08:56:14.001   701   701 I ActivityThread: Publishing provider mms: com.android.providers.telephony.MmsProvider
01-01 08:56:14.211   701   701 E MmsSmsDatabaseHelper: updateDataPath disabled
01-01 08:56:14.232   701   701 E StorageMonitor: Thread start to monitor mms partition
01-01 08:56:14.262   701   701 D StorageMonitor: mms freeMem:9748480, smslowflag:false,mmslowflag:false,smsThrehold:10240,mmsThreshold:317440
01-01 08:56:14.312   701   701 I StorageMonitor: Memory available for sms, broadcasting...9748480
01-01 08:56:14.352   632   642 I ActivityManager: Start proc com.android.mms for broadcast com.android.mms/.transaction.SmsReceiver: pid=740 uid=10040 gids={3003, 1015}
01-01 08:56:14.362   701   701 I StorageMonitor: Memory available for mms, broadcasting...:9748480
01-01 08:56:14.392   701   701 I ActivityThread: Publishing provider sms: com.android.providers.telephony.SmsProvider
01-01 08:56:14.401   701   741 D StorageMonitor: mms freeMem:9748480, smslowflag:false,mmslowflag:false,smsThrehold:10240,mmsThreshold:317440
01-01 08:56:14.522   632   656 I IMCJpegDecoder: onDecode - finished with(0)
01-01 08:56:14.551   701   701 I ActivityThread: Publishing provider telephony: com.android.providers.telephony.TelephonyProvider
01-01 08:56:14.642   701   701 I ActivityThread: Publishing provider usim;usim2: com.android.phone.UsimProvider
01-01 08:56:14.732   701   701 I ActivityThread: Publishing provider icc;icc2: com.android.phone.IccProvider
01-01 08:56:14.771   704   704 D dalvikvm: GC_EXTERNAL_ALLOC freed 1228 objects / 82176 bytes in 756ms
01-01 08:56:14.792   701   701 I ActivityThread: Publishing provider com.android.phone.smsTemplateProvider: com.android.phone.SmsTemplateProvider
01-01 08:56:14.822   701   701 I ActivityThread: Publishing provider mms-sms: com.android.providers.telephony.MmsSmsProvider
01-01 08:56:15.152   632   656 D KeyguardViewMediator: setHidden false
01-01 08:56:15.161   632   654 D KeyguardViewMediator: setHidden false
01-01 08:56:15.171   632   656 D gralloc : maximum allocated pmem: 2192 KB
01-01 08:56:15.182   632   654 D KeyguardViewMediator: setHidden false
01-01 08:56:15.241   632   656 D gralloc : maximum allocated pmem: 2380 KB
01-01 08:56:15.241   632   656 D KeyguardViewMediator: setHidden false
01-01 08:56:15.372   632   656 D KeyguardViewMediator: setHidden false
01-01 08:56:15.391   632   656 D KeyguardViewMediator: setHidden false
01-01 08:56:15.671   632   695 W ActivityManager: Unable to start service Intent { act=@0 }: not found
01-01 08:56:15.702   740   740 I ActivityThread: Publishing provider com.android.mms.SuggestionsProvider: com.android.mms.SearchSuggestionsProvider
01-01 08:56:15.702   704   704 I IMCJpegDecoder: onDecode
01-01 08:56:15.702   704   704 D IMCJpegDecoder: Dumping post proc: format(2) angle(0) inW(640) inH(480) inX(0) inY(0) displayW(640) displayH(480) outW(640) outH(480)
01-01 08:56:15.702   704   704 I IMCJpegDecoder: onDecode called in mode(:kDecodeBounds_Mode) - finished
01-01 08:56:15.742   632   695 W ActivityManager: Unable to start service Intent { act=@0 }: not found
01-01 08:56:16.121   740   740 V DownloadManager: DownloadManager.init()
01-01 08:56:16.302   740   740 V DownloadManager: roaming ------> 
01-01 08:56:16.311   740   740 V DownloadManager: auto download without roaming -> true
01-01 08:56:16.322   740   740 V DownloadManager: auto download during roaming -> false
01-01 08:56:16.322   740   740 V DownloadManager: mAutoDownload ------> true
01-01 08:56:16.342   740   740 I FolderCache: FolderCache.constructor
01-01 08:56:16.402   632   636 W AlarmManager: bootmode =  mPowerOnForAlarm = false
01-01 08:56:16.412   632   637 D dalvikvm: GREF has increased to 201
01-01 08:56:16.422   740   740 E FolderCache: start query for cache...
01-01 08:56:16.442   740   762 E FolderCache: QueryHandler called { what=1 when=46893 arg1=1 obj=android.content.AsyncQueryHandler$WorkerArgs@43e45748 }
01-01 08:56:16.711   632   732 E         : 
01-01 08:56:16.711   632   732 E         : [VGPS]: -->InitGps
01-01 08:56:16.722   632   732 E         : 
01-01 08:56:16.722   632   732 E         : [VGPS]: creating read thread
01-01 08:56:16.731   632   732 E         : 
01-01 08:56:16.731   632   732 E         : [VGPS]: ExitInitGps-->
01-01 08:56:16.772   632   765 E         : 
01-01 08:56:16.772   632   765 E         : [VGPS]: -->GpsReadThread
01-01 08:56:16.772   632   732 E         : 
01-01 08:56:16.772   632   732 E         : [VGPS]: get extension 
01-01 08:56:16.822   632   732 E         : 
01-01 08:56:16.822   632   732 E         : [VGPS]: Interface Name:agps
01-01 08:56:16.941   632   732 E         : 
01-01 08:56:16.941   632   732 E         : [VGPS]: agps interface 
01-01 08:56:16.962   632   732 E         : 
01-01 08:56:16.962   632   732 E         : [VGPS]: -->InitAGps 
01-01 08:56:16.971   632   732 E         : 
01-01 08:56:16.971   632   732 E         : [VGPS]: ExitInitAGps--> 
01-01 08:56:16.981   632   732 E         : 
01-01 08:56:16.981   632   732 E         : [VGPS]: get extension 
01-01 08:56:16.991   632   732 E         : 
01-01 08:56:16.991   632   732 E         : [VGPS]: Interface Name:gps-ni
01-01 08:56:17.002   740   740 D SmsReceiver: received SMS_STORAGE_OK
01-01 08:56:17.102   740   740 D SmsReceiver: received MMS_STORAGE_OK
01-01 08:56:17.142   632   732 E         : 
01-01 08:56:17.142   632   732 E         : [VGPS]: NI interface 
01-01 08:56:17.142   632   732 E         : 
01-01 08:56:17.142   632   732 E         : [VGPS]: -->Initialize
01-01 08:56:17.152   632   732 E         : 
01-01 08:56:17.152   632   732 E         : [VGPS]: ExitInitialize-->
01-01 08:56:17.392   632   732 E         : 
01-01 08:56:17.392   632   732 E         : [VGPS]: get extension 
01-01 08:56:17.402   632   732 E         : 
01-01 08:56:17.402   632   732 E         : [VGPS]: Interface Name:privacy
01-01 08:56:17.402   632   732 E         : 
01-01 08:56:17.402   632   732 E         : [VGPS]: Exit get extension--> 
01-01 08:56:17.411   632   732 E         : 
01-01 08:56:17.411   632   732 E         : [VGPS]: get extension 
01-01 08:56:17.411   632   732 E         : 
01-01 08:56:17.411   632   732 E         : [VGPS]: Interface Name:gps-debug
01-01 08:56:17.422   632   732 E         : 
01-01 08:56:17.422   632   732 E         : [VGPS]: Exit get extension--> 
01-01 08:56:17.422   632   732 E         : 
01-01 08:56:17.422   632   732 E         : [VGPS]: -->SetServer
01-01 08:56:17.441   632   732 E         : 
01-01 08:56:17.441   632   732 E         : [VGPS]: Agps type:1 port:7276 hostname:supl.google.com 
01-01 08:56:17.441   632   732 E         : 
01-01 08:56:17.441   632   732 E         : [VGPS]: ExitSetServer-->
01-01 08:56:17.892   632   636 D dalvikvm: GC_FOR_MALLOC freed 5140 objects / 307552 bytes in 250ms
01-01 08:56:18.022   632   691 D KeyguardViewMediator: setHidden false
01-01 08:56:18.202   704   704 I IMCJpegDecoder: onDecode
01-01 08:56:18.212   704   704 D IMCJpegDecoder: Dumping post proc: format(2) angle(0) inW(640) inH(480) inX(0) inY(0) displayW(640) displayH(480) outW(640) outH(480)
01-01 08:56:18.292   632   632 D ConnectivityServiceExt: getMobileDataEnabled returning true
01-01 08:56:18.322   632   692 D ConnectivityServiceExt: getDefaultMobileDataEnabled returning true
01-01 08:56:18.331   632   636 D ConnectivityServiceExt: getMobileDataNetworkMode returning 1
01-01 08:56:18.361   632   641 D gralloc : maximum allocated pmem: 2400 KB
01-01 08:56:18.712   704   704 I IMCJpegDecoder: onDecode - finished with(0)
01-01 08:56:18.741   704   746 D Launcher.Model: going to save icon bitmap for info=ShortcutInfo(title=)
01-01 08:56:18.902   632   636 D KeyguardViewMediator: setHidden false
01-01 08:56:18.902   632   636 D KeyguardViewMediator: setHidden false
01-01 08:56:18.991   632   641 D PowerManagerService: bootCompleted
01-01 08:56:19.001   632   641 D KeyguardUpdateMonitor: received broadcast android.intent.action.BOOT_COMPLETED
01-01 08:56:19.032   632   637 I SurfaceFlinger: Boot is finished (27559 ms)
01-01 08:56:19.062   632   638 I ARMAssembler: generated scanline__00000177:03515104_00000001_00000000 [ 73 ipp] (95 ins) at [0x29f7a0:0x29f91c] in 680154 ns
01-01 08:56:19.072   632   637 D KeyguardViewMediator: setHidden false
01-01 08:56:19.172   704   746 D Launcher.Model: going to save icon bitmap for info=ShortcutInfo(title=)
01-01 08:56:19.272   701   701 D dalvikvm: GC_FOR_MALLOC freed 3157 objects / 195740 bytes in 575ms
01-01 08:56:19.352   632   691 D ConnectivityServiceExt: getMobileDataEnabled returning true
01-01 08:56:19.362   632   637 D ConnectivityServiceExt: getDefaultMobileDataEnabled returning true
01-01 08:56:19.372   632   692 D ConnectivityServiceExt: getMobileDataNetworkMode returning 1
01-01 08:56:19.382   632   638 E libagl  : copybit failed (Bad address)
01-01 08:56:19.491   701   701 D PhoneApp: phone:GSM
01-01 08:56:19.491   701   701 D PhoneApp: phone2:GSM2
01-01 08:56:19.501   701   701 D NotificationMgr: updateNotificationsAtStartup()...
01-01 08:56:19.522   701   701 D NotificationMgr: Phone is idle, canceling notification.
01-01 08:56:19.542   701   701 D NotificationMgr: cancelInCall()...
01-01 08:56:19.551   632   637 I ActivityManager: Start proc android.process.acore for content provider com.android.providers.contacts/.CallLogProvider: pid=783 uid=10002 gids={3003, 1015}
01-01 08:56:19.561   701   701 D PhoneApp: to create PhoneInterfaceManager 1
01-01 08:56:19.581   701   701 D PhoneInterfaceManager: [PhoneIntfMgr] publish: com.android.phone.PhoneInterfaceManager@43e0c908,for phone:GSM
01-01 08:56:19.581   701   701 D PhoneInterfaceManager: [PhoneIntfMgr] publish phone service
01-01 08:56:19.592   701   701 D PhoneApp: to create PhoneInterfaceManager 2
01-01 08:56:19.592   701   701 D PhoneInterfaceManager: [PhoneIntfMgr] publish: com.android.phone.PhoneInterfaceManager@43e56bc0,for phone:GSM2
01-01 08:56:19.592   701   701 D PhoneInterfaceManager: [PhoneIntfMgr] publish phone2 service
01-01 08:56:19.622   701   701 D PhoneApp: to create PhoneInterfaceManager end
01-01 08:56:19.662   701   701 D BT HS/HF: updatePhoneState()
01-01 08:56:19.681   701   701 D BT HS/HF: newState is:IDLE,for phone:GSM
01-01 08:56:19.711   701   701 D BT HS/HF: cdmaSetSecondCallState: Setting mCdmaIsSecondCallActive to false
01-01 08:56:19.892   701   701 D PhoneApp: onCreate: mProximityWakeLock: null
01-01 08:56:19.932   632   777 I SearchManagerService: Building list of searchable activities
01-01 08:56:19.991   701   701 D CallNotifier: [GSM] cfu at powerup : false
01-01 08:56:20.042   701   701 D CallNotifier: [GSM2] cfu at powerup : false
01-01 08:56:20.081   701   701 D PhoneUtils: Extended NW bindService IExtendedNetworkService
01-01 08:56:20.081   632   636 W ActivityManager: Unable to start service Intent { act=com.android.ussd.IExtendedNetworkService }: not found
01-01 08:56:20.081   632   632 W ActivityManager: Unable to start service Intent { act=com.android.ussd.IExtendedNetworkService }: not found
01-01 08:56:20.092   701   701 D PhoneUtils: Extended NW bindService IExtendedNetworkService
01-01 08:56:20.182   701   701 D PhoneApp: Resetting audio state/mode: IDLE
01-01 08:56:20.182   701   701 D PhoneUtils: setAudioMode(MODE_NORMAL)...
01-01 08:56:20.202   783   783 I ActivityThread: Publishing provider com.android.social: com.android.providers.contacts.SocialProvider
01-01 08:56:20.221   632   636 V AudioService: getActiveStreamType: Forcing STREAM_RING...
01-01 08:56:20.221   563   670 I AudioPolicyManagerBase: setStreamVolumeIndex() stream 2, index 7
01-01 08:56:20.221   563   622 I AudioPolicyManagerBase: setStreamVolumeIndex() stream 5, index 7
01-01 08:56:20.312   632   641 D KeyguardUpdateMonitor: received broadcast android.provider.Telephony.SPN_STRINGS_UPDATED
01-01 08:56:20.312   632   641 D KeyguardUpdateMonitor: plmn[0]:,spn[0]:null
01-01 08:56:20.312   632   656 D KeyguardUpdateMonitor: handleCarrierInfoUpdate: sim: 0, plmn = , spn = null
01-01 08:56:20.391   632   641 D ConnectivityServiceExt: getMobileDataNetworkMode returning 1
01-01 08:56:20.391   632   641 D StatusBarPolicy: slotForData:0
01-01 08:56:20.432   783   783 I ActivityThread: Publishing provider applications: com.android.providers.applications.ApplicationsProvider
01-01 08:56:20.441   701   701 D UiccProxy: [UiccProxy] New SIM state changed to::ABSENT
01-01 08:56:20.452   701   701 D UiccProxy: [UiccProxy] SIM state changed to::NOT_READY
01-01 08:56:20.491   632   656 V LockPatternKeyguardView: *** dispatchDraw() time: 50963
01-01 08:56:20.562   632   638 E libagl  : copybit failed (Bad address)
01-01 08:56:20.701   740   740 V DownloadManager: Service state changed: Bundle[mParcelledData.dataSize=592]
01-01 08:56:20.711   632   641 D StatusBarPolicy: SIM A state:0,networkType:0
01-01 08:56:20.721   632   641 D ConnectivityServiceExt: getMobileDataNetworkMode returning 1
01-01 08:56:20.721   632   641 D StatusBarPolicy: slotForDataNetType:0
01-01 08:56:20.721   632   641 D ConnectivityServiceExt: getMobileDataNetworkMode returning 1
01-01 08:56:20.721   632   641 D StatusBarPolicy: slotForData:0
01-01 08:56:20.832   632   641 D MobileDataStateTrackerExt: default Received state= DISCONNECTED, old= DISCONNECTED, reason= radioTurnedOff, apnTypeList= default
01-01 08:56:20.842   632   641 D StatusBarPolicy: SIM A state:0,networkType:0
01-01 08:56:20.842   632   641 D ConnectivityServiceExt: getMobileDataNetworkMode returning 1
01-01 08:56:20.851   632   641 D StatusBarPolicy: slotForDataNetType:0
01-01 08:56:20.851   632   641 D ConnectivityServiceExt: getMobileDataNetworkMode returning 1
01-01 08:56:20.872   632   641 D StatusBarPolicy: slotForData:0
01-01 08:56:20.932   740   740 V DownloadManager: roaming ------> false
01-01 08:56:20.962   632   641 D MobileDataStateTrackerExt: default Received state= DISCONNECTED, old= DISCONNECTED, reason= gprsDetached, apnTypeList= default
01-01 08:56:20.972   701   701 D UiccProxy: [UiccProxy] New SIM state changed to::ABSENT
01-01 08:56:20.981   701   701 D UiccProxy: [UiccProxy] SIM state changed to::NOT_READY
01-01 08:56:20.991   701   701 D OtaStartupReceiver: Not a CDMA phone, no need to process OTA
01-01 08:56:21.011   632   641 D KeyguardUpdateMonitor: received broadcast android.intent.action.SIM_STATE_CHANGED
01-01 08:56:21.011   632   641 D KeyguardUpdateMonitor: recv intent:android.intent.action.SIM_STATE_CHANGED
01-01 08:56:21.011   632   641 D KeyguardUpdateMonitor: simId:0
01-01 08:56:21.022   632   641 D KeyguardUpdateMonitor: stateExtra:NOT_READY
01-01 08:56:21.042   632   656 D KeyguardUpdateMonitor: handleSimStateChange: SIM:0,intentValue = SIM:0,state:UNKNOWN state resolved to UNKNOWN
01-01 08:56:21.042   632   641 D ConnectivityServiceExt: getMobileDataNetworkMode returning 1
01-01 08:56:21.052   632   641 D StatusBarPolicy: slotForData:0
01-01 08:56:21.071   632   641 D KeyguardUpdateMonitor: received broadcast android.provider.Telephony.SPN_STRINGS_UPDATED.phone2
01-01 08:56:21.081   632   641 D KeyguardUpdateMonitor: plmn[1]:,spn[1]:null
01-01 08:56:21.081   632   656 D KeyguardUpdateMonitor: handleCarrierInfoUpdate: sim: 1, plmn = , spn = null
01-01 08:56:21.101   632   641 D ConnectivityServiceExt: getMobileDataNetworkMode returning 1
01-01 08:56:21.121   632   641 D StatusBarPolicy: slotForData:0
01-01 08:56:21.162   783   783 I ActivityThread: Publishing provider contacts;com.android.contacts: com.android.providers.contacts.ContactsProvider2
01-01 08:56:21.202   632   656 V LockPatternKeyguardView: *** dispatchDraw() time: 51673
01-01 08:56:21.221   632   641 I ActivityManager: Start proc com.pekall.clockset for broadcast com.pekall.clockset/.alarmclock.AlarmInitReceiver: pid=791 uid=10000 gids={}
01-01 08:56:21.372   632   790 I RecoverySystem: No recovery log file
01-01 08:56:21.372   632   638 E libagl  : copybit failed (Bad address)
01-01 08:56:21.612   632   641 D StatusBarPolicy: SIM B state:0,networkType0
01-01 08:56:21.612   632   641 D ConnectivityServiceExt: getMobileDataNetworkMode returning 1
01-01 08:56:21.612   632   641 D StatusBarPolicy: slotForDataNetType:0
01-01 08:56:21.612   632   641 D ConnectivityServiceExt: getMobileDataNetworkMode returning 1
01-01 08:56:21.612   632   641 D StatusBarPolicy: slotForData:0
01-01 08:56:21.652   740   762 E FolderCache: QueryHandler called { what=3 when=51911 }
01-01 08:56:21.732   632   641 D MobileDataStateTrackerExt: default Received state= DISCONNECTED, old= DISCONNECTED, reason= radioTurnedOff, apnTypeList= default
01-01 08:56:21.741   632   641 D StatusBarPolicy: SIM B state:0,networkType0
01-01 08:56:21.772   632   641 D ConnectivityServiceExt: getMobileDataNetworkMode returning 1
01-01 08:56:21.772   632   641 D StatusBarPolicy: slotForDataNetType:0
01-01 08:56:21.772   632   641 D ConnectivityServiceExt: getMobileDataNetworkMode returning 1
01-01 08:56:21.782   632   641 D StatusBarPolicy: slotForData:0
01-01 08:56:21.882   632   641 D MobileDataStateTrackerExt: default Received state= DISCONNECTED, old= DISCONNECTED, reason= gprsDetached, apnTypeList= default
01-01 08:56:21.931   632   641 D KeyguardUpdateMonitor: received broadcast android.intent.action.SIM_STATE_CHANGED2
01-01 08:56:21.931   632   641 D KeyguardUpdateMonitor: recv intent:android.intent.action.SIM_STATE_CHANGED2
01-01 08:56:21.931   632   641 D KeyguardUpdateMonitor: simId:1
01-01 08:56:21.931   632   641 D KeyguardUpdateMonitor: stateExtra:NOT_READY
01-01 08:56:21.931   701   701 D BT HSHFP: Starting BluetoothHeadsetService
01-01 08:56:21.941   632   656 D KeyguardUpdateMonitor: handleSimStateChange: SIM:1,intentValue = SIM:1,state:UNKNOWN state resolved to UNKNOWN
01-01 08:56:21.962   701   701 D CallNotifier: [GSM]onMwiChanged(): false
01-01 08:56:21.962   701   701 D NotificationMgr: updateMwi(): false,fromPhone2:false
01-01 08:56:21.971   701   701 D CallNotifier: [GSM]onCfiChanged(): false
01-01 08:56:22.042   562   562 D dalvikvm: GC_EXPLICIT freed 315 objects / 11548 bytes in 761ms
01-01 08:56:22.042   701   701 D NotificationMgr: updateCfi(): false
01-01 08:56:22.051   701   701 D CallNotifier: [GSM]onMwiChanged(): false
01-01 08:56:22.051   701   701 D CallNotifier: [GSM]onMwiChanged not for me,fromPhone2:true
01-01 08:56:22.062   701   701 D CallNotifier: [GSM]onCfiChanged not for me,fromPhone2:true
01-01 08:56:22.071   701   701 D CallNotifier: [GSM2]onMwiChanged(): false
01-01 08:56:22.082   701   701 D CallNotifier: [GSM2]onMwiChanged not for me,fromPhone2:false
01-01 08:56:22.082   701   701 D CallNotifier: [GSM2]onCfiChanged not for me,fromPhone2:false
01-01 08:56:22.082   701   701 D CallNotifier: [GSM2]onMwiChanged(): false
01-01 08:56:22.082   701   701 D NotificationMgr: updateMwi(): false,fromPhone2:true
01-01 08:56:22.092   701   701 D CallNotifier: [GSM2]onCfiChanged(): false
01-01 08:56:22.202   701   701 D NotificationMgr: updateCfi(): false
01-01 08:56:22.292   701   701 D NotificationMgr: updateNetworkSelection()...state = 1 new network 
01-01 08:56:22.332   701   701 D PhoneApp: recv intent:android.intent.action.SIM_STATE_CHANGED
01-01 08:56:22.332   701   701 D PhoneApp: simId:0
01-01 08:56:22.332   701   701 D PhoneApp: stateExtra:NOT_READY
01-01 08:56:22.352   701   701 D BT HS/HF: switching to phone:GSM2
01-01 08:56:22.392   701   701 D PhoneApp: recv intent:android.intent.action.SIM_STATE_CHANGED2
01-01 08:56:22.392   701   701 D PhoneApp: simId:1
01-01 08:56:22.392   701   701 D PhoneApp: stateExtra:NOT_READY
01-01 08:56:22.411   701   701 D NotificationMgr: hideDataDisconnectedRoaming()...
01-01 08:56:22.411   701   701 D NotificationMgr: hideDataDisconnectedRoaming()...
01-01 08:56:22.421   701   701 D PhoneApp: handleIccStateChange, state:UNKNOWN,slot:0
01-01 08:56:22.432   701   701 D PhoneApp: onSimStateChanged,simState:UNKNOWN,slot:0
01-01 08:56:22.432   701   701 D NotificationMgr: hideDataDisconnectedRoaming()...
01-01 08:56:22.442   701   701 D NotificationMgr: hideDataDisconnectedRoaming()...
01-01 08:56:22.442   701   701 D PhoneApp: handleIccStateChange, state:UNKNOWN,slot:1
01-01 08:56:22.452   701   701 D PhoneApp: onSimStateChanged,simState:UNKNOWN,slot:1
01-01 08:56:22.511   562   562 D dalvikvm: GC_EXPLICIT freed 90 objects / 3648 bytes in 410ms
01-01 08:56:22.692   740   740 V DownloadManager: auto download without roaming -> true
01-01 08:56:22.782   562   562 D dalvikvm: GC_EXPLICIT freed 2 objects / 48 bytes in 274ms
01-01 08:56:22.792   740   740 V DownloadManager: auto download during roaming -> false
01-01 08:56:22.832   632   790 I ActivityManager: Start proc android.process.media for content provider com.android.providers.downloads/.DownloadProvider: pid=799 uid=10001 gids={2001, 3003, 1015, 1006}
01-01 08:56:22.851   740   740 V DownloadManager: mAutoDownload ------> true
01-01 08:56:23.192   791   791 I ActivityThread: Publishing provider com.pekall.clockset.alarmclock: com.pekall.clockset.alarmclock.AlarmProvider
01-01 08:56:23.521   791   791 I ActivityThread: Publishing provider com.pekall.provider.worldclock: com.pekall.clockset.worldclock.provider.WorldClockProvider
01-01 08:56:23.561   791   791 I WorldClockProvider: OnCreate
01-01 08:56:23.572   791   791 I ActivityThread: Publishing provider com.pekall.clockset.globaltime: com.pekall.clockset.globaltime.provider.ClockProvider
01-01 08:56:23.572   791   791 I WeatherWidget-WeatherProvider: OnCreate
01-01 08:56:23.662   799   799 I ActivityThread: Publishing provider media: com.android.providers.media.MediaProvider
01-01 08:56:23.911   783   783 D ContactsProvider: autoSyncToAccount:true, hasUnassignedContacts[0]:true
01-01 08:56:24.232   799   799 V MediaProvider: Attached volume: internal
01-01 08:56:24.271   740   762 D FolderCache: query done for 1,c:android.content.ContentResolver$CursorWrapperInner@43e53a60
01-01 08:56:24.281   783   783 I ActivityThread: Publishing provider call_log: com.android.providers.contacts.CallLogProvider
01-01 08:56:24.332   783   783 I ActivityThread: Publishing provider user_dictionary: com.android.providers.userdictionary.UserDictionaryProvider
01-01 08:56:24.362   799   799 I ActivityThread: Publishing provider downloads: com.android.providers.downloads.DownloadProvider
01-01 08:56:24.511   799   799 I ActivityThread: Publishing provider drm: com.android.providers.drm.DrmProvider
01-01 08:56:24.672   799   804 D DownloadProvider: delete: content://downloads/download, notificationpackage=? AND notificationclass=?
01-01 08:56:24.752   701   701 D NotificationMgr: call log query complete.
01-01 08:56:24.752   701   701 D NotificationMgr: closing call log cursor.
01-01 08:56:24.901   799   804 D DownloadProvider: delete myWhere: ( notificationpackage=? AND notificationclass=? )
01-01 08:56:24.912   791   791 I WorldClockDatabaseHelper: onOpen
01-01 08:56:24.912   799   804 D DownloadProvider: delete done, count: 0
01-01 08:56:24.971   632   691 I ActivityManager: Start proc com.android.email for broadcast com.android.email/com.android.exchange.BootReceiver: pid=810 uid=10012 gids={3003, 1015}
01-01 08:56:25.513   810   810 I ActivityThread: Publishing provider com.android.email.provider: com.android.email.provider.EmailProvider
01-01 08:56:25.631   810   810 I ActivityThread: Publishing provider com.android.email.attachmentprovider: com.android.email.provider.AttachmentProvider
01-01 08:56:25.652   810   810 I ActivityThread: Publishing provider com.android.exchange.provider: com.android.exchange.provider.ExchangeProvider
01-01 08:56:25.801   632   777 D dalvikvm: GC_FOR_MALLOC freed 6385 objects / 299188 bytes in 436ms
01-01 08:56:26.312   810   810 D Exchange: BootReceiver onReceive
01-01 08:56:26.371   810   810 D EAS SyncManager: !!! EAS SyncManager, onCreate
01-01 08:56:26.422   632   632 I ActivityManager: Start proc com.pekall.dcd for broadcast com.pekall.dcd/.receiver.DcdReceiver: pid=820 uid=10018 gids={3003, 1015}
01-01 08:56:26.561   810   810 D EAS SyncManager: !!! EAS SyncManager, onStartCommand
01-01 08:56:26.662   810   810 D EAS SyncManager: !!! EAS SyncManager, stopping self
01-01 08:56:26.962   820   820 I ActivityThread: Publishing provider com.pekall.dcd.dcdstore: com.pekall.dcd.provider.DcdProvider
01-01 08:56:27.012   820   820 I DcdProvider: OnCreate
01-01 08:56:27.012   820   820 I ActivityThread: Publishing provider com.pekall.dcd.files: com.pekall.dcd.provider.LocalFileProvider
01-01 08:56:27.192   810   828 D Eas Debug: Logging: 
01-01 08:56:27.212   810   810 D EAS SyncManager: !!! EAS SyncManager, onDestroy
01-01 08:56:27.252   799   819 D MediaScannerService: start scanning volume internal
01-01 08:56:27.382   820   820 I DcdDatabaseHelper: onOpen
01-01 08:56:27.452   820   820 V DataHelper: refreshFromDb contents done!The count:0
01-01 08:56:27.471   820   820 V DataHelper: refreshFromDb weathers done!The count:0
01-01 08:56:27.501   820   820 V DataHelper: refreshFromDb entries done!The count:0
01-01 08:56:27.522   820   820 V DataHelper: refreshFromDb favs done!The count:0
01-01 08:56:27.541   820   820 V DataHelper: refreshFromDb blocks done!The count:0
01-01 08:56:27.552   632   692 D dalvikvm: GREF has increased to 301
01-01 08:56:27.572   820   820 V DataHelper: refreshFromDb feeds done!The count:0
01-01 08:56:27.872   820   820 I DcdReceiver: onReceive: android.intent.action.BOOT_COMPLETED
01-01 08:56:28.272   783   783 D dalvikvm: GC_FOR_MALLOC freed 3238 objects / 209912 bytes in 184ms
01-01 08:56:28.481   783   783 D SimStateReceiver: Sim state receiver is launched ...
01-01 08:56:28.531   783   783 E SimSyncService: -- xavier -- -- SimSyncService is created ---
01-01 08:56:28.561   632   797 I ActivityManager: Start proc com.pekall.profilesetting for broadcast com.pekall.profilesetting/.BootUpReceiver: pid=830 uid=1000 gids={3002, 3001, 3003}
01-01 08:56:28.631   783   783 E SimSyncService: -- xavier -- -- sim sync init ---
01-01 08:56:28.751   783   783 V SimSyncService: -- xavier -- <sending message> sim (index 1), operate 0 ---
01-01 08:56:28.751   783   834 D SimSyncService: -- xavier -- Start initing sim contacts (index 1)...
01-01 08:56:28.822   783   783 V SimSyncService: -- xavier -- <sending message> sim (index 2), operate 0 ---
01-01 08:56:28.832   783   834 D SimSyncService: -- xavier -- Start initing sim contacts (index 2)...
01-01 08:56:29.002   632   656 D KeyguardUpdateMonitor: handleBootComplete,SIM 0:READY,SIM 1:READY
01-01 08:56:29.002   632   656 D KeyguardUpdateMonitor: Either SIM is not locked during power on
01-01 08:56:29.002   632   656 D KeyguardUpdateMonitor: reportIccPinCheckDone
01-01 08:56:29.042   830   830 I ActivityThread: Publishing provider com.pekall.profilesetting.profileprovider: com.pekall.profilesetting.ProfileProvider
01-01 08:56:29.122   830   830 D BootUpReceiver: action:android.intent.action.BOOT_COMPLETED
01-01 08:56:29.271   632   637 I ActivityManager: Start proc com.pekall.weatherwidget for broadcast com.pekall.weatherwidget/.WeatherReceiver: pid=837 uid=10028 gids={3003}
01-01 08:56:29.433   830   830 D ModeChangeReceiver: android.media.RINGER_MODE_CHANGED
01-01 08:56:29.742   632   655 V EventHub: revents for 2 = 0x00000001
01-01 08:56:29.742   632   655 V EventHub: /dev/input/event1 got: t0=60, t1=182743, type=3, code=0, v=33
01-01 08:56:29.772   632   655 V EventHub: revents for 2 = 0x00000001
01-01 08:56:29.772   632   655 V EventHub: /dev/input/event1 got: t0=60, t1=182821, type=3, code=1, v=313
01-01 08:56:29.772   632   655 V EventHub: revents for 2 = 0x00000001
01-01 08:56:29.772   632   655 V EventHub: /dev/input/event1 got: t0=60, t1=182840, type=3, code=24, v=1
01-01 08:56:29.772   632   655 V EventHub: revents for 2 = 0x00000001
01-01 08:56:29.772   632   655 V EventHub: /dev/input/event1 got: t0=60, t1=182852, type=1, code=330, v=1
01-01 08:56:29.772   632   655 V EventHub: iev.code=330 outKeycode=0 outFlags=0x00000000 err=-19
01-01 08:56:29.782   632   655 V EventHub: revents for 2 = 0x00000001
01-01 08:56:29.782   632   655 V EventHub: /dev/input/event1 got: t0=60, t1=182865, type=0, code=0, v=0
01-01 08:56:29.802   632   655 V EventHub: revents for 2 = 0x00000001
01-01 08:56:29.802   632   655 V EventHub: /dev/input/event1 got: t0=60, t1=197651, type=3, code=0, v=32
01-01 08:56:29.802   632   655 V EventHub: revents for 2 = 0x00000001
01-01 08:56:29.802   632   655 V EventHub: /dev/input/event1 got: t0=60, t1=197689, type=0, code=0, v=0
01-01 08:56:29.812   632   655 V EventHub: revents for 2 = 0x00000001
01-01 08:56:29.812   632   655 V EventHub: /dev/input/event1 got: t0=60, t1=212720, type=3, code=0, v=31
01-01 08:56:29.812   632   655 V EventHub: revents for 2 = 0x00000001
01-01 08:56:29.812   632   655 V EventHub: /dev/input/event1 got: t0=60, t1=212758, type=0, code=0, v=0
01-01 08:56:29.822   632   655 V EventHub: revents for 2 = 0x00000001
01-01 08:56:29.822   632   655 V EventHub: /dev/input/event1 got: t0=60, t1=227548, type=3, code=0, v=30
01-01 08:56:29.822   632   655 V EventHub: revents for 2 = 0x00000001
01-01 08:56:29.822   632   655 V EventHub: /dev/input/event1 got: t0=60, t1=227587, type=0, code=0, v=0
01-01 08:56:29.822   632   655 V EventHub: revents for 2 = 0x00000001
01-01 08:56:29.822   632   655 V EventHub: /dev/input/event1 got: t0=60, t1=242629, type=3, code=0, v=29
01-01 08:56:29.822   632   655 V EventHub: revents for 2 = 0x00000001
01-01 08:56:29.822   632   655 V EventHub: /dev/input/event1 got: t0=60, t1=242665, type=0, code=0, v=0
01-01 08:56:29.842   632   656 D KeyguardViewMediator: pokeWakelock(5000)
01-01 08:56:29.902   632   655 V EventHub: revents for 2 = 0x00000001
01-01 08:56:29.902   632   655 V EventHub: /dev/input/event1 got: t0=60, t1=376278, type=3, code=0, v=30
01-01 08:56:29.902   632   655 V EventHub: revents for 2 = 0x00000001
01-01 08:56:29.902   632   655 V EventHub: /dev/input/event1 got: t0=60, t1=376355, type=0, code=0, v=0
01-01 08:56:29.912   632   656 V LockPatternKeyguardView: *** dispatchDraw() time: 60383
01-01 08:56:29.923   632   655 V EventHub: revents for 2 = 0x00000001
01-01 08:56:29.923   632   655 V EventHub: /dev/input/event1 got: t0=60, t1=392149, type=3, code=0, v=31
01-01 08:56:29.923   632   655 V EventHub: revents for 2 = 0x00000001
01-01 08:56:29.923   632   655 V EventHub: /dev/input/event1 got: t0=60, t1=392212, type=0, code=0, v=0
01-01 08:56:29.931   632   655 V EventHub: revents for 2 = 0x00000001
01-01 08:56:29.931   632   655 V EventHub: /dev/input/event1 got: t0=60, t1=406122, type=3, code=0, v=32
01-01 08:56:29.931   632   655 V EventHub: revents for 2 = 0x00000001
01-01 08:56:29.931   632   655 V EventHub: /dev/input/event1 got: t0=60, t1=406205, type=0, code=0, v=0
01-01 08:56:29.992   632   655 V EventHub: revents for 2 = 0x00000001
01-01 08:56:29.992   632   655 V EventHub: /dev/input/event1 got: t0=60, t1=465627, type=3, code=0, v=34
01-01 08:56:29.992   632   655 V EventHub: revents for 2 = 0x00000001
01-01 08:56:29.992   632   655 V EventHub: /dev/input/event1 got: t0=60, t1=465714, type=0, code=0, v=0
01-01 08:56:30.012   632   655 V EventHub: revents for 2 = 0x00000001
01-01 08:56:30.012   632   655 V EventHub: /dev/input/event1 got: t0=60, t1=480785, type=3, code=0, v=38
01-01 08:56:30.012   632   655 V EventHub: revents for 2 = 0x00000001
01-01 08:56:30.012   632   655 V EventHub: /dev/input/event1 got: t0=60, t1=480853, type=3, code=1, v=312
01-01 08:56:30.012   632   655 V EventHub: revents for 2 = 0x00000001
01-01 08:56:30.012   632   655 V EventHub: /dev/input/event1 got: t0=60, t1=480879, type=0, code=0, v=0
01-01 08:56:30.022   632   655 V EventHub: revents for 2 = 0x00000001
01-01 08:56:30.022   632   655 V EventHub: /dev/input/event1 got: t0=60, t1=495436, type=3, code=0, v=45
01-01 08:56:30.022   632   655 V EventHub: revents for 2 = 0x00000001
01-01 08:56:30.022   632   655 V EventHub: /dev/input/event1 got: t0=60, t1=495509, type=3, code=1, v=311
01-01 08:56:30.022   632   655 V EventHub: revents for 2 = 0x00000001
