--------- beginning of /dev/log/main
04-28 17:45:35.639  3009  3009 V WebView : mFindIsUp=false mSelectingText=false nativePageShouldHandleShiftAndArrows()=false animateZoom=false extras=0
04-28 17:45:35.649  3009  3009 V WebView : drawCoreAndCursorRing, isHardwareAccelerated: true
04-28 17:45:35.729  3009  3009 V WebView : mFindIsUp=false mSelectingText=false nativePageShouldHandleShiftAndArrows()=false animateZoom=false extras=0
04-28 17:45:35.729  3009  3009 V WebView : drawCoreAndCursorRing, isHardwareAccelerated: true
04-28 17:45:35.799  3009  3009 V WebView : mFindIsUp=false mSelectingText=false nativePageShouldHandleShiftAndArrows()=false animateZoom=false extras=0
04-28 17:45:35.799  3009  3009 V WebView : drawCoreAndCursorRing, isHardwareAccelerated: true
04-28 17:45:35.889  3009  3009 V WebView : mFindIsUp=false mSelectingText=false nativePageShouldHandleShiftAndArrows()=false animateZoom=false extras=0
04-28 17:45:35.889  3009  3009 V WebView : drawCoreAndCursorRing, isHardwareAccelerated: true
04-28 17:45:35.969  3009  3009 V WebView : mFindIsUp=false mSelectingText=false nativePageShouldHandleShiftAndArrows()=false animateZoom=false extras=0
04-28 17:45:35.969  3009  3009 V WebView : drawCoreAndCursorRing, isHardwareAccelerated: true
04-28 17:45:36.049  3009  3009 V WebView : mFindIsUp=false mSelectingText=false nativePageShouldHandleShiftAndArrows()=false animateZoom=false extras=0
04-28 17:45:36.049  3009  3009 V WebView : drawCoreAndCursorRing, isHardwareAccelerated: true
04-28 17:45:36.119  3009  3009 V WebView : mFindIsUp=false mSelectingText=false nativePageShouldHandleShiftAndArrows()=false animateZoom=false extras=0
04-28 17:45:36.119  3009  3009 V WebView : drawCoreAndCursorRing, isHardwareAccelerated: true
04-28 17:45:36.199  3009  3009 V WebView : mFindIsUp=false mSelectingText=false nativePageShouldHandleShiftAndArrows()=false animateZoom=false extras=0
04-28 17:45:36.199  3009  3009 V WebView : drawCoreAndCursorRing, isHardwareAccelerated: true
04-28 17:45:36.289  3009  3009 V WebView : mFindIsUp=false mSelectingText=false nativePageShouldHandleShiftAndArrows()=false animateZoom=false extras=0
04-28 17:45:36.289  3009  3009 V WebView : drawCoreAndCursorRing, isHardwareAccelerated: true
04-28 17:45:36.369  3009  3009 V WebView : mFindIsUp=false mSelectingText=false nativePageShouldHandleShiftAndArrows()=false animateZoom=false extras=0
04-28 17:45:36.369  3009  3009 V WebView : drawCoreAndCursorRing, isHardwareAccelerated: true
04-28 17:45:36.439  3009  3009 V WebView : mFindIsUp=false mSelectingText=false nativePageShouldHandleShiftAndArrows()=false animateZoom=false extras=0
04-28 17:45:36.439  3009  3009 V WebView : drawCoreAndCursorRing, isHardwareAccelerated: true
04-28 17:45:36.529  3009  3009 V WebView : mFindIsUp=false mSelectingText=false nativePageShouldHandleShiftAndArrows()=false animateZoom=false extras=0
04-28 17:45:36.529  3009  3009 V WebView : drawCoreAndCursorRing, isHardwareAccelerated: true
04-28 17:45:36.620  3009  3009 V WebView : mFindIsUp=false mSelectingText=false nativePageShouldHandleShiftAndArrows()=false animateZoom=false extras=0
04-28 17:45:36.620  3009  3009 V WebView : drawCoreAndCursorRing, isHardwareAccelerated: true
04-28 17:45:36.690  3009  3009 V WebView : mFindIsUp=false mSelectingText=false nativePageShouldHandleShiftAndArrows()=false animateZoom=false extras=0
04-28 17:45:36.690  3009  3009 V WebView : drawCoreAndCursorRing, isHardwareAccelerated: true
04-28 17:45:36.770  3009  3009 V WebView : mFindIsUp=false mSelectingText=false nativePageShouldHandleShiftAndArrows()=false animateZoom=false extras=0
04-28 17:45:36.770  3009  3009 V WebView : drawCoreAndCursorRing, isHardwareAccelerated: true
04-28 17:45:36.850  3009  3009 V WebView : mFindIsUp=false mSelectingText=false nativePageShouldHandleShiftAndArrows()=false animateZoom=false extras=0
04-28 17:45:36.850  3009  3009 V WebView : drawCoreAndCursorRing, isHardwareAccelerated: true
04-28 17:45:36.920  3009  3009 V WebView : mFindIsUp=false mSelectingText=false nativePageShouldHandleShiftAndArrows()=false animateZoom=false extras=0
04-28 17:45:36.920  3009  3009 V WebView : drawCoreAndCursorRing, isHardwareAccelerated: true
04-28 17:45:37.010  3009  3009 V WebView : mFindIsUp=false mSelectingText=false nativePageShouldHandleShiftAndArrows()=false animateZoom=false extras=0
04-28 17:45:37.010  3009  3009 V WebView : drawCoreAndCursorRing, isHardwareAccelerated: true
04-28 17:45:37.090  3009  3009 V WebView : mFindIsUp=false mSelectingText=false nativePageShouldHandleShiftAndArrows()=false animateZoom=false extras=0
04-28 17:45:37.090  3009  3009 V WebView : drawCoreAndCursorRing, isHardwareAccelerated: true
04-28 17:45:37.170  3009  3009 V WebView : mFindIsUp=false mSelectingText=false nativePageShouldHandleShiftAndArrows()=false animateZoom=false extras=0
04-28 17:45:37.170  3009  3009 V WebView : drawCoreAndCursorRing, isHardwareAccelerated: true
04-28 17:45:37.250  3009  3009 V WebView : mFindIsUp=false mSelectingText=false nativePageShouldHandleShiftAndArrows()=false animateZoom=false extras=0
04-28 17:45:37.250  3009  3009 V WebView : drawCoreAndCursorRing, isHardwareAccelerated: true
04-28 17:45:37.330  3009  3009 V WebView : mFindIsUp=false mSelectingText=false nativePageShouldHandleShiftAndArrows()=false animateZoom=false extras=0
04-28 17:45:37.330  3009  3009 V WebView : drawCoreAndCursorRing, isHardwareAccelerated: true
04-28 17:45:37.410  3009  3009 V WebView : mFindIsUp=false mSelectingText=false nativePageShouldHandleShiftAndArrows()=false animateZoom=false extras=0
04-28 17:45:37.410  3009  3009 V WebView : drawCoreAndCursorRing, isHardwareAccelerated: true
04-28 17:45:37.490  3009  3009 V WebView : mFindIsUp=false mSelectingText=false nativePageShouldHandleShiftAndArrows()=false animateZoom=false extras=0
04-28 17:45:37.490  3009  3009 V WebView : drawCoreAndCursorRing, isHardwareAccelerated: true
04-28 17:45:37.581  3009  3009 V WebView : mFindIsUp=false mSelectingText=false nativePageShouldHandleShiftAndArrows()=false animateZoom=false extras=0
04-28 17:45:37.581  3009  3009 V WebView : drawCoreAndCursorRing, isHardwareAccelerated: true
04-28 17:45:37.651  3009  3009 V WebView : mFindIsUp=false mSelectingText=false nativePageShouldHandleShiftAndArrows()=false animateZoom=false extras=0
04-28 17:45:37.651  3009  3009 V WebView : drawCoreAndCursorRing, isHardwareAccelerated: true
04-28 17:45:37.731  3009  3009 V WebView : mFindIsUp=false mSelectingText=false nativePageShouldHandleShiftAndArrows()=false animateZoom=false extras=0
04-28 17:45:37.731  3009  3009 V WebView : drawCoreAndCursorRing, isHardwareAccelerated: true
04-28 17:45:37.811  3009  3009 V WebView : mFindIsUp=false mSelectingText=false nativePageShouldHandleShiftAndArrows()=false animateZoom=false extras=0
04-28 17:45:37.811  3009  3009 V WebView : drawCoreAndCursorRing, isHardwareAccelerated: true
04-28 17:45:37.891  3009  3009 V WebView : mFindIsUp=false mSelectingText=false nativePageShouldHandleShiftAndArrows()=false animateZoom=false extras=0
04-28 17:45:37.891  3009  3009 V WebView : drawCoreAndCursorRing, isHardwareAccelerated: true
04-28 17:45:37.981  3009  3009 V WebView : mFindIsUp=false mSelectingText=false nativePageShouldHandleShiftAndArrows()=false animateZoom=false extras=0
04-28 17:45:37.981  3009  3009 V WebView : drawCoreAndCursorRing, isHardwareAccelerated: true
04-28 17:45:38.051  3009  3009 V WebView : mFindIsUp=false mSelectingText=false nativePageShouldHandleShiftAndArrows()=false animateZoom=false extras=0
04-28 17:45:38.051  3009  3009 V WebView : drawCoreAndCursorRing, isHardwareAccelerated: true
04-28 17:45:38.141  3009  3009 V WebView : mFindIsUp=false mSelectingText=false nativePageShouldHandleShiftAndArrows()=false animateZoom=false extras=0
04-28 17:45:38.141  3009  3009 V WebView : drawCoreAndCursorRing, isHardwareAccelerated: true
04-28 17:45:38.221  3009  3009 V WebView : mFindIsUp=false mSelectingText=false nativePageShouldHandleShiftAndArrows()=false animateZoom=false extras=0
04-28 17:45:38.221  3009  3009 V WebView : drawCoreAndCursorRing, isHardwareAccelerated: true
04-28 17:45:38.291  3009  3009 V WebView : mFindIsUp=false mSelectingText=false nativePageShouldHandleShiftAndArrows()=false animateZoom=false extras=0
04-28 17:45:38.291  3009  3009 V WebView : drawCoreAndCursorRing, isHardwareAccelerated: true
--------- beginning of /dev/log/system
04-28 17:45:38.351  1981  1981 D StatusBar.NetworkController: onDataActivity: direction=3
04-28 17:45:38.371  3009  3009 V WebView : mFindIsUp=false mSelectingText=false nativePageShouldHandleShiftAndArrows()=false animateZoom=false extras=0
04-28 17:45:38.381  3009  3009 V WebView : drawCoreAndCursorRing, isHardwareAccelerated: true
04-28 17:45:38.461  3009  3009 V WebView : mFindIsUp=false mSelectingText=false nativePageShouldHandleShiftAndArrows()=false animateZoom=false extras=0
04-28 17:45:38.461  3009  3009 V WebView : drawCoreAndCursorRing, isHardwareAccelerated: true
04-28 17:45:38.481  1880  1929 E PowerManagerService: getAutoBrightnessValue
04-28 17:45:38.481  1880  1929 E PowerManagerService: java.lang.ArrayIndexOutOfBoundsException: length=0; index=1
04-28 17:45:38.481  1880  1929 E PowerManagerService: 	at com.android.server.PowerManagerService.getAutoBrightnessValue(PowerManagerService.java:2447)
04-28 17:45:38.481  1880  1929 E PowerManagerService: 	at com.android.server.PowerManagerService.lightSensorChangedLocked(PowerManagerService.java:2524)
04-28 17:45:38.481  1880  1929 E PowerManagerService: 	at com.android.server.PowerManagerService.access$5500(PowerManagerService.java:76)
04-28 17:45:38.481  1880  1929 E PowerManagerService: 	at com.android.server.PowerManagerService$10.run(PowerManagerService.java:2476)
04-28 17:45:38.481  1880  1929 E PowerManagerService: 	at android.os.Handler.handleCallback(Handler.java:605)
04-28 17:45:38.481  1880  1929 E PowerManagerService: 	at android.os.Handler.dispatchMessage(Handler.java:92)
04-28 17:45:38.481  1880  1929 E PowerManagerService: 	at android.os.Looper.loop(Looper.java:137)
04-28 17:45:38.481  1880  1929 E PowerManagerService: 	at android.os.HandlerThread.run(HandlerThread.java:60)
04-28 17:45:38.541  3009  3009 V WebView : mFindIsUp=false mSelectingText=false nativePageShouldHandleShiftAndArrows()=false animateZoom=false extras=0
04-28 17:45:38.541  3009  3009 V WebView : drawCoreAndCursorRing, isHardwareAccelerated: true
04-28 17:45:38.622  3009  3009 V WebView : mFindIsUp=false mSelectingText=false nativePageShouldHandleShiftAndArrows()=false animateZoom=false extras=0
04-28 17:45:38.622  3009  3009 V WebView : drawCoreAndCursorRing, isHardwareAccelerated: true
04-28 17:45:38.712  3009  3009 V WebView : mFindIsUp=false mSelectingText=false nativePageShouldHandleShiftAndArrows()=false animateZoom=false extras=0
04-28 17:45:38.712  3009  3009 V WebView : drawCoreAndCursorRing, isHardwareAccelerated: true
04-28 17:45:38.782  3009  3009 V WebView : mFindIsUp=false mSelectingText=false nativePageShouldHandleShiftAndArrows()=false animateZoom=false extras=0
04-28 17:45:38.782  3009  3009 V WebView : drawCoreAndCursorRing, isHardwareAccelerated: true
04-28 17:45:38.862  3009  3009 V WebView : mFindIsUp=false mSelectingText=false nativePageShouldHandleShiftAndArrows()=false animateZoom=false extras=0
04-28 17:45:38.862  3009  3009 V WebView : drawCoreAndCursorRing, isHardwareAccelerated: true
04-28 17:45:38.932  3009  3009 V WebView : mFindIsUp=false mSelectingText=false nativePageShouldHandleShiftAndArrows()=false animateZoom=false extras=0
04-28 17:45:38.942  3009  3009 V WebView : drawCoreAndCursorRing, isHardwareAccelerated: true
04-28 17:45:39.022  3009  3009 V WebView : mFindIsUp=false mSelectingText=false nativePageShouldHandleShiftAndArrows()=false animateZoom=false extras=0
04-28 17:45:39.022  3009  3009 V WebView : drawCoreAndCursorRing, isHardwareAccelerated: true
04-28 17:45:39.102  3009  3009 V WebView : mFindIsUp=false mSelectingText=false nativePageShouldHandleShiftAndArrows()=false animateZoom=false extras=0
04-28 17:45:39.102  3009  3009 V WebView : drawCoreAndCursorRing, isHardwareAccelerated: true
04-28 17:45:39.202  3009  3009 V WebView : mFindIsUp=false mSelectingText=false nativePageShouldHandleShiftAndArrows()=false animateZoom=false extras=0
04-28 17:45:39.202  3009  3009 V WebView : drawCoreAndCursorRing, isHardwareAccelerated: true
04-28 17:45:39.272  3009  3009 V WebView : mFindIsUp=false mSelectingText=false nativePageShouldHandleShiftAndArrows()=false animateZoom=false extras=0
04-28 17:45:39.272  3009  3009 V WebView : drawCoreAndCursorRing, isHardwareAccelerated: true
04-28 17:45:39.342  3009  3009 V WebView : mFindIsUp=false mSelectingText=false nativePageShouldHandleShiftAndArrows()=false animateZoom=false extras=0
04-28 17:45:39.342  3009  3009 V WebView : drawCoreAndCursorRing, isHardwareAccelerated: true
04-28 17:45:39.352  1981  1981 D StatusBar.NetworkController: onDataActivity: direction=0
04-28 17:45:39.422  3009  3009 V WebView : mFindIsUp=false mSelectingText=false nativePageShouldHandleShiftAndArrows()=false animateZoom=false extras=0
04-28 17:45:39.422  3009  3009 V WebView : drawCoreAndCursorRing, isHardwareAccelerated: true
04-28 17:45:39.502  3009  3009 V WebView : mFindIsUp=false mSelectingText=false nativePageShouldHandleShiftAndArrows()=false animateZoom=false extras=0
04-28 17:45:39.512  3009  3009 V WebView : drawCoreAndCursorRing, isHardwareAccelerated: true
04-28 17:45:39.592  3009  3009 V WebView : mFindIsUp=false mSelectingText=false nativePageShouldHandleShiftAndArrows()=false animateZoom=false extras=0
04-28 17:45:39.592  3009  3009 V WebView : drawCoreAndCursorRing, isHardwareAccelerated: true
04-28 17:45:39.663  3009  3009 V WebView : mFindIsUp=false mSelectingText=false nativePageShouldHandleShiftAndArrows()=false animateZoom=false extras=0
04-28 17:45:39.663  3009  3009 V WebView : drawCoreAndCursorRing, isHardwareAccelerated: true
04-28 17:45:39.743  3009  3009 V WebView : mFindIsUp=false mSelectingText=false nativePageShouldHandleShiftAndArrows()=false animateZoom=false extras=0
04-28 17:45:39.743  3009  3009 V WebView : drawCoreAndCursorRing, isHardwareAccelerated: true
04-28 17:45:39.853  3009  3009 V WebView : mFindIsUp=false mSelectingText=false nativePageShouldHandleShiftAndArrows()=false animateZoom=false extras=0
04-28 17:45:39.853  3009  3009 V WebView : drawCoreAndCursorRing, isHardwareAccelerated: true
04-28 17:45:39.923  3009  3009 V WebView : mFindIsUp=false mSelectingText=false nativePageShouldHandleShiftAndArrows()=false animateZoom=false extras=0
04-28 17:45:39.923  3009  3009 V WebView : drawCoreAndCursorRing, isHardwareAccelerated: true
04-28 17:45:39.993  3009  3009 V WebView : mFindIsUp=false mSelectingText=false nativePageShouldHandleShiftAndArrows()=false animateZoom=false extras=0
04-28 17:45:39.993  3009  3009 V WebView : drawCoreAndCursorRing, isHardwareAccelerated: true
04-28 17:45:40.063  3009  3009 V WebView : mFindIsUp=false mSelectingText=false nativePageShouldHandleShiftAndArrows()=false animateZoom=false extras=0
04-28 17:45:40.063  3009  3009 V WebView : drawCoreAndCursorRing, isHardwareAccelerated: true
04-28 17:45:40.153  3009  3009 V WebView : mFindIsUp=false mSelectingText=false nativePageShouldHandleShiftAndArrows()=false animateZoom=false extras=0
04-28 17:45:40.153  3009  3009 V WebView : drawCoreAndCursorRing, isHardwareAccelerated: true
04-28 17:45:40.233  3009  3009 V WebView : mFindIsUp=false mSelectingText=false nativePageShouldHandleShiftAndArrows()=false animateZoom=false extras=0
04-28 17:45:40.233  3009  3009 V WebView : drawCoreAndCursorRing, isHardwareAccelerated: true
04-28 17:45:40.313  3009  3009 V WebView : mFindIsUp=false mSelectingText=false nativePageShouldHandleShiftAndArrows()=false animateZoom=false extras=0
04-28 17:45:40.313  3009  3009 V WebView : drawCoreAndCursorRing, isHardwareAccelerated: true
04-28 17:45:40.403  3009  3009 V WebView : mFindIsUp=false mSelectingText=false nativePageShouldHandleShiftAndArrows()=false animateZoom=false extras=0
04-28 17:45:40.403  3009  3009 V WebView : drawCoreAndCursorRing, isHardwareAccelerated: true
04-28 17:45:40.473  3009  3009 V WebView : mFindIsUp=false mSelectingText=false nativePageShouldHandleShiftAndArrows()=false animateZoom=false extras=0
04-28 17:45:40.473  3009  3009 V WebView : drawCoreAndCursorRing, isHardwareAccelerated: true
04-28 17:45:40.553  3009  3009 V WebView : mFindIsUp=false mSelectingText=false nativePageShouldHandleShiftAndArrows()=false animateZoom=false extras=0
04-28 17:45:40.553  3009  3009 V WebView : drawCoreAndCursorRing, isHardwareAccelerated: true
04-28 17:45:40.633  3009  3009 V WebView : mFindIsUp=false mSelectingText=false nativePageShouldHandleShiftAndArrows()=false animateZoom=false extras=0
04-28 17:45:40.633  3009  3009 V WebView : drawCoreAndCursorRing, isHardwareAccelerated: true
04-28 17:45:40.724  3009  3009 V WebView : mFindIsUp=false mSelectingText=false nativePageShouldHandleShiftAndArrows()=false animateZoom=false extras=0
04-28 17:45:40.724  3009  3009 V WebView : drawCoreAndCursorRing, isHardwareAccelerated: true
04-28 17:45:40.794  3009  3009 V WebView : mFindIsUp=false mSelectingText=false nativePageShouldHandleShiftAndArrows()=false animateZoom=false extras=0
04-28 17:45:40.794  3009  3009 V WebView : drawCoreAndCursorRing, isHardwareAccelerated: true
04-28 17:45:40.874  3009  3009 V WebView : mFindIsUp=false mSelectingText=false nativePageShouldHandleShiftAndArrows()=false animateZoom=false extras=0
04-28 17:45:40.874  3009  3009 V WebView : drawCoreAndCursorRing, isHardwareAccelerated: true
04-28 17:45:40.934  3009  3009 V WebView : mFindIsUp=false mSelectingText=false nativePageShouldHandleShiftAndArrows()=false animateZoom=false extras=0
04-28 17:45:40.934  3009  3009 V WebView : drawCoreAndCursorRing, isHardwareAccelerated: true
04-28 17:45:40.964  3009  3009 V WebView : mFindIsUp=false mSelectingText=false nativePageShouldHandleShiftAndArrows()=false animateZoom=false extras=0
04-28 17:45:40.964  3009  3009 V WebView : drawCoreAndCursorRing, isHardwareAccelerated: true
04-28 17:45:40.994  3009  3009 V WebView : mFindIsUp=false mSelectingText=false nativePageShouldHandleShiftAndArrows()=false animateZoom=false extras=0
04-28 17:45:40.994  3009  3009 V WebView : drawCoreAndCursorRing, isHardwareAccelerated: true
04-28 17:45:41.074  3009  3009 V WebView : mFindIsUp=false mSelectingText=false nativePageShouldHandleShiftAndArrows()=false animateZoom=false extras=0
04-28 17:45:41.074  3009  3009 V WebView : drawCoreAndCursorRing, isHardwareAccelerated: true
04-28 17:45:41.174  3009  3009 W WebView : Miss a drag as we are waiting for WebCore's response for touch down.
04-28 17:45:41.174  3009  3009 V WebView : mFindIsUp=false mSelectingText=false nativePageShouldHandleShiftAndArrows()=false animateZoom=false extras=0
04-28 17:45:41.174  3009  3009 V WebView : drawCoreAndCursorRing, isHardwareAccelerated: true
04-28 17:45:41.214  3009  3009 V WebView : mFindIsUp=false mSelectingText=false nativePageShouldHandleShiftAndArrows()=false animateZoom=false extras=0
04-28 17:45:41.214  3009  3009 V WebView : drawCoreAndCursorRing, isHardwareAccelerated: true
04-28 17:45:41.264  3009  3009 V WebView : mFindIsUp=false mSelectingText=false nativePageShouldHandleShiftAndArrows()=false animateZoom=false extras=0
04-28 17:45:41.264  3009  3009 V WebView : drawCoreAndCursorRing, isHardwareAccelerated: true
04-28 17:45:41.304  3009  3009 V WebView : mFindIsUp=false mSelectingText=false nativePageShouldHandleShiftAndArrows()=false animateZoom=false extras=0
04-28 17:45:41.304  3009  3009 V WebView : drawCoreAndCursorRing, isHardwareAccelerated: true
04-28 17:45:41.334  3009  3009 V WebView : mFindIsUp=false mSelectingText=false nativePageShouldHandleShiftAndArrows()=false animateZoom=false extras=0
04-28 17:45:41.334  3009  3009 V WebView : drawCoreAndCursorRing, isHardwareAccelerated: true
04-28 17:45:41.374  3009  3009 V WebView : mFindIsUp=false mSelectingText=false nativePageShouldHandleShiftAndArrows()=false animateZoom=false extras=0
04-28 17:45:41.374  3009  3009 V WebView : drawCoreAndCursorRing, isHardwareAccelerated: true
04-28 17:45:41.394  3009  3009 V WebView : mFindIsUp=false mSelectingText=false nativePageShouldHandleShiftAndArrows()=false animateZoom=false extras=0
04-28 17:45:41.394  3009  3009 V WebView : drawCoreAndCursorRing, isHardwareAccelerated: true
04-28 17:45:41.434  3009  3009 V WebView : mFindIsUp=false mSelectingText=false nativePageShouldHandleShiftAndArrows()=false animateZoom=false extras=0
04-28 17:45:41.434  3009  3009 V WebView : drawCoreAndCursorRing, isHardwareAccelerated: true
04-28 17:45:41.474  3009  3009 V WebView : mFindIsUp=false mSelectingText=false nativePageShouldHandleShiftAndArrows()=false animateZoom=false extras=0
04-28 17:45:41.474  3009  3009 V WebView : drawCoreAndCursorRing, isHardwareAccelerated: true
04-28 17:45:41.514  3009  3009 V WebView : mFindIsUp=false mSelectingText=false nativePageShouldHandleShiftAndArrows()=false animateZoom=false extras=0
04-28 17:45:41.514  3009  3009 V WebView : drawCoreAndCursorRing, isHardwareAccelerated: true
04-28 17:45:41.554  3009  3009 V WebView : mFindIsUp=false mSelectingText=false nativePageShouldHandleShiftAndArrows()=false animateZoom=false extras=0
04-28 17:45:41.554  3009  3009 V WebView : drawCoreAndCursorRing, isHardwareAccelerated: true
04-28 17:45:41.584  3009  3009 V WebView : mFindIsUp=false mSelectingText=false nativePageShouldHandleShiftAndArrows()=false animateZoom=false extras=0
04-28 17:45:41.584  3009  3009 V WebView : drawCoreAndCursorRing, isHardwareAccelerated: true
04-28 17:45:41.624  3009  3009 V WebView : mFindIsUp=false mSelectingText=false nativePageShouldHandleShiftAndArrows()=false animateZoom=false extras=0
04-28 17:45:41.624  3009  3009 V WebView : drawCoreAndCursorRing, isHardwareAccelerated: true
04-28 17:45:41.654  3009  3009 V WebView : mFindIsUp=false mSelectingText=false nativePageShouldHandleShiftAndArrows()=false animateZoom=false extras=0
04-28 17:45:41.654  3009  3009 V WebView : drawCoreAndCursorRing, isHardwareAccelerated: true
04-28 17:45:41.685  3009  3009 V WebView : mFindIsUp=false mSelectingText=false nativePageShouldHandleShiftAndArrows()=false animateZoom=false extras=0
04-28 17:45:41.685  3009  3009 V WebView : drawCoreAndCursorRing, isHardwareAccelerated: true
04-28 17:45:41.745  3009  3009 V WebView : mFindIsUp=false mSelectingText=false nativePageShouldHandleShiftAndArrows()=false animateZoom=false extras=0
04-28 17:45:41.745  3009  3009 V WebView : drawCoreAndCursorRing, isHardwareAccelerated: true
04-28 17:45:41.775  3009  3009 V WebView : mFindIsUp=false mSelectingText=false nativePageShouldHandleShiftAndArrows()=false animateZoom=false extras=0
04-28 17:45:41.775  3009  3009 V WebView : drawCoreAndCursorRing, isHardwareAccelerated: true
04-28 17:45:41.815  3009  3009 V WebView : mFindIsUp=false mSelectingText=false nativePageShouldHandleShiftAndArrows()=false animateZoom=false extras=0
04-28 17:45:41.815  3009  3009 V WebView : drawCoreAndCursorRing, isHardwareAccelerated: true
04-28 17:45:41.835  3009  3009 V WebView : mFindIsUp=false mSelectingText=false nativePageShouldHandleShiftAndArrows()=false animateZoom=false extras=0
04-28 17:45:41.835  3009  3009 V WebView : drawCoreAndCursorRing, isHardwareAccelerated: true
04-28 17:45:41.855  3009  3009 V WebView : mFindIsUp=false mSelectingText=false nativePageShouldHandleShiftAndArrows()=false animateZoom=false extras=0
04-28 17:45:41.855  3009  3009 V WebView : drawCoreAndCursorRing, isHardwareAccelerated: true
04-28 17:45:41.885  3009  3009 V WebView : mFindIsUp=false mSelectingText=false nativePageShouldHandleShiftAndArrows()=false animateZoom=false extras=0
04-28 17:45:41.885  3009  3009 V WebView : drawCoreAndCursorRing, isHardwareAccelerated: true
04-28 17:45:41.915  3009  3009 V WebView : mFindIsUp=false mSelectingText=false nativePageShouldHandleShiftAndArrows()=false animateZoom=false extras=0
04-28 17:45:41.915  3009  3009 V WebView : drawCoreAndCursorRing, isHardwareAccelerated: true
04-28 17:45:41.955  3009  3009 V WebView : mFindIsUp=false mSelectingText=false nativePageShouldHandleShiftAndArrows()=false animateZoom=false extras=0
04-28 17:45:41.955  3009  3009 V WebView : drawCoreAndCursorRing, isHardwareAccelerated: true
04-28 17:45:42.235  1880  1929 E PowerManagerService: getAutoBrightnessValue
04-28 17:45:42.235  1880  1929 E PowerManagerService: java.lang.ArrayIndexOutOfBoundsException: length=0; index=0
04-28 17:45:42.235  1880  1929 E PowerManagerService: 	at com.android.server.PowerManagerService.getAutoBrightnessValue(PowerManagerService.java:2447)
04-28 17:45:42.235  1880  1929 E PowerManagerService: 	at com.android.server.PowerManagerService.lightSensorChangedLocked(PowerManagerService.java:2524)
04-28 17:45:42.235  1880  1929 E PowerManagerService: 	at com.android.server.PowerManagerService.access$5500(PowerManagerService.java:76)
04-28 17:45:42.235  1880  1929 E PowerManagerService: 	at com.android.server.PowerManagerService$10.run(PowerManagerService.java:2476)
04-28 17:45:42.235  1880  1929 E PowerManagerService: 	at android.os.Handler.handleCallback(Handler.java:605)
04-28 17:45:42.235  1880  1929 E PowerManagerService: 	at android.os.Handler.dispatchMessage(Handler.java:92)
04-28 17:45:42.235  1880  1929 E PowerManagerService: 	at android.os.Looper.loop(Looper.java:137)
04-28 17:45:42.235  1880  1929 E PowerManagerService: 	at android.os.HandlerThread.run(HandlerThread.java:60)
04-28 17:45:43.636  3009  3042 E WebCoreFrameBridge: userAgentForURL, 804
04-28 17:45:43.636  3009  3042 E WebCore::DocumentWriter: encoding(), from m_decoder: UTF-8
04-28 17:45:43.636  3009  3042 E WebCoreFrameBridge: canHandleRequest, 876
04-28 17:45:43.636  3009  3009 V CallbackProxy:viewport: uiOverrideUrlLoading: http://ipaper.wo.com.cn/newspaper/015/
04-28 17:45:43.636  3009  3009 V Tab     : enter shouldOverrideUrlLoading()
04-28 17:45:43.636  3009  3009 V Controller: enter shouldOverrideUrlLoading(): http://ipaper.wo.com.cn/newspaper/015/
04-28 17:45:43.636  3009  3009 V NetworkStateHandler: enter isNetworkUp(): true
04-28 17:45:43.636  3009  3009 V PageDownloader: reset()
04-28 17:45:43.636  3009  3009 V PageDownloader: add(): http://ipaper.wo.com.cn/newspaper/015/
04-28 17:45:43.646  3009  3042 E WebCoreFrameBridge: loadStarted, 592
04-28 17:45:43.646  3009  3042 E WebCoreFrameBridge: setProgress, 786
04-28 17:45:43.646  3009  3009 V Tab     : enter onPageStarted()
04-28 17:45:43.646  3009  3009 V Controller: enter onPageStarted()
04-28 17:45:43.646  3009  3009 V NetworkStateHandler: enter isNetworkUp(): true
04-28 17:45:43.646  3009  3042 E WebCoreFrameBridge: userAgentForURL, 804
04-28 17:45:43.646  3009  3042 E WebCore::DocumentWriter: encoding(), from settings defaultTextEncodingName
04-28 17:45:43.646  3009  3042 E WebCoreFrameBridge: userAgentForURL, 804
04-28 17:45:43.646  3009  3009 V Tab     : enter isSnapshot()
04-28 17:45:43.646  3009  3042 E WebCoreFrameBridge: maybeSavePassword, 1219
04-28 17:45:43.646  3009  3009 V Tab     : enter updateBookmarkedStatus()
04-28 17:45:43.646  3009  3042 E WebCoreFrameBridge: shouldInterceptRequest, 525
04-28 17:45:43.656  3009  3042 V Tab     : enter shouldInterceptRequest()
04-28 17:45:43.656  3009  3042 E WebCoreFrameBridge: userAgentForURL, 804
04-28 17:45:43.666  3009  3042 E WebCore::DocumentWriter: encoding(), from settings defaultTextEncodingName
04-28 17:45:43.666  3009  3042 E WebCoreFrameBridge: canHandleRequest, 876
04-28 17:45:43.686  3009  3009 V WebView : mFindIsUp=false mSelectingText=false nativePageShouldHandleShiftAndArrows()=false animateZoom=false extras=3
04-28 17:45:43.686  3009  3009 V WebView : drawCoreAndCursorRing, isHardwareAccelerated: true
04-28 17:45:43.706  3009  3009 V Tab     : enter onProgressChanged(): 10
04-28 17:45:43.706  3009  3009 V Tab     : enter onLoadResource()
04-28 17:45:43.706  3009  3009 V Controller: enter onLoadResource()
04-28 17:45:43.706  3009  3009 V Controller: enter onLoadResource(): http://ipaper.wo.com.cn/newspaper/015/
04-28 17:45:43.706  3009  3009 V PageDownloader: add(): http://ipaper.wo.com.cn/newspaper/015/
04-28 17:45:43.706  3009  3009 V CallbackProxy:viewport: uiOverrideUrlLoading: http://ipaper.wo.com.cn/newspaper/015/
04-28 17:45:43.706  3009  3009 V Tab     : enter shouldOverrideUrlLoading()
04-28 17:45:43.706  3009  3009 V Controller: enter shouldOverrideUrlLoading(): http://ipaper.wo.com.cn/newspaper/015/
04-28 17:45:43.706  3009  3009 V NetworkStateHandler: enter isNetworkUp(): true
04-28 17:45:43.706  3009  3009 V PageDownloader: reset()
04-28 17:45:43.706  3009  3009 V PageDownloader: add(): http://ipaper.wo.com.cn/newspaper/015/
04-28 17:45:43.727  3009  3009 V Tab     : enter onQueryUrlIsBookmark()
04-28 17:45:43.727  3009  3042 E WebCoreFrameBridge: didFinishLoad, 673
04-28 17:45:43.727  3009  3042 E WebCoreFrameBridge: setProgress, 786
04-28 17:45:43.727  3009  3042 E WebCoreFrameBridge: loadStarted, 592
04-28 17:45:43.727  3009  3042 E WebCoreFrameBridge: setProgress, 786
04-28 17:45:43.727  3009  3042 E WebCoreFrameBridge: userAgentForURL, 804
04-28 17:45:43.727  3009  3042 E WebCore::DocumentWriter: encoding(), from settings defaultTextEncodingName
04-28 17:45:43.727  3009  3042 E WebCoreFrameBridge: userAgentForURL, 804
04-28 17:45:43.727  3009  3042 E WebCoreFrameBridge: maybeSavePassword, 1219
04-28 17:45:43.727  3009  3042 E WebCoreFrameBridge: shouldInterceptRequest, 525
04-28 17:45:43.727  3009  3042 V Tab     : enter shouldInterceptRequest()
04-28 17:45:43.737  3009  3009 V Tab     : enter onPageFinished()
04-28 17:45:43.737  3009  3009 V Tab     : enter syncCurrentState()
04-28 17:45:43.737  3009  3009 V Controller: enter onPageFinished()
04-28 17:45:43.757  3009  3009 V Tab     : enter isSnapshot()
04-28 17:45:43.757  3009  3009 V Tab     : enter isSnapshot()
04-28 17:45:43.757  3009  3009 V Tab     : enter onProgressChanged(): 10
04-28 17:45:43.757  3009  3009 V Tab     : enter onPageStarted()
04-28 17:45:43.757  3009  3009 V Controller: enter onPageStarted()
04-28 17:45:43.757  3009  3009 V NetworkStateHandler: enter isNetworkUp(): true
04-28 17:45:43.767  3009  3009 V Tab     : enter isSnapshot()
04-28 17:45:43.767  3009  3009 V Tab     : enter updateBookmarkedStatus()
04-28 17:45:43.767  3009  3066 E         : external/chromium/net/socket/tcp_client_socket_libevent.cc, BindToDevice, 52
04-28 17:45:43.767  3009  3066 E         : BindToDevice: using interface [ppp0]
04-28 17:45:43.767  3009  3009 V Tab     : enter onLoadResource()
04-28 17:45:43.767  3009  3009 V Controller: enter onLoadResource()
04-28 17:45:43.767  3009  3009 V Controller: enter onLoadResource(): http://ipaper.wo.com.cn/newspaper/015/
04-28 17:45:43.767  3009  3009 V PageDownloader: add(): http://ipaper.wo.com.cn/newspaper/015/
04-28 17:45:43.797  3009  3009 V Tab     : enter onQueryUrlIsBookmark()
04-28 17:45:43.827  3009  3042 E WebCoreFrameBridge: HasPasswordField, 2099
04-28 17:45:44.027  3009  3066 E         : external/chromium/net/socket/tcp_client_socket_libevent.cc, BindToDevice, 52
04-28 17:45:44.027  3009  3066 E         : BindToDevice: using interface [ppp0]
04-28 17:45:44.047  3009  3009 V WebView : mFindIsUp=false mSelectingText=false nativePageShouldHandleShiftAndArrows()=false animateZoom=false extras=3
04-28 17:45:44.047  3009  3009 V WebView : drawCoreAndCursorRing, isHardwareAccelerated: true
04-28 17:45:44.207  3009  3009 V Controller: enter onSaveInstanceState()
04-28 17:45:44.207  3009  3009 V TabControl: enter saveState()
04-28 17:45:44.207  3009  3009 V Tab     : enter saveState()
04-28 17:45:44.377  1981  1981 D StatusBar.NetworkController: onDataActivity: direction=3
