05-05 17:23:02.521   532   532 W ActivityManager: send smart intent packageName=com.huawei.KoBackup
05-05 17:23:02.521   532   532 W ContextImpl: Calling a method in the system process without a qualified user: android.app.ContextImpl.sendBroadcast:1042 com.android.server.am.ActivityManagerService.handleAppDiedLocked:3033 com.android.server.am.ActivityManagerService.appDiedLocked:3145 com.android.server.am.ActivityManagerService$AppDeathRecipient.binderDied:898 android.os.BinderProxy.sendDeathNotice:470 
05-05 17:23:02.521   532   549 V ActivityManager: ### send app launch event intent.
05-05 17:23:02.521   532   546 D NotificationService: Receive ACTION_PROCESS_DIED pkg:com.huawei.KoBackup
05-05 17:23:02.521   532   549 W ContextImpl: Calling a method in the system process without a qualified user: android.app.ContextImpl.sendBroadcast:1042 com.android.server.am.ActivityManagerService.startProcessLocked:2217 com.android.server.am.ActivityManagerService.startProcessLocked:2113 com.android.server.am.BroadcastQueue.processNextBroadcast:829 com.android.server.am.BroadcastQueue$1.handleMessage:140 
05-05 17:23:02.529   532   549 I ActivityManager: Start proc com.huawei.android.hwouc for broadcast com.huawei.android.hwouc/.provider.DownloadReceiver: pid=1476 uid=10024 gids={50024, 2001, 3003, 1015, 1023, 1028}
05-05 17:23:02.568   141   283 E Cryptfs : not running with encryption, aborting
05-05 17:23:02.576   532   710 V ActivityManager: ### send app launch event intent.
05-05 17:23:02.576   532   710 W ContextImpl: Calling a method in the system process without a qualified user: android.app.ContextImpl.sendBroadcast:1042 com.android.server.am.ActivityManagerService.startProcessLocked:2217 com.android.server.am.ActivityManagerService.startProcessLocked:2113 com.android.server.am.BroadcastQueue.processNextBroadcast:829 com.android.server.am.ActivityManagerService.finishReceiver:12534 
05-05 17:23:02.584   532   710 I ActivityManager: Start proc com.huawei.phoneservice:usersurvey for broadcast com.huawei.phoneservice/com.huawei.usersurvey.check.UsersurveyAutoCheckReceiver: pid=1491 uid=10025 gids={50025, 3003, 1015, 1007, 1028}
05-05 17:23:02.670   532   960 W BackupManagerService: dataChanged but no participant pkg='com.android.providers.settings' uid=10025
05-05 17:23:02.678   532   814 I ActivityManager: Process com.huawei.phoneservice:usersurvey (pid 1491) has died.
05-05 17:23:02.678   532   814 W ActivityManager: send smart intent packageName=com.huawei.phoneservice
05-05 17:23:02.678   532   814 W ContextImpl: Calling a method in the system process without a qualified user: android.app.ContextImpl.sendBroadcast:1042 com.android.server.am.ActivityManagerService.handleAppDiedLocked:3033 com.android.server.am.ActivityManagerService.appDiedLocked:3145 com.android.server.am.ActivityManagerService$AppDeathRecipient.binderDied:898 android.os.BinderProxy.sendDeathNotice:470 
05-05 17:23:02.678   532   546 D NotificationService: Receive ACTION_PROCESS_DIED pkg:com.huawei.phoneservice
05-05 17:23:02.717   532   546 V AlarmManager: Sync Push enabled with interval: 5
05-05 17:23:02.764   532   546 D PowerManagerService: updateWakeLockWorkSourceInternal: lock=1102944840 [AlarmManager], ws=WorkSource{10018}
05-05 17:23:02.795   928   928 D ActivityThread: Loading provider telephony: com.android.providers.telephony.TelephonyProvider
05-05 17:23:02.818   532   814 D PowerManagerService: updateWakeLockSummaryLocked: mWakefulness=Awake, mWakeLockSummary=0x1
05-05 17:23:02.818   532   814 D PowerManagerService: updateScreenStateLocked: mDisplayReady=true, newScreenState=2, mWakefulness=1, mWakeLockSummary=0x1, mUserActivitySummary=0x5, mBootCompleted=true
05-05 17:23:02.818   532   563 D PowerManagerService: handleSandman: canDream=true, mWakefulness=Awake
05-05 17:23:02.826   532   546 D PowerManagerService: updateWakeLockSummaryLocked: mWakefulness=Awake, mWakeLockSummary=0x1
05-05 17:23:02.826   532   546 D PowerManagerService: updateScreenStateLocked: mDisplayReady=true, newScreenState=2, mWakefulness=1, mWakeLockSummary=0x1, mUserActivitySummary=0x5, mBootCompleted=true
05-05 17:23:02.826   532   563 D PowerManagerService: handleSandman: canDream=true, mWakefulness=Awake
05-05 17:23:02.850   532   802 V AlarmManager: Sync Push enabled with interval: 5
05-05 17:23:02.850   532   802 W AlarmManager: package found for app: com.android.providers.calendarinfo: ApplicationInfo{41acd850 com.android.providers.calendar}
05-05 17:23:02.850   532   802 V AlarmManager: System App, skip sync for app: com.android.providers.calendar
05-05 17:23:02.896   532   814 D PowerManagerService: updateWakeLockSummaryLocked: mWakefulness=Awake, mWakeLockSummary=0x1
05-05 17:23:02.896   532   814 D PowerManagerService: updateScreenStateLocked: mDisplayReady=true, newScreenState=2, mWakefulness=1, mWakeLockSummary=0x1, mUserActivitySummary=0x5, mBootCompleted=true
05-05 17:23:02.896   532   563 D PowerManagerService: handleSandman: canDream=true, mWakefulness=Awake
05-05 17:23:03.107   616   616 D StatusBar.NetworkController: updateTelephonySignalStrengthLte: !hasLTEService()
05-05 17:23:03.107   616   616 D StatusBar.NetworkController: updateTelephonySignalStrengthGsm: !hasService()
05-05 17:23:03.584   532   802 D PowerManagerService: updateWakeLockSummaryLocked: mWakefulness=Awake, mWakeLockSummary=0x1
05-05 17:23:03.584   532   802 D PowerManagerService: updateScreenStateLocked: mDisplayReady=true, newScreenState=2, mWakefulness=1, mWakeLockSummary=0x1, mUserActivitySummary=0x5, mBootCompleted=true
05-05 17:23:03.584   532   563 D PowerManagerService: handleSandman: canDream=true, mWakefulness=Awake
05-05 17:23:03.584   532   710 D PowerManagerService: updateWakeLockSummaryLocked: mWakefulness=Awake, mWakeLockSummary=0x1
05-05 17:23:03.584   532   710 D PowerManagerService: updateScreenStateLocked: mDisplayReady=true, newScreenState=2, mWakefulness=1, mWakeLockSummary=0x1, mUserActivitySummary=0x5, mBootCompleted=true
05-05 17:23:03.584   532   563 D PowerManagerService: handleSandman: canDream=true, mWakefulness=Awake
05-05 17:23:03.787   532   544 D PowerManagerService: updateWakeLockSummaryLocked: mWakefulness=Awake, mWakeLockSummary=0x1
05-05 17:23:03.795   532   544 D PowerManagerService: updateScreenStateLocked: mDisplayReady=true, newScreenState=2, mWakefulness=1, mWakeLockSummary=0x1, mUserActivitySummary=0x5, mBootCompleted=true
05-05 17:23:03.795   532   563 D PowerManagerService: handleSandman: canDream=true, mWakefulness=Awake
05-05 17:23:03.803   532   785 D PowerManagerService: updateWakeLockSummaryLocked: mWakefulness=Awake, mWakeLockSummary=0x1
05-05 17:23:03.803   532   785 D PowerManagerService: updateScreenStateLocked: mDisplayReady=true, newScreenState=2, mWakefulness=1, mWakeLockSummary=0x1, mUserActivitySummary=0x5, mBootCompleted=true
05-05 17:23:03.803   532   563 D PowerManagerService: handleSandman: canDream=true, mWakefulness=Awake
05-05 17:23:04.193   532   594 D WifiStateMachine: fetchRssiAndLinkSpeedNative signalPoll=RSSI=-39
05-05 17:23:04.193   532   594 D WifiStateMachine: LINKSPEED=54
05-05 17:23:04.193   532   594 D WifiStateMachine: NOISE=9999
05-05 17:23:04.193   532   594 D WifiStateMachine: FREQUENCY=0
05-05 17:23:04.193   532   594 D WifiStateMachine: fetchRssiAndLinkSpeedNative newRssi=-39
05-05 17:23:04.193   532   594 D WifiStateMachine: fetchRssiAndLinkSpeedNative newSignalLevel=4
05-05 17:23:04.764   532   960 D PowerManagerService: updateWakeLockSummaryLocked: mWakefulness=Awake, mWakeLockSummary=0x1
05-05 17:23:04.764   532   960 D PowerManagerService: updateScreenStateLocked: mDisplayReady=true, newScreenState=2, mWakefulness=1, mWakeLockSummary=0x1, mUserActivitySummary=0x5, mBootCompleted=true
05-05 17:23:04.764   532   563 D PowerManagerService: handleSandman: canDream=true, mWakefulness=Awake
05-05 17:23:05.100   532   785 D PowerManagerService: updateWakeLockSummaryLocked: mWakefulness=Awake, mWakeLockSummary=0x0
05-05 17:23:05.100   532   785 D PowerManagerService: updateScreenStateLocked: mDisplayReady=true, newScreenState=2, mWakefulness=1, mWakeLockSummary=0x0, mUserActivitySummary=0x5, mBootCompleted=true
05-05 17:23:05.100   532   785 D PowerManagerService: Releasing suspend blocker "PowerManagerService.WakeLocks".
05-05 17:23:05.100   532   563 D PowerManagerService: handleSandman: canDream=true, mWakefulness=Awake
05-05 17:23:06.709   616   616 D StatusBar.NetworkController: updateTelephonySignalStrengthLte: !hasLTEService()
05-05 17:23:06.709   616   616 D StatusBar.NetworkController: updateTelephonySignalStrengthGsm: !hasService()
05-05 17:23:06.756   532   710 D PowerManagerService: updateWakeLockSummaryLocked: mWakefulness=Awake, mWakeLockSummary=0x1
05-05 17:23:06.756   532   710 D PowerManagerService: updateScreenStateLocked: mDisplayReady=true, newScreenState=2, mWakefulness=1, mWakeLockSummary=0x1, mUserActivitySummary=0x5, mBootCompleted=true
05-05 17:23:06.756   532   710 D PowerManagerService: Acquiring suspend blocker "PowerManagerService.WakeLocks".
05-05 17:23:06.756   532   563 D PowerManagerService: handleSandman: canDream=true, mWakefulness=Awake
05-05 17:23:06.764   532   774 D PowerManagerService: updateWakeLockSummaryLocked: mWakefulness=Awake, mWakeLockSummary=0x1
05-05 17:23:06.764   532   774 D PowerManagerService: updateScreenStateLocked: mDisplayReady=true, newScreenState=2, mWakefulness=1, mWakeLockSummary=0x1, mUserActivitySummary=0x5, mBootCompleted=true
05-05 17:23:06.764   532   563 D PowerManagerService: handleSandman: canDream=true, mWakefulness=Awake
05-05 17:23:06.764   532   532 D PowerManagerService: updateWakeLockSummaryLocked: mWakefulness=Awake, mWakeLockSummary=0x1
05-05 17:23:06.764   532   532 D PowerManagerService: updateScreenStateLocked: mDisplayReady=true, newScreenState=2, mWakefulness=1, mWakeLockSummary=0x1, mUserActivitySummary=0x5, mBootCompleted=true
05-05 17:23:06.764   532   563 D PowerManagerService: handleSandman: canDream=true, mWakefulness=Awake
05-05 17:23:06.764   532   960 D PowerManagerService: updateWakeLockSummaryLocked: mWakefulness=Awake, mWakeLockSummary=0x1
05-05 17:23:06.764   532   960 D PowerManagerService: updateScreenStateLocked: mDisplayReady=true, newScreenState=2, mWakefulness=1, mWakeLockSummary=0x1, mUserActivitySummary=0x5, mBootCompleted=true
05-05 17:23:06.764   532   563 D PowerManagerService: handleSandman: canDream=true, mWakefulness=Awake
05-05 17:23:06.771   616   616 D StatusBar.NetworkController: updateTelephonySignalStrengthLte: !hasLTEService()
05-05 17:23:06.771   616   616 D StatusBar.NetworkController: updateTelephonySignalStrengthGsm: !hasService()
05-05 17:23:06.771   532   803 D PowerManagerService: updateWakeLockSummaryLocked: mWakefulness=Awake, mWakeLockSummary=0x1
05-05 17:23:06.771   532   803 D PowerManagerService: updateScreenStateLocked: mDisplayReady=true, newScreenState=2, mWakefulness=1, mWakeLockSummary=0x1, mUserActivitySummary=0x5, mBootCompleted=true
05-05 17:23:06.771   532   563 D PowerManagerService: handleSandman: canDream=true, mWakefulness=Awake
05-05 17:23:06.771   532   709 D PowerManagerService: updateWakeLockSummaryLocked: mWakefulness=Awake, mWakeLockSummary=0x1
05-05 17:23:06.771   532   709 D PowerManagerService: updateScreenStateLocked: mDisplayReady=true, newScreenState=2, mWakefulness=1, mWakeLockSummary=0x1, mUserActivitySummary=0x5, mBootCompleted=true
05-05 17:23:06.771   532   563 D PowerManagerService: handleSandman: canDream=true, mWakefulness=Awake
05-05 17:23:06.771   532   785 D PowerManagerService: updateWakeLockSummaryLocked: mWakefulness=Awake, mWakeLockSummary=0x1
05-05 17:23:06.771   532   785 D PowerManagerService: updateScreenStateLocked: mDisplayReady=true, newScreenState=2, mWakefulness=1, mWakeLockSummary=0x1, mUserActivitySummary=0x5, mBootCompleted=true
05-05 17:23:06.771   532   563 D PowerManagerService: handleSandman: canDream=true, mWakefulness=Awake
05-05 17:23:06.771   532   812 D PowerManagerService: updateWakeLockSummaryLocked: mWakefulness=Awake, mWakeLockSummary=0x1
05-05 17:23:06.771   532   812 D PowerManagerService: updateScreenStateLocked: mDisplayReady=true, newScreenState=2, mWakefulness=1, mWakeLockSummary=0x1, mUserActivitySummary=0x5, mBootCompleted=true
05-05 17:23:06.771   532   563 D PowerManagerService: handleSandman: canDream=true, mWakefulness=Awake
05-05 17:23:06.771   532   814 D PowerManagerService: updateWakeLockSummaryLocked: mWakefulness=Awake, mWakeLockSummary=0x1
05-05 17:23:06.771   532   814 D PowerManagerService: updateScreenStateLocked: mDisplayReady=true, newScreenState=2, mWakefulness=1, mWakeLockSummary=0x1, mUserActivitySummary=0x5, mBootCompleted=true
05-05 17:23:06.779   532   563 D PowerManagerService: handleSandman: canDream=true, mWakefulness=Awake
05-05 17:23:06.779   532   802 D PowerManagerService: updateWakeLockSummaryLocked: mWakefulness=Awake, mWakeLockSummary=0x1
05-05 17:23:06.779   532   802 D PowerManagerService: updateScreenStateLocked: mDisplayReady=true, newScreenState=2, mWakefulness=1, mWakeLockSummary=0x1, mUserActivitySummary=0x5, mBootCompleted=true
05-05 17:23:06.779   532   563 D PowerManagerService: handleSandman: canDream=true, mWakefulness=Awake
05-05 17:23:06.779   532   543 D PowerManagerService: updateWakeLockSummaryLocked: mWakefulness=Awake, mWakeLockSummary=0x1
05-05 17:23:06.779   532   543 D PowerManagerService: updateScreenStateLocked: mDisplayReady=true, newScreenState=2, mWakefulness=1, mWakeLockSummary=0x1, mUserActivitySummary=0x5, mBootCompleted=true
05-05 17:23:06.779   532   563 D PowerManagerService: handleSandman: canDream=true, mWakefulness=Awake
05-05 17:23:06.779   532   710 D PowerManagerService: updateWakeLockSummaryLocked: mWakefulness=Awake, mWakeLockSummary=0x1
05-05 17:23:06.779   532   710 D PowerManagerService: updateScreenStateLocked: mDisplayReady=true, newScreenState=2, mWakefulness=1, mWakeLockSummary=0x1, mUserActivitySummary=0x5, mBootCompleted=true
05-05 17:23:06.779   532   563 D PowerManagerService: handleSandman: canDream=true, mWakefulness=Awake
05-05 17:23:06.779   616   616 D StatusBar.NetworkController: updateTelephonySignalStrengthLte: !hasLTEService()
05-05 17:23:06.779   616   616 D StatusBar.NetworkController: updateTelephonySignalStrengthGsm: !hasService()
05-05 17:23:06.779   616   616 D StatusBar.NetworkController: updateTelephonySignalStrengthLte: !hasLTEService()
05-05 17:23:06.779   616   616 D StatusBar.NetworkController: updateTelephonySignalStrengthGsm: !hasService()
05-05 17:23:06.811   532   960 D PowerManagerService: updateWakeLockSummaryLocked: mWakefulness=Awake, mWakeLockSummary=0x0
05-05 17:23:06.811   532   960 D PowerManagerService: updateScreenStateLocked: mDisplayReady=true, newScreenState=2, mWakefulness=1, mWakeLockSummary=0x0, mUserActivitySummary=0x5, mBootCompleted=true
05-05 17:23:06.811   532   960 D PowerManagerService: Releasing suspend blocker "PowerManagerService.WakeLocks".
05-05 17:23:06.811   532   563 D PowerManagerService: handleSandman: canDream=true, mWakefulness=Awake
05-05 17:23:06.818   616   616 D CarrierLabel: strPlmn=无服务
05-05 17:23:06.826   616   616 D StatusBar.NetworkController: onServiceStateChanged state=1
05-05 17:23:06.826   616   616 D StatusBar.NetworkController: updateTelephonySignalStrengthLte: !hasLTEService()
05-05 17:23:06.826   616   616 D StatusBar.NetworkController: updateTelephonySignalStrengthGsm: !hasService()
05-05 17:23:06.834   532   812 D PowerManagerService: updateWakeLockSummaryLocked: mWakefulness=Awake, mWakeLockSummary=0x1
05-05 17:23:06.834   532   812 D PowerManagerService: updateScreenStateLocked: mDisplayReady=true, newScreenState=2, mWakefulness=1, mWakeLockSummary=0x1, mUserActivitySummary=0x5, mBootCompleted=true
05-05 17:23:06.834   532   812 D PowerManagerService: Acquiring suspend blocker "PowerManagerService.WakeLocks".
05-05 17:23:06.834   532   563 D PowerManagerService: handleSandman: canDream=true, mWakefulness=Awake
05-05 17:23:06.834   532   814 D PowerManagerService: updateWakeLockSummaryLocked: mWakefulness=Awake, mWakeLockSummary=0x1
05-05 17:23:06.834   532   814 D PowerManagerService: updateScreenStateLocked: mDisplayReady=true, newScreenState=2, mWakefulness=1, mWakeLockSummary=0x1, mUserActivitySummary=0x5, mBootCompleted=true
05-05 17:23:06.834   532   563 D PowerManagerService: handleSandman: canDream=true, mWakefulness=Awake
05-05 17:23:06.834   532   543 D PowerManagerService: updateWakeLockSummaryLocked: mWakefulness=Awake, mWakeLockSummary=0x1
05-05 17:23:06.842   532   543 D PowerManagerService: updateScreenStateLocked: mDisplayReady=true, newScreenState=2, mWakefulness=1, mWakeLockSummary=0x1, mUserActivitySummary=0x5, mBootCompleted=true
05-05 17:23:06.842   532   563 D PowerManagerService: handleSandman: canDream=true, mWakefulness=Awake
05-05 17:23:06.842   532   710 D PowerManagerService: updateWakeLockSummaryLocked: mWakefulness=Awake, mWakeLockSummary=0x1
05-05 17:23:06.842   532   710 D PowerManagerService: updateScreenStateLocked: mDisplayReady=true, newScreenState=2, mWakefulness=1, mWakeLockSummary=0x1, mUserActivitySummary=0x5, mBootCompleted=true
05-05 17:23:06.842   532   563 D PowerManagerService: handleSandman: canDream=true, mWakefulness=Awake
05-05 17:23:06.842   616   616 D StatusBar.NetworkController: onDataConnectionStateChanged: state=0 networkType=3
05-05 17:23:06.842   532   546 D MobileDataStateTracker: default: Received state=DISCONNECTED, old=DISCONNECTED, reason=(unspecified)
05-05 17:23:06.850   616   616 D StatusBar.NetworkController: updateDataIcon
05-05 17:23:06.850   532   546 D MobileDataStateTracker: dm: Received state=DISCONNECTED, old=DISCONNECTED, reason=dataAttached
05-05 17:23:06.850   532   546 D MobileDataStateTracker: wap: Received state=DISCONNECTED, old=DISCONNECTED, reason=dataAttached
05-05 17:23:06.865   532   546 D MobileDataStateTracker: internet: Received state=DISCONNECTED, old=DISCONNECTED, reason=dataAttached
05-05 17:23:06.865   532   812 D PowerManagerService: updateWakeLockSummaryLocked: mWakefulness=Awake, mWakeLockSummary=0x0
05-05 17:23:06.865   532   812 D PowerManagerService: updateScreenStateLocked: mDisplayReady=true, newScreenState=2, mWakefulness=1, mWakeLockSummary=0x0, mUserActivitySummary=0x5, mBootCompleted=true
05-05 17:23:06.865   532   812 D PowerManagerService: Releasing suspend blocker "PowerManagerService.WakeLocks".
05-05 17:23:06.865   532   563 D PowerManagerService: handleSandman: canDream=true, mWakefulness=Awake
05-05 17:23:06.873   532   546 D MobileDataStateTracker: fota: Received state=DISCONNECTED, old=DISCONNECTED, reason=dataAttached
05-05 17:23:06.873   532   546 D MobileDataStateTracker: dun: Received state=DISCONNECTED, old=DISCONNECTED, reason=dataAttached
05-05 17:23:06.873   532   546 D MobileDataStateTracker: supl: Received state=DISCONNECTED, old=DISCONNECTED, reason=dataAttached
05-05 17:23:06.881   532   546 D MobileDataStateTracker: hipri: Received state=DISCONNECTED, old=DISCONNECTED, reason=dataAttached
05-05 17:23:06.881   532   546 D MobileDataStateTracker: ims: Received state=DISCONNECTED, old=DISCONNECTED, reason=dataAttached
05-05 17:23:06.881   532   546 D MobileDataStateTracker: email: Received state=DISCONNECTED, old=DISCONNECTED, reason=dataAttached
05-05 17:23:06.889   532   546 D MobileDataStateTracker: mms: Received state=DISCONNECTED, old=DISCONNECTED, reason=dataAttached
05-05 17:23:06.889   532   546 D MobileDataStateTracker: streaming: Received state=DISCONNECTED, old=DISCONNECTED, reason=dataAttached
05-05 17:23:06.889   532   546 D MobileDataStateTracker: cbs: Received state=DISCONNECTED, old=DISCONNECTED, reason=dataAttached
05-05 17:23:06.896   532   546 D MobileDataStateTracker: dm: Received state=DISCONNECTED, old=DISCONNECTED, reason=dataAttached
05-05 17:23:06.896   532   546 D MobileDataStateTracker: wap: Received state=DISCONNECTED, old=DISCONNECTED, reason=dataAttached
05-05 17:23:06.896   532   546 D MobileDataStateTracker: internet: Received state=DISCONNECTED, old=DISCONNECTED, reason=dataAttached
05-05 17:23:06.896   532   546 D MobileDataStateTracker: fota: Received state=DISCONNECTED, old=DISCONNECTED, reason=dataAttached
05-05 17:23:06.904   532   546 D MobileDataStateTracker: dun: Received state=DISCONNECTED, old=DISCONNECTED, reason=dataAttached
05-05 17:23:06.904   532   546 D MobileDataStateTracker: supl: Received state=DISCONNECTED, old=DISCONNECTED, reason=dataAttached
05-05 17:23:06.904   532   546 D MobileDataStateTracker: hipri: Received state=DISCONNECTED, old=DISCONNECTED, reason=dataAttached
05-05 17:23:06.904   532   546 D MobileDataStateTracker: ims: Received state=DISCONNECTED, old=DISCONNECTED, reason=dataAttached
05-05 17:23:06.904   616   616 D StatusBar.NetworkController: updateTelephonySignalStrengthLte: !hasLTEService()
05-05 17:23:06.912   616   616 D StatusBar.NetworkController: updateTelephonySignalStrengthGsm: !hasService()
05-05 17:23:06.912   616   616 D StatusBar.NetworkController: updateTelephonySignalStrengthLte: !hasLTEService()
05-05 17:23:06.912   616   616 D StatusBar.NetworkController: updateTelephonySignalStrengthGsm: !hasService()
05-05 17:23:06.912   532   546 D MobileDataStateTracker: email: Received state=DISCONNECTED, old=DISCONNECTED, reason=dataAttached
05-05 17:23:06.912   532   546 D MobileDataStateTracker: mms: Received state=DISCONNECTED, old=DISCONNECTED, reason=dataAttached
05-05 17:23:06.912   532   546 D MobileDataStateTracker: streaming: Received state=DISCONNECTED, old=DISCONNECTED, reason=dataAttached
05-05 17:23:06.920   532   546 D MobileDataStateTracker: cbs: Received state=DISCONNECTED, old=DISCONNECTED, reason=dataAttached
05-05 17:23:06.943   532   814 D PowerManagerService: updateWakeLockSummaryLocked: mWakefulness=Awake, mWakeLockSummary=0x1
05-05 17:23:06.943   532   814 D PowerManagerService: updateScreenStateLocked: mDisplayReady=true, newScreenState=2, mWakefulness=1, mWakeLockSummary=0x1, mUserActivitySummary=0x5, mBootCompleted=true
05-05 17:23:06.943   532   814 D PowerManagerService: Acquiring suspend blocker "PowerManagerService.WakeLocks".
05-05 17:23:06.943   532   563 D PowerManagerService: handleSandman: canDream=true, mWakefulness=Awake
05-05 17:23:06.967   532   803 D ActivityManager: startActivityMayWait() getCtaCheck: true
05-05 17:23:06.967   532   803 V ActivityManager: send smart intent for new activity com.android.stk where 0
05-05 17:23:06.967   532   803 W ContextImpl: Calling a method in the system process without a qualified user: android.app.ContextImpl.sendBroadcast:1042 com.android.server.am.ActivityStack.startActivityMayWait:3233 com.android.server.am.ActivityManagerService.startActivityAsUser:2561 com.android.server.am.ActivityManagerService.startActivity:2549 android.app.ActivityManagerNative.onTransact:131 
05-05 17:23:06.967   532   803 V ActivityManager: startActivityLocked ### send app launch event intent.
05-05 17:23:06.967   532   803 I ActivityManager: START u0 {flg=0x58840000 cmp=com.android.stk/.StkDialogActivity (has extras)} from pid 740
05-05 17:23:07.139   532   803 D PowerManagerService: updateWakeLockSummaryLocked: mWakefulness=Awake, mWakeLockSummary=0x1
05-05 17:23:07.139   532   803 D PowerManagerService: updateScreenStateLocked: mDisplayReady=true, newScreenState=2, mWakefulness=1, mWakeLockSummary=0x1, mUserActivitySummary=0x5, mBootCompleted=true
05-05 17:23:07.139   532   563 D PowerManagerService: handleSandman: canDream=true, mWakefulness=Awake
05-05 17:23:07.146   532   709 W ContextImpl: Calling a method in the system process without a qualified user: android.app.ContextImpl.sendBroadcast:1042 com.android.server.am.ActivityStack.resumeTopActivityLocked:1687 com.android.server.am.ActivityStack.resumeTopActivityLocked:1447 com.android.server.am.ActivityStack.completePauseLocked:1192 com.android.server.am.ActivityStack.activityPaused:1089 
05-05 17:23:07.350   532   594 D WifiStateMachine: fetchRssiAndLinkSpeedNative signalPoll=RSSI=-38
05-05 17:23:07.350   532   594 D WifiStateMachine: LINKSPEED=48
05-05 17:23:07.350   532   594 D WifiStateMachine: NOISE=9999
05-05 17:23:07.350   532   594 D WifiStateMachine: FREQUENCY=0
05-05 17:23:07.350   532   594 D WifiStateMachine: fetchRssiAndLinkSpeedNative newRssi=-38
05-05 17:23:07.350   532   594 D WifiStateMachine: fetchRssiAndLinkSpeedNative newSignalLevel=4
05-05 17:23:07.389   532   774 D PowerManagerService: updateWakeLockSummaryLocked: mWakefulness=Awake, mWakeLockSummary=0x1
05-05 17:23:07.389   532   774 D PowerManagerService: updateScreenStateLocked: mDisplayReady=true, newScreenState=2, mWakefulness=1, mWakeLockSummary=0x1, mUserActivitySummary=0x5, mBootCompleted=true
05-05 17:23:07.389   532   563 D PowerManagerService: handleSandman: canDream=true, mWakefulness=Awake
05-05 17:23:07.818   532   710 I ActivityManager: Process com.android.calendar (pid 1018) has died.
05-05 17:23:07.818   532   710 W ActivityManager: send smart intent packageName=com.android.calendar
05-05 17:23:07.818   532   710 W ContextImpl: Calling a method in the system process without a qualified user: android.app.ContextImpl.sendBroadcast:1042 com.android.server.am.ActivityManagerService.handleAppDiedLocked:3033 com.android.server.am.ActivityManagerService.appDiedLocked:3145 com.android.server.am.ActivityManagerService$AppDeathRecipient.binderDied:898 android.os.BinderProxy.sendDeathNotice:470 
05-05 17:23:07.818   532   546 D NotificationService: Receive ACTION_PROCESS_DIED pkg:com.android.calendar
05-05 17:23:07.842   532   591 D PowerManagerService: updateWakeLockSummaryLocked: mWakefulness=Awake, mWakeLockSummary=0x1
05-05 17:23:07.842   532   591 D PowerManagerService: updateScreenStateLocked: mDisplayReady=true, newScreenState=2, mWakefulness=1, mWakeLockSummary=0x1, mUserActivitySummary=0x5, mBootCompleted=true
05-05 17:23:07.842   532   563 D PowerManagerService: handleSandman: canDream=true, mWakefulness=Awake
05-05 17:23:07.850   532   591 D PowerManagerService: updateWakeLockSummaryLocked: mWakefulness=Awake, mWakeLockSummary=0x1
05-05 17:23:07.850   532   591 D PowerManagerService: updateScreenStateLocked: mDisplayReady=true, newScreenState=2, mWakefulness=1, mWakeLockSummary=0x1, mUserActivitySummary=0x5, mBootCompleted=true
05-05 17:23:07.850   532   563 D PowerManagerService: handleSandman: canDream=true, mWakefulness=Awake
05-05 17:23:08.303   616   616 D CarrierLabel: strPlmn=中国移动 3G
05-05 17:23:08.303   616   616 D StatusBar.NetworkController: onServiceStateChanged state=0
05-05 17:23:08.303   616   616 D StatusBar.NetworkController: updateTelephonySignalStrengthLte: !hasLTEService()
05-05 17:23:09.271   532   563 D PowerManagerService: handleUserActivityTimeout
05-05 17:23:09.271   532   563 D PowerManagerService: updateUserActivitySummaryLocked: mWakefulness=Awake, mUserActivitySummary=0x1, nextTimeout=1822017 (in 1784997 ms)
05-05 17:23:09.287   532   563 D PowerManagerService: updateScreenStateLocked: mDisplayReady=true, newScreenState=2, mWakefulness=1, mWakeLockSummary=0x1, mUserActivitySummary=0x1, mBootCompleted=true
05-05 17:23:09.287   532   563 D PowerManagerService: handleSandman: canDream=true, mWakefulness=Awake
05-05 17:23:10.029   616   616 D StatusBar.NetworkController: updateTelephonySignalStrengthLte: !hasLTEService()
05-05 17:23:10.037   616   616 D StatusBar.NetworkController: updateTelephonySignalStrengthLte: !hasLTEService()
05-05 17:23:10.365   532   611 D PermissionCheckService: mUserReceiver  action = android.intent.action.PACKAGE_CHANGED
05-05 17:23:10.365   532   611 D PermissionCheckService: ACTION_PACKAGE_CHANGED     pkg = com.android.stk
05-05 17:23:10.381   532   709 V ActivityManager: ### send app launch event intent.
05-05 17:23:10.396   532   709 W ContextImpl: Calling a method in the system process without a qualified user: android.app.ContextImpl.sendBroadcast:1042 com.android.server.am.ActivityManagerService.startProcessLocked:2217 com.android.server.am.ActivityManagerService.startProcessLocked:2113 com.android.server.am.BroadcastQueue.processNextBroadcast:829 com.android.server.am.ActivityManagerService.finishReceiver:12534 
05-05 17:23:10.396   532   709 I ActivityManager: Start proc com.android.gallery3d for broadcast com.android.gallery3d/.app.PackagesMonitor: pid=1531 uid=10014 gids={50014, 1006, 3003, 1015, 1028}
05-05 17:23:10.506   532   709 V ActivityManager: ### send app launch event intent.
05-05 17:23:10.506   532   594 D WifiStateMachine: fetchRssiAndLinkSpeedNative signalPoll=RSSI=-40
05-05 17:23:10.506   532   594 D WifiStateMachine: LINKSPEED=48
05-05 17:23:10.506   532   594 D WifiStateMachine: NOISE=9999
05-05 17:23:10.506   532   594 D WifiStateMachine: FREQUENCY=0
05-05 17:23:10.506   532   594 D WifiStateMachine: fetchRssiAndLinkSpeedNative newRssi=-40
05-05 17:23:10.506   532   709 W ContextImpl: Calling a method in the system process without a qualified user: android.app.ContextImpl.sendBroadcast:1042 com.android.server.am.ActivityManagerService.startProcessLocked:2217 com.android.server.am.ActivityManagerService.startProcessLocked:2113 com.android.server.am.BroadcastQueue.processNextBroadcast:829 com.android.server.am.ActivityManagerService.finishReceiver:12534 
05-05 17:23:10.506   532   594 D WifiStateMachine: fetchRssiAndLinkSpeedNative newSignalLevel=4
05-05 17:23:10.514   532   709 I ActivityManager: Start proc com.android.launcher for broadcast com.android.launcher/com.android.launcher2.PackageChangedReceiver: pid=1547 uid=10027 gids={50027, 1028}
05-05 17:23:10.568   532   785 D PowerManagerService: updateWakeLockSummaryLocked: mWakefulness=Awake, mWakeLockSummary=0x1
05-05 17:23:10.568   532   785 D PowerManagerService: updateScreenStateLocked: mDisplayReady=true, newScreenState=2, mWakefulness=1, mWakeLockSummary=0x1, mUserActivitySummary=0x1, mBootCompleted=true
05-05 17:23:10.568   532   563 D PowerManagerService: handleSandman: canDream=true, mWakefulness=Awake
05-05 17:23:10.568   532   802 D PowerManagerService: updateWakeLockSummaryLocked: mWakefulness=Awake, mWakeLockSummary=0x1
05-05 17:23:10.568   532   802 D PowerManagerService: updateScreenStateLocked: mDisplayReady=true, newScreenState=2, mWakefulness=1, mWakeLockSummary=0x1, mUserActivitySummary=0x1, mBootCompleted=true
05-05 17:23:10.568   532   563 D PowerManagerService: handleSandman: canDream=true, mWakefulness=Awake
05-05 17:23:10.568   532   710 D PowerManagerService: updateWakeLockSummaryLocked: mWakefulness=Awake, mWakeLockSummary=0x1
05-05 17:23:10.568   532   710 D PowerManagerService: updateScreenStateLocked: mDisplayReady=true, newScreenState=2, mWakefulness=1, mWakeLockSummary=0x1, mUserActivitySummary=0x1, mBootCompleted=true
05-05 17:23:10.568   532   563 D PowerManagerService: handleSandman: canDream=true, mWakefulness=Awake
05-05 17:23:10.568   532   960 D PowerManagerService: updateWakeLockSummaryLocked: mWakefulness=Awake, mWakeLockSummary=0x1
05-05 17:23:10.568   532   960 D PowerManagerService: updateScreenStateLocked: mDisplayReady=true, newScreenState=2, mWakefulness=1, mWakeLockSummary=0x1, mUserActivitySummary=0x1, mBootCompleted=true
05-05 17:23:10.576   532   563 D PowerManagerService: handleSandman: canDream=true, mWakefulness=Awake
05-05 17:23:10.576   532   543 D PowerManagerService: updateWakeLockSummaryLocked: mWakefulness=Awake, mWakeLockSummary=0x1
05-05 17:23:10.576   532   543 D PowerManagerService: updateScreenStateLocked: mDisplayReady=true, newScreenState=2, mWakefulness=1, mWakeLockSummary=0x1, mUserActivitySummary=0x1, mBootCompleted=true
05-05 17:23:10.576   532   563 D PowerManagerService: handleSandman: canDream=true, mWakefulness=Awake
05-05 17:23:10.576   532   774 D PowerManagerService: updateWakeLockSummaryLocked: mWakefulness=Awake, mWakeLockSummary=0x1
05-05 17:23:10.576   532   774 D PowerManagerService: updateScreenStateLocked: mDisplayReady=true, newScreenState=2, mWakefulness=1, mWakeLockSummary=0x1, mUserActivitySummary=0x1, mBootCompleted=true
05-05 17:23:10.576   532   563 D PowerManagerService: handleSandman: canDream=true, mWakefulness=Awake
05-05 17:23:10.576   532   532 D PowerManagerService: updateWakeLockSummaryLocked: mWakefulness=Awake, mWakeLockSummary=0x1
05-05 17:23:10.576   532   532 D PowerManagerService: updateScreenStateLocked: mDisplayReady=true, newScreenState=2, mWakefulness=1, mWakeLockSummary=0x1, mUserActivitySummary=0x1, mBootCompleted=true
05-05 17:23:10.576   532   563 D PowerManagerService: handleSandman: canDream=true, mWakefulness=Awake
05-05 17:23:10.576   532   803 D PowerManagerService: updateWakeLockSummaryLocked: mWakefulness=Awake, mWakeLockSummary=0x1
05-05 17:23:10.576   532   803 D PowerManagerService: updateScreenStateLocked: mDisplayReady=true, newScreenState=2, mWakefulness=1, mWakeLockSummary=0x1, mUserActivitySummary=0x1, mBootCompleted=true
05-05 17:23:10.576   532   563 D PowerManagerService: handleSandman: canDream=true, mWakefulness=Awake
05-05 17:23:10.592   616   616 D StatusBar.NetworkController: onServiceStateChanged state=0
05-05 17:23:10.592   616   616 D StatusBar.NetworkController: updateTelephonySignalStrengthLte: !hasLTEService()
05-05 17:23:10.600   616   616 D StatusBar.NetworkController: onDataConnectionStateChanged: state=0 networkType=8
05-05 17:23:10.600   616   616 D StatusBar.NetworkController: updateDataIcon
05-05 17:23:10.600   532   546 D MobileDataStateTracker: default: Received state=DISCONNECTED, old=DISCONNECTED, reason=(unspecified)
05-05 17:23:10.959   532   960 D PowerManagerService: updateWakeLockSummaryLocked: mWakefulness=Awake, mWakeLockSummary=0x1
05-05 17:23:10.959   532   960 D PowerManagerService: updateScreenStateLocked: mDisplayReady=true, newScreenState=2, mWakefulness=1, mWakeLockSummary=0x1, mUserActivitySummary=0x1, mBootCompleted=true
05-05 17:23:10.967   532   563 D PowerManagerService: handleSandman: canDream=true, mWakefulness=Awake
05-05 17:23:11.006   532   532 D PowerManagerService: updateWakeLockSummaryLocked: mWakefulness=Awake, mWakeLockSummary=0x1
05-05 17:23:11.006   532   532 D PowerManagerService: updateScreenStateLocked: mDisplayReady=true, newScreenState=2, mWakefulness=1, mWakeLockSummary=0x1, mUserActivitySummary=0x1, mBootCompleted=true
05-05 17:23:11.006   532   563 D PowerManagerService: handleSandman: canDream=true, mWakefulness=Awake
05-05 17:23:11.061   532   802 D PowerManagerService: updateWakeLockSummaryLocked: mWakefulness=Awake, mWakeLockSummary=0x1
05-05 17:23:11.061   532   802 D PowerManagerService: updateScreenStateLocked: mDisplayReady=true, newScreenState=2, mWakefulness=1, mWakeLockSummary=0x1, mUserActivitySummary=0x1, mBootCompleted=true
05-05 17:23:11.061   532   563 D PowerManagerService: handleSandman: canDream=true, mWakefulness=Awake
05-05 17:23:11.076   532   803 D PowerManagerService: updateWakeLockSummaryLocked: mWakefulness=Awake, mWakeLockSummary=0x1
05-05 17:23:11.076   532   803 D PowerManagerService: updateScreenStateLocked: mDisplayReady=true, newScreenState=2, mWakefulness=1, mWakeLockSummary=0x1, mUserActivitySummary=0x1, mBootCompleted=true
05-05 17:23:11.076   532   563 D PowerManagerService: handleSandman: canDream=true, mWakefulness=Awake
05-05 17:23:11.084   532   960 D PowerManagerService: updateWakeLockSummaryLocked: mWakefulness=Awake, mWakeLockSummary=0x1
05-05 17:23:11.084   532   960 D PowerManagerService: updateScreenStateLocked: mDisplayReady=true, newScreenState=2, mWakefulness=1, mWakeLockSummary=0x1, mUserActivitySummary=0x1, mBootCompleted=true
05-05 17:23:11.084   532   563 D PowerManagerService: handleSandman: canDream=true, mWakefulness=Awake
05-05 17:23:11.100   532   812 D PowerManagerService: updateWakeLockSummaryLocked: mWakefulness=Awake, mWakeLockSummary=0x1
05-05 17:23:11.100   532   812 D PowerManagerService: updateScreenStateLocked: mDisplayReady=true, newScreenState=2, mWakefulness=1, mWakeLockSummary=0x1, mUserActivitySummary=0x1, mBootCompleted=true
05-05 17:23:11.100   532   563 D PowerManagerService: handleSandman: canDream=true, mWakefulness=Awake
05-05 17:23:11.115   532   785 D PowerManagerService: updateWakeLockSummaryLocked: mWakefulness=Awake, mWakeLockSummary=0x1
05-05 17:23:11.115   532   785 D PowerManagerService: updateScreenStateLocked: mDisplayReady=true, newScreenState=2, mWakefulness=1, mWakeLockSummary=0x1, mUserActivitySummary=0x1, mBootCompleted=true
05-05 17:23:11.115   532   563 D PowerManagerService: handleSandman: canDream=true, mWakefulness=Awake
05-05 17:23:11.131   532   532 D PowerManagerService: updateWakeLockSummaryLocked: mWakefulness=Awake, mWakeLockSummary=0x1
05-05 17:23:11.131   532   532 D PowerManagerService: updateScreenStateLocked: mDisplayReady=true, newScreenState=2, mWakefulness=1, mWakeLockSummary=0x1, mUserActivitySummary=0x1, mBootCompleted=true
05-05 17:23:11.131   532   563 D PowerManagerService: handleSandman: canDream=true, mWakefulness=Awake
05-05 17:23:11.139   532   710 D PowerManagerService: updateWakeLockSummaryLocked: mWakefulness=Awake, mWakeLockSummary=0x1
05-05 17:23:11.139   532   710 D PowerManagerService: updateScreenStateLocked: mDisplayReady=true, newScreenState=2, mWakefulness=1, mWakeLockSummary=0x1, mUserActivitySummary=0x1, mBootCompleted=true
05-05 17:23:11.139   532   563 D PowerManagerService: handleSandman: canDream=true, mWakefulness=Awake
05-05 17:23:11.154   532   960 D PowerManagerService: updateWakeLockSummaryLocked: mWakefulness=Awake, mWakeLockSummary=0x1
05-05 17:23:11.154   532   960 D PowerManagerService: updateScreenStateLocked: mDisplayReady=true, newScreenState=2, mWakefulness=1, mWakeLockSummary=0x1, mUserActivitySummary=0x1, mBootCompleted=true
05-05 17:23:11.154   532   563 D PowerManagerService: handleSandman: canDream=true, mWakefulness=Awake
05-05 17:23:11.170   532   709 D PowerManagerService: updateWakeLockSummaryLocked: mWakefulness=Awake, mWakeLockSummary=0x1
05-05 17:23:11.170   532   709 D PowerManagerService: updateScreenStateLocked: mDisplayReady=true, newScreenState=2, mWakefulness=1, mWakeLockSummary=0x1, mUserActivitySummary=0x1, mBootCompleted=true
05-05 17:23:11.170   532   563 D PowerManagerService: handleSandman: canDream=true, mWakefulness=Awake
05-05 17:23:11.186   532   532 D PowerManagerService: updateWakeLockSummaryLocked: mWakefulness=Awake, mWakeLockSummary=0x1
05-05 17:23:11.186   532   532 D PowerManagerService: updateScreenStateLocked: mDisplayReady=true, newScreenState=2, mWakefulness=1, mWakeLockSummary=0x1, mUserActivitySummary=0x1, mBootCompleted=true
05-05 17:23:11.186   532   563 D PowerManagerService: handleSandman: canDream=true, mWakefulness=Awake
05-05 17:23:11.225   532   814 D PowerManagerService: updateWakeLockSummaryLocked: mWakefulness=Awake, mWakeLockSummary=0x1
05-05 17:23:11.225   532   814 D PowerManagerService: updateScreenStateLocked: mDisplayReady=true, newScreenState=2, mWakefulness=1, mWakeLockSummary=0x1, mUserActivitySummary=0x1, mBootCompleted=true
05-05 17:23:11.225   532   563 D PowerManagerService: handleSandman: canDream=true, mWakefulness=Awake
05-05 17:23:11.279   532   802 D PowerManagerService: updateWakeLockSummaryLocked: mWakefulness=Awake, mWakeLockSummary=0x1
05-05 17:23:11.279   532   802 D PowerManagerService: updateScreenStateLocked: mDisplayReady=true, newScreenState=2, mWakefulness=1, mWakeLockSummary=0x1, mUserActivitySummary=0x1, mBootCompleted=true
05-05 17:23:11.279   532   563 D PowerManagerService: handleSandman: canDream=true, mWakefulness=Awake
05-05 17:23:11.357   532   710 D PowerManagerService: updateWakeLockSummaryLocked: mWakefulness=Awake, mWakeLockSummary=0x1
05-05 17:23:11.357   532   710 D PowerManagerService: updateScreenStateLocked: mDisplayReady=true, newScreenState=2, mWakefulness=1, mWakeLockSummary=0x1, mUserActivitySummary=0x1, mBootCompleted=true
05-05 17:23:11.357   532   563 D PowerManagerService: handleSandman: canDream=true, mWakefulness=Awake
05-05 17:23:11.373   532   543 D PowerManagerService: updateWakeLockSummaryLocked: mWakefulness=Awake, mWakeLockSummary=0x1
05-05 17:23:11.373   532   543 D PowerManagerService: updateScreenStateLocked: mDisplayReady=true, newScreenState=2, mWakefulness=1, mWakeLockSummary=0x1, mUserActivitySummary=0x1, mBootCompleted=true
05-05 17:23:11.373   532   563 D PowerManagerService: handleSandman: canDream=true, mWakefulness=Awake
05-05 17:23:11.396   532   544 D PowerManagerService: updateWakeLockSummaryLocked: mWakefulness=Awake, mWakeLockSummary=0x1
05-05 17:23:11.396   532   544 D PowerManagerService: updateScreenStateLocked: mDisplayReady=true, newScreenState=2, mWakefulness=1, mWakeLockSummary=0x1, mUserActivitySummary=0x1, mBootCompleted=true
05-05 17:23:11.396   532   563 D PowerManagerService: handleSandman: canDream=true, mWakefulness=Awake
05-05 17:23:11.412   532   710 D PowerManagerService: updateWakeLockSummaryLocked: mWakefulness=Awake, mWakeLockSummary=0x1
05-05 17:23:11.412   532   710 D PowerManagerService: updateScreenStateLocked: mDisplayReady=true, newScreenState=2, mWakefulness=1, mWakeLockSummary=0x1, mUserActivitySummary=0x1, mBootCompleted=true
05-05 17:23:11.412   532   563 D PowerManagerService: handleSandman: canDream=true, mWakefulness=Awake
05-05 17:23:11.428   532   532 D PowerManagerService: updateWakeLockSummaryLocked: mWakefulness=Awake, mWakeLockSummary=0x1
05-05 17:23:11.428   532   532 D PowerManagerService: updateScreenStateLocked: mDisplayReady=true, newScreenState=2, mWakefulness=1, mWakeLockSummary=0x1, mUserActivitySummary=0x1, mBootCompleted=true
05-05 17:23:11.428   532   563 D PowerManagerService: handleSandman: canDream=true, mWakefulness=Awake
05-05 17:23:11.451   532   803 D PowerManagerService: updateWakeLockSummaryLocked: mWakefulness=Awake, mWakeLockSummary=0x1
05-05 17:23:11.451   532   803 D PowerManagerService: updateScreenStateLocked: mDisplayReady=true, newScreenState=2, mWakefulness=1, mWakeLockSummary=0x1, mUserActivitySummary=0x1, mBootCompleted=true
05-05 17:23:11.451   532   563 D PowerManagerService: handleSandman: canDream=true, mWakefulness=Awake
05-05 17:23:11.467   532   544 D PowerManagerService: updateWakeLockSummaryLocked: mWakefulness=Awake, mWakeLockSummary=0x1
05-05 17:23:11.467   532   544 D PowerManagerService: updateScreenStateLocked: mDisplayReady=true, newScreenState=2, mWakefulness=1, mWakeLockSummary=0x1, mUserActivitySummary=0x1, mBootCompleted=true
05-05 17:23:11.467   532   563 D PowerManagerService: handleSandman: canDream=true, mWakefulness=Awake
05-05 17:23:11.482   532   812 D PowerManagerService: updateWakeLockSummaryLocked: mWakefulness=Awake, mWakeLockSummary=0x1
05-05 17:23:11.482   532   812 D PowerManagerService: updateScreenStateLocked: mDisplayReady=true, newScreenState=2, mWakefulness=1, mWakeLockSummary=0x1, mUserActivitySummary=0x1, mBootCompleted=true
05-05 17:23:11.482   532   563 D PowerManagerService: handleSandman: canDream=true, mWakefulness=Awake
05-05 17:23:11.498   532   814 D PowerManagerService: updateWakeLockSummaryLocked: mWakefulness=Awake, mWakeLockSummary=0x1
05-05 17:23:11.498   532   814 D PowerManagerService: updateScreenStateLocked: mDisplayReady=true, newScreenState=2, mWakefulness=1, mWakeLockSummary=0x1, mUserActivitySummary=0x1, mBootCompleted=true
05-05 17:23:11.498   532   563 D PowerManagerService: handleSandman: canDream=true, mWakefulness=Awake
05-05 17:23:11.514   532   543 D PowerManagerService: updateWakeLockSummaryLocked: mWakefulness=Awake, mWakeLockSummary=0x1
05-05 17:23:11.514   532   543 D PowerManagerService: updateScreenStateLocked: mDisplayReady=true, newScreenState=2, mWakefulness=1, mWakeLockSummary=0x1, mUserActivitySummary=0x1, mBootCompleted=true
05-05 17:23:11.514   532   563 D PowerManagerService: handleSandman: canDream=true, mWakefulness=Awake
05-05 17:23:11.529   532   814 D PowerManagerService: updateWakeLockSummaryLocked: mWakefulness=Awake, mWakeLockSummary=0x1
05-05 17:23:11.529   532   814 D PowerManagerService: updateScreenStateLocked: mDisplayReady=true, newScreenState=2, mWakefulness=1, mWakeLockSummary=0x1, mUserActivitySummary=0x1, mBootCompleted=true
05-05 17:23:11.529   532   563 D PowerManagerService: handleSandman: canDream=true, mWakefulness=Awake
05-05 17:23:11.545   532   802 D PowerManagerService: updateWakeLockSummaryLocked: mWakefulness=Awake, mWakeLockSummary=0x1
05-05 17:23:11.545   532   802 D PowerManagerService: updateScreenStateLocked: mDisplayReady=true, newScreenState=2, mWakefulness=1, mWakeLockSummary=0x1, mUserActivitySummary=0x1, mBootCompleted=true
05-05 17:23:11.545   532   563 D PowerManagerService: handleSandman: canDream=true, mWakefulness=Awake
05-05 17:23:11.561   532   785 D PowerManagerService: updateWakeLockSummaryLocked: mWakefulness=Awake, mWakeLockSummary=0x1
05-05 17:23:11.561   532   785 D PowerManagerService: updateScreenStateLocked: mDisplayReady=true, newScreenState=2, mWakefulness=1, mWakeLockSummary=0x1, mUserActivitySummary=0x1, mBootCompleted=true
05-05 17:23:11.561   532   563 D PowerManagerService: handleSandman: canDream=true, mWakefulness=Awake
05-05 17:23:11.576   532   710 D PowerManagerService: updateWakeLockSummaryLocked: mWakefulness=Awake, mWakeLockSummary=0x1
05-05 17:23:11.584   532   710 D PowerManagerService: updateScreenStateLocked: mDisplayReady=true, newScreenState=2, mWakefulness=1, mWakeLockSummary=0x1, mUserActivitySummary=0x1, mBootCompleted=true
05-05 17:23:11.584   532   563 D PowerManagerService: handleSandman: canDream=true, mWakefulness=Awake
05-05 17:23:11.600   532   591 D PowerManagerService: updateWakeLockSummaryLocked: mWakefulness=Awake, mWakeLockSummary=0x1
05-05 17:23:11.600   532   591 D PowerManagerService: updateScreenStateLocked: mDisplayReady=true, newScreenState=2, mWakefulness=1, mWakeLockSummary=0x1, mUserActivitySummary=0x1, mBootCompleted=true
05-05 17:23:11.600   532   563 D PowerManagerService: handleSandman: canDream=true, mWakefulness=Awake
05-05 17:23:11.607   532   709 D PowerManagerService: updateWakeLockSummaryLocked: mWakefulness=Awake, mWakeLockSummary=0x1
05-05 17:23:11.607   532   709 D PowerManagerService: updateScreenStateLocked: mDisplayReady=true, newScreenState=2, mWakefulness=1, mWakeLockSummary=0x1, mUserActivitySummary=0x1, mBootCompleted=true
05-05 17:23:11.607   532   563 D PowerManagerService: handleSandman: canDream=true, mWakefulness=Awake
05-05 17:23:11.615   532   591 D PowerManagerService: updateWakeLockSummaryLocked: mWakefulness=Awake, mWakeLockSummary=0x1
05-05 17:23:11.615   532   591 D PowerManagerService: updateScreenStateLocked: mDisplayReady=true, newScreenState=2, mWakefulness=1, mWakeLockSummary=0x1, mUserActivitySummary=0x1, mBootCompleted=true
05-05 17:23:11.615   532   563 D PowerManagerService: handleSandman: canDream=true, mWakefulness=Awake
05-05 17:23:11.623   532   543 D PowerManagerService: updateWakeLockSummaryLocked: mWakefulness=Awake, mWakeLockSummary=0x1
05-05 17:23:11.623   532   543 D PowerManagerService: updateScreenStateLocked: mDisplayReady=true, newScreenState=2, mWakefulness=1, mWakeLockSummary=0x1, mUserActivitySummary=0x1, mBootCompleted=true
05-05 17:23:11.623   532   563 D PowerManagerService: handleSandman: canDream=true, mWakefulness=Awake
05-05 17:23:11.639   532   774 D PowerManagerService: updateWakeLockSummaryLocked: mWakefulness=Awake, mWakeLockSummary=0x1
05-05 17:23:11.639   532   774 D PowerManagerService: updateScreenStateLocked: mDisplayReady=true, newScreenState=2, mWakefulness=1, mWakeLockSummary=0x1, mUserActivitySummary=0x1, mBootCompleted=true
05-05 17:23:11.639   532   563 D PowerManagerService: handleSandman: canDream=true, mWakefulness=Awake
05-05 17:23:11.654   532   532 D PowerManagerService: updateWakeLockSummaryLocked: mWakefulness=Awake, mWakeLockSummary=0x1
05-05 17:23:11.654   532   532 D PowerManagerService: updateScreenStateLocked: mDisplayReady=true, newScreenState=2, mWakefulness=1, mWakeLockSummary=0x1, mUserActivitySummary=0x1, mBootCompleted=true
05-05 17:23:11.654   532   563 D PowerManagerService: handleSandman: canDream=true, mWakefulness=Awake
05-05 17:23:11.670   532   803 D PowerManagerService: updateWakeLockSummaryLocked: mWakefulness=Awake, mWakeLockSummary=0x1
05-05 17:23:11.670   532   803 D PowerManagerService: updateScreenStateLocked: mDisplayReady=true, newScreenState=2, mWakefulness=1, mWakeLockSummary=0x1, mUserActivitySummary=0x1, mBootCompleted=true
05-05 17:23:11.670   532   563 D PowerManagerService: handleSandman: canDream=true, mWakefulness=Awake
05-05 17:23:11.686   532   544 D PowerManagerService: updateWakeLockSummaryLocked: mWakefulness=Awake, mWakeLockSummary=0x1
05-05 17:23:11.686   532   544 D PowerManagerService: updateScreenStateLocked: mDisplayReady=true, newScreenState=2, mWakefulness=1, mWakeLockSummary=0x1, mUserActivitySummary=0x1, mBootCompleted=true
05-05 17:23:11.686   532   563 D PowerManagerService: handleSandman: canDream=true, mWakefulness=Awake
05-05 17:23:11.701   532   812 D PowerManagerService: updateWakeLockSummaryLocked: mWakefulness=Awake, mWakeLockSummary=0x1
05-05 17:23:11.701   532   812 D PowerManagerService: updateScreenStateLocked: mDisplayReady=true, newScreenState=2, mWakefulness=1, mWakeLockSummary=0x1, mUserActivitySummary=0x1, mBootCompleted=true
05-05 17:23:11.701   532   563 D PowerManagerService: handleSandman: canDream=true, mWakefulness=Awake
05-05 17:23:11.717   532   814 D PowerManagerService: updateWakeLockSummaryLocked: mWakefulness=Awake, mWakeLockSummary=0x1
05-05 17:23:11.717   532   814 D PowerManagerService: updateScreenStateLocked: mDisplayReady=true, newScreenState=2, mWakefulness=1, mWakeLockSummary=0x1, mUserActivitySummary=0x1, mBootCompleted=true
05-05 17:23:11.717   532   563 D PowerManagerService: handleSandman: canDream=true, mWakefulness=Awake
05-05 17:23:11.732   532   710 D PowerManagerService: updateWakeLockSummaryLocked: mWakefulness=Awake, mWakeLockSummary=0x1
