05-05 17:23:14.412   532   543 D PowerManagerService: updateScreenStateLocked: mDisplayReady=true, newScreenState=2, mWakefulness=1, mWakeLockSummary=0x1, mUserActivitySummary=0x1, mBootCompleted=true
05-05 17:23:14.412   532   563 D PowerManagerService: handleSandman: canDream=true, mWakefulness=Awake
05-05 17:23:14.436   532   774 D PowerManagerService: updateWakeLockSummaryLocked: mWakefulness=Awake, mWakeLockSummary=0x1
05-05 17:23:14.436   532   774 D PowerManagerService: updateScreenStateLocked: mDisplayReady=true, newScreenState=2, mWakefulness=1, mWakeLockSummary=0x1, mUserActivitySummary=0x1, mBootCompleted=true
05-05 17:23:14.436   532   563 D PowerManagerService: handleSandman: canDream=true, mWakefulness=Awake
05-05 17:23:14.459   532   532 D PowerManagerService: updateWakeLockSummaryLocked: mWakefulness=Awake, mWakeLockSummary=0x1
05-05 17:23:14.459   532   532 D PowerManagerService: updateScreenStateLocked: mDisplayReady=true, newScreenState=2, mWakefulness=1, mWakeLockSummary=0x1, mUserActivitySummary=0x1, mBootCompleted=true
05-05 17:23:14.459   532   563 D PowerManagerService: handleSandman: canDream=true, mWakefulness=Awake
05-05 17:23:14.482   532   544 D PowerManagerService: updateWakeLockSummaryLocked: mWakefulness=Awake, mWakeLockSummary=0x1
05-05 17:23:14.482   532   544 D PowerManagerService: updateScreenStateLocked: mDisplayReady=true, newScreenState=2, mWakefulness=1, mWakeLockSummary=0x1, mUserActivitySummary=0x1, mBootCompleted=true
05-05 17:23:14.482   532   563 D PowerManagerService: handleSandman: canDream=true, mWakefulness=Awake
05-05 17:23:14.506   532   812 D PowerManagerService: updateWakeLockSummaryLocked: mWakefulness=Awake, mWakeLockSummary=0x1
05-05 17:23:14.506   532   812 D PowerManagerService: updateScreenStateLocked: mDisplayReady=true, newScreenState=2, mWakefulness=1, mWakeLockSummary=0x1, mUserActivitySummary=0x1, mBootCompleted=true
05-05 17:23:14.506   532   563 D PowerManagerService: handleSandman: canDream=true, mWakefulness=Awake
05-05 17:23:14.529   532   814 D PowerManagerService: updateWakeLockSummaryLocked: mWakefulness=Awake, mWakeLockSummary=0x1
05-05 17:23:14.529   532   814 D PowerManagerService: updateScreenStateLocked: mDisplayReady=true, newScreenState=2, mWakefulness=1, mWakeLockSummary=0x1, mUserActivitySummary=0x1, mBootCompleted=true
05-05 17:23:14.529   532   563 D PowerManagerService: handleSandman: canDream=true, mWakefulness=Awake
05-05 17:23:14.553   532   803 D PowerManagerService: updateWakeLockSummaryLocked: mWakefulness=Awake, mWakeLockSummary=0x1
05-05 17:23:14.553   532   803 D PowerManagerService: updateScreenStateLocked: mDisplayReady=true, newScreenState=2, mWakefulness=1, mWakeLockSummary=0x1, mUserActivitySummary=0x1, mBootCompleted=true
05-05 17:23:14.553   532   563 D PowerManagerService: handleSandman: canDream=true, mWakefulness=Awake
05-05 17:23:14.576   532   802 D PowerManagerService: updateWakeLockSummaryLocked: mWakefulness=Awake, mWakeLockSummary=0x1
05-05 17:23:14.576   532   802 D PowerManagerService: updateScreenStateLocked: mDisplayReady=true, newScreenState=2, mWakefulness=1, mWakeLockSummary=0x1, mUserActivitySummary=0x1, mBootCompleted=true
05-05 17:23:14.576   532   563 D PowerManagerService: handleSandman: canDream=true, mWakefulness=Awake
05-05 17:23:14.592   532   785 D PowerManagerService: updateWakeLockSummaryLocked: mWakefulness=Awake, mWakeLockSummary=0x1
05-05 17:23:14.592   532   785 D PowerManagerService: updateScreenStateLocked: mDisplayReady=true, newScreenState=2, mWakefulness=1, mWakeLockSummary=0x1, mUserActivitySummary=0x1, mBootCompleted=true
05-05 17:23:14.600   532   563 D PowerManagerService: handleSandman: canDream=true, mWakefulness=Awake
05-05 17:23:14.615   532   710 D PowerManagerService: updateWakeLockSummaryLocked: mWakefulness=Awake, mWakeLockSummary=0x1
05-05 17:23:14.615   532   710 D PowerManagerService: updateScreenStateLocked: mDisplayReady=true, newScreenState=2, mWakefulness=1, mWakeLockSummary=0x1, mUserActivitySummary=0x1, mBootCompleted=true
05-05 17:23:14.623   532   563 D PowerManagerService: handleSandman: canDream=true, mWakefulness=Awake
05-05 17:23:14.639   532   960 D PowerManagerService: updateWakeLockSummaryLocked: mWakefulness=Awake, mWakeLockSummary=0x1
05-05 17:23:14.646   532   960 D PowerManagerService: updateScreenStateLocked: mDisplayReady=true, newScreenState=2, mWakefulness=1, mWakeLockSummary=0x1, mUserActivitySummary=0x1, mBootCompleted=true
05-05 17:23:14.646   532   563 D PowerManagerService: handleSandman: canDream=true, mWakefulness=Awake
05-05 17:23:14.662   532   709 D PowerManagerService: updateWakeLockSummaryLocked: mWakefulness=Awake, mWakeLockSummary=0x1
05-05 17:23:14.662   532   709 D PowerManagerService: updateScreenStateLocked: mDisplayReady=true, newScreenState=2, mWakefulness=1, mWakeLockSummary=0x1, mUserActivitySummary=0x1, mBootCompleted=true
05-05 17:23:14.662   532   563 D PowerManagerService: handleSandman: canDream=true, mWakefulness=Awake
05-05 17:23:14.686   532   543 D PowerManagerService: updateWakeLockSummaryLocked: mWakefulness=Awake, mWakeLockSummary=0x1
05-05 17:23:14.686   532   543 D PowerManagerService: updateScreenStateLocked: mDisplayReady=true, newScreenState=2, mWakefulness=1, mWakeLockSummary=0x1, mUserActivitySummary=0x1, mBootCompleted=true
05-05 17:23:14.686   532   563 D PowerManagerService: handleSandman: canDream=true, mWakefulness=Awake
05-05 17:23:14.709   532   774 D PowerManagerService: updateWakeLockSummaryLocked: mWakefulness=Awake, mWakeLockSummary=0x1
05-05 17:23:14.709   532   774 D PowerManagerService: updateScreenStateLocked: mDisplayReady=true, newScreenState=2, mWakefulness=1, mWakeLockSummary=0x1, mUserActivitySummary=0x1, mBootCompleted=true
05-05 17:23:14.709   532   563 D PowerManagerService: handleSandman: canDream=true, mWakefulness=Awake
05-05 17:23:14.732   532   532 D PowerManagerService: updateWakeLockSummaryLocked: mWakefulness=Awake, mWakeLockSummary=0x1
05-05 17:23:14.732   532   532 D PowerManagerService: updateScreenStateLocked: mDisplayReady=true, newScreenState=2, mWakefulness=1, mWakeLockSummary=0x1, mUserActivitySummary=0x1, mBootCompleted=true
05-05 17:23:14.732   532   563 D PowerManagerService: handleSandman: canDream=true, mWakefulness=Awake
05-05 17:23:14.756   532   544 D PowerManagerService: updateWakeLockSummaryLocked: mWakefulness=Awake, mWakeLockSummary=0x1
05-05 17:23:14.756   532   544 D PowerManagerService: updateScreenStateLocked: mDisplayReady=true, newScreenState=2, mWakefulness=1, mWakeLockSummary=0x1, mUserActivitySummary=0x1, mBootCompleted=true
05-05 17:23:14.756   532   563 D PowerManagerService: handleSandman: canDream=true, mWakefulness=Awake
05-05 17:23:14.779   532   812 D PowerManagerService: updateWakeLockSummaryLocked: mWakefulness=Awake, mWakeLockSummary=0x1
05-05 17:23:14.779   532   812 D PowerManagerService: updateScreenStateLocked: mDisplayReady=true, newScreenState=2, mWakefulness=1, mWakeLockSummary=0x1, mUserActivitySummary=0x1, mBootCompleted=true
05-05 17:23:14.779   532   563 D PowerManagerService: handleSandman: canDream=true, mWakefulness=Awake
05-05 17:23:14.803   532   814 D PowerManagerService: updateWakeLockSummaryLocked: mWakefulness=Awake, mWakeLockSummary=0x1
05-05 17:23:14.803   532   814 D PowerManagerService: updateScreenStateLocked: mDisplayReady=true, newScreenState=2, mWakefulness=1, mWakeLockSummary=0x1, mUserActivitySummary=0x1, mBootCompleted=true
05-05 17:23:14.803   532   563 D PowerManagerService: handleSandman: canDream=true, mWakefulness=Awake
05-05 17:23:14.826   532   803 D PowerManagerService: updateWakeLockSummaryLocked: mWakefulness=Awake, mWakeLockSummary=0x1
05-05 17:23:14.826   532   803 D PowerManagerService: updateScreenStateLocked: mDisplayReady=true, newScreenState=2, mWakefulness=1, mWakeLockSummary=0x1, mUserActivitySummary=0x1, mBootCompleted=true
05-05 17:23:14.826   532   563 D PowerManagerService: handleSandman: canDream=true, mWakefulness=Awake
05-05 17:23:14.850   532   802 D PowerManagerService: updateWakeLockSummaryLocked: mWakefulness=Awake, mWakeLockSummary=0x1
05-05 17:23:14.850   532   802 D PowerManagerService: updateScreenStateLocked: mDisplayReady=true, newScreenState=2, mWakefulness=1, mWakeLockSummary=0x1, mUserActivitySummary=0x1, mBootCompleted=true
05-05 17:23:14.850   532   563 D PowerManagerService: handleSandman: canDream=true, mWakefulness=Awake
05-05 17:23:14.873   532   785 D PowerManagerService: updateWakeLockSummaryLocked: mWakefulness=Awake, mWakeLockSummary=0x1
05-05 17:23:14.873   532   785 D PowerManagerService: updateScreenStateLocked: mDisplayReady=true, newScreenState=2, mWakefulness=1, mWakeLockSummary=0x1, mUserActivitySummary=0x1, mBootCompleted=true
05-05 17:23:14.873   532   563 D PowerManagerService: handleSandman: canDream=true, mWakefulness=Awake
05-05 17:23:14.896   532   710 D PowerManagerService: updateWakeLockSummaryLocked: mWakefulness=Awake, mWakeLockSummary=0x1
05-05 17:23:14.896   532   710 D PowerManagerService: updateScreenStateLocked: mDisplayReady=true, newScreenState=2, mWakefulness=1, mWakeLockSummary=0x1, mUserActivitySummary=0x1, mBootCompleted=true
05-05 17:23:14.896   532   563 D PowerManagerService: handleSandman: canDream=true, mWakefulness=Awake
05-05 17:23:14.920   532   960 D PowerManagerService: updateWakeLockSummaryLocked: mWakefulness=Awake, mWakeLockSummary=0x1
05-05 17:23:14.920   532   960 D PowerManagerService: updateScreenStateLocked: mDisplayReady=true, newScreenState=2, mWakefulness=1, mWakeLockSummary=0x1, mUserActivitySummary=0x1, mBootCompleted=true
05-05 17:23:14.920   532   563 D PowerManagerService: handleSandman: canDream=true, mWakefulness=Awake
05-05 17:23:14.943   532   709 D PowerManagerService: updateWakeLockSummaryLocked: mWakefulness=Awake, mWakeLockSummary=0x1
05-05 17:23:14.943   532   709 D PowerManagerService: updateScreenStateLocked: mDisplayReady=true, newScreenState=2, mWakefulness=1, mWakeLockSummary=0x1, mUserActivitySummary=0x1, mBootCompleted=true
05-05 17:23:14.943   532   563 D PowerManagerService: handleSandman: canDream=true, mWakefulness=Awake
05-05 17:23:14.967   532   543 D PowerManagerService: updateWakeLockSummaryLocked: mWakefulness=Awake, mWakeLockSummary=0x1
05-05 17:23:14.967   532   543 D PowerManagerService: updateScreenStateLocked: mDisplayReady=true, newScreenState=2, mWakefulness=1, mWakeLockSummary=0x1, mUserActivitySummary=0x1, mBootCompleted=true
05-05 17:23:14.967   532   563 D PowerManagerService: handleSandman: canDream=true, mWakefulness=Awake
05-05 17:23:14.982   532   774 D PowerManagerService: updateWakeLockSummaryLocked: mWakefulness=Awake, mWakeLockSummary=0x1
05-05 17:23:14.982   532   774 D PowerManagerService: updateScreenStateLocked: mDisplayReady=true, newScreenState=2, mWakefulness=1, mWakeLockSummary=0x1, mUserActivitySummary=0x1, mBootCompleted=true
05-05 17:23:14.990   532   563 D PowerManagerService: handleSandman: canDream=true, mWakefulness=Awake
05-05 17:23:15.006   532   532 D PowerManagerService: updateWakeLockSummaryLocked: mWakefulness=Awake, mWakeLockSummary=0x1
05-05 17:23:15.006   532   532 D PowerManagerService: updateScreenStateLocked: mDisplayReady=true, newScreenState=2, mWakefulness=1, mWakeLockSummary=0x1, mUserActivitySummary=0x1, mBootCompleted=true
05-05 17:23:15.006   532   563 D PowerManagerService: handleSandman: canDream=true, mWakefulness=Awake
05-05 17:23:15.029   532   544 D PowerManagerService: updateWakeLockSummaryLocked: mWakefulness=Awake, mWakeLockSummary=0x1
05-05 17:23:15.029   532   544 D PowerManagerService: updateScreenStateLocked: mDisplayReady=true, newScreenState=2, mWakefulness=1, mWakeLockSummary=0x1, mUserActivitySummary=0x1, mBootCompleted=true
05-05 17:23:15.029   532   563 D PowerManagerService: handleSandman: canDream=true, mWakefulness=Awake
05-05 17:23:15.053   532   812 D PowerManagerService: updateWakeLockSummaryLocked: mWakefulness=Awake, mWakeLockSummary=0x1
05-05 17:23:15.053   532   812 D PowerManagerService: updateScreenStateLocked: mDisplayReady=true, newScreenState=2, mWakefulness=1, mWakeLockSummary=0x1, mUserActivitySummary=0x1, mBootCompleted=true
05-05 17:23:15.053   532   563 D PowerManagerService: handleSandman: canDream=true, mWakefulness=Awake
05-05 17:23:15.076   532   814 D PowerManagerService: updateWakeLockSummaryLocked: mWakefulness=Awake, mWakeLockSummary=0x1
05-05 17:23:15.076   532   814 D PowerManagerService: updateScreenStateLocked: mDisplayReady=true, newScreenState=2, mWakefulness=1, mWakeLockSummary=0x1, mUserActivitySummary=0x1, mBootCompleted=true
05-05 17:23:15.076   532   563 D PowerManagerService: handleSandman: canDream=true, mWakefulness=Awake
05-05 17:23:15.100   532   803 D PowerManagerService: updateWakeLockSummaryLocked: mWakefulness=Awake, mWakeLockSummary=0x1
05-05 17:23:15.100   532   803 D PowerManagerService: updateScreenStateLocked: mDisplayReady=true, newScreenState=2, mWakefulness=1, mWakeLockSummary=0x1, mUserActivitySummary=0x1, mBootCompleted=true
05-05 17:23:15.100   532   563 D PowerManagerService: handleSandman: canDream=true, mWakefulness=Awake
05-05 17:23:15.123   532   802 D PowerManagerService: updateWakeLockSummaryLocked: mWakefulness=Awake, mWakeLockSummary=0x1
05-05 17:23:15.123   532   802 D PowerManagerService: updateScreenStateLocked: mDisplayReady=true, newScreenState=2, mWakefulness=1, mWakeLockSummary=0x1, mUserActivitySummary=0x1, mBootCompleted=true
05-05 17:23:15.123   532   563 D PowerManagerService: handleSandman: canDream=true, mWakefulness=Awake
05-05 17:23:15.146   532   785 D PowerManagerService: updateWakeLockSummaryLocked: mWakefulness=Awake, mWakeLockSummary=0x1
05-05 17:23:15.146   532   785 D PowerManagerService: updateScreenStateLocked: mDisplayReady=true, newScreenState=2, mWakefulness=1, mWakeLockSummary=0x1, mUserActivitySummary=0x1, mBootCompleted=true
05-05 17:23:15.146   532   563 D PowerManagerService: handleSandman: canDream=true, mWakefulness=Awake
05-05 17:23:15.170   532   710 D PowerManagerService: updateWakeLockSummaryLocked: mWakefulness=Awake, mWakeLockSummary=0x1
05-05 17:23:15.170   532   710 D PowerManagerService: updateScreenStateLocked: mDisplayReady=true, newScreenState=2, mWakefulness=1, mWakeLockSummary=0x1, mUserActivitySummary=0x1, mBootCompleted=true
05-05 17:23:15.170   532   563 D PowerManagerService: handleSandman: canDream=true, mWakefulness=Awake
05-05 17:23:15.186   532   960 D PowerManagerService: updateWakeLockSummaryLocked: mWakefulness=Awake, mWakeLockSummary=0x1
05-05 17:23:15.186   532   960 D PowerManagerService: updateScreenStateLocked: mDisplayReady=true, newScreenState=2, mWakefulness=1, mWakeLockSummary=0x1, mUserActivitySummary=0x1, mBootCompleted=true
05-05 17:23:15.186   532   563 D PowerManagerService: handleSandman: canDream=true, mWakefulness=Awake
05-05 17:23:15.209   532   709 D PowerManagerService: updateWakeLockSummaryLocked: mWakefulness=Awake, mWakeLockSummary=0x1
05-05 17:23:15.209   532   709 D PowerManagerService: updateScreenStateLocked: mDisplayReady=true, newScreenState=2, mWakefulness=1, mWakeLockSummary=0x1, mUserActivitySummary=0x1, mBootCompleted=true
05-05 17:23:15.209   532   563 D PowerManagerService: handleSandman: canDream=true, mWakefulness=Awake
05-05 17:23:15.225   532   543 D PowerManagerService: updateWakeLockSummaryLocked: mWakefulness=Awake, mWakeLockSummary=0x1
05-05 17:23:15.225   532   543 D PowerManagerService: updateScreenStateLocked: mDisplayReady=true, newScreenState=2, mWakefulness=1, mWakeLockSummary=0x1, mUserActivitySummary=0x1, mBootCompleted=true
05-05 17:23:15.225   532   563 D PowerManagerService: handleSandman: canDream=true, mWakefulness=Awake
05-05 17:23:15.240   532   774 D PowerManagerService: updateWakeLockSummaryLocked: mWakefulness=Awake, mWakeLockSummary=0x1
05-05 17:23:15.240   532   774 D PowerManagerService: updateScreenStateLocked: mDisplayReady=true, newScreenState=2, mWakefulness=1, mWakeLockSummary=0x1, mUserActivitySummary=0x1, mBootCompleted=true
05-05 17:23:15.248   532   563 D PowerManagerService: handleSandman: canDream=true, mWakefulness=Awake
05-05 17:23:15.264   532   532 D PowerManagerService: updateWakeLockSummaryLocked: mWakefulness=Awake, mWakeLockSummary=0x1
05-05 17:23:15.264   532   532 D PowerManagerService: updateScreenStateLocked: mDisplayReady=true, newScreenState=2, mWakefulness=1, mWakeLockSummary=0x1, mUserActivitySummary=0x1, mBootCompleted=true
05-05 17:23:15.264   532   563 D PowerManagerService: handleSandman: canDream=true, mWakefulness=Awake
05-05 17:23:15.287   532   544 D PowerManagerService: updateWakeLockSummaryLocked: mWakefulness=Awake, mWakeLockSummary=0x1
05-05 17:23:15.287   532   544 D PowerManagerService: updateScreenStateLocked: mDisplayReady=true, newScreenState=2, mWakefulness=1, mWakeLockSummary=0x1, mUserActivitySummary=0x1, mBootCompleted=true
05-05 17:23:15.295   532   563 D PowerManagerService: handleSandman: canDream=true, mWakefulness=Awake
05-05 17:23:15.311   532   812 D PowerManagerService: updateWakeLockSummaryLocked: mWakefulness=Awake, mWakeLockSummary=0x1
05-05 17:23:15.311   532   812 D PowerManagerService: updateScreenStateLocked: mDisplayReady=true, newScreenState=2, mWakefulness=1, mWakeLockSummary=0x1, mUserActivitySummary=0x1, mBootCompleted=true
05-05 17:23:15.311   532   563 D PowerManagerService: handleSandman: canDream=true, mWakefulness=Awake
05-05 17:23:15.318   532   814 D PowerManagerService: updateWakeLockSummaryLocked: mWakefulness=Awake, mWakeLockSummary=0x1
05-05 17:23:15.318   532   814 D PowerManagerService: updateScreenStateLocked: mDisplayReady=true, newScreenState=2, mWakefulness=1, mWakeLockSummary=0x1, mUserActivitySummary=0x1, mBootCompleted=true
05-05 17:23:15.318   532   563 D PowerManagerService: handleSandman: canDream=true, mWakefulness=Awake
05-05 17:23:15.326   616   616 D StatusBar.NetworkController: updateTelephonySignalStrengthLte: !hasLTEService()
05-05 17:23:15.342   532   802 D PowerManagerService: updateWakeLockSummaryLocked: mWakefulness=Awake, mWakeLockSummary=0x1
05-05 17:23:15.342   532   802 D PowerManagerService: updateScreenStateLocked: mDisplayReady=true, newScreenState=2, mWakefulness=1, mWakeLockSummary=0x1, mUserActivitySummary=0x1, mBootCompleted=true
05-05 17:23:15.342   532   563 D PowerManagerService: handleSandman: canDream=true, mWakefulness=Awake
05-05 17:23:15.365   532   785 D PowerManagerService: updateWakeLockSummaryLocked: mWakefulness=Awake, mWakeLockSummary=0x1
05-05 17:23:15.365   532   785 D PowerManagerService: updateScreenStateLocked: mDisplayReady=true, newScreenState=2, mWakefulness=1, mWakeLockSummary=0x1, mUserActivitySummary=0x1, mBootCompleted=true
05-05 17:23:15.365   532   563 D PowerManagerService: handleSandman: canDream=true, mWakefulness=Awake
05-05 17:23:15.381   532   710 D PowerManagerService: updateWakeLockSummaryLocked: mWakefulness=Awake, mWakeLockSummary=0x1
05-05 17:23:15.381   532   710 D PowerManagerService: updateScreenStateLocked: mDisplayReady=true, newScreenState=2, mWakefulness=1, mWakeLockSummary=0x1, mUserActivitySummary=0x1, mBootCompleted=true
05-05 17:23:15.381   532   563 D PowerManagerService: handleSandman: canDream=true, mWakefulness=Awake
05-05 17:23:15.396   532   960 D PowerManagerService: updateWakeLockSummaryLocked: mWakefulness=Awake, mWakeLockSummary=0x1
05-05 17:23:15.396   532   960 D PowerManagerService: updateScreenStateLocked: mDisplayReady=true, newScreenState=2, mWakefulness=1, mWakeLockSummary=0x1, mUserActivitySummary=0x1, mBootCompleted=true
05-05 17:23:15.396   532   563 D PowerManagerService: handleSandman: canDream=true, mWakefulness=Awake
05-05 17:23:15.420   532   709 D PowerManagerService: updateWakeLockSummaryLocked: mWakefulness=Awake, mWakeLockSummary=0x1
05-05 17:23:15.420   532   709 D PowerManagerService: updateScreenStateLocked: mDisplayReady=true, newScreenState=2, mWakefulness=1, mWakeLockSummary=0x1, mUserActivitySummary=0x1, mBootCompleted=true
05-05 17:23:15.420   532   563 D PowerManagerService: handleSandman: canDream=true, mWakefulness=Awake
05-05 17:23:15.436   532   543 D PowerManagerService: updateWakeLockSummaryLocked: mWakefulness=Awake, mWakeLockSummary=0x1
05-05 17:23:15.436   532   543 D PowerManagerService: updateScreenStateLocked: mDisplayReady=true, newScreenState=2, mWakefulness=1, mWakeLockSummary=0x1, mUserActivitySummary=0x1, mBootCompleted=true
05-05 17:23:15.436   532   563 D PowerManagerService: handleSandman: canDream=true, mWakefulness=Awake
05-05 17:23:15.459   532   774 D PowerManagerService: updateWakeLockSummaryLocked: mWakefulness=Awake, mWakeLockSummary=0x1
05-05 17:23:15.459   532   774 D PowerManagerService: updateScreenStateLocked: mDisplayReady=true, newScreenState=2, mWakefulness=1, mWakeLockSummary=0x1, mUserActivitySummary=0x1, mBootCompleted=true
05-05 17:23:15.459   532   563 D PowerManagerService: handleSandman: canDream=true, mWakefulness=Awake
05-05 17:23:15.482   532   532 D PowerManagerService: updateWakeLockSummaryLocked: mWakefulness=Awake, mWakeLockSummary=0x1
05-05 17:23:15.482   532   532 D PowerManagerService: updateScreenStateLocked: mDisplayReady=true, newScreenState=2, mWakefulness=1, mWakeLockSummary=0x1, mUserActivitySummary=0x1, mBootCompleted=true
05-05 17:23:15.482   532   563 D PowerManagerService: handleSandman: canDream=true, mWakefulness=Awake
05-05 17:23:15.506   532   544 D PowerManagerService: updateWakeLockSummaryLocked: mWakefulness=Awake, mWakeLockSummary=0x1
05-05 17:23:15.506   532   544 D PowerManagerService: updateScreenStateLocked: mDisplayReady=true, newScreenState=2, mWakefulness=1, mWakeLockSummary=0x1, mUserActivitySummary=0x1, mBootCompleted=true
05-05 17:23:15.506   532   563 D PowerManagerService: handleSandman: canDream=true, mWakefulness=Awake
05-05 17:23:15.529   532   812 D PowerManagerService: updateWakeLockSummaryLocked: mWakefulness=Awake, mWakeLockSummary=0x1
05-05 17:23:15.529   532   812 D PowerManagerService: updateScreenStateLocked: mDisplayReady=true, newScreenState=2, mWakefulness=1, mWakeLockSummary=0x1, mUserActivitySummary=0x1, mBootCompleted=true
05-05 17:23:15.529   532   563 D PowerManagerService: handleSandman: canDream=true, mWakefulness=Awake
05-05 17:23:15.553   532   814 D PowerManagerService: updateWakeLockSummaryLocked: mWakefulness=Awake, mWakeLockSummary=0x1
05-05 17:23:15.553   532   814 D PowerManagerService: updateScreenStateLocked: mDisplayReady=true, newScreenState=2, mWakefulness=1, mWakeLockSummary=0x1, mUserActivitySummary=0x1, mBootCompleted=true
05-05 17:23:15.553   532   563 D PowerManagerService: handleSandman: canDream=true, mWakefulness=Awake
05-05 17:23:15.568   532   803 D PowerManagerService: updateWakeLockSummaryLocked: mWakefulness=Awake, mWakeLockSummary=0x1
05-05 17:23:15.568   532   803 D PowerManagerService: updateScreenStateLocked: mDisplayReady=true, newScreenState=2, mWakefulness=1, mWakeLockSummary=0x1, mUserActivitySummary=0x1, mBootCompleted=true
05-05 17:23:15.568   532   563 D PowerManagerService: handleSandman: canDream=true, mWakefulness=Awake
05-05 17:23:15.592   532   802 D PowerManagerService: updateWakeLockSummaryLocked: mWakefulness=Awake, mWakeLockSummary=0x1
05-05 17:23:15.592   532   802 D PowerManagerService: updateScreenStateLocked: mDisplayReady=true, newScreenState=2, mWakefulness=1, mWakeLockSummary=0x1, mUserActivitySummary=0x1, mBootCompleted=true
05-05 17:23:15.592   532   563 D PowerManagerService: handleSandman: canDream=true, mWakefulness=Awake
05-05 17:23:15.615   532   710 D PowerManagerService: updateWakeLockSummaryLocked: mWakefulness=Awake, mWakeLockSummary=0x1
05-05 17:23:15.615   532   710 D PowerManagerService: updateScreenStateLocked: mDisplayReady=true, newScreenState=2, mWakefulness=1, mWakeLockSummary=0x1, mUserActivitySummary=0x1, mBootCompleted=true
05-05 17:23:15.615   532   563 D PowerManagerService: handleSandman: canDream=true, mWakefulness=Awake
05-05 17:23:15.639   532   960 D PowerManagerService: updateWakeLockSummaryLocked: mWakefulness=Awake, mWakeLockSummary=0x1
05-05 17:23:15.639   532   960 D PowerManagerService: updateScreenStateLocked: mDisplayReady=true, newScreenState=2, mWakefulness=1, mWakeLockSummary=0x1, mUserActivitySummary=0x1, mBootCompleted=true
05-05 17:23:15.639   532   563 D PowerManagerService: handleSandman: canDream=true, mWakefulness=Awake
05-05 17:23:15.662   532   709 D PowerManagerService: updateWakeLockSummaryLocked: mWakefulness=Awake, mWakeLockSummary=0x1
05-05 17:23:15.662   532   709 D PowerManagerService: updateScreenStateLocked: mDisplayReady=true, newScreenState=2, mWakefulness=1, mWakeLockSummary=0x1, mUserActivitySummary=0x1, mBootCompleted=true
05-05 17:23:15.662   532   563 D PowerManagerService: handleSandman: canDream=true, mWakefulness=Awake
05-05 17:23:15.686   532   543 D PowerManagerService: updateWakeLockSummaryLocked: mWakefulness=Awake, mWakeLockSummary=0x1
05-05 17:23:15.686   532   543 D PowerManagerService: updateScreenStateLocked: mDisplayReady=true, newScreenState=2, mWakefulness=1, mWakeLockSummary=0x1, mUserActivitySummary=0x1, mBootCompleted=true
05-05 17:23:15.686   532   563 D PowerManagerService: handleSandman: canDream=true, mWakefulness=Awake
05-05 17:23:15.709   532   774 D PowerManagerService: updateWakeLockSummaryLocked: mWakefulness=Awake, mWakeLockSummary=0x1
05-05 17:23:15.709   532   774 D PowerManagerService: updateScreenStateLocked: mDisplayReady=true, newScreenState=2, mWakefulness=1, mWakeLockSummary=0x1, mUserActivitySummary=0x1, mBootCompleted=true
05-05 17:23:15.709   532   563 D PowerManagerService: handleSandman: canDream=true, mWakefulness=Awake
05-05 17:23:15.732   532   532 D PowerManagerService: updateWakeLockSummaryLocked: mWakefulness=Awake, mWakeLockSummary=0x1
05-05 17:23:15.732   532   532 D PowerManagerService: updateScreenStateLocked: mDisplayReady=true, newScreenState=2, mWakefulness=1, mWakeLockSummary=0x1, mUserActivitySummary=0x1, mBootCompleted=true
05-05 17:23:15.732   532   563 D PowerManagerService: handleSandman: canDream=true, mWakefulness=Awake
05-05 17:23:15.756   532   544 D PowerManagerService: updateWakeLockSummaryLocked: mWakefulness=Awake, mWakeLockSummary=0x1
05-05 17:23:15.756   532   544 D PowerManagerService: updateScreenStateLocked: mDisplayReady=true, newScreenState=2, mWakefulness=1, mWakeLockSummary=0x1, mUserActivitySummary=0x1, mBootCompleted=true
05-05 17:23:15.756   532   563 D PowerManagerService: handleSandman: canDream=true, mWakefulness=Awake
05-05 17:23:15.779   532   812 D PowerManagerService: updateWakeLockSummaryLocked: mWakefulness=Awake, mWakeLockSummary=0x1
05-05 17:23:15.779   532   812 D PowerManagerService: updateScreenStateLocked: mDisplayReady=true, newScreenState=2, mWakefulness=1, mWakeLockSummary=0x1, mUserActivitySummary=0x1, mBootCompleted=true
05-05 17:23:15.779   532   563 D PowerManagerService: handleSandman: canDream=true, mWakefulness=Awake
05-05 17:23:15.803   532   814 D PowerManagerService: updateWakeLockSummaryLocked: mWakefulness=Awake, mWakeLockSummary=0x1
05-05 17:23:15.803   532   814 D PowerManagerService: updateScreenStateLocked: mDisplayReady=true, newScreenState=2, mWakefulness=1, mWakeLockSummary=0x1, mUserActivitySummary=0x1, mBootCompleted=true
05-05 17:23:15.803   532   563 D PowerManagerService: handleSandman: canDream=true, mWakefulness=Awake
05-05 17:23:15.826   532   803 D PowerManagerService: updateWakeLockSummaryLocked: mWakefulness=Awake, mWakeLockSummary=0x1
05-05 17:23:15.826   532   803 D PowerManagerService: updateScreenStateLocked: mDisplayReady=true, newScreenState=2, mWakefulness=1, mWakeLockSummary=0x1, mUserActivitySummary=0x1, mBootCompleted=true
05-05 17:23:15.826   532   563 D PowerManagerService: handleSandman: canDream=true, mWakefulness=Awake
05-05 17:23:15.850   532   802 D PowerManagerService: updateWakeLockSummaryLocked: mWakefulness=Awake, mWakeLockSummary=0x1
05-05 17:23:15.850   532   802 D PowerManagerService: updateScreenStateLocked: mDisplayReady=true, newScreenState=2, mWakefulness=1, mWakeLockSummary=0x1, mUserActivitySummary=0x1, mBootCompleted=true
05-05 17:23:15.850   532   563 D PowerManagerService: handleSandman: canDream=true, mWakefulness=Awake
05-05 17:23:15.873   532   785 D PowerManagerService: updateWakeLockSummaryLocked: mWakefulness=Awake, mWakeLockSummary=0x1
05-05 17:23:15.873   532   785 D PowerManagerService: updateScreenStateLocked: mDisplayReady=true, newScreenState=2, mWakefulness=1, mWakeLockSummary=0x1, mUserActivitySummary=0x1, mBootCompleted=true
05-05 17:23:15.873   532   563 D PowerManagerService: handleSandman: canDream=true, mWakefulness=Awake
05-05 17:23:15.896   532   710 D PowerManagerService: updateWakeLockSummaryLocked: mWakefulness=Awake, mWakeLockSummary=0x1
05-05 17:23:15.896   532   710 D PowerManagerService: updateScreenStateLocked: mDisplayReady=true, newScreenState=2, mWakefulness=1, mWakeLockSummary=0x1, mUserActivitySummary=0x1, mBootCompleted=true
05-05 17:23:15.896   532   563 D PowerManagerService: handleSandman: canDream=true, mWakefulness=Awake
05-05 17:23:15.920   532   960 D PowerManagerService: updateWakeLockSummaryLocked: mWakefulness=Awake, mWakeLockSummary=0x1
05-05 17:23:15.920   532   960 D PowerManagerService: updateScreenStateLocked: mDisplayReady=true, newScreenState=2, mWakefulness=1, mWakeLockSummary=0x1, mUserActivitySummary=0x1, mBootCompleted=true
05-05 17:23:15.920   532   563 D PowerManagerService: handleSandman: canDream=true, mWakefulness=Awake
05-05 17:23:15.943   532   709 D PowerManagerService: updateWakeLockSummaryLocked: mWakefulness=Awake, mWakeLockSummary=0x1
05-05 17:23:15.943   532   709 D PowerManagerService: updateScreenStateLocked: mDisplayReady=true, newScreenState=2, mWakefulness=1, mWakeLockSummary=0x1, mUserActivitySummary=0x1, mBootCompleted=true
05-05 17:23:15.943   532   563 D PowerManagerService: handleSandman: canDream=true, mWakefulness=Awake
05-05 17:23:15.967   532   543 D PowerManagerService: updateWakeLockSummaryLocked: mWakefulness=Awake, mWakeLockSummary=0x1
05-05 17:23:15.967   532   543 D PowerManagerService: updateScreenStateLocked: mDisplayReady=true, newScreenState=2, mWakefulness=1, mWakeLockSummary=0x1, mUserActivitySummary=0x1, mBootCompleted=true
05-05 17:23:15.967   532   563 D PowerManagerService: handleSandman: canDream=true, mWakefulness=Awake
05-05 17:23:15.998   532   774 D PowerManagerService: updateWakeLockSummaryLocked: mWakefulness=Awake, mWakeLockSummary=0x1
05-05 17:23:15.998   532   774 D PowerManagerService: updateScreenStateLocked: mDisplayReady=true, newScreenState=2, mWakefulness=1, mWakeLockSummary=0x1, mUserActivitySummary=0x1, mBootCompleted=true
05-05 17:23:15.998   532   563 D PowerManagerService: handleSandman: canDream=true, mWakefulness=Awake
05-05 17:23:16.021   532   532 D PowerManagerService: updateWakeLockSummaryLocked: mWakefulness=Awake, mWakeLockSummary=0x1
05-05 17:23:16.021   532   532 D PowerManagerService: updateScreenStateLocked: mDisplayReady=true, newScreenState=2, mWakefulness=1, mWakeLockSummary=0x1, mUserActivitySummary=0x1, mBootCompleted=true
05-05 17:23:16.021   532   563 D PowerManagerService: handleSandman: canDream=true, mWakefulness=Awake
05-05 17:23:16.029   532   544 D PowerManagerService: updateWakeLockSummaryLocked: mWakefulness=Awake, mWakeLockSummary=0x1
05-05 17:23:16.029   532   544 D PowerManagerService: updateScreenStateLocked: mDisplayReady=true, newScreenState=2, mWakefulness=1, mWakeLockSummary=0x1, mUserActivitySummary=0x1, mBootCompleted=true
05-05 17:23:16.029   532   563 D PowerManagerService: handleSandman: canDream=true, mWakefulness=Awake
05-05 17:23:16.045   532   812 D PowerManagerService: updateWakeLockSummaryLocked: mWakefulness=Awake, mWakeLockSummary=0x1
05-05 17:23:16.045   532   812 D PowerManagerService: updateScreenStateLocked: mDisplayReady=true, newScreenState=2, mWakefulness=1, mWakeLockSummary=0x1, mUserActivitySummary=0x1, mBootCompleted=true
05-05 17:23:16.045   532   563 D PowerManagerService: handleSandman: canDream=true, mWakefulness=Awake
05-05 17:23:16.068   532   814 D PowerManagerService: updateWakeLockSummaryLocked: mWakefulness=Awake, mWakeLockSummary=0x1
05-05 17:23:16.068   532   814 D PowerManagerService: updateScreenStateLocked: mDisplayReady=true, newScreenState=2, mWakefulness=1, mWakeLockSummary=0x1, mUserActivitySummary=0x1, mBootCompleted=true
05-05 17:23:16.068   532   563 D PowerManagerService: handleSandman: canDream=true, mWakefulness=Awake
05-05 17:23:16.084   532   803 D PowerManagerService: updateWakeLockSummaryLocked: mWakefulness=Awake, mWakeLockSummary=0x1
05-05 17:23:16.084   532   803 D PowerManagerService: updateScreenStateLocked: mDisplayReady=true, newScreenState=2, mWakefulness=1, mWakeLockSummary=0x1, mUserActivitySummary=0x1, mBootCompleted=true
05-05 17:23:16.084   532   563 D PowerManagerService: handleSandman: canDream=true, mWakefulness=Awake
05-05 17:23:16.100   532   802 D PowerManagerService: updateWakeLockSummaryLocked: mWakefulness=Awake, mWakeLockSummary=0x1
05-05 17:23:16.100   532   802 D PowerManagerService: updateScreenStateLocked: mDisplayReady=true, newScreenState=2, mWakefulness=1, mWakeLockSummary=0x1, mUserActivitySummary=0x1, mBootCompleted=true
05-05 17:23:16.100   532   563 D PowerManagerService: handleSandman: canDream=true, mWakefulness=Awake
05-05 17:23:16.107   616   616 D StatusBar.NetworkController: updateTelephonySignalStrengthLte: !hasLTEService()
05-05 17:23:16.107   616   616 D StatusBar.NetworkController: updateTelephonySignalStrengthLte: !hasLTEService()
05-05 17:23:16.123   532   960 D PowerManagerService: updateWakeLockSummaryLocked: mWakefulness=Awake, mWakeLockSummary=0x1
05-05 17:23:16.123   532   960 D PowerManagerService: updateScreenStateLocked: mDisplayReady=true, newScreenState=2, mWakefulness=1, mWakeLockSummary=0x1, mUserActivitySummary=0x1, mBootCompleted=true
05-05 17:23:16.123   532   563 D PowerManagerService: handleSandman: canDream=true, mWakefulness=Awake
05-05 17:23:16.146   532   709 D PowerManagerService: updateWakeLockSummaryLocked: mWakefulness=Awake, mWakeLockSummary=0x1
05-05 17:23:16.146   532   709 D PowerManagerService: updateScreenStateLocked: mDisplayReady=true, newScreenState=2, mWakefulness=1, mWakeLockSummary=0x1, mUserActivitySummary=0x1, mBootCompleted=true
05-05 17:23:16.146   532   563 D PowerManagerService: handleSandman: canDream=true, mWakefulness=Awake
05-05 17:23:16.170   532   543 D PowerManagerService: updateWakeLockSummaryLocked: mWakefulness=Awake, mWakeLockSummary=0x1
05-05 17:23:16.170   532   543 D PowerManagerService: updateScreenStateLocked: mDisplayReady=true, newScreenState=2, mWakefulness=1, mWakeLockSummary=0x1, mUserActivitySummary=0x1, mBootCompleted=true
05-05 17:23:16.170   532   563 D PowerManagerService: handleSandman: canDream=true, mWakefulness=Awake
05-05 17:23:16.186   532   574 D PowerManagerService: userActivityNoUpdateLocked: eventTime=43932, event=2, flags=0x0, uid=1000
05-05 17:23:16.186   532   574 D PowerManagerService: updateUserActivitySummaryLocked: mWakefulness=Awake, mUserActivitySummary=0x1, nextTimeout=1836932 (in 1792998 ms)
05-05 17:23:16.186   532   574 D PowerManagerService: updateScreenStateLocked: mDisplayReady=true, newScreenState=2, mWakefulness=1, mWakeLockSummary=0x1, mUserActivitySummary=0x1, mBootCompleted=true
05-05 17:23:16.186   532   563 D PowerManagerService: handleSandman: canDream=true, mWakefulness=Awake
05-05 17:23:16.186   532   774 D PowerManagerService: updateWakeLockSummaryLocked: mWakefulness=Awake, mWakeLockSummary=0x1
05-05 17:23:16.186   532   774 D PowerManagerService: updateScreenStateLocked: mDisplayReady=true, newScreenState=2, mWakefulness=1, mWakeLockSummary=0x1, mUserActivitySummary=0x1, mBootCompleted=true
05-05 17:23:16.186   532   563 D PowerManagerService: handleSandman: canDream=true, mWakefulness=Awake
05-05 17:23:16.209   532   532 D PowerManagerService: updateWakeLockSummaryLocked: mWakefulness=Awake, mWakeLockSummary=0x1
05-05 17:23:16.209   532   532 D PowerManagerService: updateScreenStateLocked: mDisplayReady=true, newScreenState=2, mWakefulness=1, mWakeLockSummary=0x1, mUserActivitySummary=0x1, mBootCompleted=true
05-05 17:23:16.209   532   563 D PowerManagerService: handleSandman: canDream=true, mWakefulness=Awake
05-05 17:23:16.225   532   544 D PowerManagerService: updateWakeLockSummaryLocked: mWakefulness=Awake, mWakeLockSummary=0x1
05-05 17:23:16.225   532   544 D PowerManagerService: updateScreenStateLocked: mDisplayReady=true, newScreenState=2, mWakefulness=1, mWakeLockSummary=0x1, mUserActivitySummary=0x1, mBootCompleted=true
05-05 17:23:16.225   532   563 D PowerManagerService: handleSandman: canDream=true, mWakefulness=Awake
05-05 17:23:16.240   532   812 D PowerManagerService: updateWakeLockSummaryLocked: mWakefulness=Awake, mWakeLockSummary=0x1
05-05 17:23:16.240   532   812 D PowerManagerService: updateScreenStateLocked: mDisplayReady=true, newScreenState=2, mWakefulness=1, mWakeLockSummary=0x1, mUserActivitySummary=0x1, mBootCompleted=true
05-05 17:23:16.240   532   563 D PowerManagerService: handleSandman: canDream=true, mWakefulness=Awake
05-05 17:23:16.256   532   814 D PowerManagerService: updateWakeLockSummaryLocked: mWakefulness=Awake, mWakeLockSummary=0x1
05-05 17:23:16.256   532   814 D PowerManagerService: updateScreenStateLocked: mDisplayReady=true, newScreenState=2, mWakefulness=1, mWakeLockSummary=0x1, mUserActivitySummary=0x1, mBootCompleted=true
05-05 17:23:16.256   532   563 D PowerManagerService: handleSandman: canDream=true, mWakefulness=Awake
05-05 17:23:16.271   532   803 D PowerManagerService: updateWakeLockSummaryLocked: mWakefulness=Awake, mWakeLockSummary=0x1
05-05 17:23:16.271   532   803 D PowerManagerService: updateScreenStateLocked: mDisplayReady=true, newScreenState=2, mWakefulness=1, mWakeLockSummary=0x1, mUserActivitySummary=0x1, mBootCompleted=true
05-05 17:23:16.271   532   563 D PowerManagerService: handleSandman: canDream=true, mWakefulness=Awake
05-05 17:23:16.287   532   802 D PowerManagerService: updateWakeLockSummaryLocked: mWakefulness=Awake, mWakeLockSummary=0x1
05-05 17:23:16.287   532   802 D PowerManagerService: updateScreenStateLocked: mDisplayReady=true, newScreenState=2, mWakefulness=1, mWakeLockSummary=0x1, mUserActivitySummary=0x1, mBootCompleted=true
05-05 17:23:16.287   532   563 D PowerManagerService: handleSandman: canDream=true, mWakefulness=Awake
05-05 17:23:16.295   532   574 D PowerManagerService: userActivityNoUpdateLocked: eventTime=44041, event=0, flags=0x0, uid=1000
05-05 17:23:16.295   532   574 D PowerManagerService: updateUserActivitySummaryLocked: mWakefulness=Awake, mUserActivitySummary=0x5, nextTimeout=52041 (in 7999 ms)
05-05 17:23:16.303   532   574 D PowerManagerService: updateScreenStateLocked: mDisplayReady=true, newScreenState=2, mWakefulness=1, mWakeLockSummary=0x1, mUserActivitySummary=0x5, mBootCompleted=true
05-05 17:23:16.303   532   563 D PowerManagerService: handleSandman: canDream=true, mWakefulness=Awake
05-05 17:23:16.443   532   960 D PowerManagerService: updateWakeLockSummaryLocked: mWakefulness=Awake, mWakeLockSummary=0x1
05-05 17:23:16.443   532   960 D PowerManagerService: updateScreenStateLocked: mDisplayReady=true, newScreenState=2, mWakefulness=1, mWakeLockSummary=0x1, mUserActivitySummary=0x5, mBootCompleted=true
05-05 17:23:16.443   532   563 D PowerManagerService: handleSandman: canDream=true, mWakefulness=Awake
05-05 17:23:16.451   532   774 D PowerManagerService: updateWakeLockSummaryLocked: mWakefulness=Awake, mWakeLockSummary=0x1
05-05 17:23:16.451   532   774 D PowerManagerService: updateScreenStateLocked: mDisplayReady=true, newScreenState=2, mWakefulness=1, mWakeLockSummary=0x1, mUserActivitySummary=0x5, mBootCompleted=true
05-05 17:23:16.451   532   563 D PowerManagerService: handleSandman: canDream=true, mWakefulness=Awake
05-05 17:23:16.451   532   532 W ContextImpl: Calling a method in the system process without a qualified user: android.app.ContextImpl.sendBroadcast:1042 com.android.server.am.ActivityStack.resumeTopActivityLocked:1687 com.android.server.am.ActivityStack.resumeTopActivityLocked:1447 com.android.server.am.ActivityStack.completePauseLocked:1192 com.android.server.am.ActivityStack.activityPaused:1089 
05-05 17:23:16.467   532   710 D PowerManagerService: updateWakeLockSummaryLocked: mWakefulness=Awake, mWakeLockSummary=0x1
05-05 17:23:16.467   532   710 D PowerManagerService: updateScreenStateLocked: mDisplayReady=true, newScreenState=2, mWakefulness=1, mWakeLockSummary=0x1, mUserActivitySummary=0x5, mBootCompleted=true
05-05 17:23:16.467   532   563 D PowerManagerService: handleSandman: canDream=true, mWakefulness=Awake
05-05 17:23:16.467   532   709 D PowerManagerService: updateWakeLockSummaryLocked: mWakefulness=Awake, mWakeLockSummary=0x1
05-05 17:23:16.467   532   709 D PowerManagerService: updateScreenStateLocked: mDisplayReady=true, newScreenState=2, mWakefulness=1, mWakeLockSummary=0x1, mUserActivitySummary=0x5, mBootCompleted=true
05-05 17:23:16.467   532   563 D PowerManagerService: handleSandman: canDream=true, mWakefulness=Awake
05-05 17:23:16.467   532   960 D PowerManagerService: updateWakeLockSummaryLocked: mWakefulness=Awake, mWakeLockSummary=0x1
05-05 17:23:16.467   532   960 D PowerManagerService: updateScreenStateLocked: mDisplayReady=true, newScreenState=2, mWakefulness=1, mWakeLockSummary=0x1, mUserActivitySummary=0x5, mBootCompleted=true
05-05 17:23:16.467   532   563 D PowerManagerService: handleSandman: canDream=true, mWakefulness=Awake
05-05 17:23:16.498   532   544 D PowerManagerService: updateWakeLockSummaryLocked: mWakefulness=Awake, mWakeLockSummary=0x1
05-05 17:23:16.498   532   544 D PowerManagerService: updateScreenStateLocked: mDisplayReady=true, newScreenState=2, mWakefulness=1, mWakeLockSummary=0x1, mUserActivitySummary=0x5, mBootCompleted=true
05-05 17:23:16.498   532   563 D PowerManagerService: handleSandman: canDream=true, mWakefulness=Awake
05-05 17:23:16.537   532   814 D PowerManagerService: updateWakeLockSummaryLocked: mWakefulness=Awake, mWakeLockSummary=0x1
05-05 17:23:16.537   532   814 D PowerManagerService: updateScreenStateLocked: mDisplayReady=true, newScreenState=2, mWakefulness=1, mWakeLockSummary=0x1, mUserActivitySummary=0x5, mBootCompleted=true
05-05 17:23:16.537   532   563 D PowerManagerService: handleSandman: canDream=true, mWakefulness=Awake
05-05 17:23:16.545   532   785 D ActivityManager: startActivityMayWait() getCtaCheck: true
05-05 17:23:16.545   532   785 V ActivityManager: send smart intent for new activity com.android.stk where 0
05-05 17:23:16.545   532   785 W ContextImpl: Calling a method in the system process without a qualified user: android.app.ContextImpl.sendBroadcast:1042 com.android.server.am.ActivityStack.startActivityMayWait:3233 com.android.server.am.ActivityManagerService.startActivityAsUser:2561 com.android.server.am.ActivityManagerService.startActivity:2549 android.app.ActivityManagerNative.onTransact:131 
05-05 17:23:16.545   532   785 V ActivityManager: startActivityLocked ### send app launch event intent.
05-05 17:23:16.545   532   785 I ActivityManager: START u0 {flg=0x58840000 cmp=com.android.stk/.StkDialogActivity (has extras)} from pid 740
05-05 17:23:16.553   532   710 D PowerManagerService: updateWakeLockSummaryLocked: mWakefulness=Awake, mWakeLockSummary=0x1
05-05 17:23:16.553   532   710 D PowerManagerService: updateScreenStateLocked: mDisplayReady=true, newScreenState=2, mWakefulness=1, mWakeLockSummary=0x1, mUserActivitySummary=0x5, mBootCompleted=true
05-05 17:23:16.553   532   563 D PowerManagerService: handleSandman: canDream=true, mWakefulness=Awake
05-05 17:23:16.568   532   709 D PowerManagerService: updateWakeLockSummaryLocked: mWakefulness=Awake, mWakeLockSummary=0x1
05-05 17:23:16.568   532   709 D PowerManagerService: updateScreenStateLocked: mDisplayReady=true, newScreenState=2, mWakefulness=1, mWakeLockSummary=0x1, mUserActivitySummary=0x5, mBootCompleted=true
05-05 17:23:16.568   532   563 D PowerManagerService: handleSandman: canDream=true, mWakefulness=Awake
05-05 17:23:16.592   532   960 D PowerManagerService: updateWakeLockSummaryLocked: mWakefulness=Awake, mWakeLockSummary=0x1
05-05 17:23:16.592   532   960 D PowerManagerService: updateScreenStateLocked: mDisplayReady=true, newScreenState=2, mWakefulness=1, mWakeLockSummary=0x1, mUserActivitySummary=0x5, mBootCompleted=true
05-05 17:23:16.592   532   563 D PowerManagerService: handleSandman: canDream=true, mWakefulness=Awake
05-05 17:23:16.646   532   544 D PowerManagerService: updateWakeLockSummaryLocked: mWakefulness=Awake, mWakeLockSummary=0x1
05-05 17:23:16.646   532   544 D PowerManagerService: updateScreenStateLocked: mDisplayReady=true, newScreenState=2, mWakefulness=1, mWakeLockSummary=0x1, mUserActivitySummary=0x5, mBootCompleted=true
05-05 17:23:16.646   532   563 D PowerManagerService: handleSandman: canDream=true, mWakefulness=Awake
05-05 17:23:16.693   532   812 D PowerManagerService: updateWakeLockSummaryLocked: mWakefulness=Awake, mWakeLockSummary=0x1
05-05 17:23:16.693   532   812 D PowerManagerService: updateScreenStateLocked: mDisplayReady=true, newScreenState=2, mWakefulness=1, mWakeLockSummary=0x1, mUserActivitySummary=0x5, mBootCompleted=true
05-05 17:23:16.693   532   785 D PowerManagerService: updateWakeLockSummaryLocked: mWakefulness=Awake, mWakeLockSummary=0x1
05-05 17:23:16.693   532   785 D PowerManagerService: updateScreenStateLocked: mDisplayReady=true, newScreenState=2, mWakefulness=1, mWakeLockSummary=0x1, mUserActivitySummary=0x5, mBootCompleted=true
05-05 17:23:16.693   532   563 D PowerManagerService: handleSandman: canDream=true, mWakefulness=Awake
05-05 17:23:16.701   532   814 W ContextImpl: Calling a method in the system process without a qualified user: android.app.ContextImpl.sendBroadcast:1042 com.android.server.am.ActivityStack.resumeTopActivityLocked:1687 com.android.server.am.ActivityStack.resumeTopActivityLocked:1447 com.android.server.am.ActivityStack.completePauseLocked:1192 com.android.server.am.ActivityStack.activityPaused:1089 
05-05 17:23:16.732   532   543 D PowerManagerService: updateWakeLockSummaryLocked: mWakefulness=Awake, mWakeLockSummary=0x1
05-05 17:23:16.732   532   543 D PowerManagerService: updateScreenStateLocked: mDisplayReady=true, newScreenState=2, mWakefulness=1, mWakeLockSummary=0x1, mUserActivitySummary=0x5, mBootCompleted=true
05-05 17:23:16.732   532   563 D PowerManagerService: handleSandman: canDream=true, mWakefulness=Awake
05-05 17:23:16.779   532   594 D WifiStateMachine: fetchRssiAndLinkSpeedNative signalPoll=RSSI=-42
05-05 17:23:16.779   532   594 D WifiStateMachine: LINKSPEED=48
05-05 17:23:16.779   532   594 D WifiStateMachine: NOISE=9999
05-05 17:23:16.779   532   594 D WifiStateMachine: FREQUENCY=0
05-05 17:23:16.779   532   594 D WifiStateMachine: fetchRssiAndLinkSpeedNative newRssi=-42
05-05 17:23:16.779   532   594 D WifiStateMachine: fetchRssiAndLinkSpeedNative newSignalLevel=4
05-05 17:23:16.826   532   812 D PowerManagerService: updateWakeLockSummaryLocked: mWakefulness=Awake, mWakeLockSummary=0x1
05-05 17:23:16.826   532   812 D PowerManagerService: updateScreenStateLocked: mDisplayReady=true, newScreenState=2, mWakefulness=1, mWakeLockSummary=0x1, mUserActivitySummary=0x5, mBootCompleted=true
05-05 17:23:16.826   532   563 D PowerManagerService: handleSandman: canDream=true, mWakefulness=Awake
05-05 17:23:16.842   532   803 D PowerManagerService: updateWakeLockSummaryLocked: mWakefulness=Awake, mWakeLockSummary=0x1
05-05 17:23:16.842   532   803 D PowerManagerService: updateScreenStateLocked: mDisplayReady=true, newScreenState=2, mWakefulness=1, mWakeLockSummary=0x1, mUserActivitySummary=0x5, mBootCompleted=true
05-05 17:23:16.842   532   563 D PowerManagerService: handleSandman: canDream=true, mWakefulness=Awake
05-05 17:23:16.850   532   814 D PowerManagerService: updateWakeLockSummaryLocked: mWakefulness=Awake, mWakeLockSummary=0x1
05-05 17:23:16.850   532   814 D PowerManagerService: updateScreenStateLocked: mDisplayReady=true, newScreenState=2, mWakefulness=1, mWakeLockSummary=0x1, mUserActivitySummary=0x5, mBootCompleted=true
05-05 17:23:16.850   532   563 D PowerManagerService: handleSandman: canDream=true, mWakefulness=Awake
05-05 17:23:16.865   532   710 D PowerManagerService: updateWakeLockSummaryLocked: mWakefulness=Awake, mWakeLockSummary=0x1
05-05 17:23:16.865   532   710 D PowerManagerService: updateScreenStateLocked: mDisplayReady=true, newScreenState=2, mWakefulness=1, mWakeLockSummary=0x1, mUserActivitySummary=0x5, mBootCompleted=true
05-05 17:23:16.865   532   563 D PowerManagerService: handleSandman: canDream=true, mWakefulness=Awake
05-05 17:23:16.881   532   709 D PowerManagerService: updateWakeLockSummaryLocked: mWakefulness=Awake, mWakeLockSummary=0x1
05-05 17:23:16.881   532   709 D PowerManagerService: updateScreenStateLocked: mDisplayReady=true, newScreenState=2, mWakefulness=1, mWakeLockSummary=0x1, mUserActivitySummary=0x5, mBootCompleted=true
05-05 17:23:16.881   532   563 D PowerManagerService: handleSandman: canDream=true, mWakefulness=Awake
05-05 17:23:16.904   532   960 D PowerManagerService: updateWakeLockSummaryLocked: mWakefulness=Awake, mWakeLockSummary=0x1
05-05 17:23:16.904   532   960 D PowerManagerService: updateScreenStateLocked: mDisplayReady=true, newScreenState=2, mWakefulness=1, mWakeLockSummary=0x1, mUserActivitySummary=0x5, mBootCompleted=true
05-05 17:23:16.912   532   563 D PowerManagerService: handleSandman: canDream=true, mWakefulness=Awake
05-05 17:23:16.936   532   543 D PowerManagerService: updateWakeLockSummaryLocked: mWakefulness=Awake, mWakeLockSummary=0x1
05-05 17:23:16.936   532   543 D PowerManagerService: updateScreenStateLocked: mDisplayReady=true, newScreenState=2, mWakefulness=1, mWakeLockSummary=0x1, mUserActivitySummary=0x5, mBootCompleted=true
