05-05 17:23:16.936   532   563 D PowerManagerService: handleSandman: canDream=true, mWakefulness=Awake
05-05 17:23:16.959   532   774 D PowerManagerService: updateWakeLockSummaryLocked: mWakefulness=Awake, mWakeLockSummary=0x1
05-05 17:23:16.959   532   774 D PowerManagerService: updateScreenStateLocked: mDisplayReady=true, newScreenState=2, mWakefulness=1, mWakeLockSummary=0x1, mUserActivitySummary=0x5, mBootCompleted=true
05-05 17:23:16.959   532   563 D PowerManagerService: handleSandman: canDream=true, mWakefulness=Awake
05-05 17:23:16.982   532   544 D PowerManagerService: updateWakeLockSummaryLocked: mWakefulness=Awake, mWakeLockSummary=0x1
05-05 17:23:16.982   532   544 D PowerManagerService: updateScreenStateLocked: mDisplayReady=true, newScreenState=2, mWakefulness=1, mWakeLockSummary=0x1, mUserActivitySummary=0x5, mBootCompleted=true
05-05 17:23:16.982   532   563 D PowerManagerService: handleSandman: canDream=true, mWakefulness=Awake
05-05 17:23:17.006   532   532 D PowerManagerService: updateWakeLockSummaryLocked: mWakefulness=Awake, mWakeLockSummary=0x1
05-05 17:23:17.006   532   532 D PowerManagerService: updateScreenStateLocked: mDisplayReady=true, newScreenState=2, mWakefulness=1, mWakeLockSummary=0x1, mUserActivitySummary=0x5, mBootCompleted=true
05-05 17:23:17.006   532   563 D PowerManagerService: handleSandman: canDream=true, mWakefulness=Awake
05-05 17:23:17.021   532   785 D PowerManagerService: updateWakeLockSummaryLocked: mWakefulness=Awake, mWakeLockSummary=0x1
05-05 17:23:17.021   532   785 D PowerManagerService: updateScreenStateLocked: mDisplayReady=true, newScreenState=2, mWakefulness=1, mWakeLockSummary=0x1, mUserActivitySummary=0x5, mBootCompleted=true
05-05 17:23:17.021   532   563 D PowerManagerService: handleSandman: canDream=true, mWakefulness=Awake
05-05 17:23:17.037   532   802 D PowerManagerService: updateWakeLockSummaryLocked: mWakefulness=Awake, mWakeLockSummary=0x1
05-05 17:23:17.037   532   802 D PowerManagerService: updateScreenStateLocked: mDisplayReady=true, newScreenState=2, mWakefulness=1, mWakeLockSummary=0x1, mUserActivitySummary=0x5, mBootCompleted=true
05-05 17:23:17.037   532   563 D PowerManagerService: handleSandman: canDream=true, mWakefulness=Awake
05-05 17:23:17.061   532   803 D PowerManagerService: updateWakeLockSummaryLocked: mWakefulness=Awake, mWakeLockSummary=0x1
05-05 17:23:17.061   532   803 D PowerManagerService: updateScreenStateLocked: mDisplayReady=true, newScreenState=2, mWakefulness=1, mWakeLockSummary=0x1, mUserActivitySummary=0x5, mBootCompleted=true
05-05 17:23:17.061   532   563 D PowerManagerService: handleSandman: canDream=true, mWakefulness=Awake
05-05 17:23:17.076   532   814 D PowerManagerService: updateWakeLockSummaryLocked: mWakefulness=Awake, mWakeLockSummary=0x1
05-05 17:23:17.076   532   814 D PowerManagerService: updateScreenStateLocked: mDisplayReady=true, newScreenState=2, mWakefulness=1, mWakeLockSummary=0x1, mUserActivitySummary=0x5, mBootCompleted=true
05-05 17:23:17.076   532   563 D PowerManagerService: handleSandman: canDream=true, mWakefulness=Awake
05-05 17:23:17.100   532   710 D PowerManagerService: updateWakeLockSummaryLocked: mWakefulness=Awake, mWakeLockSummary=0x1
05-05 17:23:17.100   532   710 D PowerManagerService: updateScreenStateLocked: mDisplayReady=true, newScreenState=2, mWakefulness=1, mWakeLockSummary=0x1, mUserActivitySummary=0x5, mBootCompleted=true
05-05 17:23:17.100   532   563 D PowerManagerService: handleSandman: canDream=true, mWakefulness=Awake
05-05 17:23:17.154   532   544 D PermissionCheckService: checkPermission permissionName = 4
05-05 17:23:17.154   532   544 D PermissionCheckService: checkPermission pid = 1066
05-05 17:23:17.154   532   544 D PermissionCheckService: checkPermission uid = 10001
05-05 17:23:17.154   532   544 D PermissionCheckService: checkPermission mPackages.length = 4
05-05 17:23:17.404   532   563 D PowerManagerService: updateIsPoweredLocked: wasPowered=true, mIsPowered=true, oldPlugType=2, mPlugType=2, mBatteryLevel=94
05-05 17:23:17.404   532   563 D PowerManagerService: handleSandman: canDream=true, mWakefulness=Awake
05-05 17:23:17.404   616   616 D PowerUI : buckets   .....20 .. 15 .. 10
05-05 17:23:17.404   616   616 D PowerUI : level          94 --> 94
05-05 17:23:17.404   616   616 D PowerUI : status         2 --> 2
05-05 17:23:17.404   616   616 D PowerUI : plugType       2 --> 2
05-05 17:23:17.404   616   616 D PowerUI : invalidCharger 0 --> 0
05-05 17:23:17.404   616   616 D PowerUI : bucket         1 --> 1
05-05 17:23:17.404   616   616 D PowerUI : plugged        true --> true
05-05 17:23:17.404   616   616 D PowerUI : temperature    340 --> 340
05-05 17:23:17.795   532   574 D PowerManagerService: userActivityNoUpdateLocked: eventTime=45542, event=0, flags=0x0, uid=1000
05-05 17:23:17.795   532   574 D PowerManagerService: updateUserActivitySummaryLocked: mWakefulness=Awake, mUserActivitySummary=0x5, nextTimeout=53542 (in 8000 ms)
05-05 17:23:17.795   532   574 D PowerManagerService: updateScreenStateLocked: mDisplayReady=true, newScreenState=2, mWakefulness=1, mWakeLockSummary=0x1, mUserActivitySummary=0x5, mBootCompleted=true
05-05 17:23:17.795   532   563 D PowerManagerService: handleSandman: canDream=true, mWakefulness=Awake
05-05 17:23:17.795   532   574 D PowerManagerService: userActivityNoUpdateLocked: eventTime=45542, event=2, flags=0x0, uid=1000
05-05 17:23:17.951   532   709 D PowerManagerService: updateWakeLockSummaryLocked: mWakefulness=Awake, mWakeLockSummary=0x1
05-05 17:23:17.951   532   709 D PowerManagerService: updateScreenStateLocked: mDisplayReady=true, newScreenState=2, mWakefulness=1, mWakeLockSummary=0x1, mUserActivitySummary=0x5, mBootCompleted=true
05-05 17:23:17.951   532   563 D PowerManagerService: handleSandman: canDream=true, mWakefulness=Awake
05-05 17:23:17.951   532   543 W ContextImpl: Calling a method in the system process without a qualified user: android.app.ContextImpl.sendBroadcast:1042 com.android.server.am.ActivityStack.resumeTopActivityLocked:1687 com.android.server.am.ActivityStack.resumeTopActivityLocked:1447 com.android.server.am.ActivityStack.completePauseLocked:1192 com.android.server.am.ActivityStack.activityPaused:1089 
05-05 17:23:17.959   532   803 W InputMethodManagerService: Starting input on non-focused client com.android.internal.view.IInputMethodClient$Stub$Proxy@41d153c8 (uid=1001 pid=740)
05-05 17:23:17.959   532   814 D PowerManagerService: updateWakeLockSummaryLocked: mWakefulness=Awake, mWakeLockSummary=0x1
05-05 17:23:17.959   532   814 D PowerManagerService: updateScreenStateLocked: mDisplayReady=true, newScreenState=2, mWakefulness=1, mWakeLockSummary=0x1, mUserActivitySummary=0x5, mBootCompleted=true
05-05 17:23:17.959   532   563 D PowerManagerService: handleSandman: canDream=true, mWakefulness=Awake
05-05 17:23:17.967   532   709 D PowerManagerService: updateWakeLockSummaryLocked: mWakefulness=Awake, mWakeLockSummary=0x1
05-05 17:23:17.967   532   709 D PowerManagerService: updateScreenStateLocked: mDisplayReady=true, newScreenState=2, mWakefulness=1, mWakeLockSummary=0x1, mUserActivitySummary=0x5, mBootCompleted=true
05-05 17:23:17.967   532   563 D PowerManagerService: handleSandman: canDream=true, mWakefulness=Awake
05-05 17:23:18.475   532   574 D PowerManagerService: userActivityNoUpdateLocked: eventTime=46221, event=0, flags=0x0, uid=1000
05-05 17:23:18.475   532   574 D PowerManagerService: updateUserActivitySummaryLocked: mWakefulness=Awake, mUserActivitySummary=0x5, nextTimeout=54221 (in 8000 ms)
05-05 17:23:18.475   532   574 D PowerManagerService: updateScreenStateLocked: mDisplayReady=true, newScreenState=2, mWakefulness=1, mWakeLockSummary=0x1, mUserActivitySummary=0x5, mBootCompleted=true
05-05 17:23:18.475   532   563 D PowerManagerService: handleSandman: canDream=true, mWakefulness=Awake
05-05 17:23:18.475   532   574 D PowerManagerService: userActivityNoUpdateLocked: eventTime=46221, event=2, flags=0x0, uid=1000
05-05 17:23:19.107   616   616 D StatusBar.NetworkController: updateTelephonySignalStrengthLte: !hasLTEService()
05-05 17:23:19.115   616   616 D StatusBar.NetworkController: updateTelephonySignalStrengthLte: !hasLTEService()
05-05 17:23:19.607   532   574 D PowerManagerService: userActivityNoUpdateLocked: eventTime=47354, event=0, flags=0x0, uid=1000
05-05 17:23:19.607   532   574 D PowerManagerService: updateUserActivitySummaryLocked: mWakefulness=Awake, mUserActivitySummary=0x5, nextTimeout=55354 (in 7999 ms)
05-05 17:23:19.607   532   574 D PowerManagerService: updateScreenStateLocked: mDisplayReady=true, newScreenState=2, mWakefulness=1, mWakeLockSummary=0x1, mUserActivitySummary=0x5, mBootCompleted=true
05-05 17:23:19.607   532   563 D PowerManagerService: handleSandman: canDream=true, mWakefulness=Awake
05-05 17:23:19.607   532   574 D PowerManagerService: userActivityNoUpdateLocked: eventTime=47354, event=2, flags=0x0, uid=1000
05-05 17:23:19.717   532   532 D ActivityManager: startActivityMayWait() getCtaCheck: true
05-05 17:23:19.717   532   532 V ActivityManager: send smart intent for new activity com.android.browser where 1
05-05 17:23:19.717   532   532 W ContextImpl: Calling a method in the system process without a qualified user: android.app.ContextImpl.sendBroadcast:1042 com.android.server.am.ActivityStack.startActivityMayWait:3233 com.android.server.am.ActivityManagerService.startActivityAsUser:2561 com.android.server.am.ActivityManagerService.startActivity:2549 android.app.ActivityManagerNative.onTransact:131 
05-05 17:23:19.717   532   532 V ActivityManager: startActivityLocked ### send app launch event intent.
05-05 17:23:19.717   532   532 I ActivityManager: START u0 {act=android.intent.action.MAIN cat=[android.intent.category.LAUNCHER] flg=0x10200000 cmp=com.android.browser/.BrowserActivity bnds=[120,233][240,383]} from pid 818
05-05 17:23:19.803   532   532 D PowerManagerService: updateWakeLockSummaryLocked: mWakefulness=Awake, mWakeLockSummary=0x1
05-05 17:23:19.803   532   532 D PowerManagerService: updateScreenStateLocked: mDisplayReady=true, newScreenState=2, mWakefulness=1, mWakeLockSummary=0x1, mUserActivitySummary=0x5, mBootCompleted=true
05-05 17:23:19.803   532   563 D PowerManagerService: handleSandman: canDream=true, mWakefulness=Awake
05-05 17:23:19.826   532   803 W ContextImpl: Calling a method in the system process without a qualified user: android.app.ContextImpl.sendBroadcast:1042 com.android.server.am.ActivityStack.resumeTopActivityLocked:1687 com.android.server.am.ActivityStack.resumeTopActivityLocked:1447 com.android.server.am.ActivityStack.completePauseLocked:1192 com.android.server.am.ActivityStack.activityPaused:1089 
05-05 17:23:19.834   532   803 V ActivityManager: ### send app launch event intent.
05-05 17:23:19.834   532   803 W ContextImpl: Calling a method in the system process without a qualified user: android.app.ContextImpl.sendBroadcast:1042 com.android.server.am.ActivityManagerService.startProcessLocked:2217 com.android.server.am.ActivityManagerService.startProcessLocked:2113 com.android.server.am.ActivityStack.startSpecificActivityLocked:849 com.android.server.am.ActivityStack.resumeTopActivityLocked:1838 
05-05 17:23:19.834   532   803 I ActivityManager: Start proc com.android.browser for activity com.android.browser/.BrowserActivity: pid=1573 uid=10005 gids={50005, 3003, 1015, 1028}
05-05 17:23:19.936   532   594 D WifiStateMachine: fetchRssiAndLinkSpeedNative signalPoll=RSSI=-41
05-05 17:23:19.936   532   594 D WifiStateMachine: LINKSPEED=48
05-05 17:23:19.936   532   594 D WifiStateMachine: NOISE=9999
05-05 17:23:19.936   532   594 D WifiStateMachine: FREQUENCY=0
05-05 17:23:19.936   532   594 D WifiStateMachine: fetchRssiAndLinkSpeedNative newRssi=-41
05-05 17:23:19.936   532   594 D WifiStateMachine: fetchRssiAndLinkSpeedNative newSignalLevel=4
05-05 17:23:20.100   532   814 D PowerManagerService: updateWakeLockSummaryLocked: mWakefulness=Awake, mWakeLockSummary=0x1
05-05 17:23:20.100   532   814 D PowerManagerService: updateScreenStateLocked: mDisplayReady=true, newScreenState=2, mWakefulness=1, mWakeLockSummary=0x1, mUserActivitySummary=0x5, mBootCompleted=true
05-05 17:23:20.100   532   563 D PowerManagerService: handleSandman: canDream=true, mWakefulness=Awake
05-05 17:23:21.139   532   532 D PowerManagerService: updateWakeLockSummaryLocked: mWakefulness=Awake, mWakeLockSummary=0x23
05-05 17:23:21.139   532   532 D PowerManagerService: updateScreenStateLocked: mDisplayReady=true, newScreenState=2, mWakefulness=1, mWakeLockSummary=0x23, mUserActivitySummary=0x5, mBootCompleted=true
05-05 17:23:21.139   532   563 D PowerManagerService: handleSandman: canDream=true, mWakefulness=Awake
05-05 17:23:21.334   532   803 D PowerManagerService: updateWakeLockSummaryLocked: mWakefulness=Awake, mWakeLockSummary=0x23
05-05 17:23:21.334   532   803 D PowerManagerService: updateScreenStateLocked: mDisplayReady=true, newScreenState=2, mWakefulness=1, mWakeLockSummary=0x23, mUserActivitySummary=0x5, mBootCompleted=true
05-05 17:23:21.334   532   563 D PowerManagerService: handleSandman: canDream=true, mWakefulness=Awake
05-05 17:23:22.240   616   616 D StatusBar.NetworkController: updateTelephonySignalStrengthLte: !hasLTEService()
05-05 17:23:22.248   616   616 D StatusBar.NetworkController: updateTelephonySignalStrengthLte: !hasLTEService()
05-05 17:23:23.021   532   594 D WifiStateMachine: fetchRssiAndLinkSpeedNative signalPoll=RSSI=-43
05-05 17:23:23.021   532   594 D WifiStateMachine: LINKSPEED=48
05-05 17:23:23.021   532   594 D WifiStateMachine: NOISE=9999
05-05 17:23:23.021   532   594 D WifiStateMachine: FREQUENCY=0
05-05 17:23:23.021   532   594 D WifiStateMachine: fetchRssiAndLinkSpeedNative newRssi=-43
05-05 17:23:23.021   532   594 D WifiStateMachine: fetchRssiAndLinkSpeedNative newSignalLevel=4
05-05 17:23:23.162   532   548 D PowerManagerService: userActivityNoUpdateLocked: eventTime=50913, event=0, flags=0x0, uid=1000
05-05 17:23:23.170   532   548 D PowerManagerService: updateUserActivitySummaryLocked: mWakefulness=Awake, mUserActivitySummary=0x5, nextTimeout=58913 (in 7999 ms)
05-05 17:23:23.170   532   548 D PowerManagerService: updateScreenStateLocked: mDisplayReady=true, newScreenState=2, mWakefulness=1, mWakeLockSummary=0x23, mUserActivitySummary=0x5, mBootCompleted=true
05-05 17:23:23.170   532   548 D PowerManagerService: userActivityNoUpdateLocked: eventTime=50915, event=0, flags=0x1, uid=1000
05-05 17:23:23.170   532   548 D PowerManagerService: updateWakeLockSummaryLocked: mWakefulness=Awake, mWakeLockSummary=0x0
05-05 17:23:23.170   532   548 D PowerManagerService: updateUserActivitySummaryLocked: mWakefulness=Awake, mUserActivitySummary=0x5, nextTimeout=58913 (in 7997 ms)
05-05 17:23:23.170   532   548 D PowerManagerService: updateScreenStateLocked: mDisplayReady=true, newScreenState=2, mWakefulness=1, mWakeLockSummary=0x0, mUserActivitySummary=0x5, mBootCompleted=true
05-05 17:23:23.170   532   548 D PowerManagerService: Releasing suspend blocker "PowerManagerService.WakeLocks".
05-05 17:23:23.170   532   563 D PowerManagerService: handleSandman: canDream=true, mWakefulness=Awake
05-05 17:23:25.193   532   574 D PowerManagerService: userActivityNoUpdateLocked: eventTime=52937, event=0, flags=0x0, uid=1000
05-05 17:23:25.193   532   574 D PowerManagerService: updateUserActivitySummaryLocked: mWakefulness=Awake, mUserActivitySummary=0x5, nextTimeout=60937 (in 7999 ms)
05-05 17:23:25.193   532   574 D PowerManagerService: updateScreenStateLocked: mDisplayReady=true, newScreenState=2, mWakefulness=1, mWakeLockSummary=0x0, mUserActivitySummary=0x5, mBootCompleted=true
05-05 17:23:25.193   532   563 D PowerManagerService: handleSandman: canDream=true, mWakefulness=Awake
05-05 17:23:25.193   532   574 D PowerManagerService: userActivityNoUpdateLocked: eventTime=52937, event=2, flags=0x0, uid=1000
05-05 17:23:26.084   616   616 D StatusBar.NetworkController: updateTelephonySignalStrengthLte: !hasLTEService()
05-05 17:23:26.092   616   616 D StatusBar.NetworkController: updateTelephonySignalStrengthLte: !hasLTEService()
05-05 17:23:26.115   532   574 D PowerManagerService: userActivityNoUpdateLocked: eventTime=53857, event=0, flags=0x0, uid=1000
05-05 17:23:26.115   532   574 D PowerManagerService: updateUserActivitySummaryLocked: mWakefulness=Awake, mUserActivitySummary=0x5, nextTimeout=61857 (in 7996 ms)
05-05 17:23:26.115   532   574 D PowerManagerService: updateScreenStateLocked: mDisplayReady=true, newScreenState=2, mWakefulness=1, mWakeLockSummary=0x0, mUserActivitySummary=0x5, mBootCompleted=true
05-05 17:23:26.115   532   574 D PowerManagerService: userActivityNoUpdateLocked: eventTime=53857, event=2, flags=0x0, uid=1000
05-05 17:23:26.115   532   563 D PowerManagerService: handleSandman: canDream=true, mWakefulness=Awake
05-05 17:23:26.123   532   594 D WifiStateMachine: fetchRssiAndLinkSpeedNative signalPoll=RSSI=-41
05-05 17:23:26.123   532   594 D WifiStateMachine: LINKSPEED=48
05-05 17:23:26.123   532   594 D WifiStateMachine: NOISE=9999
05-05 17:23:26.123   532   594 D WifiStateMachine: FREQUENCY=0
05-05 17:23:26.123   532   594 D WifiStateMachine: fetchRssiAndLinkSpeedNative newRssi=-41
05-05 17:23:26.123   532   594 D WifiStateMachine: fetchRssiAndLinkSpeedNative newSignalLevel=4
05-05 17:23:27.545   532   574 D PowerManagerService: userActivityNoUpdateLocked: eventTime=55289, event=0, flags=0x0, uid=1000
05-05 17:23:27.545   532   574 D PowerManagerService: updateUserActivitySummaryLocked: mWakefulness=Awake, mUserActivitySummary=0x5, nextTimeout=63289 (in 8000 ms)
05-05 17:23:27.545   532   574 D PowerManagerService: updateScreenStateLocked: mDisplayReady=true, newScreenState=2, mWakefulness=1, mWakeLockSummary=0x0, mUserActivitySummary=0x5, mBootCompleted=true
05-05 17:23:27.545   532   574 D PowerManagerService: userActivityNoUpdateLocked: eventTime=55289, event=2, flags=0x0, uid=1000
05-05 17:23:27.545   532   563 D PowerManagerService: handleSandman: canDream=true, mWakefulness=Awake
05-05 17:23:27.771   532   532 D PowerManagerService: updateWakeLockSummaryLocked: mWakefulness=Awake, mWakeLockSummary=0x1
05-05 17:23:27.771   532   532 D PowerManagerService: updateScreenStateLocked: mDisplayReady=true, newScreenState=2, mWakefulness=1, mWakeLockSummary=0x1, mUserActivitySummary=0x5, mBootCompleted=true
05-05 17:23:27.771   532   532 D PowerManagerService: Acquiring suspend blocker "PowerManagerService.WakeLocks".
05-05 17:23:27.771   532   563 D PowerManagerService: handleSandman: canDream=true, mWakefulness=Awake
05-05 17:23:27.795   532   544 W ContextImpl: Calling a method in the system process without a qualified user: android.app.ContextImpl.sendBroadcast:1042 com.android.server.am.ActivityStack.resumeTopActivityLocked:1687 com.android.server.am.ActivityStack.resumeTopActivityLocked:1447 com.android.server.am.ActivityStack.completePauseLocked:1192 com.android.server.am.ActivityStack.activityPaused:1089 
05-05 17:23:27.928   532   812 D PowerManagerService: updateWakeLockSummaryLocked: mWakefulness=Awake, mWakeLockSummary=0x0
05-05 17:23:27.928   532   812 D PowerManagerService: updateScreenStateLocked: mDisplayReady=true, newScreenState=2, mWakefulness=1, mWakeLockSummary=0x0, mUserActivitySummary=0x5, mBootCompleted=true
05-05 17:23:27.928   532   812 D PowerManagerService: Releasing suspend blocker "PowerManagerService.WakeLocks".
05-05 17:23:27.928   532   563 D PowerManagerService: handleSandman: canDream=true, mWakefulness=Awake
05-05 17:23:28.186   532   549 I ActivityManager: No longer want com.android.exchange (pid 1189): empty #17
05-05 17:23:28.193   532   710 W ActivityManager: send smart intent packageName=com.android.exchange
05-05 17:23:28.201   532   710 W ContextImpl: Calling a method in the system process without a qualified user: android.app.ContextImpl.sendBroadcast:1042 com.android.server.am.ActivityManagerService.handleAppDiedLocked:3033 com.android.server.am.ActivityManagerService.appDiedLocked:3145 com.android.server.am.ActivityManagerService$AppDeathRecipient.binderDied:898 android.os.BinderProxy.sendDeathNotice:470 
05-05 17:23:28.201   532   546 D NotificationService: Receive ACTION_PROCESS_DIED pkg:com.android.exchange
05-05 17:23:29.256   532   594 D WifiStateMachine: fetchRssiAndLinkSpeedNative signalPoll=RSSI=-42
05-05 17:23:29.256   532   594 D WifiStateMachine: LINKSPEED=48
05-05 17:23:29.256   532   594 D WifiStateMachine: NOISE=9999
05-05 17:23:29.256   532   594 D WifiStateMachine: FREQUENCY=0
05-05 17:23:29.256   532   594 D WifiStateMachine: fetchRssiAndLinkSpeedNative newRssi=-42
05-05 17:23:29.256   532   594 D WifiStateMachine: fetchRssiAndLinkSpeedNative newSignalLevel=4
05-05 17:23:29.279   616   616 D StatusBar.NetworkController: updateTelephonySignalStrengthLte: !hasLTEService()
05-05 17:23:29.279   616   616 D StatusBar.NetworkController: updateTelephonySignalStrengthLte: !hasLTEService()
05-05 17:23:32.436   532   594 D WifiStateMachine: fetchRssiAndLinkSpeedNative signalPoll=RSSI=-40
05-05 17:23:32.436   532   594 D WifiStateMachine: LINKSPEED=48
05-05 17:23:32.436   532   594 D WifiStateMachine: NOISE=9999
05-05 17:23:32.436   532   594 D WifiStateMachine: FREQUENCY=0
05-05 17:23:32.436   532   594 D WifiStateMachine: fetchRssiAndLinkSpeedNative newRssi=-40
05-05 17:23:32.436   532   594 D WifiStateMachine: fetchRssiAndLinkSpeedNative newSignalLevel=4
05-05 17:23:32.482   616   616 D StatusBar.NetworkController: updateTelephonySignalStrengthLte: !hasLTEService()
05-05 17:23:32.482   616   616 D StatusBar.NetworkController: updateTelephonySignalStrengthLte: !hasLTEService()
05-05 17:23:35.553   532   563 D PowerManagerService: handleUserActivityTimeout
05-05 17:23:35.553   532   563 D PowerManagerService: updateUserActivitySummaryLocked: mWakefulness=Awake, mUserActivitySummary=0x1, nextTimeout=1848289 (in 1784991 ms)
05-05 17:23:35.553   532   563 D PowerManagerService: updateScreenStateLocked: mDisplayReady=true, newScreenState=2, mWakefulness=1, mWakeLockSummary=0x0, mUserActivitySummary=0x1, mBootCompleted=true
05-05 17:23:35.553   532   563 D PowerManagerService: handleSandman: canDream=true, mWakefulness=Awake
05-05 17:23:35.600   532   594 D WifiStateMachine: fetchRssiAndLinkSpeedNative signalPoll=RSSI=-40
05-05 17:23:35.600   532   594 D WifiStateMachine: LINKSPEED=48
05-05 17:23:35.600   532   594 D WifiStateMachine: NOISE=9999
05-05 17:23:35.600   532   594 D WifiStateMachine: FREQUENCY=0
05-05 17:23:35.600   532   594 D WifiStateMachine: fetchRssiAndLinkSpeedNative newRssi=-40
05-05 17:23:35.600   532   594 D WifiStateMachine: fetchRssiAndLinkSpeedNative newSignalLevel=4
05-05 17:23:35.678   616   616 D StatusBar.NetworkController: updateTelephonySignalStrengthLte: !hasLTEService()
05-05 17:23:35.678   616   616 D StatusBar.NetworkController: updateTelephonySignalStrengthLte: !hasLTEService()
05-05 17:23:37.482   532   563 D PowerManagerService: updateIsPoweredLocked: wasPowered=true, mIsPowered=true, oldPlugType=2, mPlugType=2, mBatteryLevel=94
05-05 17:23:37.482   532   563 D PowerManagerService: handleSandman: canDream=true, mWakefulness=Awake
05-05 17:23:37.482   616   616 D PowerUI : buckets   .....20 .. 15 .. 10
05-05 17:23:37.482   616   616 D PowerUI : level          94 --> 94
05-05 17:23:37.482   616   616 D PowerUI : status         2 --> 2
05-05 17:23:37.482   616   616 D PowerUI : plugType       2 --> 2
05-05 17:23:37.482   616   616 D PowerUI : invalidCharger 0 --> 0
05-05 17:23:37.482   616   616 D PowerUI : bucket         1 --> 1
05-05 17:23:37.482   616   616 D PowerUI : plugged        true --> true
05-05 17:23:37.482   616   616 D PowerUI : temperature    340 --> 340
05-05 17:23:38.764   532   594 D WifiStateMachine: fetchRssiAndLinkSpeedNative signalPoll=RSSI=-38
05-05 17:23:38.764   532   594 D WifiStateMachine: LINKSPEED=48
05-05 17:23:38.764   532   594 D WifiStateMachine: NOISE=9999
05-05 17:23:38.764   532   594 D WifiStateMachine: FREQUENCY=0
05-05 17:23:38.764   532   594 D WifiStateMachine: fetchRssiAndLinkSpeedNative newRssi=-38
05-05 17:23:38.764   532   594 D WifiStateMachine: fetchRssiAndLinkSpeedNative newSignalLevel=4
05-05 17:23:41.928   532   594 D WifiStateMachine: fetchRssiAndLinkSpeedNative signalPoll=RSSI=-40
05-05 17:23:41.928   532   594 D WifiStateMachine: LINKSPEED=48
05-05 17:23:41.928   532   594 D WifiStateMachine: NOISE=9999
05-05 17:23:41.928   532   594 D WifiStateMachine: FREQUENCY=0
05-05 17:23:41.928   532   594 D WifiStateMachine: fetchRssiAndLinkSpeedNative newRssi=-40
05-05 17:23:41.936   532   594 D WifiStateMachine: fetchRssiAndLinkSpeedNative newSignalLevel=4
05-05 17:23:45.107   532   594 D WifiStateMachine: fetchRssiAndLinkSpeedNative signalPoll=RSSI=-40
05-05 17:23:45.107   532   594 D WifiStateMachine: LINKSPEED=48
05-05 17:23:45.107   532   594 D WifiStateMachine: NOISE=9999
05-05 17:23:45.107   532   594 D WifiStateMachine: FREQUENCY=0
05-05 17:23:45.107   532   594 D WifiStateMachine: fetchRssiAndLinkSpeedNative newRssi=-40
05-05 17:23:45.107   532   594 D WifiStateMachine: fetchRssiAndLinkSpeedNative newSignalLevel=4
05-05 17:23:46.568   616   616 D StatusBar.NetworkController: updateTelephonySignalStrengthLte: !hasLTEService()
05-05 17:23:46.592   616   616 D StatusBar.NetworkController: updateTelephonySignalStrengthLte: !hasLTEService()
05-05 17:23:48.264   532   594 D WifiStateMachine: fetchRssiAndLinkSpeedNative signalPoll=RSSI=-38
05-05 17:23:48.264   532   594 D WifiStateMachine: LINKSPEED=48
05-05 17:23:48.264   532   594 D WifiStateMachine: NOISE=9999
05-05 17:23:48.264   532   594 D WifiStateMachine: FREQUENCY=0
05-05 17:23:48.264   532   594 D WifiStateMachine: fetchRssiAndLinkSpeedNative newRssi=-38
05-05 17:23:48.264   532   594 D WifiStateMachine: fetchRssiAndLinkSpeedNative newSignalLevel=4
05-05 17:23:51.037   616   616 D StatusBar.NetworkController: updateTelephonySignalStrengthLte: !hasLTEService()
05-05 17:23:51.045   616   616 D StatusBar.NetworkController: updateTelephonySignalStrengthLte: !hasLTEService()
05-05 17:23:51.412   532   594 D WifiStateMachine: fetchRssiAndLinkSpeedNative signalPoll=RSSI=-39
05-05 17:23:51.412   532   594 D WifiStateMachine: LINKSPEED=48
05-05 17:23:51.412   532   594 D WifiStateMachine: NOISE=9999
05-05 17:23:51.412   532   594 D WifiStateMachine: FREQUENCY=0
05-05 17:23:51.412   532   594 D WifiStateMachine: fetchRssiAndLinkSpeedNative newRssi=-39
05-05 17:23:51.412   532   594 D WifiStateMachine: fetchRssiAndLinkSpeedNative newSignalLevel=4
05-05 17:23:51.436   532   546 V DeviceStorageMonitorService: freeMemory=1330003968
05-05 17:23:51.436   532   546 V DeviceStorageMonitorService: checkMemory  mCheckInterval=30000
05-05 17:23:53.803   532   549 V ActivityManager: ### send app launch event intent.
05-05 17:23:53.803   532   549 W ContextImpl: Calling a method in the system process without a qualified user: android.app.ContextImpl.sendBroadcast:1042 com.android.server.am.ActivityManagerService.startProcessLocked:2217 com.android.server.am.ActivityManagerService.startProcessLocked:2113 com.android.server.am.BroadcastQueue.processNextBroadcast:829 com.android.server.am.BroadcastQueue$1.handleMessage:140 
05-05 17:23:53.818   532   549 I ActivityManager: Start proc com.android.musicfx for broadcast com.android.musicfx/.ControlPanelReceiver: pid=1622 uid=10035 gids={50035, 3003, 3002, 1028}
05-05 17:23:53.826   532   785 I ActivityManager: No longer want com.ontim.mvconfig (pid 1256): empty #17
05-05 17:23:53.834   532   802 W ActivityManager: send smart intent packageName=com.ontim.mvconfig
05-05 17:23:53.834   532   802 W ContextImpl: Calling a method in the system process without a qualified user: android.app.ContextImpl.sendBroadcast:1042 com.android.server.am.ActivityManagerService.handleAppDiedLocked:3033 com.android.server.am.ActivityManagerService.appDiedLocked:3145 com.android.server.am.ActivityManagerService$AppDeathRecipient.binderDied:898 android.os.BinderProxy.sendDeathNotice:470 
05-05 17:23:53.834   532   546 D NotificationService: Receive ACTION_PROCESS_DIED pkg:com.ontim.mvconfig
05-05 17:23:53.865   532   960 I ActivityManager: No longer want com.android.onetimeinitializer (pid 1297): empty #17
05-05 17:23:53.873   532   802 W ActivityManager: send smart intent packageName=com.android.onetimeinitializer
05-05 17:23:53.873   532   802 W ContextImpl: Calling a method in the system process without a qualified user: android.app.ContextImpl.sendBroadcast:1042 com.android.server.am.ActivityManagerService.handleAppDiedLocked:3033 com.android.server.am.ActivityManagerService.appDiedLocked:3145 com.android.server.am.ActivityManagerService$AppDeathRecipient.binderDied:898 android.os.BinderProxy.sendDeathNotice:470 
05-05 17:23:53.873   532   546 D NotificationService: Receive ACTION_PROCESS_DIED pkg:com.android.onetimeinitializer
05-05 17:23:54.553   532   594 D WifiStateMachine: fetchRssiAndLinkSpeedNative signalPoll=RSSI=-39
05-05 17:23:54.553   532   594 D WifiStateMachine: LINKSPEED=48
05-05 17:23:54.553   532   594 D WifiStateMachine: NOISE=9999
05-05 17:23:54.553   532   594 D WifiStateMachine: FREQUENCY=0
05-05 17:23:54.553   532   594 D WifiStateMachine: fetchRssiAndLinkSpeedNative newRssi=-39
05-05 17:23:54.553   532   594 D WifiStateMachine: fetchRssiAndLinkSpeedNative newSignalLevel=4
05-05 17:23:57.701   532   594 D WifiStateMachine: fetchRssiAndLinkSpeedNative signalPoll=RSSI=-38
05-05 17:23:57.701   532   594 D WifiStateMachine: LINKSPEED=48
05-05 17:23:57.701   532   594 D WifiStateMachine: NOISE=9999
05-05 17:23:57.701   532   594 D WifiStateMachine: FREQUENCY=0
05-05 17:23:57.701   532   594 D WifiStateMachine: fetchRssiAndLinkSpeedNative newRssi=-38
05-05 17:23:57.701   532   594 D WifiStateMachine: fetchRssiAndLinkSpeedNative newSignalLevel=4
05-05 17:23:57.959   532   563 D PowerManagerService: updateIsPoweredLocked: wasPowered=true, mIsPowered=true, oldPlugType=2, mPlugType=2, mBatteryLevel=94
05-05 17:23:57.959   532   563 D PowerManagerService: handleSandman: canDream=true, mWakefulness=Awake
05-05 17:23:57.959   616   616 D PowerUI : buckets   .....20 .. 15 .. 10
05-05 17:23:57.959   616   616 D PowerUI : level          94 --> 94
05-05 17:23:57.959   616   616 D PowerUI : status         2 --> 2
05-05 17:23:57.959   616   616 D PowerUI : plugType       2 --> 2
05-05 17:23:57.959   616   616 D PowerUI : invalidCharger 0 --> 0
05-05 17:23:57.959   616   616 D PowerUI : bucket         1 --> 1
05-05 17:23:57.967   616   616 D PowerUI : plugged        true --> true
05-05 17:23:57.967   616   616 D PowerUI : temperature    340 --> 340
05-05 17:23:58.076   616   616 D StatusBar.NetworkController: updateTelephonySignalStrengthLte: !hasLTEService()
05-05 17:23:58.084   616   616 D StatusBar.NetworkController: updateTelephonySignalStrengthLte: !hasLTEService()
05-05 17:23:59.529   532   597 D MobileDataStateTracker: default: setPolicyDataEnable(enabled=true)
05-05 17:23:59.553   532   597 D MobileDataStateTracker: default: setPolicyDataEnable(enabled=true)
05-05 17:23:59.568   532   597 D MobileDataStateTracker: default: setPolicyDataEnable(enabled=true)
05-05 17:23:59.584   532   597 D MobileDataStateTracker: default: setPolicyDataEnable(enabled=true)
05-05 17:23:59.998   532   564 D PowerManagerService: updateWakeLockSummaryLocked: mWakefulness=Awake, mWakeLockSummary=0x1
05-05 17:23:59.998   532   564 D PowerManagerService: updateScreenStateLocked: mDisplayReady=true, newScreenState=2, mWakefulness=1, mWakeLockSummary=0x1, mUserActivitySummary=0x1, mBootCompleted=true
05-05 17:23:59.998   532   564 D PowerManagerService: Acquiring suspend blocker "PowerManagerService.WakeLocks".
05-05 17:23:59.998   532   563 D PowerManagerService: handleSandman: canDream=true, mWakefulness=Awake
05-05 17:23:59.998   532   546 V AlarmManager: Sync Push enabled with interval: 5
05-05 17:24:00.084   532   546 D PowerManagerService: updateWakeLockSummaryLocked: mWakefulness=Awake, mWakeLockSummary=0x0
05-05 17:24:00.084   532   546 D PowerManagerService: updateScreenStateLocked: mDisplayReady=true, newScreenState=2, mWakefulness=1, mWakeLockSummary=0x0, mUserActivitySummary=0x1, mBootCompleted=true
05-05 17:24:00.084   532   546 D PowerManagerService: Releasing suspend blocker "PowerManagerService.WakeLocks".
05-05 17:24:00.084   532   563 D PowerManagerService: handleSandman: canDream=true, mWakefulness=Awake
05-05 17:24:00.865   532   594 D WifiStateMachine: fetchRssiAndLinkSpeedNative signalPoll=RSSI=-38
05-05 17:24:00.865   532   594 D WifiStateMachine: LINKSPEED=54
05-05 17:24:00.865   532   594 D WifiStateMachine: NOISE=9999
05-05 17:24:00.865   532   594 D WifiStateMachine: FREQUENCY=0
05-05 17:24:00.865   532   594 D WifiStateMachine: fetchRssiAndLinkSpeedNative newRssi=-38
05-05 17:24:00.865   532   594 D WifiStateMachine: fetchRssiAndLinkSpeedNative newSignalLevel=4
05-05 17:24:01.279   616   616 D StatusBar.NetworkController: updateTelephonySignalStrengthLte: !hasLTEService()
05-05 17:24:01.287   616   616 D StatusBar.NetworkController: updateTelephonySignalStrengthLte: !hasLTEService()
05-05 17:24:04.021   532   594 D WifiStateMachine: fetchRssiAndLinkSpeedNative signalPoll=RSSI=-38
05-05 17:24:04.021   532   594 D WifiStateMachine: LINKSPEED=54
05-05 17:24:04.021   532   594 D WifiStateMachine: NOISE=9999
05-05 17:24:04.021   532   594 D WifiStateMachine: FREQUENCY=0
05-05 17:24:04.021   532   594 D WifiStateMachine: fetchRssiAndLinkSpeedNative newRssi=-38
05-05 17:24:04.021   532   594 D WifiStateMachine: fetchRssiAndLinkSpeedNative newSignalLevel=4
05-05 17:24:07.178   532   594 D WifiStateMachine: fetchRssiAndLinkSpeedNative signalPoll=RSSI=-38
05-05 17:24:07.178   532   594 D WifiStateMachine: LINKSPEED=54
05-05 17:24:07.178   532   594 D WifiStateMachine: NOISE=9999
05-05 17:24:07.178   532   594 D WifiStateMachine: FREQUENCY=0
05-05 17:24:07.178   532   594 D WifiStateMachine: fetchRssiAndLinkSpeedNative newRssi=-38
05-05 17:24:07.178   532   594 D WifiStateMachine: fetchRssiAndLinkSpeedNative newSignalLevel=4
05-05 17:24:10.350   532   594 D WifiStateMachine: fetchRssiAndLinkSpeedNative signalPoll=RSSI=-39
05-05 17:24:10.350   532   594 D WifiStateMachine: LINKSPEED=54
05-05 17:24:10.350   532   594 D WifiStateMachine: NOISE=9999
05-05 17:24:10.350   532   594 D WifiStateMachine: FREQUENCY=0
05-05 17:24:10.350   532   594 D WifiStateMachine: fetchRssiAndLinkSpeedNative newRssi=-39
05-05 17:24:10.350   532   594 D WifiStateMachine: fetchRssiAndLinkSpeedNative newSignalLevel=4
05-05 17:24:11.521   616   616 D StatusBar.NetworkController: updateTelephonySignalStrengthLte: !hasLTEService()
05-05 17:24:11.521   616   616 D StatusBar.NetworkController: updateTelephonySignalStrengthLte: !hasLTEService()
--------- beginning of /dev/log/main
05-05 17:24:13.357   962   962 I wpa_supplicant: Receive Command: SIGNAL_POLL
05-05 17:24:13.365   962   962 I wpa_supplicant: wpa_supplicant_signal_poll buf=RSSI=-38
05-05 17:24:13.365   962   962 I wpa_supplicant: LINKSPEED=54
05-05 17:24:13.365   962   962 I wpa_supplicant: NOISE=9999
05-05 17:24:13.365   962   962 I wpa_supplicant: FREQUENCY=0
05-05 17:24:13.365   532   594 D WifiManager: calculateSignalLevel product=HUAWEI G521-L076 rssi=-38 numLevels=5
05-05 17:24:13.365   532   594 D WifiStateMachine: fetchRssiAndLinkSpeedNative signalPoll=RSSI=-38
05-05 17:24:13.365   532   594 D WifiStateMachine: LINKSPEED=54
05-05 17:24:13.365   532   594 D WifiStateMachine: NOISE=9999
05-05 17:24:13.365   532   594 D WifiStateMachine: FREQUENCY=0
05-05 17:24:13.365   532   594 D WifiStateMachine: fetchRssiAndLinkSpeedNative newRssi=-38
05-05 17:24:13.365   532   594 D WifiStateMachine: fetchRssiAndLinkSpeedNative newSignalLevel=4
05-05 17:24:14.725   616   616 D StatusBar.NetworkController: updateTelephonySignalStrengthLte: !hasLTEService()
05-05 17:24:14.732   616   616 D StatusBar.NetworkController: updateTelephonySignalStrengthLte: !hasLTEService()
05-05 17:24:16.365   962   962 I wpa_supplicant: Receive Command: SIGNAL_POLL
05-05 17:24:16.498   962   962 I wpa_supplicant: wpa_supplicant_signal_poll buf=RSSI=-39
05-05 17:24:16.498   962   962 I wpa_supplicant: LINKSPEED=54
05-05 17:24:16.498   962   962 I wpa_supplicant: NOISE=9999
05-05 17:24:16.498   962   962 I wpa_supplicant: FREQUENCY=0
05-05 17:24:16.498   532   594 D WifiManager: calculateSignalLevel product=HUAWEI G521-L076 rssi=-39 numLevels=5
05-05 17:24:16.498   532   594 D WifiStateMachine: fetchRssiAndLinkSpeedNative signalPoll=RSSI=-39
05-05 17:24:16.498   532   594 D WifiStateMachine: LINKSPEED=54
05-05 17:24:16.498   532   594 D WifiStateMachine: NOISE=9999
05-05 17:24:16.498   532   594 D WifiStateMachine: FREQUENCY=0
05-05 17:24:16.498   532   594 D WifiStateMachine: fetchRssiAndLinkSpeedNative newRssi=-39
05-05 17:24:16.498   532   594 D WifiStateMachine: fetchRssiAndLinkSpeedNative newSignalLevel=4
05-05 17:24:18.240   532   563 D PowerManagerService: updateIsPoweredLocked: wasPowered=true, mIsPowered=true, oldPlugType=2, mPlugType=2, mBatteryLevel=94
05-05 17:24:18.240   532   563 D PowerManagerService: handleSandman: canDream=true, mWakefulness=Awake
05-05 17:24:18.240   616   616 D PowerUI : buckets   .....20 .. 15 .. 10
05-05 17:24:18.240   616   616 D PowerUI : level          94 --> 94
05-05 17:24:18.240   616   616 D PowerUI : status         2 --> 2
05-05 17:24:18.240   616   616 D PowerUI : plugType       2 --> 2
05-05 17:24:18.240   616   616 D PowerUI : invalidCharger 0 --> 0
05-05 17:24:18.240   616   616 D PowerUI : bucket         1 --> 1
05-05 17:24:18.240   616   616 D PowerUI : plugged        true --> true
05-05 17:24:18.240   616   616 D PowerUI : temperature    340 --> 340
05-05 17:24:19.506   962   962 I wpa_supplicant: Receive Command: SIGNAL_POLL
05-05 17:24:19.639   962   962 I wpa_supplicant: wpa_supplicant_signal_poll buf=RSSI=-38
05-05 17:24:19.639   962   962 I wpa_supplicant: LINKSPEED=54
05-05 17:24:19.639   962   962 I wpa_supplicant: NOISE=9999
05-05 17:24:19.639   962   962 I wpa_supplicant: FREQUENCY=0
05-05 17:24:19.639   532   594 D WifiManager: calculateSignalLevel product=HUAWEI G521-L076 rssi=-38 numLevels=5
05-05 17:24:19.639   532   594 D WifiStateMachine: fetchRssiAndLinkSpeedNative signalPoll=RSSI=-38
05-05 17:24:19.639   532   594 D WifiStateMachine: LINKSPEED=54
05-05 17:24:19.639   532   594 D WifiStateMachine: NOISE=9999
05-05 17:24:19.639   532   594 D WifiStateMachine: FREQUENCY=0
05-05 17:24:19.639   532   594 D WifiStateMachine: fetchRssiAndLinkSpeedNative newRssi=-38
05-05 17:24:19.639   532   594 D WifiStateMachine: fetchRssiAndLinkSpeedNative newSignalLevel=4
05-05 17:24:21.436   532   546 V DeviceStorageMonitorService: freeMemory=1329926144
05-05 17:24:21.436   532   546 V DeviceStorageMonitorService: checkMemory  mCheckInterval=60000
05-05 17:24:22.639   962   962 I wpa_supplicant: Receive Command: SIGNAL_POLL
05-05 17:24:22.756   962   962 I wpa_supplicant: wpa_supplicant_signal_poll buf=RSSI=-38
05-05 17:24:22.756   962   962 I wpa_supplicant: LINKSPEED=54
05-05 17:24:22.756   962   962 I wpa_supplicant: NOISE=9999
05-05 17:24:22.756   962   962 I wpa_supplicant: FREQUENCY=0
05-05 17:24:22.756   532   594 D WifiManager: calculateSignalLevel product=HUAWEI G521-L076 rssi=-38 numLevels=5
05-05 17:24:22.756   532   594 D WifiStateMachine: fetchRssiAndLinkSpeedNative signalPoll=RSSI=-38
05-05 17:24:22.756   532   594 D WifiStateMachine: LINKSPEED=54
05-05 17:24:22.756   532   594 D WifiStateMachine: NOISE=9999
05-05 17:24:22.756   532   594 D WifiStateMachine: FREQUENCY=0
05-05 17:24:22.756   532   594 D WifiStateMachine: fetchRssiAndLinkSpeedNative newRssi=-38
05-05 17:24:22.756   532   594 D WifiStateMachine: fetchRssiAndLinkSpeedNative newSignalLevel=4
05-05 17:24:22.881  1640  1640 D AndroidRuntime: 
05-05 17:24:22.881  1640  1640 D AndroidRuntime: >>>>>> AndroidRuntime START com.android.internal.os.RuntimeInit <<<<<<
05-05 17:24:22.881  1640  1640 D AndroidRuntime: CheckJNI is OFF
05-05 17:24:22.912  1640  1640 D dalvikvm: Trying to load lib libjavacore.so 0x0
05-05 17:24:22.920  1640  1640 D dalvikvm: Added shared lib libjavacore.so 0x0
05-05 17:24:22.928  1640  1640 D dalvikvm: Trying to load lib libnativehelper.so 0x0
05-05 17:24:22.928  1640  1640 D dalvikvm: Added shared lib libnativehelper.so 0x0
05-05 17:24:23.084  1640  1640 D AndroidRuntime: Calling main entry com.android.commands.monkey.Monkey
05-05 17:24:23.084  1640  1640 D dalvikvm: Note: class Landroid/app/ActivityManagerNative; has 163 unimplemented (abstract) methods
05-05 17:24:25.764   962   962 I wpa_supplicant: Receive Command: SIGNAL_POLL
05-05 17:24:25.904   962   962 I wpa_supplicant: wpa_supplicant_signal_poll buf=RSSI=-37
05-05 17:24:25.904   962   962 I wpa_supplicant: LINKSPEED=54
05-05 17:24:25.904   962   962 I wpa_supplicant: NOISE=9999
05-05 17:24:25.904   962   962 I wpa_supplicant: FREQUENCY=0
05-05 17:24:25.904   532   594 D WifiManager: calculateSignalLevel product=HUAWEI G521-L076 rssi=-37 numLevels=5
05-05 17:24:25.904   532   594 D WifiStateMachine: fetchRssiAndLinkSpeedNative signalPoll=RSSI=-37
05-05 17:24:25.904   532   594 D WifiStateMachine: LINKSPEED=54
05-05 17:24:25.904   532   594 D WifiStateMachine: NOISE=9999
05-05 17:24:25.904   532   594 D WifiStateMachine: FREQUENCY=0
05-05 17:24:25.904   532   594 D WifiStateMachine: fetchRssiAndLinkSpeedNative newRssi=-37
05-05 17:24:25.904   532   594 D WifiStateMachine: fetchRssiAndLinkSpeedNative newSignalLevel=4
05-05 17:24:26.529   532   710 D PowerManagerService: wakeUpNoUpdateLocked: eventTime=114278
05-05 17:24:26.537  1640  1640 D MonkeyStub: Connection dropped.
05-05 17:24:26.545  1640  1649 W MessageQueue: Handler (com.android.internal.os.HandlerCaller$MyHandler) {41789b30} sending message to a Handler on a dead thread
05-05 17:24:26.545  1640  1649 W MessageQueue: java.lang.RuntimeException: Handler (com.android.internal.os.HandlerCaller$MyHandler) {41789b30} sending message to a Handler on a dead thread
05-05 17:24:26.545  1640  1649 W MessageQueue: 	at android.os.MessageQueue.enqueueMessage(MessageQueue.java:309)
05-05 17:24:26.545  1640  1649 W MessageQueue: 	at android.os.Handler.enqueueMessage(Handler.java:623)
05-05 17:24:26.545  1640  1649 W MessageQueue: 	at android.os.Handler.sendMessageAtTime(Handler.java:592)
05-05 17:24:26.545  1640  1649 W MessageQueue: 	at android.os.Handler.sendMessageDelayed(Handler.java:563)
05-05 17:24:26.545  1640  1649 W MessageQueue: 	at android.os.Handler.sendMessage(Handler.java:500)
05-05 17:24:26.545  1640  1649 W MessageQueue: 	at com.android.internal.os.HandlerCaller.sendMessage(HandlerCaller.java:82)
05-05 17:24:26.545  1640  1649 W MessageQueue: 	at android.accessibilityservice.AccessibilityService$IAccessibilityServiceClientWrapper.onAccessibilityEvent(AccessibilityService.java:619)
05-05 17:24:26.545  1640  1649 W MessageQueue: 	at android.accessibilityservice.IAccessibilityServiceClient$Stub.onTransact(IAccessibilityServiceClient.java:70)
05-05 17:24:26.545  1640  1649 W MessageQueue: 	at android.os.Binder.execTransact(Binder.java:388)
05-05 17:24:26.545  1640  1649 W MessageQueue: 	at dalvik.system.NativeStart.run(Native Method)
05-05 17:24:28.912   962   962 I wpa_supplicant: Receive Command: SIGNAL_POLL
05-05 17:24:29.100   962   962 I wpa_supplicant: wpa_supplicant_signal_poll buf=RSSI=-37
05-05 17:24:29.100   962   962 I wpa_supplicant: LINKSPEED=54
05-05 17:24:29.100   962   962 I wpa_supplicant: NOISE=9999
05-05 17:24:29.100   962   962 I wpa_supplicant: FREQUENCY=0
05-05 17:24:29.100   532   594 D WifiManager: calculateSignalLevel product=HUAWEI G521-L076 rssi=-37 numLevels=5
05-05 17:24:29.100   532   594 D WifiStateMachine: fetchRssiAndLinkSpeedNative signalPoll=RSSI=-37
05-05 17:24:29.100   532   594 D WifiStateMachine: LINKSPEED=54
05-05 17:24:29.100   532   594 D WifiStateMachine: NOISE=9999
05-05 17:24:29.100   532   594 D WifiStateMachine: FREQUENCY=0
05-05 17:24:29.100   532   594 D WifiStateMachine: fetchRssiAndLinkSpeedNative newRssi=-37
05-05 17:24:29.100   532   594 D WifiStateMachine: fetchRssiAndLinkSpeedNative newSignalLevel=4
05-05 17:24:30.350   839   839 D CapacityCheckService: updateApproximate   storagevolume.getPath()  ==/storage/sdcard0 , volumeState = mounted
05-05 17:24:30.350   839   839 D CapacityCheckService: updateApproximate   availSizeMB  ==5295
05-05 17:24:30.350   839   839 D CapacityCheckService: isSDcardExist   ret ==true
05-05 17:24:30.350   839   839 D CapacityCheckService: sdCardStorage   SDflag  ==false
05-05 17:24:30.350   839   839 D CapacityCheckService: updateApproximate   storagevolume.getPath()  ==/storage/sdcard1 , volumeState = mounted
05-05 17:24:30.350   839   839 D CapacityCheckService: updateApproximate   availSizeMB  ==717
05-05 17:24:30.350   839   839 D CapacityCheckService: isSDcardExist   ret ==true
05-05 17:24:30.350   839   839 D CapacityCheckService: phoneStorage   flag  ==false
05-05 17:24:30.834  1653  1653 D AndroidRuntime: 
05-05 17:24:30.834  1653  1653 D AndroidRuntime: >>>>>> AndroidRuntime START com.android.internal.os.RuntimeInit <<<<<<
05-05 17:24:30.834  1653  1653 D AndroidRuntime: CheckJNI is OFF
05-05 17:24:30.842  1653  1653 D dalvikvm: Trying to load lib libjavacore.so 0x0
05-05 17:24:30.850  1653  1653 D dalvikvm: Added shared lib libjavacore.so 0x0
05-05 17:24:30.857  1653  1653 D dalvikvm: Trying to load lib libnativehelper.so 0x0
05-05 17:24:30.857  1653  1653 D dalvikvm: Added shared lib libnativehelper.so 0x0
05-05 17:24:31.006  1653  1653 D AndroidRuntime: Calling main entry com.android.commands.am.Am
05-05 17:24:31.014  1653  1653 D dalvikvm: Note: class Landroid/app/ActivityManagerNative; has 163 unimplemented (abstract) methods
05-05 17:24:31.014   532   960 D ActivityManager: startActivityMayWait() getCtaCheck: true
05-05 17:24:31.014   532   960 V ActivityManager: send smart intent for new activity com.android.browser where 0
05-05 17:24:31.014   532   960 W ContextImpl: Calling a method in the system process without a qualified user: android.app.ContextImpl.sendBroadcast:1042 com.android.server.am.ActivityStack.startActivityMayWait:3233 com.android.server.am.ActivityManagerService.startActivityAsUser:2561 android.app.ActivityManagerNative.onTransact:157 com.android.server.am.ActivityManagerService.onTransact:1738 
05-05 17:24:31.014   532   960 V ActivityManager: startActivityLocked ### send app launch event intent.
05-05 17:24:31.014   532   960 I ActivityManager: START u0 {act=android.intent.action.MAIN flg=0x10000000 cmp=com.android.browser/.BrowserActivity} from pid 1653
05-05 17:24:31.076   532   960 D dalvikvm: GC_FOR_ALLOC freed 459K, 12% free 7314K/8244K, paused 36ms, total 37ms
05-05 17:24:31.115   532   960 D dalvikvm: GC_FOR_ALLOC freed 444K, 17% free 7083K/8456K, paused 34ms, total 34ms
05-05 17:24:31.115   532   548 E WindowManager: hasWallpaperLayer true
05-05 17:24:31.115   532   960 D PowerManagerService: updateWakeLockSummaryLocked: mWakefulness=Awake, mWakeLockSummary=0x1
05-05 17:24:31.115   532   960 D PowerManagerService: updateScreenStateLocked: mDisplayReady=true, newScreenState=2, mWakefulness=1, mWakeLockSummary=0x1, mUserActivitySummary=0x1, mBootCompleted=true
05-05 17:24:31.115   532   960 D PowerManagerService: Acquiring suspend blocker "PowerManagerService.WakeLocks".
05-05 17:24:31.115   532   563 D PowerManagerService: handleSandman: canDream=true, mWakefulness=Awake
05-05 17:24:31.131   532   548 E WindowManager: hasWallpaperLayer true
05-05 17:24:31.139  1653  1653 D AndroidRuntime: Shutting down VM
05-05 17:24:31.139   767  1153 D EventRelay: Got DVFS_BOOSTER: reason APP_LAUNCH:4 duration: 2000
05-05 17:24:31.139   767  1153 D EventRelay: queue new cancel msg for: 4 at 120884
05-05 17:24:31.139   767   767 I EventRelay: sendStateCmdToSocketSrv--reason: 4 status: 10000
05-05 17:24:31.139   157   157 I ppd     : ppd_loop                 : Hit Rule <BootComplete> ==> Constraint <Default>
05-05 17:24:31.139   157   157 I ppd     : ppd_loop                 : Hit Rule <CallIdle> ==> Constraint <RadioIdle>
05-05 17:24:31.139   157   157 I ppd     : ppd_loop                 : Hit Rule <AppLaunch> ==> Constraint <PerformanceHigh>
05-05 17:24:31.139   157   157 I ppd     : set_cpu_hotplug_lock     : Constraint set for CPU lock(1)
05-05 17:24:31.139   157   157 I ppd     : set_cpu_online           : Constraint set for CPU0 online(1)
05-05 17:24:31.139   157   157 E ppd     : sysfs_write_attribute    : writing's messed up: Invalid argument
05-05 17:24:31.139   157   157 W ppd     : set_cpu_frequency        : Couldn't set constraint for cpu0 (1200000-1200000-ondemand)
05-05 17:24:31.139   157   157 I ppd     : set_cpu_online           : Constraint set for CPU1 online(1)
05-05 17:24:31.139   157   157 W ppd     : set_cpu_frequency        : NULL cpu frequency parameters
05-05 17:24:31.139   157   157 I ppd     : set_cpu_online           : Constraint set for CPU2 online(1)
05-05 17:24:31.139   157   157 W ppd     : set_cpu_frequency        : NULL cpu frequency parameters
05-05 17:24:31.139   157   157 I ppd     : set_cpu_online           : Constraint set for CPU3 online(1)
05-05 17:24:31.139   157   157 W ppd     : set_cpu_frequency        : NULL cpu frequency parameters
05-05 17:24:31.139   157   157 I ppd     : set_ddr_frequency        : Constraint set for DDR (400000-400000-50-throughput)
05-05 17:24:31.139   157   157 I ppd     : set_gpu_frequency        : Constraint set for GPU0 (624000-624000-ondemand)
05-05 17:24:31.139   157   157 I ppd     : set_gpu_frequency        : Constraint set for GPU1 (624000-624000-ondemand)
