05-05 17:24:31.139   532   803 W ContextImpl: Calling a method in the system process without a qualified user: android.app.ContextImpl.sendBroadcast:1042 com.android.server.am.ActivityStack.resumeTopActivityLocked:1687 com.android.server.am.ActivityStack.resumeTopActivityLocked:1447 com.android.server.am.ActivityStack.completePauseLocked:1192 com.android.server.am.ActivityStack.activityPaused:1089 
05-05 17:24:31.146  1573  1573 V browser : com.android.browser.BrowserActivity@41a22bc8 onStart, has state: false
05-05 17:24:31.146  1653  1658 D dalvikvm: GC_CONCURRENT freed 92K, 16% free 512K/608K, paused 2ms+1ms, total 5ms
05-05 17:24:31.146  1573  1573 V browser : ignore intents: false
05-05 17:24:31.146  1573  1573 V Controller: Controller()
05-05 17:24:31.146  1573  1573 V NetworkStateHandler: enter NetworkStateHandler()
05-05 17:24:31.146   767  1153 I EventRelay: Send intent to cmd socket: Intent { act=com.marvell.cpugadget.TASK_MONITOR flg=0x8000010 (has extras) }
05-05 17:24:31.154   532   548 E WindowManager: hasWallpaperLayer true
05-05 17:24:31.154  1573  1573 V BrowserSettings: enter isWifiEnabled(): wifi enable: true, ScanResult: [SSID: cmcc-tttt, BSSID: e0:05:c5:cc:bb:40, capabilities: [WPA2-PSK-TKIP][ESS], level: -39, frequency: 2462, timestamp: 5080540420, SSID: WRHQ, BSSID: 54:e6:fc:68:b3:52, capabilities: [WPA-PSK-CCMP][WPA2-PSK-CCMP][WPS][ESS], level: -60, frequency: 2427, timestamp: 464687823212, SSID: wind, BSSID: 64:00:f1:13:4c:70, capabilities: [WPA2-EAP-CCMP][ESS], level: -61, frequency: 2462, timestamp: 797673583112, SSID: pekall_work, BSSID: 50:57:a8:66:e3:88, capabilities: [WPA2-PSK-CCMP][WPS][ESS], level: -64, frequency: 2412, timestamp: 0, SSID: AP-03-A, BSSID: 50:06:04:8d:76:82, capabilities: [WPA2-PSK-TKIP][ESS], level: -67, frequency: 2462, timestamp: 797804332985, SSID: AP-01, BSSID: 50:06:04:8d:76:80, capabilities: [WPA2-PSK-TKIP][ESS], level: -68, frequency: 2462, timestamp: 797804250670, SSID: AP-02, BSSID: 50:06:04:8d:76:81, capabilities: [WPA2-PSK-TKIP][ESS], level: -69, frequency: 2462, timestamp: 797804310501, SSID: WR-guest, BSSID: 64:00:f1:13:4c:71, capabilities: [ESS], level: -66, frequency: 2462, timestamp: 797673531287]
05-05 17:24:31.162   532   548 E WindowManager: hasWallpaperLayer false
05-05 17:24:31.170   532   548 E WindowManager: hasWallpaperLayer false
05-05 17:24:31.170  1573  1573 V BaseUi  : BaseUI, create mTitleBar!
05-05 17:24:31.186   818   818 E DynamicIcon: onWindowVisibilityChanged 8 - com.android.calendar
05-05 17:24:31.186   532   532 E WindowManager: hasWallpaperLayer false
05-05 17:24:31.193  1573  1573 V TitleBar: mFixedTitlebarContainer add titlebar
05-05 17:24:31.193  1573  1573 V BaseUi  : addFixedTitleBar
05-05 17:24:31.225  1573  1573 V Controller: start()
05-05 17:24:31.240  1573  1577 D dalvikvm: GC_CONCURRENT freed 801K, 17% free 4527K/5428K, paused 2ms+2ms, total 19ms
05-05 17:24:31.248  1573  1573 D dalvikvm: WAIT_FOR_CONCURRENT_GC blocked 5ms
05-05 17:24:31.256  1573  1573 V Controller: onPreloginFinished
05-05 17:24:31.256  1573  1573 V Controller: openTabToHomePage2
05-05 17:24:31.256  1573  1573 V BaseUi  : SetSanyaHomepage, create mTitleBar!
05-05 17:24:31.279  1573  1573 V TitleBar: mFixedTitlebarContainer add titlebar
05-05 17:24:31.279  1573  1573 V BaseUi  : addFixedTitleBar
05-05 17:24:31.279  1573  1573 V BaseUi  : SetSanyaHomepage, addView mTitleBar!
05-05 17:24:31.279  1573  1573 V BaseUi  : mHomePageTitleBar has parent!
05-05 17:24:31.287  1573  1573 I WebSettingsClassic: got uaprofile: 
05-05 17:24:31.287  1573  1596 E WebCoreFrameBridge: CreateFrame, 1125
05-05 17:24:31.287  1573  1596 E WebCoreFrameBridge: WebFrame, 232
05-05 17:24:31.295  1573  1596 E WebCore::DocumentWriter: createDecoderIfNeeded()
05-05 17:24:31.295  1573  1596 E WebCore::DocumentWriter: write(): create decoder, mimetype: text/html
05-05 17:24:31.295  1573  1596 E WebCore::TextResourceDecoder: defaultEncoding, content-type: 1, default encoding: 
05-05 17:24:31.295  1573  1596 E WebCore::TextResourceDecoder: decode()
05-05 17:24:31.295  1573  1596 E WebCore::TextResourceDecoder: decode() css charset done!
05-05 17:24:31.295  1573  1596 E WebCore::TextResourceDecoder: checkForHeadCharset(), decode source: 0
05-05 17:24:31.295  1573  1596 E WebCore::TextResourceDecoder: checkForHeadCharset(), checkForMetaCharset
05-05 17:24:31.295  1573  1596 E WebCore::TextResourceDecoder: flush()
05-05 17:24:31.295  1573  1596 V WebViewCore: viewSizeChanged w=0; h=0; textwrapWidth=0; scale=1.6500001
05-05 17:24:31.295  1573  1596 W WebViewCore: skip viewSizeChanged as w is 0
05-05 17:24:31.303  1573  1573 V Controller: addTab
05-05 17:24:31.303  1573  1573 V Controller: setActiveTab
05-05 17:24:31.303  1573  1573 V Controller: attachSubWindow
05-05 17:24:31.311  1573  1573 V Controller: switchToTab
05-05 17:24:31.311  1573  1573 V browser : BrowserActivity.onResume: this=com.android.browser.BrowserActivity@41a22bc8
05-05 17:24:31.311  1573  1573 V Controller: onResume
05-05 17:24:31.311  1573  1573 V Controller: resumeWebViewTimers
05-05 17:24:31.311  1573  1573 D WebViewTimersControl: onBrowserActivityResume
05-05 17:24:31.311  1573  1573 D WebViewTimersControl: Resuming webview timers, view=com.android.browser.BrowserWebView{41c6b1a0 VFEDHVCL ......I. 0,0-0,0}
05-05 17:24:31.311  1573  1573 V Controller: attachSubWindow
05-05 17:24:31.318  1573  1573 V NetworkStateHandler: enter onResume()
05-05 17:24:31.326  1573  1573 V Controller: handleWifiStatusOnResume, wifi connected
05-05 17:24:31.334  1573  1573 V Controller: setUseWifi(): true
05-05 17:24:31.334  1573  1573 V Controller: setUserConfigWifi(): false
05-05 17:24:31.334   532   548 E WindowManager: hasWallpaperLayer false
05-05 17:24:31.350  1573  1573 V NetworkStateHandler: enter onReceive()
05-05 17:24:31.350  1573  1573 V NetworkStateHandler: onReceive: NetworkInfo: type: WIFI[], state: CONNECTED/CONNECTED, reason: (unspecified), extra: "cmcc-tttt", roaming: false, failover: false, isAvailable: true
05-05 17:24:31.350  1573  1573 V NetworkStateHandler: enter sendNetworkType(): wifi, 
05-05 17:24:31.357  1573  1573 V NetworkStateHandler: enter onNetworkToggle(): true
05-05 17:24:31.357  1573  1573 V Controller: handleWifiMessage(): NetworkInfo: type: WIFI[], state: CONNECTED/CONNECTED, reason: (unspecified), extra: "cmcc-tttt", roaming: false, failover: false, isAvailable: true
05-05 17:24:31.357  1573  1573 V Controller: handleWifiMessage(): wifi connected
05-05 17:24:31.357  1573  1573 V Controller: setUseWifi(): true
05-05 17:24:31.357  1573  1573 V Controller: setUserConfigWifi(): false
05-05 17:24:31.365  1640  1649 W MessageQueue: Handler (com.android.internal.os.HandlerCaller$MyHandler) {41789b30} sending message to a Handler on a dead thread
05-05 17:24:31.365  1640  1649 W MessageQueue: java.lang.RuntimeException: Handler (com.android.internal.os.HandlerCaller$MyHandler) {41789b30} sending message to a Handler on a dead thread
05-05 17:24:31.365  1640  1649 W MessageQueue: 	at android.os.MessageQueue.enqueueMessage(MessageQueue.java:309)
05-05 17:24:31.365  1640  1649 W MessageQueue: 	at android.os.Handler.enqueueMessage(Handler.java:623)
05-05 17:24:31.365  1640  1649 W MessageQueue: 	at android.os.Handler.sendMessageAtTime(Handler.java:592)
05-05 17:24:31.365  1640  1649 W MessageQueue: 	at android.os.Handler.sendMessageDelayed(Handler.java:563)
05-05 17:24:31.365  1640  1649 W MessageQueue: 	at android.os.Handler.sendMessage(Handler.java:500)
05-05 17:24:31.365  1640  1649 W MessageQueue: 	at com.android.internal.os.HandlerCaller.sendMessage(HandlerCaller.java:82)
05-05 17:24:31.365  1640  1649 W MessageQueue: 	at android.accessibilityservice.AccessibilityService$IAccessibilityServiceClientWrapper.onAccessibilityEvent(AccessibilityService.java:619)
05-05 17:24:31.365  1640  1649 W MessageQueue: 	at android.accessibilityservice.IAccessibilityServiceClient$Stub.onTransact(IAccessibilityServiceClient.java:70)
05-05 17:24:31.365  1640  1649 W MessageQueue: 	at android.os.Binder.execTransact(Binder.java:388)
05-05 17:24:31.365  1640  1649 W MessageQueue: 	at dalvik.system.NativeStart.run(Native Method)
05-05 17:24:31.396  1573  1577 D dalvikvm: GC_CONCURRENT freed 401K, 14% free 4668K/5428K, paused 1ms+3ms, total 16ms
05-05 17:24:31.467  1573  1573 D dalvikvm: GC_FOR_ALLOC freed 86K, 14% free 4721K/5428K, paused 12ms, total 12ms
05-05 17:24:31.514   532   803 E WindowManager: hasWallpaperLayer false
05-05 17:24:31.529   532   803 E WindowManager: hasWallpaperLayer false
05-05 17:24:31.568   532   710 E WindowManager: hasWallpaperLayer false
05-05 17:24:31.584   532   710 D PowerManagerService: updateWakeLockSummaryLocked: mWakefulness=Awake, mWakeLockSummary=0x23
05-05 17:24:31.584   532   710 D PowerManagerService: updateScreenStateLocked: mDisplayReady=true, newScreenState=2, mWakefulness=1, mWakeLockSummary=0x23, mUserActivitySummary=0x1, mBootCompleted=true
05-05 17:24:31.584   532   710 E WindowManager: hasWallpaperLayer false
05-05 17:24:31.584   532   563 D PowerManagerService: handleSandman: canDream=true, mWakefulness=Awake
05-05 17:24:31.607   532   548 E WindowManager: hasWallpaperLayer false
05-05 17:24:31.623   532   548 I ActivityManager: Displayed com.android.browser/.BrowserActivity: +482ms
05-05 17:24:31.623   532   548 E WindowManager: hasWallpaperLayer false
05-05 17:24:31.631   532   548 E WindowManager: hasWallpaperLayer false
05-05 17:24:31.646  1573  1596 V WebViewCore: viewSizeChanged w=291; h=437; textwrapWidth=291; scale=1.6500001
05-05 17:24:31.646  1573  1596 E WebViewCore_native: setSizeScreenWidthAndScale, 1141
05-05 17:24:31.646  1573  1596 V WebViewCore: viewSizeChanged
05-05 17:24:31.646  1640  1650 W MessageQueue: Handler (com.android.internal.os.HandlerCaller$MyHandler) {41789b30} sending message to a Handler on a dead thread
05-05 17:24:31.646  1640  1650 W MessageQueue: java.lang.RuntimeException: Handler (com.android.internal.os.HandlerCaller$MyHandler) {41789b30} sending message to a Handler on a dead thread
05-05 17:24:31.646  1640  1650 W MessageQueue: 	at android.os.MessageQueue.enqueueMessage(MessageQueue.java:309)
05-05 17:24:31.646  1640  1650 W MessageQueue: 	at android.os.Handler.enqueueMessage(Handler.java:623)
05-05 17:24:31.646  1640  1650 W MessageQueue: 	at android.os.Handler.sendMessageAtTime(Handler.java:592)
05-05 17:24:31.646  1640  1650 W MessageQueue: 	at android.os.Handler.sendMessageDelayed(Handler.java:563)
05-05 17:24:31.646  1640  1650 W MessageQueue: 	at android.os.Handler.sendMessage(Handler.java:500)
05-05 17:24:31.646  1640  1650 W MessageQueue: 	at com.android.internal.os.HandlerCaller.sendMessage(HandlerCaller.java:82)
05-05 17:24:31.646  1640  1650 W MessageQueue: 	at android.accessibilityservice.AccessibilityService$IAccessibilityServiceClientWrapper.onAccessibilityEvent(AccessibilityService.java:619)
05-05 17:24:31.646  1640  1650 W MessageQueue: 	at android.accessibilityservice.IAccessibilityServiceClient$Stub.onTransact(IAccessibilityServiceClient.java:70)
05-05 17:24:31.646  1640  1650 W MessageQueue: 	at android.os.Binder.execTransact(Binder.java:388)
05-05 17:24:31.646  1640  1650 W MessageQueue: 	at dalvik.system.NativeStart.run(Native Method)
05-05 17:24:31.740   532   548 E WindowManager: hasWallpaperLayer false
05-05 17:24:31.779  1573  1573 D dalvikvm: GC_FOR_ALLOC freed 266K, 14% free 4756K/5524K, paused 14ms, total 14ms
05-05 17:24:31.850  1573  1596 V WebViewCore: viewSizeChanged w=291; h=390; textwrapWidth=291; scale=1.6500001
05-05 17:24:31.850  1573  1596 E WebViewCore_native: setSizeScreenWidthAndScale, 1141
05-05 17:24:31.850   532   812 D PowerManagerService: updateWakeLockSummaryLocked: mWakefulness=Awake, mWakeLockSummary=0x23
05-05 17:24:31.850   532   812 D PowerManagerService: updateScreenStateLocked: mDisplayReady=true, newScreenState=2, mWakefulness=1, mWakeLockSummary=0x23, mUserActivitySummary=0x1, mBootCompleted=true
05-05 17:24:31.850   532   563 D PowerManagerService: handleSandman: canDream=true, mWakefulness=Awake
05-05 17:24:31.857   818   818 E DynamicUpdater : unregisterReceiver
05-05 17:24:31.857   818   818 E DynamicIcon: onPause  isvisible = true   mAttachedToWindow:true    mWindowVisible:falsecom.android.calendar
05-05 17:24:31.857   818   818 E DynamicUpdater : unregisterReceiver
05-05 17:24:31.857   818   818 E DynamicIcon: onPause  isvisible = true   mAttachedToWindow:false    mWindowVisible:falsecom.huawei.android.totemweather
05-05 17:24:31.857   818   818 E DynamicIcon: onVisibilityChanged 4 - com.android.calendar
05-05 17:24:31.936  1640  1649 W MessageQueue: Handler (com.android.internal.os.HandlerCaller$MyHandler) {41789b30} sending message to a Handler on a dead thread
05-05 17:24:31.936  1640  1649 W MessageQueue: java.lang.RuntimeException: Handler (com.android.internal.os.HandlerCaller$MyHandler) {41789b30} sending message to a Handler on a dead thread
05-05 17:24:31.936  1640  1649 W MessageQueue: 	at android.os.MessageQueue.enqueueMessage(MessageQueue.java:309)
05-05 17:24:31.936  1640  1649 W MessageQueue: 	at android.os.Handler.enqueueMessage(Handler.java:623)
05-05 17:24:31.936  1640  1649 W MessageQueue: 	at android.os.Handler.sendMessageAtTime(Handler.java:592)
05-05 17:24:31.936  1640  1649 W MessageQueue: 	at android.os.Handler.sendMessageDelayed(Handler.java:563)
05-05 17:24:31.936  1640  1649 W MessageQueue: 	at android.os.Handler.sendMessage(Handler.java:500)
05-05 17:24:31.936  1640  1649 W MessageQueue: 	at com.android.internal.os.HandlerCaller.sendMessage(HandlerCaller.java:82)
05-05 17:24:31.936  1640  1649 W MessageQueue: 	at android.accessibilityservice.AccessibilityService$IAccessibilityServiceClientWrapper.onAccessibilityEvent(AccessibilityService.java:619)
05-05 17:24:31.936  1640  1649 W MessageQueue: 	at android.accessibilityservice.IAccessibilityServiceClient$Stub.onTransact(IAccessibilityServiceClient.java:70)
05-05 17:24:31.936  1640  1649 W MessageQueue: 	at android.os.Binder.execTransact(Binder.java:388)
05-05 17:24:31.936  1640  1649 W MessageQueue: 	at dalvik.system.NativeStart.run(Native Method)
05-05 17:24:32.100   962   962 I wpa_supplicant: Receive Command: SIGNAL_POLL
05-05 17:24:32.256   962   962 I wpa_supplicant: wpa_supplicant_signal_poll buf=RSSI=-37
05-05 17:24:32.256   962   962 I wpa_supplicant: LINKSPEED=54
05-05 17:24:32.256   962   962 I wpa_supplicant: NOISE=9999
05-05 17:24:32.256   962   962 I wpa_supplicant: FREQUENCY=0
05-05 17:24:32.256   532   594 D WifiManager: calculateSignalLevel product=HUAWEI G521-L076 rssi=-37 numLevels=5
05-05 17:24:32.256   532   594 D WifiStateMachine: fetchRssiAndLinkSpeedNative signalPoll=RSSI=-37
05-05 17:24:32.256   532   594 D WifiStateMachine: LINKSPEED=54
05-05 17:24:32.256   532   594 D WifiStateMachine: NOISE=9999
05-05 17:24:32.256   532   594 D WifiStateMachine: FREQUENCY=0
05-05 17:24:32.256   532   594 D WifiStateMachine: fetchRssiAndLinkSpeedNative newRssi=-37
05-05 17:24:32.256   532   594 D WifiStateMachine: fetchRssiAndLinkSpeedNative newSignalLevel=4
05-05 17:24:33.139   767   767 I EventRelay: sendStateCmdToSocketSrv--reason: 4 status: 0
05-05 17:24:33.139   157   157 I ppd     : ppd_loop                 : Hit Rule <BootComplete> ==> Constraint <Default>
05-05 17:24:33.139   157   157 I ppd     : ppd_loop                 : Hit Rule <CallIdle> ==> Constraint <RadioIdle>
05-05 17:24:33.139   157   157 I ppd     : set_cpu_hotplug_lock     : Constraint set for CPU lock(1)
05-05 17:24:33.139   157   157 I ppd     : set_cpu_online           : Constraint set for CPU0 online(1)
05-05 17:24:33.146   157   157 I ppd     : set_cpu_frequency        : Constraint set for CPU0 (312000-1200000-ondemand)
05-05 17:24:33.146   157   157 I ppd     : set_cpu_frequency        : Constraint set for CPU0 governor threshold(0-0)
05-05 17:24:33.146   157   157 I ppd     : set_cpu_frequency        : Constraint set for CPU0 governor sampling_rate(10000)
05-05 17:24:33.146   157   157 I ppd     : set_cpu_online           : Constraint set for CPU1 online(1)
05-05 17:24:33.146   157   157 W ppd     : set_cpu_frequency        : NULL cpu frequency parameters
05-05 17:24:33.146   157   157 I ppd     : set_cpu_online           : Constraint set for CPU2 online(1)
05-05 17:24:33.146   157   157 W ppd     : set_cpu_frequency        : NULL cpu frequency parameters
05-05 17:24:33.146   157   157 I ppd     : set_cpu_online           : Constraint set for CPU3 online(1)
05-05 17:24:33.146   157   157 W ppd     : set_cpu_frequency        : NULL cpu frequency parameters
05-05 17:24:33.146   157   157 I ppd     : set_ddr_frequency        : Constraint set for DDR (156000-400000-50-throughput)
05-05 17:24:33.146   157   157 I ppd     : set_gpu_frequency        : Constraint set for GPU0 (156000-624000-ondemand)
05-05 17:24:33.146   157   157 I ppd     : set_gpu_frequency        : Constraint set for GPU1 (156000-624000-ondemand)
05-05 17:24:33.342   532   803 E WindowManager: hasWallpaperLayer false
05-05 17:24:33.623   532   548 E WindowManager: hasWallpaperLayer false
05-05 17:24:33.631   532   548 D PowerManagerService: userActivityNoUpdateLocked: eventTime=121376, event=0, flags=0x0, uid=1000
05-05 17:24:33.631   532   548 D PowerManagerService: updateUserActivitySummaryLocked: mWakefulness=Awake, mUserActivitySummary=0x5, nextTimeout=129376 (in 7999 ms)
05-05 17:24:33.639   532   548 D PowerManagerService: updateScreenStateLocked: mDisplayReady=true, newScreenState=2, mWakefulness=1, mWakeLockSummary=0x23, mUserActivitySummary=0x5, mBootCompleted=true
05-05 17:24:33.646   532   563 D PowerManagerService: handleSandman: canDream=true, mWakefulness=Awake
05-05 17:24:33.646   532   548 D PowerManagerService: userActivityNoUpdateLocked: eventTime=121391, event=0, flags=0x1, uid=1000
05-05 17:24:33.646   532   548 D PowerManagerService: updateWakeLockSummaryLocked: mWakefulness=Awake, mWakeLockSummary=0x0
05-05 17:24:33.646   532   548 D PowerManagerService: updateUserActivitySummaryLocked: mWakefulness=Awake, mUserActivitySummary=0x5, nextTimeout=129376 (in 7984 ms)
05-05 17:24:33.646   532   548 D PowerManagerService: updateScreenStateLocked: mDisplayReady=true, newScreenState=2, mWakefulness=1, mWakeLockSummary=0x0, mUserActivitySummary=0x5, mBootCompleted=true
05-05 17:24:33.646   532   548 D PowerManagerService: Releasing suspend blocker "PowerManagerService.WakeLocks".
05-05 17:24:33.646   532   563 D PowerManagerService: handleSandman: canDream=true, mWakefulness=Awake
05-05 17:24:35.256   962   962 I wpa_supplicant: Receive Command: SIGNAL_POLL
05-05 17:24:35.412   962   962 I wpa_supplicant: wpa_supplicant_signal_poll buf=RSSI=-39
05-05 17:24:35.412   962   962 I wpa_supplicant: LINKSPEED=54
05-05 17:24:35.412   962   962 I wpa_supplicant: NOISE=9999
05-05 17:24:35.412   962   962 I wpa_supplicant: FREQUENCY=0
05-05 17:24:35.412   532   594 D WifiManager: calculateSignalLevel product=HUAWEI G521-L076 rssi=-39 numLevels=5
05-05 17:24:35.412   532   594 D WifiStateMachine: fetchRssiAndLinkSpeedNative signalPoll=RSSI=-39
05-05 17:24:35.412   532   594 D WifiStateMachine: LINKSPEED=54
05-05 17:24:35.412   532   594 D WifiStateMachine: NOISE=9999
05-05 17:24:35.412   532   594 D WifiStateMachine: FREQUENCY=0
05-05 17:24:35.412   532   594 D WifiStateMachine: fetchRssiAndLinkSpeedNative newRssi=-39
05-05 17:24:35.412   532   594 D WifiStateMachine: fetchRssiAndLinkSpeedNative newSignalLevel=4
05-05 17:24:38.420   962   962 I wpa_supplicant: Receive Command: SIGNAL_POLL
05-05 17:24:38.615   532   563 D PowerManagerService: updateIsPoweredLocked: wasPowered=true, mIsPowered=true, oldPlugType=2, mPlugType=2, mBatteryLevel=94
05-05 17:24:38.615   532   563 D PowerManagerService: handleSandman: canDream=true, mWakefulness=Awake
05-05 17:24:38.615   616   616 D PowerUI : buckets   .....20 .. 15 .. 10
05-05 17:24:38.615   616   616 D PowerUI : level          94 --> 94
05-05 17:24:38.615   616   616 D PowerUI : status         2 --> 2
05-05 17:24:38.615   616   616 D PowerUI : plugType       2 --> 2
05-05 17:24:38.615   616   616 D PowerUI : invalidCharger 0 --> 0
05-05 17:24:38.615   616   616 D PowerUI : bucket         1 --> 1
05-05 17:24:38.615   616   616 D PowerUI : plugged        true --> true
05-05 17:24:38.615   616   616 D PowerUI : temperature    340 --> 340
05-05 17:24:38.693   962   962 I wpa_supplicant: wpa_supplicant_signal_poll buf=RSSI=-38
05-05 17:24:38.693   962   962 I wpa_supplicant: LINKSPEED=54
05-05 17:24:38.693   962   962 I wpa_supplicant: NOISE=9999
05-05 17:24:38.693   962   962 I wpa_supplicant: FREQUENCY=0
05-05 17:24:38.701   532   594 D WifiManager: calculateSignalLevel product=HUAWEI G521-L076 rssi=-38 numLevels=5
05-05 17:24:38.701   532   594 D WifiStateMachine: fetchRssiAndLinkSpeedNative signalPoll=RSSI=-38
05-05 17:24:38.701   532   594 D WifiStateMachine: LINKSPEED=54
05-05 17:24:38.701   532   594 D WifiStateMachine: NOISE=9999
05-05 17:24:38.701   532   594 D WifiStateMachine: FREQUENCY=0
05-05 17:24:38.701   532   594 D WifiStateMachine: fetchRssiAndLinkSpeedNative newRssi=-38
05-05 17:24:38.701   532   594 D WifiStateMachine: fetchRssiAndLinkSpeedNative newSignalLevel=4
05-05 17:24:40.201  1331  1331 D REM     : /data/rem.txt does not exist when rem is disable.
05-05 17:24:40.209  1331  1331 D REM     : REMService start!
05-05 17:24:40.209  1331  1331 D REM     : REMService action => android.intent.rem.action.BOOT_COMPLETED
05-05 17:24:40.209   532   564 D PowerManagerService: updateWakeLockSummaryLocked: mWakefulness=Awake, mWakeLockSummary=0x1
05-05 17:24:40.209   532   564 D PowerManagerService: updateScreenStateLocked: mDisplayReady=true, newScreenState=2, mWakefulness=1, mWakeLockSummary=0x1, mUserActivitySummary=0x5, mBootCompleted=true
05-05 17:24:40.209   532   564 D PowerManagerService: Acquiring suspend blocker "PowerManagerService.WakeLocks".
05-05 17:24:40.209   532   563 D PowerManagerService: handleSandman: canDream=true, mWakefulness=Awake
05-05 17:24:40.209   532   546 D PowerManagerService: updateWakeLockSummaryLocked: mWakefulness=Awake, mWakeLockSummary=0x0
05-05 17:24:40.209   532   546 D PowerManagerService: updateScreenStateLocked: mDisplayReady=true, newScreenState=2, mWakefulness=1, mWakeLockSummary=0x0, mUserActivitySummary=0x5, mBootCompleted=true
05-05 17:24:40.209   532   546 D PowerManagerService: Releasing suspend blocker "PowerManagerService.WakeLocks".
05-05 17:24:40.209   532   563 D PowerManagerService: handleSandman: canDream=true, mWakefulness=Awake
05-05 17:24:40.287  1331  1673 W ActivityThread: ClassLoader.loadClass: The class loader returned by Thread.getContextClassLoader() may fail for processes that host multiple applications. You should explicitly specify a context class loader. For example: Thread.setContextClassLoader(getClass().getClassLoader());
05-05 17:24:40.342  1331  1335 D dalvikvm: GC_CONCURRENT freed 254K, 12% free 2739K/3096K, paused 2ms+2ms, total 31ms
05-05 17:24:41.639   532   563 D PowerManagerService: handleUserActivityTimeout
05-05 17:24:41.639   532   563 D PowerManagerService: updateUserActivitySummaryLocked: mWakefulness=Awake, mUserActivitySummary=0x1, nextTimeout=1914376 (in 1784998 ms)
05-05 17:24:41.639   532   563 D PowerManagerService: updateScreenStateLocked: mDisplayReady=true, newScreenState=2, mWakefulness=1, mWakeLockSummary=0x0, mUserActivitySummary=0x1, mBootCompleted=true
05-05 17:24:41.639   532   563 D PowerManagerService: handleSandman: canDream=true, mWakefulness=Awake
05-05 17:24:41.709   962   962 I wpa_supplicant: Receive Command: SIGNAL_POLL
05-05 17:24:41.811   962   962 I wpa_supplicant: wpa_supplicant_signal_poll buf=RSSI=-38
05-05 17:24:41.811   962   962 I wpa_supplicant: LINKSPEED=54
05-05 17:24:41.811   962   962 I wpa_supplicant: NOISE=9999
05-05 17:24:41.811   962   962 I wpa_supplicant: FREQUENCY=0
05-05 17:24:41.811   532   594 D WifiManager: calculateSignalLevel product=HUAWEI G521-L076 rssi=-38 numLevels=5
05-05 17:24:41.811   532   594 D WifiStateMachine: fetchRssiAndLinkSpeedNative signalPoll=RSSI=-38
05-05 17:24:41.811   532   594 D WifiStateMachine: LINKSPEED=54
05-05 17:24:41.811   532   594 D WifiStateMachine: NOISE=9999
05-05 17:24:41.811   532   594 D WifiStateMachine: FREQUENCY=0
05-05 17:24:41.811   532   594 D WifiStateMachine: fetchRssiAndLinkSpeedNative newRssi=-38
05-05 17:24:41.811   532   594 D WifiStateMachine: fetchRssiAndLinkSpeedNative newSignalLevel=4
05-05 17:24:44.818   962   962 I wpa_supplicant: Receive Command: SIGNAL_POLL
05-05 17:24:44.990   962   962 I wpa_supplicant: wpa_supplicant_signal_poll buf=RSSI=-38
05-05 17:24:44.990   962   962 I wpa_supplicant: LINKSPEED=54
05-05 17:24:44.990   962   962 I wpa_supplicant: NOISE=9999
05-05 17:24:44.990   962   962 I wpa_supplicant: FREQUENCY=0
05-05 17:24:44.990   532   594 D WifiManager: calculateSignalLevel product=HUAWEI G521-L076 rssi=-38 numLevels=5
05-05 17:24:44.990   532   594 D WifiStateMachine: fetchRssiAndLinkSpeedNative signalPoll=RSSI=-38
05-05 17:24:44.990   532   594 D WifiStateMachine: LINKSPEED=54
05-05 17:24:44.990   532   594 D WifiStateMachine: NOISE=9999
05-05 17:24:44.990   532   594 D WifiStateMachine: FREQUENCY=0
05-05 17:24:44.990   532   594 D WifiStateMachine: fetchRssiAndLinkSpeedNative newRssi=-38
05-05 17:24:44.990   532   594 D WifiStateMachine: fetchRssiAndLinkSpeedNative newSignalLevel=4
05-05 17:24:47.998   962   962 I wpa_supplicant: Receive Command: SIGNAL_POLL
05-05 17:24:48.170   962   962 I wpa_supplicant: wpa_supplicant_signal_poll buf=RSSI=-38
05-05 17:24:48.170   962   962 I wpa_supplicant: LINKSPEED=54
05-05 17:24:48.170   962   962 I wpa_supplicant: NOISE=9999
05-05 17:24:48.170   962   962 I wpa_supplicant: FREQUENCY=0
05-05 17:24:48.170   532   594 D WifiManager: calculateSignalLevel product=HUAWEI G521-L076 rssi=-38 numLevels=5
05-05 17:24:48.170   532   594 D WifiStateMachine: fetchRssiAndLinkSpeedNative signalPoll=RSSI=-38
05-05 17:24:48.170   532   594 D WifiStateMachine: LINKSPEED=54
05-05 17:24:48.170   532   594 D WifiStateMachine: NOISE=9999
05-05 17:24:48.170   532   594 D WifiStateMachine: FREQUENCY=0
05-05 17:24:48.170   532   594 D WifiStateMachine: fetchRssiAndLinkSpeedNative newRssi=-38
05-05 17:24:48.170   532   594 D WifiStateMachine: fetchRssiAndLinkSpeedNative newSignalLevel=4
05-05 17:24:51.170   962   962 I wpa_supplicant: Receive Command: SIGNAL_POLL
05-05 17:24:51.318   962   962 I wpa_supplicant: wpa_supplicant_signal_poll buf=RSSI=-39
05-05 17:24:51.318   962   962 I wpa_supplicant: LINKSPEED=54
05-05 17:24:51.318   962   962 I wpa_supplicant: NOISE=9999
05-05 17:24:51.318   962   962 I wpa_supplicant: FREQUENCY=0
05-05 17:24:51.318   532   594 D WifiManager: calculateSignalLevel product=HUAWEI G521-L076 rssi=-39 numLevels=5
05-05 17:24:51.318   532   594 D WifiStateMachine: fetchRssiAndLinkSpeedNative signalPoll=RSSI=-39
05-05 17:24:51.318   532   594 D WifiStateMachine: LINKSPEED=54
05-05 17:24:51.318   532   594 D WifiStateMachine: NOISE=9999
05-05 17:24:51.318   532   594 D WifiStateMachine: FREQUENCY=0
05-05 17:24:51.318   532   594 D WifiStateMachine: fetchRssiAndLinkSpeedNative newRssi=-39
05-05 17:24:51.318   532   594 D WifiStateMachine: fetchRssiAndLinkSpeedNative newSignalLevel=4
05-05 17:24:54.326   962   962 I wpa_supplicant: Receive Command: SIGNAL_POLL
05-05 17:24:54.490   962   962 I wpa_supplicant: wpa_supplicant_signal_poll buf=RSSI=-38
05-05 17:24:54.490   962   962 I wpa_supplicant: LINKSPEED=54
05-05 17:24:54.490   962   962 I wpa_supplicant: NOISE=9999
05-05 17:24:54.490   962   962 I wpa_supplicant: FREQUENCY=0
05-05 17:24:54.490   532   594 D WifiManager: calculateSignalLevel product=HUAWEI G521-L076 rssi=-38 numLevels=5
05-05 17:24:54.490   532   594 D WifiStateMachine: fetchRssiAndLinkSpeedNative signalPoll=RSSI=-38
05-05 17:24:54.490   532   594 D WifiStateMachine: LINKSPEED=54
05-05 17:24:54.490   532   594 D WifiStateMachine: NOISE=9999
05-05 17:24:54.490   532   594 D WifiStateMachine: FREQUENCY=0
05-05 17:24:54.490   532   594 D WifiStateMachine: fetchRssiAndLinkSpeedNative newRssi=-38
05-05 17:24:54.490   532   594 D WifiStateMachine: fetchRssiAndLinkSpeedNative newSignalLevel=4
05-05 17:24:56.318   616   616 D StatusBar.NetworkController: updateTelephonySignalStrengthLte: !hasLTEService()
05-05 17:24:56.326   616   616 D StatusBar.NetworkController: updateTelephonySignalStrengthLte: !hasLTEService()
05-05 17:24:57.498   962   962 I wpa_supplicant: Receive Command: SIGNAL_POLL
05-05 17:24:57.654   962   962 I wpa_supplicant: wpa_supplicant_signal_poll buf=RSSI=-39
05-05 17:24:57.654   962   962 I wpa_supplicant: LINKSPEED=54
05-05 17:24:57.654   962   962 I wpa_supplicant: NOISE=9999
05-05 17:24:57.654   962   962 I wpa_supplicant: FREQUENCY=0
05-05 17:24:57.654   532   594 D WifiManager: calculateSignalLevel product=HUAWEI G521-L076 rssi=-39 numLevels=5
05-05 17:24:57.654   532   594 D WifiStateMachine: fetchRssiAndLinkSpeedNative signalPoll=RSSI=-39
05-05 17:24:57.654   532   594 D WifiStateMachine: LINKSPEED=54
05-05 17:24:57.654   532   594 D WifiStateMachine: NOISE=9999
05-05 17:24:57.654   532   594 D WifiStateMachine: FREQUENCY=0
05-05 17:24:57.654   532   594 D WifiStateMachine: fetchRssiAndLinkSpeedNative newRssi=-39
05-05 17:24:57.654   532   594 D WifiStateMachine: fetchRssiAndLinkSpeedNative newSignalLevel=4
05-05 17:24:58.592   616   616 D PowerUI : buckets   .....20 .. 15 .. 10
05-05 17:24:58.592   616   616 D PowerUI : level          94 --> 94
05-05 17:24:58.592   616   616 D PowerUI : status         2 --> 2
05-05 17:24:58.592   616   616 D PowerUI : plugType       2 --> 2
05-05 17:24:58.592   616   616 D PowerUI : invalidCharger 0 --> 0
05-05 17:24:58.592   616   616 D PowerUI : bucket         1 --> 1
05-05 17:24:58.592   616   616 D PowerUI : plugged        true --> true
05-05 17:24:58.592   616   616 D PowerUI : temperature    340 --> 340
05-05 17:24:58.592   532   563 D PowerManagerService: updateIsPoweredLocked: wasPowered=true, mIsPowered=true, oldPlugType=2, mPlugType=2, mBatteryLevel=94
05-05 17:24:58.592   532   563 D PowerManagerService: handleSandman: canDream=true, mWakefulness=Awake
05-05 17:24:59.521   616   616 D StatusBar.NetworkController: updateTelephonySignalStrengthLte: !hasLTEService()
05-05 17:24:59.529   616   616 D StatusBar.NetworkController: updateTelephonySignalStrengthLte: !hasLTEService()
05-05 17:24:59.998   532   564 D PowerManagerService: updateWakeLockSummaryLocked: mWakefulness=Awake, mWakeLockSummary=0x1
05-05 17:24:59.998   532   564 D PowerManagerService: updateScreenStateLocked: mDisplayReady=true, newScreenState=2, mWakefulness=1, mWakeLockSummary=0x1, mUserActivitySummary=0x1, mBootCompleted=true
05-05 17:24:59.998   532   564 D PowerManagerService: Acquiring suspend blocker "PowerManagerService.WakeLocks".
05-05 17:24:59.998   532   563 D PowerManagerService: handleSandman: canDream=true, mWakefulness=Awake
05-05 17:24:59.998   532   546 V AlarmManager: Sync Push enabled with interval: 5
05-05 17:25:00.006   616   616 D Clock   : updateClock clockString: 下午5:25
05-05 17:25:00.006   616   616 D Clock   : updateClock mFormat: h:mm aa
05-05 17:25:00.006   616   616 D Clock   : updateClock time: 5:25; ampm: 下午
05-05 17:25:00.021   616   616 D Clock   : updateClock clockString: 下午5:25
05-05 17:25:00.021   616   616 D Clock   : updateClock mFormat: h:mm aa
05-05 17:25:00.021   616   616 D Clock   : updateClock time: 5:25; ampm: 下午
05-05 17:25:00.037   818   818 D DateTimeManager: TimeReceiver onReceive
05-05 17:25:00.037   818   818 D DateTimeManager: handleMessage msg.what =1
05-05 17:25:00.037   818   818 D DateTimeManager: getCurCityCalendar
05-05 17:25:00.037   818   818 D DateTimeManager: 05 : 25 : 00
05-05 17:25:00.037   818   818 D DateTimeManager: mDate =5 mMonth =4 mYear =114
05-05 17:25:00.037   818   818 D DateTimeManager:  date =5  month =4  year =114
05-05 17:25:00.037   818   818 D DateTimeManager: mMinute =24 mHour =17
05-05 17:25:00.037   818   818 D DateTimeManager:  minute =25  hour =17
05-05 17:25:00.037   532   546 D PowerManagerService: updateWakeLockSummaryLocked: mWakefulness=Awake, mWakeLockSummary=0x0
05-05 17:25:00.037   532   546 D PowerManagerService: updateScreenStateLocked: mDisplayReady=true, newScreenState=2, mWakefulness=1, mWakeLockSummary=0x0, mUserActivitySummary=0x1, mBootCompleted=true
05-05 17:25:00.037   532   546 D PowerManagerService: Releasing suspend blocker "PowerManagerService.WakeLocks".
05-05 17:25:00.037   532   563 D PowerManagerService: handleSandman: canDream=true, mWakefulness=Awake
05-05 17:25:00.365   839   839 D CapacityCheckService: updateApproximate   storagevolume.getPath()  ==/storage/sdcard0 , volumeState = mounted
05-05 17:25:00.365   839   839 D CapacityCheckService: updateApproximate   availSizeMB  ==5295
05-05 17:25:00.365   839   839 D CapacityCheckService: isSDcardExist   ret ==true
05-05 17:25:00.365   839   839 D CapacityCheckService: sdCardStorage   SDflag  ==false
05-05 17:25:00.365   839   839 D CapacityCheckService: updateApproximate   storagevolume.getPath()  ==/storage/sdcard1 , volumeState = mounted
05-05 17:25:00.365   839   839 D CapacityCheckService: updateApproximate   availSizeMB  ==717
05-05 17:25:00.365   839   839 D CapacityCheckService: isSDcardExist   ret ==true
05-05 17:25:00.365   839   839 D CapacityCheckService: phoneStorage   flag  ==false
05-05 17:25:00.662   962   962 I wpa_supplicant: Receive Command: SIGNAL_POLL
05-05 17:25:00.795   962   962 I wpa_supplicant: wpa_supplicant_signal_poll buf=RSSI=-38
05-05 17:25:00.795   962   962 I wpa_supplicant: LINKSPEED=54
05-05 17:25:00.795   962   962 I wpa_supplicant: NOISE=9999
05-05 17:25:00.795   962   962 I wpa_supplicant: FREQUENCY=0
05-05 17:25:00.795   532   594 D WifiManager: calculateSignalLevel product=HUAWEI G521-L076 rssi=-38 numLevels=5
05-05 17:25:00.795   532   594 D WifiStateMachine: fetchRssiAndLinkSpeedNative signalPoll=RSSI=-38
05-05 17:25:00.795   532   594 D WifiStateMachine: LINKSPEED=54
05-05 17:25:00.795   532   594 D WifiStateMachine: NOISE=9999
05-05 17:25:00.795   532   594 D WifiStateMachine: FREQUENCY=0
05-05 17:25:00.795   532   594 D WifiStateMachine: fetchRssiAndLinkSpeedNative newRssi=-38
05-05 17:25:00.795   532   594 D WifiStateMachine: fetchRssiAndLinkSpeedNative newSignalLevel=4
05-05 17:25:03.357   616   616 D StatusBar.NetworkController: updateTelephonySignalStrengthLte: !hasLTEService()
05-05 17:25:03.365   616   616 D StatusBar.NetworkController: updateTelephonySignalStrengthLte: !hasLTEService()
05-05 17:25:03.803   962   962 I wpa_supplicant: Receive Command: SIGNAL_POLL
05-05 17:25:03.951   962   962 I wpa_supplicant: wpa_supplicant_signal_poll buf=RSSI=-37
05-05 17:25:03.951   962   962 I wpa_supplicant: LINKSPEED=54
05-05 17:25:03.951   962   962 I wpa_supplicant: NOISE=9999
05-05 17:25:03.951   962   962 I wpa_supplicant: FREQUENCY=0
05-05 17:25:03.951   532   594 D WifiManager: calculateSignalLevel product=HUAWEI G521-L076 rssi=-37 numLevels=5
05-05 17:25:03.951   532   594 D WifiStateMachine: fetchRssiAndLinkSpeedNative signalPoll=RSSI=-37
05-05 17:25:03.951   532   594 D WifiStateMachine: LINKSPEED=54
05-05 17:25:03.951   532   594 D WifiStateMachine: NOISE=9999
05-05 17:25:03.951   532   594 D WifiStateMachine: FREQUENCY=0
05-05 17:25:03.951   532   594 D WifiStateMachine: fetchRssiAndLinkSpeedNative newRssi=-37
05-05 17:25:03.951   532   594 D WifiStateMachine: fetchRssiAndLinkSpeedNative newSignalLevel=4
05-05 17:25:06.959   962   962 I wpa_supplicant: Receive Command: SIGNAL_POLL
05-05 17:25:07.115   962   962 I wpa_supplicant: wpa_supplicant_signal_poll buf=RSSI=-38
05-05 17:25:07.115   962   962 I wpa_supplicant: LINKSPEED=54
05-05 17:25:07.115   962   962 I wpa_supplicant: NOISE=9999
05-05 17:25:07.115   962   962 I wpa_supplicant: FREQUENCY=0
05-05 17:25:07.115   532   594 D WifiManager: calculateSignalLevel product=HUAWEI G521-L076 rssi=-38 numLevels=5
05-05 17:25:07.115   532   594 D WifiStateMachine: fetchRssiAndLinkSpeedNative signalPoll=RSSI=-38
05-05 17:25:07.115   532   594 D WifiStateMachine: LINKSPEED=54
05-05 17:25:07.115   532   594 D WifiStateMachine: NOISE=9999
05-05 17:25:07.115   532   594 D WifiStateMachine: FREQUENCY=0
05-05 17:25:07.115   532   594 D WifiStateMachine: fetchRssiAndLinkSpeedNative newRssi=-38
05-05 17:25:07.115   532   594 D WifiStateMachine: fetchRssiAndLinkSpeedNative newSignalLevel=4
05-05 17:25:10.115   962   962 I wpa_supplicant: Receive Command: SIGNAL_POLL
05-05 17:25:10.287   962   962 I wpa_supplicant: wpa_supplicant_signal_poll buf=RSSI=-37
05-05 17:25:10.287   962   962 I wpa_supplicant: LINKSPEED=54
05-05 17:25:10.287   962   962 I wpa_supplicant: NOISE=9999
05-05 17:25:10.287   962   962 I wpa_supplicant: FREQUENCY=0
05-05 17:25:10.287   532   594 D WifiManager: calculateSignalLevel product=HUAWEI G521-L076 rssi=-37 numLevels=5
05-05 17:25:10.287   532   594 D WifiStateMachine: fetchRssiAndLinkSpeedNative signalPoll=RSSI=-37
05-05 17:25:10.287   532   594 D WifiStateMachine: LINKSPEED=54
05-05 17:25:10.287   532   594 D WifiStateMachine: NOISE=9999
05-05 17:25:10.287   532   594 D WifiStateMachine: FREQUENCY=0
05-05 17:25:10.287   532   594 D WifiStateMachine: fetchRssiAndLinkSpeedNative newRssi=-37
05-05 17:25:10.287   532   594 D WifiStateMachine: fetchRssiAndLinkSpeedNative newSignalLevel=4
05-05 17:25:13.295   962   962 I wpa_supplicant: Receive Command: SIGNAL_POLL
05-05 17:25:13.467   962   962 I wpa_supplicant: wpa_supplicant_signal_poll buf=RSSI=-37
05-05 17:25:13.467   962   962 I wpa_supplicant: LINKSPEED=54
05-05 17:25:13.467   962   962 I wpa_supplicant: NOISE=9999
05-05 17:25:13.467   962   962 I wpa_supplicant: FREQUENCY=0
05-05 17:25:13.467   532   594 D WifiManager: calculateSignalLevel product=HUAWEI G521-L076 rssi=-37 numLevels=5
05-05 17:25:13.467   532   594 D WifiStateMachine: fetchRssiAndLinkSpeedNative signalPoll=RSSI=-37
05-05 17:25:13.467   532   594 D WifiStateMachine: LINKSPEED=54
05-05 17:25:13.467   532   594 D WifiStateMachine: NOISE=9999
05-05 17:25:13.467   532   594 D WifiStateMachine: FREQUENCY=0
05-05 17:25:13.467   532   594 D WifiStateMachine: fetchRssiAndLinkSpeedNative newRssi=-37
05-05 17:25:13.467   532   594 D WifiStateMachine: fetchRssiAndLinkSpeedNative newSignalLevel=4
05-05 17:25:16.467   962   962 I wpa_supplicant: Receive Command: SIGNAL_POLL
05-05 17:25:16.631   962   962 I wpa_supplicant: wpa_supplicant_signal_poll buf=RSSI=-38
05-05 17:25:16.631   962   962 I wpa_supplicant: LINKSPEED=54
05-05 17:25:16.631   962   962 I wpa_supplicant: NOISE=9999
05-05 17:25:16.631   962   962 I wpa_supplicant: FREQUENCY=0
05-05 17:25:16.631   532   594 D WifiManager: calculateSignalLevel product=HUAWEI G521-L076 rssi=-38 numLevels=5
05-05 17:25:16.631   532   594 D WifiStateMachine: fetchRssiAndLinkSpeedNative signalPoll=RSSI=-38
05-05 17:25:16.631   532   594 D WifiStateMachine: LINKSPEED=54
05-05 17:25:16.631   532   594 D WifiStateMachine: NOISE=9999
05-05 17:25:16.631   532   594 D WifiStateMachine: FREQUENCY=0
05-05 17:25:16.631   532   594 D WifiStateMachine: fetchRssiAndLinkSpeedNative newRssi=-38
05-05 17:25:16.631   532   594 D WifiStateMachine: fetchRssiAndLinkSpeedNative newSignalLevel=4
05-05 17:25:18.725   616   616 D StatusBar.NetworkController: updateTelephonySignalStrengthLte: !hasLTEService()
05-05 17:25:18.732   616   616 D StatusBar.NetworkController: updateTelephonySignalStrengthLte: !hasLTEService()
05-05 17:25:18.771   532   563 D PowerManagerService: updateIsPoweredLocked: wasPowered=true, mIsPowered=true, oldPlugType=2, mPlugType=2, mBatteryLevel=94
05-05 17:25:18.771   532   563 D PowerManagerService: handleSandman: canDream=true, mWakefulness=Awake
05-05 17:25:18.771   616   616 D PowerUI : buckets   .....20 .. 15 .. 10
05-05 17:25:18.771   616   616 D PowerUI : level          94 --> 94
05-05 17:25:18.771   616   616 D PowerUI : status         2 --> 2
05-05 17:25:18.771   616   616 D PowerUI : plugType       2 --> 2
05-05 17:25:18.771   616   616 D PowerUI : invalidCharger 0 --> 0
05-05 17:25:18.771   616   616 D PowerUI : bucket         1 --> 1
05-05 17:25:18.771   616   616 D PowerUI : plugged        true --> true
05-05 17:25:18.771   616   616 D PowerUI : temperature    340 --> 340
05-05 17:25:19.639   962   962 I wpa_supplicant: Receive Command: SIGNAL_POLL
05-05 17:25:19.771   962   962 I wpa_supplicant: wpa_supplicant_signal_poll buf=RSSI=-39
05-05 17:25:19.771   962   962 I wpa_supplicant: LINKSPEED=54
05-05 17:25:19.771   962   962 I wpa_supplicant: NOISE=9999
05-05 17:25:19.771   962   962 I wpa_supplicant: FREQUENCY=0
05-05 17:25:19.771   532   594 D WifiManager: calculateSignalLevel product=HUAWEI G521-L076 rssi=-39 numLevels=5
05-05 17:25:19.771   532   594 D WifiStateMachine: fetchRssiAndLinkSpeedNative signalPoll=RSSI=-39
05-05 17:25:19.771   532   594 D WifiStateMachine: LINKSPEED=54
05-05 17:25:19.771   532   594 D WifiStateMachine: NOISE=9999
05-05 17:25:19.771   532   594 D WifiStateMachine: FREQUENCY=0
05-05 17:25:19.771   532   594 D WifiStateMachine: fetchRssiAndLinkSpeedNative newRssi=-39
05-05 17:25:19.771   532   594 D WifiStateMachine: fetchRssiAndLinkSpeedNative newSignalLevel=4
05-05 17:25:21.443   532   546 V DeviceStorageMonitorService: freeMemory=1329709056
05-05 17:25:21.443   532   546 V DeviceStorageMonitorService: checkMemory  mCheckInterval=60000
05-05 17:25:22.779   962   962 I wpa_supplicant: Receive Command: SIGNAL_POLL
05-05 17:25:22.912   962   962 I wpa_supplicant: wpa_supplicant_signal_poll buf=RSSI=-39
05-05 17:25:22.912   962   962 I wpa_supplicant: LINKSPEED=54
05-05 17:25:22.912   962   962 I wpa_supplicant: NOISE=9999
05-05 17:25:22.912   962   962 I wpa_supplicant: FREQUENCY=0
05-05 17:25:22.912   532   594 D WifiManager: calculateSignalLevel product=HUAWEI G521-L076 rssi=-39 numLevels=5
05-05 17:25:22.912   532   594 D WifiStateMachine: fetchRssiAndLinkSpeedNative signalPoll=RSSI=-39
05-05 17:25:22.912   532   594 D WifiStateMachine: LINKSPEED=54
05-05 17:25:22.912   532   594 D WifiStateMachine: NOISE=9999
05-05 17:25:22.912   532   594 D WifiStateMachine: FREQUENCY=0
05-05 17:25:22.912   532   594 D WifiStateMachine: fetchRssiAndLinkSpeedNative newRssi=-39
05-05 17:25:22.912   532   594 D WifiStateMachine: fetchRssiAndLinkSpeedNative newSignalLevel=4
05-05 17:25:25.928   962   962 I wpa_supplicant: Receive Command: SIGNAL_POLL
05-05 17:25:26.068   962   962 I wpa_supplicant: wpa_supplicant_signal_poll buf=RSSI=-38
05-05 17:25:26.068   962   962 I wpa_supplicant: LINKSPEED=54
05-05 17:25:26.068   962   962 I wpa_supplicant: NOISE=9999
05-05 17:25:26.068   962   962 I wpa_supplicant: FREQUENCY=0
05-05 17:25:26.068   532   594 D WifiManager: calculateSignalLevel product=HUAWEI G521-L076 rssi=-38 numLevels=5
05-05 17:25:26.068   532   594 D WifiStateMachine: fetchRssiAndLinkSpeedNative signalPoll=RSSI=-38
05-05 17:25:26.068   532   594 D WifiStateMachine: LINKSPEED=54
05-05 17:25:26.068   532   594 D WifiStateMachine: NOISE=9999
05-05 17:25:26.068   532   594 D WifiStateMachine: FREQUENCY=0
05-05 17:25:26.068   532   594 D WifiStateMachine: fetchRssiAndLinkSpeedNative newRssi=-38
05-05 17:25:26.068   532   594 D WifiStateMachine: fetchRssiAndLinkSpeedNative newSignalLevel=4
05-05 17:25:28.318   616   616 D StatusBar.NetworkController: updateTelephonySignalStrengthLte: !hasLTEService()
05-05 17:25:28.326   616   616 D StatusBar.NetworkController: updateTelephonySignalStrengthLte: !hasLTEService()
05-05 17:25:29.076   962   962 I wpa_supplicant: Receive Command: SIGNAL_POLL
05-05 17:25:29.217   962   962 I wpa_supplicant: wpa_supplicant_signal_poll buf=RSSI=-39
05-05 17:25:29.217   962   962 I wpa_supplicant: LINKSPEED=54
05-05 17:25:29.217   962   962 I wpa_supplicant: NOISE=9999
05-05 17:25:29.217   962   962 I wpa_supplicant: FREQUENCY=0
05-05 17:25:29.217   532   594 D WifiManager: calculateSignalLevel product=HUAWEI G521-L076 rssi=-39 numLevels=5
05-05 17:25:29.217   532   594 D WifiStateMachine: fetchRssiAndLinkSpeedNative signalPoll=RSSI=-39
05-05 17:25:29.217   532   594 D WifiStateMachine: LINKSPEED=54
05-05 17:25:29.217   532   594 D WifiStateMachine: NOISE=9999
05-05 17:25:29.217   532   594 D WifiStateMachine: FREQUENCY=0
05-05 17:25:29.217   532   594 D WifiStateMachine: fetchRssiAndLinkSpeedNative newRssi=-39
05-05 17:25:29.217   532   594 D WifiStateMachine: fetchRssiAndLinkSpeedNative newSignalLevel=4
05-05 17:25:30.404   839   839 D CapacityCheckService: updateApproximate   storagevolume.getPath()  ==/storage/sdcard0 , volumeState = mounted
05-05 17:25:30.404   839   839 D CapacityCheckService: updateApproximate   availSizeMB  ==5295
05-05 17:25:30.404   839   839 D CapacityCheckService: isSDcardExist   ret ==true
05-05 17:25:30.404   839   839 D CapacityCheckService: sdCardStorage   SDflag  ==false
05-05 17:25:30.404   839   839 D CapacityCheckService: updateApproximate   storagevolume.getPath()  ==/storage/sdcard1 , volumeState = mounted
05-05 17:25:30.404   839   839 D CapacityCheckService: updateApproximate   availSizeMB  ==717
05-05 17:25:30.404   839   839 D CapacityCheckService: isSDcardExist   ret ==true
05-05 17:25:30.404   839   839 D CapacityCheckService: phoneStorage   flag  ==false
