01-01 08:17:30.994   559   608 I AudioPolicyService: AudioCommandThread() going to sleep
01-01 08:17:30.994   559   559 I AudioPolicyManagerBase: initStreamVolume() stream 9, min 0, max 15
01-01 08:17:31.005   559   610 I AudioPolicyManagerBase: setStreamVolumeIndex() stream 9, index 15
01-01 08:17:31.025   559   559 I AudioPolicyManagerBase: initStreamVolume() stream 10, min 0, max 20
01-01 08:17:31.025   559   610 I AudioPolicyManagerBase: setStreamVolumeIndex() stream 10, index 7
01-01 08:17:31.025   559   610 I AudioPolicyManagerBase: setStreamVolume() for output 1 stream 10, volume 0.023714, delay 0
01-01 08:17:31.034   559   559 I AudioPolicyManagerBase: setStreamVolumeIndex() stream 5, index 7
01-01 08:17:31.034   559   610 I AudioPolicyManagerBase: setStreamVolumeIndex() stream 7, index 7
01-01 08:17:31.054   559   559 I AudioPolicyManagerBase: setStreamVolumeIndex() stream 8, index 15
01-01 08:17:31.054   559   559 I AudioPolicyManagerBase: setStreamVolume() for output 1 stream 8, volume 1.000000, delay 0
01-01 08:17:31.054   559   559 I AudioPolicyService: inserting command: 2 at index 0, num commands 0
01-01 08:17:31.054   559   559 I AudioPolicyService: AudioCommandThread() adding set volume stream 8, volume 1.000000, output 1
01-01 08:17:31.054   559   608 I AudioPolicyService: AudioCommandThread() waking up
01-01 08:17:31.054   559   608 I AudioPolicyService: AudioCommandThread() processing set volume stream 8, volume 1.000000, output 1
01-01 08:17:31.054   559   608 I AudioPolicyService: AudioCommandThread() going to sleep
01-01 08:17:31.054   559   610 I AudioPolicyManagerBase: setStreamVolumeIndex() stream 9, index 15
01-01 08:17:31.064   559   559 I AudioPolicyService: setPhoneState() tid 559
01-01 08:17:31.064   559   559 I AudioPolicyManagerBase: setPhoneState() state 0
01-01 08:17:31.064   559   559 I AudioPolicyManagerBase: setPhoneState() setting same state 0
01-01 08:17:31.074   559   559 I AudioFlinger: registerClient() 0xb748, tid 559, calling tid 619
01-01 08:17:31.074   559   559 I AudioFlinger: Adding notification client 0x31fb8
01-01 08:17:31.074   559   559 I AudioFlinger: sendConfigEvent() num events 1 event 0, param 0
01-01 08:17:31.074   559   609 I AudioFlinger: MixerThread 0x31048 TID 609 waking up
01-01 08:17:31.074   559   609 I AudioFlinger: processConfigEvents() remaining events 1
01-01 08:17:31.074   559   609 I AudioFlinger: PlaybackThread::audioConfigChanged, thread 0x31048, event 0, param 0
01-01 08:17:31.074   559   609 I AudioFlinger: audioConfigChanged_l() Notifying change to client 0x30fe8
01-01 08:17:31.074   559   609 I AudioSystem: ioConfigChanged() event 0
01-01 08:17:31.074   559   609 I AudioSystem: ioConfigChanged() opening already existing output! 1
01-01 08:17:31.074   559   609 I AudioFlinger: audioConfigChanged_l() Notifying change to client 0x31fb8
01-01 08:17:31.085   619   624 I AudioSystem: ioConfigChanged() event 0
01-01 08:17:31.085   619   624 I AudioSystem: ioConfigChanged() new output samplingRate 44100, format 1 channels 2 frameCount 8192 latency 186
01-01 08:17:31.094   619   628 V AudioService: getActiveStreamType: Forcing STREAM_RING...
01-01 08:17:31.094   559   559 I AudioPolicyManagerBase: setStreamVolumeIndex() stream 2, index 7
01-01 08:17:31.094   559   610 I AudioPolicyManagerBase: setStreamVolumeIndex() stream 5, index 7
01-01 08:17:31.194   619   628 I SystemServer: Headset Observer
01-01 08:17:31.224   619   628 I SystemServer: Dock Observer
01-01 08:17:31.244   619   628 W DockObserver: This kernel does not have dock station support
01-01 08:17:31.254   619   628 I SystemServer: UI Mode Manager Service
01-01 08:17:31.314   619   628 I SystemServer: Backup Service
01-01 08:17:31.424   619   628 V BackupManagerService: No ancestral data
01-01 08:17:31.674   619   628 I BackupManagerService: Found stale backup journal, scheduling:
01-01 08:17:31.685   619   628 I BackupManagerService:     + android
01-01 08:17:31.685   619   628 I BackupManagerService:     + com.android.inputmethod.latin
01-01 08:17:31.694   619   628 I BackupManagerService:     + com.android.browser
01-01 08:17:31.694   619   628 I BackupManagerService:     + com.android.providers.userdictionary
01-01 08:17:31.694   619   628 I BackupManagerService:     + com.android.providers.settings
01-01 08:17:31.705   619   628 I BackupManagerService: Backup enabled => false
01-01 08:17:31.705   619   628 I SystemServer: AppWidget Service
01-01 08:17:31.715   619   628 I SystemServer: Recognition Service
01-01 08:17:31.765   553   606 D VoldCmdListener: share status ums
01-01 08:17:31.774   619   628 D StorageNotification: Startup with UMS connection false (media state unmounted)
01-01 08:17:31.794   619   628 I SystemServer: DiskStats Service
01-01 08:17:31.814   619   628 I WindowManager: SAFE MODE not enabled
01-01 08:17:31.825   619   628 W DevicePolicyManagerService: failed parsing /data/system/device_policies.xml java.io.FileNotFoundException: /data/system/device_policies.xml (No such file or directory)
01-01 08:17:31.864   619   628 I ActivityManager: Config changed: { scale=1.0 imsi=0/0 loc=zh_CN touch=3 keys=2/1/2 nav=2/1 orien=1 layout=17 uiMode=0 seq=1}
01-01 08:17:31.884   619   628 D DualSimSelector: slot 0 enabled:true
01-01 08:17:31.884   619   628 D DualSimSelector: slot 1 enabled:true
01-01 08:17:31.934   619   628 I power   : *** set_screen_state 1
01-01 08:17:31.934   619   628 D PowerManagerService: system ready!
01-01 08:17:31.945   619   643 D DualSimSelector: slot 0 enabled:true
01-01 08:17:31.945   619   643 D DualSimSelector: slot 1 enabled:true
01-01 08:17:31.954   619   628 I ActivityManager: Sending system update to: ComponentInfo{com.android.providers.contacts/com.android.providers.contacts.ContactsUpgradeReceiver}
01-01 08:17:31.954   619   643 D LockPatternKeyguardView: currentMode for Unlock:Pattern
01-01 08:17:31.954   619   628 I ActivityManager: Sending system update to: ComponentInfo{com.android.providers.calendar/com.android.providers.calendar.CalendarUpgradeReceiver}
01-01 08:17:31.984   619   629 I Zygote  : Process: zygote socket opened
01-01 08:17:31.995   619   628 D KeyguardUpdateMonitor: received broadcast android.intent.action.BATTERY_CHANGED
01-01 08:17:32.014   619   628 W StatusBar: No icon ID for slot ime
01-01 08:17:32.044   619   629 I ActivityManager: Start proc android.process.acore for broadcast com.android.providers.contacts/.ContactsUpgradeReceiver: pid=664 uid=10003 gids={3003, 1015}
01-01 08:17:32.454   619   643 D dalvikvm: GC_FOR_MALLOC freed 3532 objects / 204728 bytes in 371ms
01-01 08:17:32.454   619   623 I ActivityManager: Launching preboot mode app: ProcessRecord{43eb1c88 664:android.process.acore/10003}
01-01 08:17:32.935   619   628 D dalvikvm: GC_EXTERNAL_ALLOC freed 1343 objects / 71532 bytes in 212ms
01-01 08:17:32.975   619   624 I ActivityManager: Start proc com.android.providers.calendar for broadcast com.android.providers.calendar/.CalendarUpgradeReceiver: pid=670 uid=10023 gids={3003}
01-01 08:17:33.205   619   643 D DualSimSelector: slot 0 enabled:true
01-01 08:17:33.214   619   643 D DualSimSelector: slot 1 enabled:true
01-01 08:17:33.214   619   643 D LockPatternKeyguardView: currentMode for Unlock:Pattern
01-01 08:17:33.224   619   643 D LockPatternKeyguardView: LockPatternKeyguardView ctor: about to createUnlockScreenFor:Pattern; mEnableFallback=false
01-01 08:17:33.224   619   643 D LockPatternKeyguardView: createUnlockScreenFor,unlockMode:Pattern
01-01 08:17:33.474   619   623 I ActivityManager: Launching preboot mode app: ProcessRecord{43d4c198 670:com.android.providers.calendar/10023}
01-01 08:17:33.634   619   643 D LockPatternKeyguardView: createUnlockScreenFor(Pattern): mEnableFallback=false
01-01 08:17:33.675   619   643 V LockPatternKeyguardView: **** UPDATE SCREEN: mode=LockScreen last mode=LockScreen
01-01 08:17:33.685   619   643 V LockPatternKeyguardView: Gone=com.android.internal.policy.impl.PatternUnlockScreen@43e5c038
01-01 08:17:33.685   619   643 V LockPatternKeyguardView: Visible=com.android.internal.policy.impl.LockScreen@43eb6110
01-01 08:17:33.714   619   628 D KeyguardUpdateMonitor: received broadcast android.media.RINGER_MODE_CHANGED
01-01 08:17:33.725   619   639 E Sensors : Couldn't open /dev/input/event2, error = -1
01-01 08:17:33.725   619   639 E Sensors : 
01-01 08:17:33.725   619   639 E Sensors : /dev/input/eventx open failed
01-01 08:17:33.744   619   628 V HeadsetObserver: Intent.ACTION_HEADSET_PLUG: state: 1 name: h2w mic: 1
01-01 08:17:33.825   619   639 I ActivityManager: Starting activity: Intent { act=android.intent.action.MAIN cat=[android.intent.category.HOME] flg=0x10000000 cmp=com.android.launcher/com.android.launcher2.Launcher }
01-01 08:17:33.945   619   623 I Process : Sending signal. PID: 664 SIG: 9
01-01 08:17:33.945   619   623 I ActivityManager: Removing system update proc: ProcessRecord{43eb1c88 664:android.process.acore/10003}
01-01 08:17:33.954   619   623 I Process : Sending signal. PID: 670 SIG: 9
01-01 08:17:33.954   619   623 I ActivityManager: Removing system update proc: ProcessRecord{43d4c198 670:com.android.providers.calendar/10023}
01-01 08:17:33.954   619   623 I ActivityManager: System now ready
01-01 08:17:34.034   619   623 I SystemServer: Making services ready
01-01 08:17:34.045   619   623 I ActivityManager: Config changed: { scale=1.0 imsi=0/0 loc=zh_CN touch=3 keys=2/1/2 nav=2/1 orien=1 layout=17 uiMode=17 seq=2}
01-01 08:17:34.106   619   623 W RecognitionManagerService: no available voice recognition services found
01-01 08:17:34.245   559   609 I AudioFlinger: MixerThread 0x31048 TID 609 going to sleep
01-01 08:17:34.815   619   628 D StatusBar: DISABLE_EXPAND: yes
01-01 08:17:34.864   559   559 I AudioPolicyService: setDeviceConnectionState() tid 559
01-01 08:17:34.864   559   559 I AudioPolicyManagerBase: setDeviceConnectionState() device: 4, state 1, address 
01-01 08:17:34.864   559   559 I AudioPolicyManagerBase: setDeviceConnectionState() connecting device 4
01-01 08:17:34.864   559   559 I AudioPolicyManagerBase: setDeviceConnectionState() available device 7
01-01 08:17:34.864   559   559 I AudioPolicyManagerBase: getNewDevice() selected device 0
01-01 08:17:34.864   559   559 I AudioPolicyManagerBase: getDeviceForStrategy() from cache strategy 1, device 1
01-01 08:17:34.864   559   559 I AudioPolicyManagerBase: getDeviceForStrategy() strategy 1, device 4
01-01 08:17:34.864   559   559 I AudioPolicyManagerBase: getDeviceForStrategy() from cache strategy 2, device 2
01-01 08:17:34.864   559   559 I AudioPolicyManagerBase: getDeviceForStrategy() strategy 2, device 2
01-01 08:17:34.864   559   559 I AudioPolicyManagerBase: getDeviceForStrategy() from cache strategy 0, device 2
01-01 08:17:34.864   559   559 I AudioPolicyManagerBase: getDeviceForStrategy() strategy 0, device 4
01-01 08:17:34.864   559   559 I AudioPolicyManagerBase: getDeviceForStrategy() from cache strategy 3, device 2
01-01 08:17:34.864   559   559 I AudioPolicyManagerBase: getDeviceForStrategy() strategy 0, device 4
01-01 08:17:34.864   559   559 I AudioPolicyManagerBase: getDeviceForStrategy() strategy 3, device 4
01-01 08:17:34.864   559   559 I AudioPolicyManagerBase: getDeviceForStrategy() strategy 0, device 4
01-01 08:17:34.864   559   559 I AudioPolicyManagerBase: getDeviceForStrategy() strategy 1, device 4
01-01 08:17:34.864   559   559 I AudioPolicyManagerBase: getDeviceForStrategy() strategy 2, device 2
01-01 08:17:34.864   559   559 I AudioPolicyManagerBase: getDeviceForStrategy() strategy 0, device 4
01-01 08:17:34.864   559   559 I AudioPolicyManagerBase: getDeviceForStrategy() strategy 3, device 4
01-01 08:17:34.864   559   559 I AudioPolicyManagerBase: setOutputDevice() output 1 device 0 delayMs 0
01-01 08:17:34.864   559   559 I AudioPolicyManagerBase: setOutputDevice() fm output 0
01-01 08:17:34.864   559   559 I AudioPolicyManagerBase: setOutputDevice() prevDevice 2
01-01 08:17:34.864   559   559 I AudioPolicyManagerBase: setOutputDevice() setting same device 0 or null device for output 1
01-01 08:17:34.864   559   559 I AudioPolicyService: setDeviceConnectionState() 0
01-01 08:17:34.964   619   623 I ActivityManager: Start proc com.android.inputmethod.latin for service com.android.inputmethod.latin/.LatinIME: pid=679 uid=10022 gids={}
01-01 08:17:34.984   619   623 D NetworkManagmentService: Registering observer
01-01 08:17:35.054   619   680 E         : 
01-01 08:17:35.054   619   680 E         : [VGPS]: -->gps_get_hardware_interface
01-01 08:17:35.105   619   680 D libhardware_legacy: Finally found The Hardware
01-01 08:17:35.164   619   623 I ActivityManager: Start proc com.android.phone for added application com.android.phone: pid=685 uid=1001 gids={3002, 3001, 3003, 1006, 1015}
01-01 08:17:35.294   619   623 I ActivityManager: Start proc com.android.launcher for activity com.android.launcher/com.android.launcher2.Launcher: pid=691 uid=10021 gids={1015}
01-01 08:17:35.345   619   681 D SntpClient: request time failed: java.net.UnknownHostException: asia.pool.ntp.org
01-01 08:17:35.385   619   681 D SntpClient: request time failed: java.net.UnknownHostException: asia.pool.ntp.org
01-01 08:17:35.425   619   623 I ActivityManager: Start proc com.android.settings for broadcast com.android.settings/.widget.SettingsAppWidgetProvider: pid=699 uid=1000 gids={3002, 3001, 3003}
01-01 08:17:36.064   554   572 I /system/bin/tc: Cannot find device "rmnet0"
01-01 08:17:36.064   554   572 I logwrapper: /system/bin/tc terminated by exit(1)
01-01 08:17:36.214   554   572 I /system/bin/tc: Cannot find device "rmnet0"
01-01 08:17:36.214   554   572 I logwrapper: /system/bin/tc terminated by exit(1)
01-01 08:17:36.284   619   628 D gralloc : maximum allocated pmem: 324 KB
01-01 08:17:36.335   554   572 I /system/bin/tc: Cannot find device "ifb0"
01-01 08:17:36.365   554   572 I logwrapper: /system/bin/tc terminated by exit(1)
01-01 08:17:36.424   619   643 D DualSimSelector: slot 0 enabled:true
01-01 08:17:36.465   619   681 D SntpClient: request time failed: java.net.UnknownHostException: asia.pool.ntp.org
01-01 08:17:36.474   619   643 D DualSimSelector: slot 1 enabled:true
01-01 08:17:36.474   619   643 D LockPatternKeyguardView: currentMode for Unlock:Pattern
01-01 08:17:36.474   619   643 D LockPatternKeyguardView: createUnlockScreenFor,unlockMode:Pattern
01-01 08:17:36.484   619   681 D SntpClient: request time failed: java.net.UnknownHostException: asia.pool.ntp.org
01-01 08:17:37.065   619   643 D dalvikvm: GC_FOR_MALLOC freed 3426 objects / 197192 bytes in 389ms
01-01 08:17:37.405   619   643 D LockPatternKeyguardView: createUnlockScreenFor(Pattern): mEnableFallback=false
01-01 08:17:37.515   619   643 V LockPatternKeyguardView: **** UPDATE SCREEN: mode=LockScreen last mode=LockScreen
01-01 08:17:37.515   619   643 V LockPatternKeyguardView: Gone=com.android.internal.policy.impl.PatternUnlockScreen@43ee0ea0
01-01 08:17:37.515   619   643 V LockPatternKeyguardView: Visible=com.android.internal.policy.impl.LockScreen@43ecf068
01-01 08:17:37.635   619   628 D gralloc : maximum allocated pmem: 588 KB
01-01 08:17:37.854   619   643 D KeyguardUpdateMonitor: handleBatteryUpdate
01-01 08:17:37.894   619   628 D gralloc : maximum allocated pmem: 852 KB
01-01 08:17:37.964   619   643 D KeyguardUpdateMonitor: handleRingerModeChange(2)
01-01 08:17:38.055   619   628 D gralloc : maximum allocated pmem: 1116 KB
01-01 08:17:38.105   619   680 W ActivityManager: Unable to start service Intent { act=@0 }: not found
01-01 08:17:38.154   619   643 D gralloc : maximum allocated pmem: 1400 KB
01-01 08:17:38.154   619   643 V LockPatternKeyguardView: *** dispatchDraw() time: 40668
01-01 08:17:38.455   691   691 I ActivityThread: Publishing provider com.android.launcher2.settings: com.android.launcher2.LauncherProvider
01-01 08:17:39.005   685   685 I ActivityThread: Publishing provider com.android.phone.provider: com.android.phone.PlmnProvider
01-01 08:17:39.084   685   685 I ActivityThread: Publishing provider mms: com.android.providers.telephony.MmsProvider
01-01 08:17:39.294   619   680 W ActivityManager: Unable to start service Intent { act=@0 }: not found
01-01 08:17:39.514   619   643 D gralloc : maximum allocated pmem: 1572 KB
01-01 08:17:39.525   619   643 V LockPatternKeyguardView: *** dispatchDraw() time: 42039
01-01 08:17:39.664   685   685 E MmsSmsDatabaseHelper: updateDataPath disabled
01-01 08:17:39.745   619   643 D gralloc : maximum allocated pmem: 1724 KB
01-01 08:17:39.765   619   643 D gralloc : maximum allocated pmem: 1876 KB
01-01 08:17:39.774   685   685 E StorageMonitor: Thread start to monitor mms partition
01-01 08:17:39.794   685   685 D StorageMonitor: mms freeMem:11432960, smslowflag:false,mmslowflag:false,smsThrehold:10240,mmsThreshold:317440
01-01 08:17:39.855   685   685 I StorageMonitor: Memory available for sms, broadcasting...11432960
01-01 08:17:39.894   619   629 I ActivityManager: Start proc com.android.mms for broadcast com.android.mms/.transaction.SmsReceiver: pid=729 uid=10017 gids={3003, 1015}
01-01 08:17:39.914   685   685 I StorageMonitor: Memory available for mms, broadcasting...:11432960
01-01 08:17:39.934   685   685 I ActivityThread: Publishing provider sms: com.android.providers.telephony.SmsProvider
01-01 08:17:39.934   685   731 D StorageMonitor: mms freeMem:11432960, smslowflag:false,mmslowflag:false,smsThrehold:10240,mmsThreshold:317440
01-01 08:17:39.954   679   679 D dalvikvm: GC_EXTERNAL_ALLOC freed 1311 objects / 92620 bytes in 862ms
01-01 08:17:40.065   691   691 D dalvikvm: GC_EXTERNAL_ALLOC freed 1191 objects / 81132 bytes in 947ms
01-01 08:17:40.125   685   685 I ActivityThread: Publishing provider telephony: com.android.providers.telephony.TelephonyProvider
01-01 08:17:40.235   685   685 I ActivityThread: Publishing provider usim;usim2: com.android.phone.UsimProvider
01-01 08:17:40.355   685   685 I ActivityThread: Publishing provider icc;icc2: com.android.phone.IccProvider
01-01 08:17:40.455   685   685 I ActivityThread: Publishing provider com.android.phone.smsTemplateProvider: com.android.phone.SmsTemplateProvider
01-01 08:17:40.484   685   685 I ActivityThread: Publishing provider mms-sms: com.android.providers.telephony.MmsSmsProvider
01-01 08:17:41.054   619   725 I ActivityManager: Start proc android.process.acore for content provider com.android.providers.contacts/.ContactsProvider2: pid=737 uid=10003 gids={3003, 1015}
01-01 08:17:41.645   557   593 E IFX_RIL :  RIL_E_RADIO_NOT_AVAILABLE 2
01-01 08:17:41.945   729   729 I ActivityThread: Publishing provider com.android.mms.SuggestionsProvider: com.android.mms.SearchSuggestionsProvider
01-01 08:17:42.234   619   623 W AlarmManager: bootmode =  mPowerOnForAlarm = false
01-01 08:17:42.385   737   737 I ActivityThread: Publishing provider com.android.social: com.android.providers.contacts.SocialProvider
01-01 08:17:42.475   619   724 E         : 
01-01 08:17:42.475   619   724 E         : [VGPS]: -->InitGps
01-01 08:17:42.534   619   724 E         : 
01-01 08:17:42.534   619   724 E         : [VGPS]: creating read thread
01-01 08:17:42.545   619   724 E         : 
01-01 08:17:42.545   619   724 E         : [VGPS]: ExitInitGps-->
01-01 08:17:42.725   619   624 D dalvikvm: GREF has increased to 201
01-01 08:17:42.755   737   737 I ActivityThread: Publishing provider applications: com.android.providers.applications.ApplicationsProvider
01-01 08:17:42.764   619   748 E         : 
01-01 08:17:42.764   619   748 E         : [VGPS]: -->GpsReadThread
01-01 08:17:42.815   729   729 V DownloadManager: DownloadManager.init()
01-01 08:17:42.904   619   724 E         : 
01-01 08:17:42.904   619   724 E         : [VGPS]: get extension 
01-01 08:17:42.925   619   724 E         : 
01-01 08:17:42.925   619   724 E         : [VGPS]: Interface Name:agps
01-01 08:17:42.984   619   676 D ConnectivityServiceExt: getMobileDataEnabled returning true
01-01 08:17:42.984   619   619 D ConnectivityServiceExt: getMobileDataNetworkMode returning 1
01-01 08:17:43.025   729   729 V DownloadManager: roaming ------> 
01-01 08:17:43.035   729   729 V DownloadManager: auto download without roaming -> true
01-01 08:17:43.035   729   729 V DownloadManager: auto download during roaming -> false
01-01 08:17:43.045   729   729 V DownloadManager: mAutoDownload ------> true
01-01 08:17:43.054   729   729 I FolderCache: FolderCache.constructor
01-01 08:17:43.124   729   729 E FolderCache: start query for cache...
01-01 08:17:43.135   729   760 E FolderCache: QueryHandler called { what=1 when=45635 arg1=1 obj=android.content.AsyncQueryHandler$WorkerArgs@43d41748 }
01-01 08:17:43.185   619   724 E         : 
01-01 08:17:43.185   619   724 E         : [VGPS]: agps interface 
01-01 08:17:43.305   619   724 E         : 
01-01 08:17:43.305   619   724 E         : [VGPS]: -->InitAGps 
01-01 08:17:43.314   619   724 E         : 
01-01 08:17:43.314   619   724 E         : [VGPS]: ExitInitAGps--> 
01-01 08:17:43.404   557   593 E IFX_RIL :  RIL_E_RADIO_NOT_AVAILABLE 2
01-01 08:17:43.584   737   737 I ActivityThread: Publishing provider contacts;com.android.contacts: com.android.providers.contacts.ContactsProvider2
01-01 08:17:43.754   619   624 D ConnectivityServiceExt: getMobileDataEnabled returning true
01-01 08:17:43.754   619   676 D ConnectivityServiceExt: getMobileDataNetworkMode returning 1
01-01 08:17:44.024   729   729 D SmsReceiver: received SMS_STORAGE_OK
01-01 08:17:44.114   729   729 D SmsReceiver: received MMS_STORAGE_OK
01-01 08:17:44.145   619   724 E         : 
01-01 08:17:44.145   619   724 E         : [VGPS]: get extension 
01-01 08:17:44.165   619   724 E         : 
01-01 08:17:44.165   619   724 E         : [VGPS]: Interface Name:gps-ni
01-01 08:17:44.174   619   724 E         : 
01-01 08:17:44.174   619   724 E         : [VGPS]: NI interface 
01-01 08:17:44.534   685   757 D dalvikvm: GC_FOR_MALLOC freed 3216 objects / 187744 bytes in 555ms
01-01 08:17:44.674   685   685 D PhoneApp: phone:GSM
01-01 08:17:44.684   685   685 D PhoneApp: phone2:GSM2
01-01 08:17:44.725   685   685 D NotificationMgr: updateNotificationsAtStartup()...
01-01 08:17:44.744   685   685 D NotificationMgr: Phone is idle, canceling notification.
01-01 08:17:44.754   685   685 D NotificationMgr: cancelInCall()...
01-01 08:17:44.764   685   685 D PhoneApp: to create PhoneInterfaceManager 1
01-01 08:17:44.795   685   685 D PhoneInterfaceManager: [PhoneIntfMgr] publish: com.android.phone.PhoneInterfaceManager@43d31580,for phone:GSM
01-01 08:17:44.795   685   685 D PhoneInterfaceManager: [PhoneIntfMgr] publish phone service
01-01 08:17:44.815   685   685 D PhoneApp: to create PhoneInterfaceManager 2
01-01 08:17:44.825   685   685 D PhoneInterfaceManager: [PhoneIntfMgr] publish: com.android.phone.PhoneInterfaceManager@43d3e0b8,for phone:GSM2
01-01 08:17:44.825   685   685 D PhoneInterfaceManager: [PhoneIntfMgr] publish phone2 service
01-01 08:17:44.825   685   685 D PhoneApp: to create PhoneInterfaceManager end
01-01 08:17:44.904   685   685 D BT HS/HF: updatePhoneState()
01-01 08:17:44.924   685   685 D BT HS/HF: newState is:IDLE,for phone:GSM
01-01 08:17:44.984   685   685 D BT HS/HF: cdmaSetSecondCallState: Setting mCdmaIsSecondCallActive to false
01-01 08:17:45.025   619   724 E         : 
01-01 08:17:45.025   619   724 E         : [VGPS]: -->Initialize
01-01 08:17:45.034   619   724 E         : 
01-01 08:17:45.034   619   724 E         : [VGPS]: ExitInitialize-->
01-01 08:17:45.045   619   724 E         : 
01-01 08:17:45.045   619   724 E         : [VGPS]: get extension 
01-01 08:17:45.075   619   724 E         : 
01-01 08:17:45.075   619   724 E         : [VGPS]: Interface Name:privacy
01-01 08:17:45.095   619   724 E         : 
01-01 08:17:45.095   619   724 E         : [VGPS]: Exit get extension--> 
01-01 08:17:45.105   619   724 E         : 
01-01 08:17:45.105   619   724 E         : [VGPS]: get extension 
01-01 08:17:45.145   619   724 E         : 
01-01 08:17:45.145   619   724 E         : [VGPS]: Interface Name:gps-debug
01-01 08:17:45.175   619   724 E         : 
01-01 08:17:45.175   619   724 E         : [VGPS]: Exit get extension--> 
01-01 08:17:45.175   619   724 E         : 
01-01 08:17:45.175   619   724 E         : [VGPS]: -->SetServer
01-01 08:17:45.194   685   685 D PhoneApp: onCreate: mProximityWakeLock: null
01-01 08:17:45.324   619   724 E         : 
01-01 08:17:45.324   619   724 E         : [VGPS]: Agps type:1 port:7276 hostname:supl.google.com 
01-01 08:17:45.354   619   724 E         : 
01-01 08:17:45.354   619   724 E         : [VGPS]: ExitSetServer-->
01-01 08:17:45.364   685   685 D CallNotifier: [GSM] cfu at powerup : false
01-01 08:17:45.414   685   685 D CallNotifier: [GSM2] cfu at powerup : false
01-01 08:17:45.454   685   685 D PhoneUtils: Extended NW bindService IExtendedNetworkService
01-01 08:17:45.454   619   676 W ActivityManager: Unable to start service Intent { act=com.android.ussd.IExtendedNetworkService }: not found
01-01 08:17:45.465   685   685 D PhoneUtils: Extended NW bindService IExtendedNetworkService
01-01 08:17:45.465   619   619 W ActivityManager: Unable to start service Intent { act=com.android.ussd.IExtendedNetworkService }: not found
01-01 08:17:45.574   685   685 D PhoneApp: Resetting audio state/mode: IDLE
01-01 08:17:45.604   685   685 D PhoneUtils: setAudioMode(MODE_NORMAL)...
01-01 08:17:45.665   619   619 V AudioService: getActiveStreamType: Forcing STREAM_RING...
01-01 08:17:45.665   559   610 I AudioPolicyManagerBase: setStreamVolumeIndex() stream 2, index 7
01-01 08:17:45.674   559   559 I AudioPolicyManagerBase: setStreamVolumeIndex() stream 5, index 7
01-01 08:17:45.745   557   593 D IMC-boot: requestRadioPower++
01-01 08:17:45.745   557   593 D IMC-boot: ifx_power_on++
01-01 08:17:45.794   557   593 D IMC-boot: RpcUtaContexId: 805306369
01-01 08:17:45.855   557   593 D IMC-call: AGGUtaCallModuleInit++
01-01 08:17:45.855   557   593 D IMC-call: AGGUtaCallModuleInit--
01-01 08:17:45.855   557   593 D AGGREQUEST: agg_uta_sys_init++
01-01 08:17:45.875   557   779 D IMC-net : UtaMsNetRadioSignalIndCb++
01-01 08:17:45.884   557   779 D IMC-net : rssi=99
01-01 08:17:45.884   557   779 D IMC-net : ber=99
01-01 08:17:45.884   557   779 D AGGREQUEST: AGGOnUnsolicited_SignalStrength++
01-01 08:17:45.884   557   779 D AGGREQUEST:  
01-01 08:17:45.884   557   779 D AGGREQUEST: AGGOnUnsolicited_SignalStrength--
01-01 08:17:45.884   557   779 D AGGREQUEST:  
01-01 08:17:45.884   557   779 D IMC-net : UtaMsNetRadioSignalIndCb--
01-01 08:17:45.935   557   593 D AGGREQUEST: agg_uta_sys_init--
01-01 08:17:45.935   557   593 D IMC-boot: AGGrequestset_PhoneFunctionality++
01-01 08:17:45.935   557   593 D IMC-boot: AGGrequestset_PhoneFunctionality:NewState is set to PhoneFun
01-01 08:17:45.935   557   593 D AGGREQUEST: PhoneFunctionalityhandle_rstfunval++
01-01 08:17:45.935   557   593 D AGGREQUEST: ValsArray[0]=1 ValsArray[1]=0
01-01 08:17:45.935   557   593 D AGGREQUEST: PhoneFunctionalityhandle_rstfunval--
01-01 08:17:45.935   557   593 D IMC-boot: PhoneFunctionality_operationstate++
01-01 08:17:45.935   557   593 D IMC-boot: PhoneFunctionality_operationstate:state != curr_state state=1 curr_state=0
01-01 08:17:45.935   557   593 D IMC-boot: PhoneFunctionality_operationstate:calling CFUN1_FULL_FUN_LEVEL UtaSysSetFunctionalModeReq
01-01 08:17:45.944   619   628 D KeyguardUpdateMonitor: received broadcast android.provider.Telephony.SPN_STRINGS_UPDATED
01-01 08:17:45.944   619   628 D KeyguardUpdateMonitor: plmn[0]:,spn[0]:null
01-01 08:17:45.944   619   643 D KeyguardUpdateMonitor: handleCarrierInfoUpdate: sim: 0, plmn = , spn = null
01-01 08:17:46.055   557   779 D IMC-boot: UtaMsSysFunctionalModeIndCb++
01-01 08:17:46.055   557   779 D IMC-boot: UtaMsSysFunctionalModeIndCb--
01-01 08:17:46.055   557   779 D IMC-net : UtaMsNetRatModeIndCb++
01-01 08:17:46.055   619   628 D ConnectivityServiceExt: getMobileDataNetworkMode returning 1
01-01 08:17:46.055   619   628 D StatusBarPolicy: slotForData:0
01-01 08:17:46.106   557   779 D IMC-net : agg_UtaNetRatModeIndCb: change_rat GSM
01-01 08:17:46.106   557   779 D IMC-net : agg_UtaNetRatModeIndCb: setting xrat
01-01 08:17:46.106   557   779 D IMC-net : xrat_data.change_rat = 0, xrat_data.PreferedAct =0
01-01 08:17:46.106   557   779 D IMC-net : UtaMsNetRatModeIndCb--
01-01 08:17:46.106   557   779 D IMC-gprs: UtaMsNetGprsClassIndCb++
01-01 08:17:46.106   557   779 D IMC-gprs: UtaMsNetGprsClassIndCb:cgev_unsol_str=ME CLASS B
01-01 08:17:46.106   557   779 D IMC-gprs: UtaMsNetGprsClassIndCb--
01-01 08:17:46.106   557   779 D IMC-boot: UtaMsSysFunctionalModeIndCb++
01-01 08:17:46.106   557   779 D IMC-boot: UtaMsSysFunctionalModeIndCb--
01-01 08:17:46.106   557   779 D IMC-boot: UtaMsSysSetFunctionalModeRspCb++
01-01 08:17:46.106   557   779 D IMC-boot: UtaMsSysSetFunctionalModeRspCb:Current state is CFUN1_FULL_FUN_LEVEL
01-01 08:17:46.106   557   779 D AGGREQUEST: ReleasewaitForRspSignal++
01-01 08:17:46.106   557   593 D AGGREQUEST: 
01-01 08:17:46.106   557   593 D AGGREQUEST:  WaitForRspSignal--
01-01 08:17:46.106   557   593 D IMC-boot: PhoneFunctionality_operationstate:CFUN1_FULL_FUN_LEVEL success
01-01 08:17:46.106   557   593 D IMC-boot: PhoneFunctionality_operationstate--
01-01 08:17:46.106   557   593 D IMC-boot: AGGrequestset_PhoneFunctionality--
01-01 08:17:46.106   557   593 D IMC-boot: initializeCallback++
01-01 08:17:46.106   557   593 D AGGREQUEST: AGGrequestset_NetworkRegistration++
01-01 08:17:46.106   557   593 D AGGREQUEST: AGGrequestset_NetworkRegistration--: pAggprofileDB.CREG_N=2
01-01 08:17:46.106   557   593 D AGGREQUEST: AGGrequestset_GPRSRegistration++
01-01 08:17:46.106   557   593 D AGGREQUEST: AGGrequestset_GPRSRegistration--
01-01 08:17:46.106   557   593 D AGGREQUEST: AGGrequestset_GPRSRegistration--:pAggprofileDB.CGREG_N=2
01-01 08:17:46.106   557   593 D IMC-supplementservices: agg_request_set_CallWaiting++
01-01 08:17:46.106   557   593 D IMC-sim : SimPbInfo m_chv1_status=0 m_chv2_status=0
01-01 08:17:46.106   557   593 D IMC-sim : uta_agg_verify_sim_status++
01-01 08:17:46.106   557   593 D IMC-sim : SimPbInfo.m_sim_card_type=0
01-01 08:17:46.106   557   593 E IMC-sim : SIM is not inserted
01-01 08:17:46.106   557   593 E IMC-boot: initializeCallback:GPRS Registration failed
01-01 08:17:46.106   557   593 E IMC-boot:  
01-01 08:17:46.106   557   593 D AGGREQUEST: AGGrequestCallModset++
01-01 08:17:46.106   557   593 D AGGREQUEST: CMOD_Mode=0
01-01 08:17:46.106   557   593 D AGGREQUEST: AGGUtil_ISUINT16ValueInRange++
01-01 08:17:46.106   557   593 D AGGREQUEST: Val=0 Min=0 Max=3
01-01 08:17:46.106   557   593 D AGGREQUEST: value is in range
01-01 08:17:46.106   557   593 D AGGREQUEST: AGGUtil_ISUINT16ValueInRange--
01-01 08:17:46.106   557   593 D AGGREQUEST: AggProfileDB.CMOD_Mode=0
01-01 08:17:46.106   557   593 D AGGREQUEST: AGGrequestCallModset--
01-01 08:17:46.106   557   593 D AGGREQUEST: AGGrequestset_SupplementServiceNotification++
01-01 08:17:46.106   557   593 D AGGREQUEST: AGGrequestset_SupplementServiceNotification--
01-01 08:17:46.106   557   593 D IMC-supplementservices: AGG_SetSupplementNotification_data++
01-01 08:17:46.106   557   593 D IMC-supplementservices: pAggprofileDB.cssn_data m=1 n=0
01-01 08:17:46.106   557   593 D IMC-supplementservices: AGG_SetSupplementNotification_data
01-01 08:17:46.106   557   593 D AGGREQUEST: AGGrequestset_ConnectedLineIdentification++
01-01 08:17:46.106   557   593 D IMC-sim : SimPbInfo m_chv1_status=0 m_chv2_status=0
01-01 08:17:46.106   557   593 D IMC-sim : uta_agg_verify_sim_status++
01-01 08:17:46.106   557   593 D IMC-sim : SimPbInfo.m_sim_card_type=0
01-01 08:17:46.106   557   593 E IMC-sim : SIM is not inserted
01-01 08:17:46.106   557   593 E IMC-boot: initializeCallback:setting connected line identification failed
01-01 08:17:46.106   557   593 E IMC-boot:  
01-01 08:17:46.106   557   593 D AGGREQUEST: AGGrequest_set_Terminal_Adaptor_Value++
01-01 08:17:46.106   557   593 D AGGREQUEST: Calling AGGUtilGetTerminalAdaptorEnumFromCharsetName
01-01 08:17:46.106   557   593 D AGGREQUEST: CharSetName=GSM
01-01 08:17:46.106   557   593 D AGGREQUEST: AGGUtilGetTerminalAdaptorEnumFromCharsetName++
01-01 08:17:46.106   557   593 D AGGREQUEST: pCSCSCharsetName=GSM cscs_table_len=8
01-01 08:17:46.106   557   593 D AGGREQUEST: uta_agg_stricmp++
01-01 08:17:46.106   557   593 D AGGREQUEST: s1=GSM s2=PCCP437
01-01 08:17:46.106   557   593 D AGGREQUEST: uta_agg_stricmp++
01-01 08:17:46.106   557   593 D AGGREQUEST: s1=GSM s2=UCS2
01-01 08:17:46.106   557   593 D AGGREQUEST: uta_agg_stricmp++
01-01 08:17:46.106   557   593 D AGGREQUEST: s1=GSM s2=GSM
01-01 08:17:46.106   557   593 D AGGREQUEST: uta_agg_stricmp--
01-01 08:17:46.106   557   593 D AGGREQUEST: AGG_CSCS_GSM
01-01 08:17:46.106   557   593 D AGGREQUEST: Calling AGG_Set_Terminal_Adaptor_Valve
01-01 08:17:46.106   557   593 D AGGREQUEST: AGG_Set_Terminal_Adaptor_Valve++
01-01 08:17:46.106   557   593 D AGGREQUEST: AGG_Set_Terminal_Adaptor_Valve--
01-01 08:17:46.106   557   593 D AGGREQUEST: AGGrequest_set_Terminal_Adaptor_Value--
01-01 08:17:46.106   557   593 D IMC-supplementservices: agg_request_set_SupplementServiceData++
01-01 08:17:46.106   557   593 D IMC-supplementservices: agg_request_set_SupplementServiceData--
01-01 08:17:46.106   557   593 D IMC-supplementservices: AGGSSMngr_SendUSSDString--
01-01 08:17:46.106   557   593 D IMC-supplementservices: AGGSSMngr_SendUSSDString: isPendingUssdTransaction is not valid=0
01-01 08:17:46.106   557   593 E IMC-supplementservices: AGGSSMngr_SendUSSDString: Length is less than 0(cme error 3)--
01-01 08:17:46.106   557   593 E IMC-boot: initializeCallback:setting supplemtn service failed
01-01 08:17:46.106   557   593 E IMC-boot:  
01-01 08:17:46.106   557   593 D IMC-boot: initializeCallback--
01-01 08:17:46.106   557   593 D IMC_sms : AGGSMSMngr_Init++
01-01 08:17:46.106   557   593 D IMC_sms : AGGSMSMngr_Init--
01-01 08:17:46.106   557   593 D IMC-boot: SetRadioState++
01-01 08:17:46.124   557   593 D IMC-boot: SetRadioState: RIL_UNSOL_RESPONSE_RADIO_STATE_CHANGED
01-01 08:17:46.124   557   593 D IMC-boot: pollSIMState++
01-01 08:17:46.124   557   593 D IMC-sim : getSIMStatus++
01-01 08:17:46.124   557   593 D IMC-sim : Calling AGGrequestread_Pin
01-01 08:17:46.124   557   593 D IMC-sim : AGGrequestread_Pin++
01-01 08:17:46.124   557   593 D IMC-sim : SimPbInfo.m_sim_card_type=0
01-01 08:17:46.124   557   593 E IMC-sim : AGGrequestread_Pin: uta_get_sim_inserted_verified_status--:SIM ABSENT
01-01 08:17:46.124   557   593 E IMC-sim : AGGrequestread_Pin done err=-1, cpinResult=SIM_NOT_READY 
01-01 08:17:46.124   557   593 D IMC-sim : SIM_ABSENT
01-01 08:17:46.124   557   593 D IMC-sim : getSIMStatus--:ret=0
01-01 08:17:46.124   557   593 D IMC-sim : getSIMStatus--
01-01 08:17:46.124   557   593 D IMC-boot: pollSIMState::RADIO_STATE_SIM_LOCKED_OR_ABSENT
01-01 08:17:46.124   557   593 D IMC-boot: SetRadioState++
01-01 08:17:46.124   557   593 D IMC-boot: SetRadioState: RIL_UNSOL_RESPONSE_RADIO_STATE_CHANGED
01-01 08:17:46.124   557   593 D IMC-boot: SetRadioState--
01-01 08:17:46.124   557   593 D IMC-boot: SetRadioState--
01-01 08:17:46.124   557   593 D IMC-boot: requestRadioPower--:RIL_E_SUCCESS
01-01 08:17:46.145   557   779 D AGGREQUEST: ReleasewaitForRspSignal--
01-01 08:17:46.145   557   779 D IMC-boot: UtaMsSysSetFunctionalModeRspCb: agg_response: signalling the request wait event 
01-01 08:17:46.145   557   779 D IMC-boot: UtaMsSysSetFunctionalModeRspCb--
01-01 08:17:46.154   557   779 D IMC-sim : UtaMsSimCardIndCb++
01-01 08:17:46.154   557   779 D IMC-sim : SimCardInfoParam : 2
01-01 08:17:46.154   557   779 D AGGREQUEST: AGGOnUnsolicited_SimStatusChanged:++
01-01 08:17:46.164   557   779 D AGGREQUEST: AGGOnUnsolicited_SimStatusChanged:--
01-01 08:17:46.164   557   779 D IMC-sim : UtaMsSimCardIndCb--
01-01 08:17:46.164   557   779 D IMC-sim : inside UtaMsSimInfoIndCb--
01-01 08:17:46.164   557   779 D IMC-sim : !UTA_SIM_IND_PRESENT
01-01 08:17:46.164   557   779 D IMC-sim : !UTA_SIM_IND_PRESENT
01-01 08:17:46.164   557   779 D IMC-sim : inside UtaMsSimInfoIndCb--
01-01 08:17:46.265   685   685 D UiccProxy: [UiccProxy] New SIM state changed to::ABSENT
01-01 08:17:46.265   685   685 D UiccProxy: [UiccProxy] SIM state changed to::NOT_READY
01-01 08:17:46.384   619   643 V LockPatternKeyguardView: *** dispatchDraw() time: 48898
01-01 08:17:46.875   619   628 D PowerManagerService: bootCompleted
01-01 08:17:46.935   619   628 D KeyguardUpdateMonitor: received broadcast android.intent.action.BOOT_COMPLETED
01-01 08:17:47.045   619   781 I SurfaceFlinger: Boot is finished (27485 ms)
01-01 08:17:47.065   619   625 I ARMAssembler: generated scanline__00000177:03515104_00000001_00000000 [ 73 ipp] (95 ins) at [0x2f22d8:0x2f2454] in 701962 ns
01-01 08:17:47.184   553   606 D VoldCmdListener: volume mount /mnt/sdcard
01-01 08:17:47.184   553   606 I Vold    : /dev/block/vold/3:65 being considered for volume sdcard
01-01 08:17:47.184   553   606 D Vold    : Volume sdcard state changing 1 (Idle-Unmounted) -> 3 (Checking)
01-01 08:17:47.204   619   628 I StorageNotification: Media {/mnt/sdcard} state changed from {unmounted} -> {checking}
01-01 08:17:47.245   737   737 D ContactsProvider: autoSyncToAccount:true, hasUnassignedContacts[0]:true
01-01 08:17:47.554   737   737 I ActivityThread: Publishing provider call_log: com.android.providers.contacts.CallLogProvider
01-01 08:17:47.564   737   737 I ActivityThread: Publishing provider user_dictionary: com.android.providers.userdictionary.UserDictionaryProvider
01-01 08:17:47.714   619   628 D dalvikvm: GC_FOR_MALLOC freed 5621 objects / 307804 bytes in 296ms
01-01 08:17:47.875   557   593 D IFX_RIL : requestNotSupported++
01-01 08:17:47.875   557   593 D IFX_RIL : requestNotSupported--
01-01 08:17:47.895   557   593 D IMC-supplementservices: agg_request_get_imei_imeisv++
01-01 08:17:47.895   557   593 D AGGREQUEST: uta_util_bcd2num++
01-01 08:17:47.895   557   593 D AGGREQUEST: uta_util_bcd2num--
01-01 08:17:47.895   557   593 D AGGREQUEST: uta_util_bcd2num++
01-01 08:17:47.895   557   593 D AGGREQUEST: uta_util_bcd2num--
01-01 08:17:47.895   557   593 D IMC-supplementservices: Success imei_num=004999010640000 imeisv_num = 0049990106400000 
01-01 08:17:47.895   557   593 D IMC-supplementservices: agg_request_get_imei_imeisv--
01-01 08:17:47.895   557   593 D IFX_RIL : IMEI NUM=004999010640000
01-01 08:17:47.895   557   593 D IFX_RIL : IMEISV NUM=0049990106400000
01-01 08:17:47.915   557   593 D IMC-supplementservices: agg_request_get_imei_imeisv++
01-01 08:17:47.924   557   593 D AGGREQUEST: uta_util_bcd2num++
01-01 08:17:47.924   557   593 D AGGREQUEST: uta_util_bcd2num--
01-01 08:17:47.924   557   593 D AGGREQUEST: uta_util_bcd2num++
01-01 08:17:47.924   557   593 D AGGREQUEST: uta_util_bcd2num--
01-01 08:17:47.924   557   593 D IMC-supplementservices: Success imei_num=004999010640000 imeisv_num = 0049990106400000 
01-01 08:17:47.924   557   593 D IMC-supplementservices: agg_request_get_imei_imeisv--
01-01 08:17:47.924   557   593 D IFX_RIL : IMEI NUM=004999010640000
01-01 08:17:47.924   557   593 D IFX_RIL : IMEISV NUM=0049990106400000
01-01 08:17:48.074   685   685 D UiccProxy: [UiccProxy] New SIM state changed to::ABSENT
01-01 08:17:48.074   685   685 D UiccProxy: [UiccProxy] SIM state changed to::NOT_READY
01-01 08:17:48.404   685   685 D BT HSHFP: Starting BluetoothHeadsetService
01-01 08:17:48.414   685   685 D CallNotifier: [GSM]onMwiChanged(): false
01-01 08:17:48.414   685   685 D NotificationMgr: updateMwi(): false,fromPhone2:false
01-01 08:17:48.414   619   628 D StatusBarPolicy: SIM A state:0,networkType:0
01-01 08:17:48.425   685   685 D CallNotifier: [GSM]onCfiChanged(): false
01-01 08:17:48.425   619   628 D ConnectivityServiceExt: getMobileDataNetworkMode returning 1
01-01 08:17:48.425   619   628 D StatusBarPolicy: slotForDataNetType:0
01-01 08:17:48.425   619   628 D ConnectivityServiceExt: getMobileDataNetworkMode returning 1
01-01 08:17:48.435   619   628 D StatusBarPolicy: slotForData:0
01-01 08:17:48.475   685   685 D NotificationMgr: updateCfi(): false
01-01 08:17:48.475   619   628 D MobileDataStateTrackerExt: default Received state= DISCONNECTED, old= DISCONNECTED, reason= radioTurnedOff, apnTypeList= default
01-01 08:17:48.494   619   628 D StatusBarPolicy: SIM A state:0,networkType:0
01-01 08:17:48.494   619   628 D ConnectivityServiceExt: getMobileDataNetworkMode returning 1
01-01 08:17:48.494   685   685 D CallNotifier: [GSM]onMwiChanged(): false
01-01 08:17:48.494   619   628 D StatusBarPolicy: slotForDataNetType:0
01-01 08:17:48.504   685   685 D CallNotifier: [GSM]onMwiChanged not for me,fromPhone2:true
01-01 08:17:48.504   685   685 D CallNotifier: [GSM]onCfiChanged not for me,fromPhone2:true
01-01 08:17:48.504   619   628 D ConnectivityServiceExt: getMobileDataNetworkMode returning 1
01-01 08:17:48.504   619   628 D StatusBarPolicy: slotForData:0
01-01 08:17:48.514   685   685 D CallNotifier: [GSM2]onMwiChanged(): false
01-01 08:17:48.524   685   685 D CallNotifier: [GSM2]onMwiChanged not for me,fromPhone2:false
01-01 08:17:48.524   685   685 D CallNotifier: [GSM2]onCfiChanged not for me,fromPhone2:false
01-01 08:17:48.524   685   685 D CallNotifier: [GSM2]onMwiChanged(): false
01-01 08:17:48.524   685   685 D NotificationMgr: updateMwi(): false,fromPhone2:true
01-01 08:17:48.545   685   685 D CallNotifier: [GSM2]onCfiChanged(): false
01-01 08:17:48.554   619   628 D MobileDataStateTrackerExt: default Received state= DISCONNECTED, old= DISCONNECTED, reason= gprsDetached, apnTypeList= default
01-01 08:17:48.564   685   685 D NotificationMgr: updateCfi(): false
01-01 08:17:48.585   619   628 D KeyguardUpdateMonitor: received broadcast android.intent.action.SIM_STATE_CHANGED
01-01 08:17:48.585   685   685 D PhoneApp: mReceiver: ACTION_HEADSET_PLUG
01-01 08:17:48.594   619   628 D KeyguardUpdateMonitor: recv intent:android.intent.action.SIM_STATE_CHANGED
01-01 08:17:48.594   685   685 D PhoneApp:     state: 1
01-01 08:17:48.594   619   628 D KeyguardUpdateMonitor: simId:0
01-01 08:17:48.594   619   628 D KeyguardUpdateMonitor: stateExtra:NOT_READY
01-01 08:17:48.594   685   685 D PhoneApp:     name: h2w
01-01 08:17:48.605   619   643 D KeyguardUpdateMonitor: handleSimStateChange: SIM:0,intentValue = SIM:0,state:UNKNOWN state resolved to UNKNOWN
01-01 08:17:48.605   619   628 D ConnectivityServiceExt: getMobileDataNetworkMode returning 1
01-01 08:17:48.605   619   628 D StatusBarPolicy: slotForData:0
01-01 08:17:48.615   619   628 D KeyguardUpdateMonitor: received broadcast android.provider.Telephony.SPN_STRINGS_UPDATED.phone2
01-01 08:17:48.625   619   628 D KeyguardUpdateMonitor: plmn[1]:,spn[1]:null
01-01 08:17:48.625   619   643 D KeyguardUpdateMonitor: handleCarrierInfoUpdate: sim: 1, plmn = , spn = null
01-01 08:17:48.654   557   593 D AGGREQUEST: agg_request_net_cmmd  3,0
01-01 08:17:48.654   557   593 D IMC-net : agg_request_net_cmmd++
01-01 08:17:48.654   557   593 D IMC-net : COPS_MODE_SET_FORMAT_ONLY
01-01 08:17:48.654   557   593 D IMC-net : agg_request_net_cmmd--
01-01 08:17:48.654   557   593 D IMC-net : agg_request_read_nw_params++
01-01 08:17:48.654   557   593 E IMC-net : Network is Unregistered
01-01 08:17:48.654   557   593 E IMC-net : agg_request_read_nw_params--
01-01 08:17:48.654   557   593 D AGGREQUEST: agg_request_net_cmmd 3,1
01-01 08:17:48.654   557   593 D IMC-net : agg_request_net_cmmd++
01-01 08:17:48.654   557   593 D IMC-net : COPS_MODE_SET_FORMAT_ONLY
01-01 08:17:48.654   557   593 D IMC-net : agg_request_net_cmmd--
01-01 08:17:48.654   557   593 D IMC-net : agg_request_read_nw_params++
01-01 08:17:48.654   557   593 E IMC-net : Network is Unregistered
01-01 08:17:48.654   557   593 E IMC-net : agg_request_read_nw_params--
01-01 08:17:48.654   557   593 D AGGREQUEST: reading nw_params 3,1:responses=(null)
01-01 08:17:48.654   557   593 D AGGREQUEST: agg_request_net_cmmd 3,2
01-01 08:17:48.654   557   593 D IMC-net : agg_request_net_cmmd++
01-01 08:17:48.654   557   593 D IMC-net : COPS_MODE_SET_FORMAT_ONLY
01-01 08:17:48.654   557   593 D IMC-net : agg_request_net_cmmd--
01-01 08:17:48.654   557   593 D IMC-net : agg_request_read_nw_params++
01-01 08:17:48.654   557   593 E IMC-net : Network is Unregistered
01-01 08:17:48.654   557   593 E IMC-net : agg_request_read_nw_params--
01-01 08:17:48.654   619   628 D ConnectivityServiceExt: getMobileDataNetworkMode returning 1
01-01 08:17:48.674   619   628 D StatusBarPolicy: slotForData:0
01-01 08:17:48.694   557   593 D AGGREQUEST: requestRegistrationState++
01-01 08:17:48.694   557   593 D AGGREQUEST: RIL_REQUEST_GPRS_REGISTRATION_STATE
01-01 08:17:48.694   557   593 D IMC-net : agg_requestread_GPRSRegistrationStatus++
01-01 08:17:48.694   557   593 D IMC-net : AGGUtaUpdateXregInfo++
01-01 08:17:48.694   557   593 D IMC-net : AGGUtaUpdateXregInfo--
01-01 08:17:48.694   557   593 E IMC-net : agg_requestread_GPRSRegistrationStatus--
01-01 08:17:48.694   557   593 E AGGREQUEST: requestRegistrationState-- must never return an error when radio is on
01-01 08:17:48.694   619   628 D StatusBarPolicy: SIM B state:0,networkType0
01-01 08:17:48.694   619   628 D ConnectivityServiceExt: getMobileDataNetworkMode returning 1
01-01 08:17:48.694   619   628 D StatusBarPolicy: slotForDataNetType:0
01-01 08:17:48.694   619   628 D ConnectivityServiceExt: getMobileDataNetworkMode returning 1
01-01 08:17:48.694   619   628 D StatusBarPolicy: slotForData:0
01-01 08:17:48.724   557   593 D AGGREQUEST: requestRegistrationState++
01-01 08:17:48.724   557   593 D AGGREQUEST: RIL_REQUEST_REGISTRATION_STATE
01-01 08:17:48.724   557   593 D IMC-net : agg_requestread_NetworkRegistration++
01-01 08:17:48.724   557   593 D IMC-net : AGGUtaUpdateXregInfo++
01-01 08:17:48.724   557   593 D IMC-net : AGGUtaUpdateXregInfo--
01-01 08:17:48.724   557   593 E IMC-net : agg_requestread_NetworkRegistration--
01-01 08:17:48.724   557   593 E AGGREQUEST: requestRegistrationState-- must never return an error when radio is on
01-01 08:17:48.745   619   643 V LockPatternKeyguardView: *** dispatchDraw() time: 51259
01-01 08:17:48.755   557   593 D AGGREQUEST: requestQueryNetworkSelectionMode++
01-01 08:17:48.755   557   593 D IMC-net : agg_request_read_nw_mode++
01-01 08:17:48.755   557   593 E IMC-net : Network is Unregistered
01-01 08:17:48.755   557   593 D IMC-net : agg_request_read_nw_mode--
01-01 08:17:48.755   557   593 E AGGREQUEST: requestQueryNetworkSelectionMode must never return error when radio is on
01-01 08:17:48.764   557   593 D AGGREQUEST: requestGetCurrentCalls++
01-01 08:17:48.764   557   593 D IMC-call: AGGrequestset_CallList++
01-01 08:17:48.764   557   593 E IMC-call: AGGrequestset_CallList:Error:UTA_FALSE
01-01 08:17:48.764   557   593 E IMC-call: AGGrequestset_CallList:Error:UTA_FALSE
01-01 08:17:48.764   557   593 E IMC-call: AGGrequestset_CallList:Error:UTA_FALSE
01-01 08:17:48.764   557   593 E IMC-call: AGGrequestset_CallList:Error:UTA_FALSE
01-01 08:17:48.764   557   593 E IMC-call: AGGrequestset_CallList:Error:UTA_FALSE
01-01 08:17:48.764   557   593 E IMC-call: AGGrequestset_CallList:Error:UTA_FALSE
01-01 08:17:48.764   557   593 E IMC-call: AGGrequestset_CallList:Error:UTA_FALSE
01-01 08:17:48.764   557   593 E IMC-call: AGGrequestset_CallList:Error:UTA_FALSE
01-01 08:17:48.764   557   593 E IMC-call: AGGrequestset_CallList:Error:UTA_FALSE
01-01 08:17:48.764   557   593 E IMC-call: AGGrequestset_CallList:Error:UTA_FALSE
01-01 08:17:48.764   557   593 E IMC-call: AGGrequestset_CallList:Error:UTA_FALSE
01-01 08:17:48.764   557   593 E IMC-call: AGGrequestset_CallList:Error:UTA_FALSE
01-01 08:17:48.764   557   593 E IMC-call: AGGrequestset_CallList:Error:UTA_FALSE
01-01 08:17:48.764   557   593 E IMC-call: AGGrequestset_CallList:Error:UTA_FALSE
01-01 08:17:48.764   557   593 E IMC-call: AGGrequestset_CallList:Error:UTA_FALSE
01-01 08:17:48.764   557   593 E IMC-call: AGGrequestset_CallList:Error:UTA_FALSE
01-01 08:17:48.764   557   593 D IMC-call: AGGrequestset_CallList--
01-01 08:17:48.764   557   593 D AGGREQUEST: requestGetCurrentCalls:num of calls=0 err = 0 
01-01 08:17:48.764   557   593 D AGGREQUEST: countValidCalls = 0
01-01 08:17:48.764   557   593 D AGGREQUEST: requestGetCurrentCalls--
01-01 08:17:48.805   557   593 D AGGREQUEST: agg_request_net_cmmd  3,0
01-01 08:17:48.805   557   593 D IMC-net : agg_request_net_cmmd++
01-01 08:17:48.805   557   593 D IMC-net : COPS_MODE_SET_FORMAT_ONLY
01-01 08:17:48.805   557   593 D IMC-net : agg_request_net_cmmd--
01-01 08:17:48.805   557   593 D IMC-net : agg_request_read_nw_params++
01-01 08:17:48.805   557   593 E IMC-net : Network is Unregistered
01-01 08:17:48.805   557   593 E IMC-net : agg_request_read_nw_params--
01-01 08:17:48.805   557   593 D AGGREQUEST: agg_request_net_cmmd 3,1
01-01 08:17:48.805   557   593 D IMC-net : agg_request_net_cmmd++
01-01 08:17:48.805   557   593 D IMC-net : COPS_MODE_SET_FORMAT_ONLY
01-01 08:17:48.805   557   593 D IMC-net : agg_request_net_cmmd--
01-01 08:17:48.805   557   593 D IMC-net : agg_request_read_nw_params++
01-01 08:17:48.805   557   593 E IMC-net : Network is Unregistered
01-01 08:17:48.805   557   593 E IMC-net : agg_request_read_nw_params--
01-01 08:17:48.805   557   593 D AGGREQUEST: reading nw_params 3,1:responses=(null)
01-01 08:17:48.805   557   593 D AGGREQUEST: agg_request_net_cmmd 3,2
01-01 08:17:48.805   557   593 D IMC-net : agg_request_net_cmmd++
01-01 08:17:48.805   557   593 D IMC-net : COPS_MODE_SET_FORMAT_ONLY
01-01 08:17:48.805   557   593 D IMC-net : agg_request_net_cmmd--
01-01 08:17:48.805   557   593 D IMC-net : agg_request_read_nw_params++
01-01 08:17:48.805   557   593 E IMC-net : Network is Unregistered
01-01 08:17:48.805   557   593 E IMC-net : agg_request_read_nw_params--
