jiangrui@jiangrui-desktop:~$ 
jiangrui@jiangrui-desktop:~$ 
jiangrui@jiangrui-desktop:~$ adb logcat -v threadtime
- waiting for device -
^C
jiangrui@jiangrui-desktop:~$ adb logcat -v threadtime
- waiting for device -
^C
jiangrui@jiangrui-desktop:~$ adb shell
error: device not found
jiangrui@jiangrui-desktop:~$ adb shell
error: device not found
jiangrui@jiangrui-desktop:~$ adb shell
# exit
jiangrui@jiangrui-desktop:~$ adb logcat -v threadtime
--------- beginning of /dev/log/main
01-01 08:17:00.015   556   556 I DEBUG   : debuggerd: Nov 18 2011 17:42:23
--------- beginning of /dev/log/system
01-01 08:17:00.224   553   553 I Vold    : Vold 2.1 (the revenge) firing up
01-01 08:17:00.235   554   554 I Netd    : Netd 1.0 starting
01-01 08:17:00.284   553   553 D Vold    : Volume sdcard state changing -1 (Initializing) -> 0 (No-Media)
01-01 08:17:00.495   553   573 D Vold    : Volume sdcard state changing 0 (No-Media) -> 2 (Pending)
01-01 08:17:00.505   557   557 D IFX_RIL : RIL_Init++
01-01 08:17:00.505   557   557 D IFX_RIL : RPC-RIL: SimId: RpcRilSimId: 0
01-01 08:17:00.505   557   557 D IFX_RIL : RPC-RIL: UtaClientId: RpcRilSimId: 3
01-01 08:17:00.505   557   557 D IFX_RIL : RIL_Init--
01-01 08:17:00.514   553   573 D Vold    : Volume sdcard state changing 2 (Pending) -> 1 (Idle-Unmounted)
01-01 08:17:00.524   557   602 D IFX_RIL : RIL: inside main loop++
01-01 08:17:00.524   557   602 D IMC-boot: SetRadioState++
01-01 08:17:00.524   557   602 D IMC-boot: SetRadioState--
01-01 08:17:00.524   557   602 D IFX_RIL : RIL: inside main loop--
01-01 08:17:00.535   553   553 W Vold    : No UMS switch available
01-01 08:17:01.714   558   558 D AndroidRuntime: 
01-01 08:17:01.714   558   558 D AndroidRuntime: >>>>>>>>>>>>>> AndroidRuntime START <<<<<<<<<<<<<<
01-01 08:17:01.714   558   558 D AndroidRuntime: CheckJNI is ON
01-01 08:17:03.064   558   558 D AndroidRuntime: --- registering native functions ---
01-01 08:17:03.095   559   559 I         : ServiceManager: 0xadc0
01-01 08:17:03.095   559   559 I AudioHardwareInterface: Creating Vendor Specific AudioHardware
01-01 08:17:03.275   559   559 E ALSALib : external/alsa-lib/src/control/control.c:909:(snd_ctl_open_noupdate) Invalid CTL AndroidOut
01-01 08:17:03.275   559   559 W AudioHardwareALSA: Unable to attach mixer to device AndroidOut: No such file or directory
01-01 08:17:03.295   559   559 E ALSALib : external/alsa-lib/src/control/control.c:909:(snd_ctl_open_noupdate) Invalid CTL AndroidIn
01-01 08:17:03.295   559   559 W AudioHardwareALSA: Unable to attach mixer to device AndroidIn: No such file or directory
01-01 08:17:03.365   559   559 I CameraService: CameraService started: pid=559
01-01 08:17:03.365   559   559 I AudioPolicyService: Using hardware specific audio policy
01-01 08:17:03.365   559   559 I AudioPolicyService: Using AudioPolicyManagerBase for T8100 FM test
01-01 08:17:03.365   559   559 I AudioFlinger: registerClient() 0x30fe4, tid 559, calling tid 559
01-01 08:17:03.365   559   559 I AudioFlinger: Adding notification client 0x30fe8
01-01 08:17:03.365   559   559 I AudioFlinger: openOutput(), Device 2, SamplingRate 0, Format 0, Channels 0, flags 0
01-01 08:17:03.365   559   559 D AudioHardwareALSA: openOutputStream called for devices: 0x00000002
01-01 08:17:03.365   559   559 D ALSAModule: open called for devices 00000002 in mode 0...
01-01 08:17:03.375   559   608 I AudioPolicyService: AudioCommandThread() going to sleep
01-01 08:17:03.375   559   607 I AudioPolicyService: AudioCommandThread() going to sleep
01-01 08:17:03.565   559   559 V ALSAModule: Set PLAYBACK PCM format to S16_LE (Signed 16 bit Little Endian)
01-01 08:17:03.565   559   559 V ALSAModule: Using 2 channels for PLAYBACK.
01-01 08:17:03.565   559   559 V ALSAModule: Set PLAYBACK sample rate to 44100 HZ
01-01 08:17:03.574   559   559 V ALSAModule: Buffer size: 8192
01-01 08:17:03.574   559   559 V ALSAModule: Latency: 185759
01-01 08:17:03.595   559   559 I ALSAModule: Initialized ALSA PLAYBACK device AndroidPlayback_Speaker_normal
01-01 08:17:03.595   559   559 I AudioFlinger: openOutput() openOutputStream returned output 0x30d68, SamplingRate 44100, Format 1, Channels c, status 0
01-01 08:17:03.595   559   559 I AudioFlinger: sendConfigEvent() num events 1 event 0, param 0
01-01 08:17:03.595   559   559 I AudioFlinger: openOutput() created mixer output: ID 1 thread 0x31048
01-01 08:17:03.595   559   559 I AudioPolicyManagerBase: setOutputDevice() output 1 device 2 delayMs 0
01-01 08:17:03.595   559   559 I AudioPolicyManagerBase: setOutputDevice() fm output 0
01-01 08:17:03.595   559   559 I AudioPolicyManagerBase: setOutputDevice() prevDevice 2
01-01 08:17:03.595   559   559 I AudioPolicyService: setParameters io handle: 1, key-value: routing=2, delay ms: 0
01-01 08:17:03.595   559   559 I AudioPolicyService: inserting command: 3 at index 0, num commands 0
01-01 08:17:03.595   559   559 I AudioPolicyService: AudioCommandThread() adding set parameter string routing=2, io 1 ,delay 0
01-01 08:17:03.595   559   608 I AudioPolicyService: AudioCommandThread() waking up
01-01 08:17:03.595   559   608 I AudioPolicyService: AudioCommandThread() processing set parameters string routing=2, io 1
01-01 08:17:03.595   559   608 I AudioFlinger: setParameters(): io 1, keyvalue routing=2, tid 608, calling tid 559
01-01 08:17:03.595   559   608 I AudioFlinger: ThreadBase::setParameters() routing=2
01-01 08:17:03.605   559   609 I AudioFlinger: AudioFlinger's thread 0x31048 ready to run
01-01 08:17:03.605   559   609 I AudioFlinger: processConfigEvents() remaining events 1
01-01 08:17:03.605   559   609 I AudioFlinger: PlaybackThread::audioConfigChanged, thread 0x31048, event 0, param 0
01-01 08:17:03.605   559   609 I AudioFlinger: audioConfigChanged_l() Notifying change to client 0x30fe8
01-01 08:17:03.605   559   609 I AudioSystem: ioConfigChanged() event 0
01-01 08:17:03.615   559   609 I AudioSystem: ioConfigChanged() new output samplingRate 44100, format 1 channels 2 frameCount 8192 latency 186
01-01 08:17:03.615   559   609 D ALSAModule: route called for devices 00000002 in mode 0...
01-01 08:17:03.615   559   609 D ALSAModule: open called for devices 00000002 in mode 0...
01-01 08:17:03.635   559   609 V ALSAModule: Set PLAYBACK PCM format to S16_LE (Signed 16 bit Little Endian)
01-01 08:17:03.635   559   609 V ALSAModule: Using 2 channels for PLAYBACK.
01-01 08:17:03.635   559   609 V ALSAModule: Set PLAYBACK sample rate to 44100 HZ
01-01 08:17:03.635   559   609 V ALSAModule: Buffer size: 8192
01-01 08:17:03.635   559   609 V ALSAModule: Latency: 185759
01-01 08:17:03.644   559   609 I ALSAModule: Initialized ALSA PLAYBACK device AndroidPlayback_Speaker_normal
01-01 08:17:03.644   559   608 I AudioPolicyService: AudioCommandThread() going to sleep
01-01 08:17:03.644   559   559 I AudioPolicyService: setParameters func return
01-01 08:17:03.644   559   559 I AudioPolicyManagerBase: applyStreamVolumes() for output 1 and device 2
01-01 08:17:03.644   559   559 I AudioPolicyManagerBase: setStreamVolume() for output 1 stream 0, volume 1.000000, delay 0
01-01 08:17:03.644   559   559 I AudioPolicyService: inserting command: 4 at index 0, num commands 0
01-01 08:17:03.644   559   559 I AudioPolicyService: AudioCommandThread() adding set voice volume volume 1.000000
01-01 08:17:03.644   559   608 I AudioPolicyService: AudioCommandThread() waking up
01-01 08:17:03.644   559   608 I AudioPolicyService: AudioCommandThread() processing set voice volume volume 1.000000
01-01 08:17:03.644   559   608 I AudioFlinger: setVoiceVolume: 1.000000
01-01 08:17:03.644   559   608 I AudioPolicyService: AudioCommandThread() going to sleep
01-01 08:17:03.644   559   559 I AudioPolicyService: inserting command: 2 at index 0, num commands 0
01-01 08:17:03.644   559   559 I AudioPolicyService: AudioCommandThread() adding set volume stream 0, volume 1.000000, output 1
01-01 08:17:03.644   559   608 I AudioPolicyService: AudioCommandThread() waking up
01-01 08:17:03.644   559   608 I AudioPolicyService: AudioCommandThread() processing set volume stream 0, volume 1.000000, output 1
01-01 08:17:03.644   559   608 I AudioPolicyService: AudioCommandThread() going to sleep
01-01 08:17:03.644   559   559 I AudioPolicyManagerBase: setStreamVolume() for output 1 stream 1, volume 1.000000, delay 0
01-01 08:17:03.644   559   559 I AudioPolicyService: inserting command: 2 at index 0, num commands 0
01-01 08:17:03.644   559   559 I AudioPolicyService: AudioCommandThread() adding set volume stream 1, volume 1.000000, output 1
01-01 08:17:03.644   559   608 I AudioPolicyService: AudioCommandThread() waking up
01-01 08:17:03.644   559   608 I AudioPolicyService: AudioCommandThread() processing set volume stream 1, volume 1.000000, output 1
01-01 08:17:03.644   559   608 I AudioPolicyService: AudioCommandThread() going to sleep
01-01 08:17:03.644   559   559 I AudioPolicyManagerBase: setStreamVolume() for output 1 stream 2, volume 1.000000, delay 0
01-01 08:17:03.644   559   559 I AudioPolicyService: inserting command: 2 at index 0, num commands 0
01-01 08:17:03.644   559   559 I AudioPolicyService: AudioCommandThread() adding set volume stream 2, volume 1.000000, output 1
01-01 08:17:03.644   559   608 I AudioPolicyService: AudioCommandThread() waking up
01-01 08:17:03.644   559   608 I AudioPolicyService: AudioCommandThread() processing set volume stream 2, volume 1.000000, output 1
01-01 08:17:03.644   559   608 I AudioPolicyService: AudioCommandThread() going to sleep
01-01 08:17:03.644   559   559 I AudioPolicyManagerBase: setStreamVolume() for output 1 stream 3, volume 1.000000, delay 0
01-01 08:17:03.644   559   559 I AudioPolicyService: inserting command: 2 at index 0, num commands 0
01-01 08:17:03.644   559   559 I AudioPolicyService: AudioCommandThread() adding set volume stream 3, volume 1.000000, output 1
01-01 08:17:03.644   559   608 I AudioPolicyService: AudioCommandThread() waking up
01-01 08:17:03.644   559   608 I AudioPolicyService: AudioCommandThread() processing set volume stream 3, volume 1.000000, output 1
01-01 08:17:03.644   559   608 I AudioPolicyService: AudioCommandThread() going to sleep
01-01 08:17:03.644   559   559 I AudioPolicyManagerBase: setStreamVolume() for output 1 stream 4, volume 1.000000, delay 0
01-01 08:17:03.644   559   559 I AudioPolicyService: inserting command: 2 at index 0, num commands 0
01-01 08:17:03.644   559   559 I AudioPolicyService: AudioCommandThread() adding set volume stream 4, volume 1.000000, output 1
01-01 08:17:03.644   559   608 I AudioPolicyService: AudioCommandThread() waking up
01-01 08:17:03.644   559   608 I AudioPolicyService: AudioCommandThread() processing set volume stream 4, volume 1.000000, output 1
01-01 08:17:03.644   559   608 I AudioPolicyService: AudioCommandThread() going to sleep
01-01 08:17:03.644   559   559 I AudioPolicyManagerBase: setStreamVolume() for output 1 stream 5, volume 1.000000, delay 0
01-01 08:17:03.644   559   559 I AudioPolicyService: inserting command: 2 at index 0, num commands 0
01-01 08:17:03.644   559   559 I AudioPolicyService: AudioCommandThread() adding set volume stream 5, volume 1.000000, output 1
01-01 08:17:03.644   559   608 I AudioPolicyService: AudioCommandThread() waking up
01-01 08:17:03.644   559   608 I AudioPolicyService: AudioCommandThread() processing set volume stream 5, volume 1.000000, output 1
01-01 08:17:03.644   559   608 I AudioPolicyService: AudioCommandThread() going to sleep
01-01 08:17:03.644   559   559 I AudioPolicyManagerBase: checkAndSetVolume() cannot set stream 6 volume with force use = 0 for comm
01-01 08:17:03.644   559   559 I AudioPolicyManagerBase: setStreamVolume() for output 1 stream 7, volume 1.000000, delay 0
01-01 08:17:03.644   559   559 I AudioPolicyService: inserting command: 2 at index 0, num commands 0
01-01 08:17:03.644   559   559 I AudioPolicyService: AudioCommandThread() adding set volume stream 7, volume 1.000000, output 1
01-01 08:17:03.644   559   609 I AudioFlinger: Audio hardware entering standby, mixer 0x31048, mSuspended 0
01-01 08:17:03.644   559   609 I AudioFlinger: MixerThread 0x31048 TID 609 going to sleep
01-01 08:17:03.644   559   608 I AudioPolicyService: AudioCommandThread() waking up
01-01 08:17:03.644   559   608 I AudioPolicyService: AudioCommandThread() processing set volume stream 7, volume 1.000000, output 1
01-01 08:17:03.644   559   608 I AudioPolicyService: AudioCommandThread() going to sleep
01-01 08:17:03.644   559   559 I AudioPolicyManagerBase: setStreamVolume() for output 1 stream 8, volume 1.000000, delay 0
01-01 08:17:03.644   559   559 I AudioPolicyService: inserting command: 2 at index 0, num commands 0
01-01 08:17:03.644   559   559 I AudioPolicyService: AudioCommandThread() adding set volume stream 8, volume 1.000000, output 1
01-01 08:17:03.644   559   608 I AudioPolicyService: AudioCommandThread() waking up
01-01 08:17:03.655   559   608 I AudioPolicyService: AudioCommandThread() processing set volume stream 8, volume 1.000000, output 1
01-01 08:17:03.655   559   608 I AudioPolicyService: AudioCommandThread() going to sleep
01-01 08:17:03.655   559   559 I AudioPolicyManagerBase: setStreamVolume() for output 1 stream 9, volume 1.000000, delay 0
01-01 08:17:03.655   559   559 I AudioPolicyService: inserting command: 2 at index 0, num commands 0
01-01 08:17:03.655   559   559 I AudioPolicyService: AudioCommandThread() adding set volume stream 9, volume 1.000000, output 1
01-01 08:17:03.655   559   608 I AudioPolicyService: AudioCommandThread() waking up
01-01 08:17:03.655   559   608 I AudioPolicyService: AudioCommandThread() processing set volume stream 9, volume 1.000000, output 1
01-01 08:17:03.655   559   608 I AudioPolicyService: AudioCommandThread() going to sleep
01-01 08:17:03.655   559   559 I AudioPolicyManagerBase: setStreamVolume() for output 1 stream 10, volume 1.000000, delay 0
01-01 08:17:03.655   559   559 I AudioPolicyManagerBase: getDeviceForStrategy() strategy 0, device 2
01-01 08:17:03.655   559   559 I AudioPolicyManagerBase: getDeviceForStrategy() strategy 1, device 1
01-01 08:17:03.655   559   559 I AudioPolicyManagerBase: getDeviceForStrategy() strategy 2, device 2
01-01 08:17:03.655   559   559 I AudioPolicyManagerBase: getDeviceForStrategy() strategy 0, device 2
01-01 08:17:03.655   559   559 I AudioPolicyManagerBase: getDeviceForStrategy() strategy 3, device 2
01-01 08:17:03.655   559   559 I AudioPolicyManagerBase: setSystemProperty() property ro.camera.sound.forced, value 0
01-01 08:17:03.655   559   559 I AudioPolicyManagerBase: ENFORCED_AUDIBLE can be muted
01-01 08:17:04.348   558   558 I SamplingProfilerIntegration: Profiler is disabled.
01-01 08:17:04.415   558   558 I Zygote  : Preloading classes...
01-01 08:17:04.425   558   558 E Zygote  : setreuid() failed. errno: 2
01-01 08:17:04.425   558   558 D dalvikvm: GC_EXPLICIT freed 821 objects / 46196 bytes in 7ms
01-01 08:17:05.115   558   558 D dalvikvm: GC_EXPLICIT freed 219 objects / 13172 bytes in 8ms
01-01 08:17:05.205   558   558 I bluetooth_ScoSocket.cpp: Entry name = MY-CAR ScoTypes = 0x7f
01-01 08:17:05.205   558   558 I bluetooth_ScoSocket.cpp: Entry name = Motorola HF850 ScoTypes = 0x7
01-01 08:17:05.244   558   558 D dalvikvm: GC_EXPLICIT freed 253 objects / 13732 bytes in 9ms
01-01 08:17:05.365   558   558 D dalvikvm: GC_EXPLICIT freed 466 objects / 27936 bytes in 11ms
01-01 08:17:05.805   558   558 D dalvikvm: GC_EXPLICIT freed 2090 objects / 114832 bytes in 14ms
01-01 08:17:06.265   558   558 D dalvikvm: GC_EXPLICIT freed 298 objects / 16088 bytes in 15ms
01-01 08:17:06.824   558   558 D dalvikvm: GC_FOR_MALLOC freed 5342 objects / 227560 bytes in 30ms
01-01 08:17:08.335   558   558 D dalvikvm: GC_FOR_MALLOC freed 9949 objects / 313436 bytes in 36ms
01-01 08:17:08.755   558   558 D dalvikvm: GC_FOR_MALLOC freed 7484 objects / 352656 bytes in 41ms
01-01 08:17:09.204   558   558 D dalvikvm: GC_FOR_MALLOC freed 8060 objects / 373456 bytes in 46ms
01-01 08:17:09.675   558   558 D dalvikvm: GC_FOR_MALLOC freed 6754 objects / 338424 bytes in 50ms
01-01 08:17:10.244   558   558 D dalvikvm: GC_FOR_MALLOC freed 5742 objects / 354840 bytes in 47ms
01-01 08:17:10.734   558   558 D dalvikvm: GC_FOR_MALLOC freed 6179 objects / 362132 bytes in 51ms
01-01 08:17:11.225   558   558 D dalvikvm: GC_FOR_MALLOC freed 6211 objects / 371988 bytes in 49ms
01-01 08:17:11.725   558   558 D dalvikvm: GC_FOR_MALLOC freed 6269 objects / 382436 bytes in 50ms
01-01 08:17:12.185   558   558 D dalvikvm: GC_EXPLICIT freed 4212 objects / 288352 bytes in 50ms
01-01 08:17:12.456   558   558 D dalvikvm: GC_EXPLICIT freed 598 objects / 28776 bytes in 47ms
01-01 08:17:12.575   558   558 D dalvikvm: GC_EXPLICIT freed 453 objects / 24452 bytes in 49ms
01-01 08:17:12.994   558   558 D dalvikvm: GC_EXPLICIT freed 314 objects / 35152 bytes in 67ms
01-01 08:17:13.185   558   558 D dalvikvm: GC_EXPLICIT freed 279 objects / 18548 bytes in 66ms
01-01 08:17:13.607   558   558 I WebCoreFrameBridge: register_webframe, 1753
01-01 08:17:13.785   558   558 D dalvikvm: GC_EXPLICIT freed 335 objects / 17428 bytes in 68ms
01-01 08:17:14.144   558   558 D dalvikvm: GC_EXPLICIT freed 453 objects / 27660 bytes in 70ms
01-01 08:17:16.355   558   558 D dalvikvm: GC_EXPLICIT freed 536 objects / 52352 bytes in 78ms
01-01 08:17:16.515   558   558 D dalvikvm: GC_EXPLICIT freed 626 objects / 32872 bytes in 76ms
01-01 08:17:16.694   558   558 D dalvikvm: GC_EXPLICIT freed 866 objects / 45880 bytes in 77ms
01-01 08:17:16.965   558   558 D dalvikvm: GC_EXPLICIT freed 1741 objects / 83620 bytes in 80ms
01-01 08:17:17.135   558   558 D dalvikvm: GC_EXPLICIT freed 454 objects / 28872 bytes in 80ms
01-01 08:17:17.304   558   558 D dalvikvm: GC_EXPLICIT freed 317 objects / 20036 bytes in 79ms
01-01 08:17:17.345   558   558 I Zygote  : ...preloaded 1264 classes in 12925ms.
01-01 08:17:17.345   558   558 E Zygote  : setreuid() failed. errno: 17
01-01 08:17:17.434   558   558 D dalvikvm: GC_EXPLICIT freed 102 objects / 13808 bytes in 85ms
01-01 08:17:17.884   558   558 I Zygote  : Preloading resources...
01-01 08:17:18.314   558   558 D dalvikvm: GC_EXPLICIT freed 312 objects / 15208 bytes in 82ms
01-01 08:17:18.604   558   558 W Zygote  : Preloaded drawable resource #0x10801ee (res/drawable-ldpi/jog_tab_bar_left_end_confirm_gray.9.png) that varies with configuration!!
01-01 08:17:18.614   558   558 W Zygote  : Preloaded drawable resource #0x10801f2 (res/drawable-ldpi/jog_tab_bar_left_end_normal.9.png) that varies with configuration!!
01-01 08:17:18.614   558   558 W Zygote  : Preloaded drawable resource #0x10801f3 (res/drawable-ldpi/jog_tab_bar_left_end_pressed.9.png) that varies with configuration!!
01-01 08:17:18.624   558   558 W Zygote  : Preloaded drawable resource #0x10801f7 (res/drawable-ldpi/jog_tab_bar_right_end_confirm_gray.9.png) that varies with configuration!!
01-01 08:17:18.635   558   558 W Zygote  : Preloaded drawable resource #0x10801fb (res/drawable-ldpi/jog_tab_bar_right_end_normal.9.png) that varies with configuration!!
01-01 08:17:18.645   558   558 W Zygote  : Preloaded drawable resource #0x10801fc (res/drawable-ldpi/jog_tab_bar_right_end_pressed.9.png) that varies with configuration!!
01-01 08:17:18.734   558   558 D dalvikvm: GC_EXPLICIT freed 392 objects / 23232 bytes in 87ms
01-01 08:17:18.744   558   558 W Zygote  : Preloaded drawable resource #0x1080201 (res/drawable-ldpi/jog_tab_left_confirm_gray.png) that varies with configuration!!
01-01 08:17:18.755   558   558 W Zygote  : Preloaded drawable resource #0x1080206 (res/drawable-ldpi/jog_tab_left_normal.png) that varies with configuration!!
01-01 08:17:18.765   558   558 W Zygote  : Preloaded drawable resource #0x1080207 (res/drawable-ldpi/jog_tab_left_pressed.png) that varies with configuration!!
01-01 08:17:18.774   558   558 W Zygote  : Preloaded drawable resource #0x1080209 (res/drawable-ldpi/jog_tab_right_confirm_gray.png) that varies with configuration!!
01-01 08:17:18.785   558   558 W Zygote  : Preloaded drawable resource #0x108020f (res/drawable-ldpi/jog_tab_right_normal.png) that varies with configuration!!
01-01 08:17:18.794   558   558 W Zygote  : Preloaded drawable resource #0x1080210 (res/drawable-ldpi/jog_tab_right_pressed.png) that varies with configuration!!
01-01 08:17:18.804   558   558 I Zygote  : ...preloaded 61 resources in 918ms.
01-01 08:17:18.835   558   558 I Zygote  : ...preloaded 15 resources in 35ms.
01-01 08:17:18.925   558   558 D dalvikvm: GC_EXPLICIT freed 331 objects / 19452 bytes in 85ms
01-01 08:17:19.015   558   558 D dalvikvm: GC_EXPLICIT freed 111 objects / 4148 bytes in 84ms
01-01 08:17:19.095   558   558 D dalvikvm: GC_EXPLICIT freed 2 objects / 40 bytes in 83ms
01-01 08:17:19.115   558   558 I dalvikvm: System server process 619 has been created
01-01 08:17:19.115   558   558 I Zygote  : Accepting command socket connections
01-01 08:17:19.534   619   619 E BatteryService: acOnlinePath not found
01-01 08:17:19.534   619   619 E BatteryService: usbOnlinePath not found
01-01 08:17:19.534   619   619 E BatteryService: batteryVoltagePath not found
01-01 08:17:19.534   619   619 E BatteryService: batteryTemperaturePath not found
01-01 08:17:19.555   619   619 I sysproc : Entered system_init()
01-01 08:17:19.555   619   619 I sysproc : ServiceManager: 0x1382c8
01-01 08:17:19.565   619   619 I SurfaceFlinger: SurfaceFlinger is starting
01-01 08:17:19.565   619   625 I SurfaceFlinger: SurfaceFlinger's main thread ready to run. Initializing graphics H/W...
01-01 08:17:19.584   619   625 I gralloc : using (fd=26)
01-01 08:17:19.584   619   625 I gralloc : id           = vlcd-fe
01-01 08:17:19.584   619   625 I gralloc : xres         = 240 px
01-01 08:17:19.584   619   625 I gralloc : yres         = 320 px
01-01 08:17:19.584   619   625 I gralloc : xres_virtual = 240 px
01-01 08:17:19.584   619   625 I gralloc : yres_virtual = 640 px
01-01 08:17:19.584   619   625 I gralloc : bpp          = 16
01-01 08:17:19.584   619   625 I gralloc : r            = 11:5
01-01 08:17:19.584   619   625 I gralloc : g            =  5:6
01-01 08:17:19.584   619   625 I gralloc : b            =  0:5
01-01 08:17:19.584   619   625 I gralloc : width        = 38 mm (160.421051 dpi)
01-01 08:17:19.584   619   625 I gralloc : height       = 51 mm (159.372543 dpi)
01-01 08:17:19.584   619   625 I gralloc : refresh rate = 60.00 Hz
01-01 08:17:19.584   619   625 D gralloc : PARTIAL_UPDATES supported
01-01 08:17:19.594   619   625 W SurfaceFlinger: H/W composition disabled
01-01 08:17:19.615   619   625 D libEGL  : loaded /system/lib/egl/libGLES_android.so
01-01 08:17:19.634   619   625 I SurfaceFlinger: EGL informations:
01-01 08:17:19.634   619   625 I SurfaceFlinger: # of configs : 8
01-01 08:17:19.634   619   625 I SurfaceFlinger: vendor    : Android
01-01 08:17:19.634   619   625 I SurfaceFlinger: version   : 1.4 Android META-EGL
01-01 08:17:19.634   619   625 I SurfaceFlinger: extensions: EGL_KHR_image EGL_KHR_image_base EGL_KHR_image_pixmap EGL_ANDROID_image_native_buffer EGL_ANDROID_swap_rectangle EGL_ANDROID_get_render_buffer 
01-01 08:17:19.634   619   625 I SurfaceFlinger: Client API: OpenGL ES
01-01 08:17:19.634   619   625 I SurfaceFlinger: EGLSurface: 5-6-5-0, config=0x1000000
01-01 08:17:19.644   619   625 I copybit : Opening VLX virtual blitter
01-01 08:17:19.644   619   625 I SurfaceFlinger: flags     : 001e0000
01-01 08:17:19.644   619   625 I copybit : Opening VLX virtual blitter
01-01 08:17:19.644   619   625 I SurfaceFlinger: OpenGL informations:
01-01 08:17:19.644   619   625 I SurfaceFlinger: vendor    : Android
01-01 08:17:19.644   619   625 I SurfaceFlinger: renderer  : Android PixelFlinger 1.3
01-01 08:17:19.644   619   625 I SurfaceFlinger: version   : OpenGL ES-CM 1.0
01-01 08:17:19.644   619   625 I SurfaceFlinger: extensions: GL_OES_byte_coordinates GL_OES_fixed_point GL_OES_single_precision GL_OES_read_format GL_OES_compressed_paletted_texture GL_OES_draw_texture GL_OES_matrix_get GL_OES_query_matrix GL_OES_EGL_image GL_OES_compressed_ETC1_RGB8_texture GL_ARB_texture_compression GL_ARB_texture_non_power_of_two GL_ANDROID_user_clip_plane GL_ANDROID_vertex_buffer_object GL_ANDROID_generate_mipmap 
01-01 08:17:19.644   619   625 I SurfaceFlinger: GL_MAX_TEXTURE_SIZE = 4096
01-01 08:17:19.644   619   625 I SurfaceFlinger: GL_MAX_VIEWPORT_DIMS = 4096
01-01 08:17:19.844   619   619 I sysproc : System server: starting Android runtime.
01-01 08:17:19.844   619   619 I sysproc : System server: starting Android services.
01-01 08:17:19.844   619   619 I SystemServer: Entered the Android system server!
01-01 08:17:19.855   619   619 I sysproc : System server: entering thread pool.
01-01 08:17:19.865   619   628 I SystemServer: Entropy Service
01-01 08:17:19.984   619   628 I SystemServer: Power Manager
01-01 08:17:20.044   619   628 I SystemServer: Activity Manager
01-01 08:17:20.094   619   629 I ActivityManager: Memory class: 16
01-01 08:17:20.575   619   625 E SurfaceFlinger: eglSwapBuffers: EGL error 0x300c (EGL_BAD_PARAMETER)
01-01 08:17:20.604   627   631 D libEGL  : loaded /system/lib/egl/libGLES_android.so
01-01 08:17:20.614   627   631 I copybit : Opening VLX virtual blitter
01-01 08:17:20.625   627   631 I copybit : Opening VLX virtual blitter
01-01 08:17:20.625   619   624 D gralloc : pmem area size 4194304, base 0x453b4000, fd 36
01-01 08:17:20.625   619   624 D gralloc : maximum allocated pmem: 152 KB
01-01 08:17:20.635   627   631 W zipro   : Unable to open zip '/data/local/bootanimation.zip': No such file or directory
01-01 08:17:20.635   627   631 W zipro   : Unable to open zip '/system/media/bootanimation.zip': No such file or directory
01-01 08:17:20.734   619   625 I ARMAssembler: generated scanline__00000077:03010104_00000004_00000000 [ 22 ipp] (41 ins) at [0x1f4d30:0x1f4dd4] in 551808 ns
01-01 08:17:20.744   619   623 D gralloc : maximum allocated pmem: 304 KB
01-01 08:17:20.754   627   631 I ARMAssembler: generated scanline__00000077:03545404_00000A01_00000000 [ 30 ipp] (51 ins) at [0x19e60:0x19f2c] in 665730 ns
01-01 08:17:20.764   619   625 E libagl  : copybit failed (Bad address)
01-01 08:17:21.124   619   628 I SystemServer: Telephony Registry
01-01 08:17:21.135   619   628 I SystemServer: Telephony Registry2
01-01 08:17:21.144   619   628 I SystemServer: Package Manager
01-01 08:17:21.194   561   561 I installd: new connection
01-01 08:17:21.194   619   628 I Installer: connecting...
01-01 08:17:21.415   619   628 D dalvikvm: GC_FOR_MALLOC freed 4098 objects / 211880 bytes in 135ms
01-01 08:17:21.564   619   628 I PackageManager: Libs: android.test.runner:/system/framework/android.test.runner.jar javax.obex:/system/framework/javax.obex.jar
01-01 08:17:21.564   619   628 I PackageManager: Features: android.hardware.wifi android.hardware.camera android.hardware.telephony.gsm android.hardware.camera.autofocus android.hardware.telephony android.hardware.touchscreen
01-01 08:17:22.405   619   628 W PackageManager: Running ENG build: no pre-dexopt!
01-01 08:17:22.585   619   628 D PackageManager: Scanning app dir /system/framework
01-01 08:17:22.855   619   628 D dalvikvm: GC_FOR_MALLOC freed 7620 objects / 390632 bytes in 133ms
01-01 08:17:23.074   619   628 D PackageManager: Scanning app dir /system/app
01-01 08:17:23.094   619   628 W ResourceType: Failure getting entry for 0x7f020000 (t=1 e=0) in package 0: 0xffffffb5
01-01 08:17:23.335   619   628 W ResourceType: Failure getting entry for 0x7f020000 (t=1 e=0) in package 0: 0xffffffb5
01-01 08:17:24.785   619   628 D dalvikvm: GC_FOR_MALLOC freed 4753 objects / 287452 bytes in 153ms
01-01 08:17:24.955   619   628 W PackageParser: No actions in intent filter at /system/app/Bluetooth.apk Binary XML file line #124
01-01 08:17:25.855   619   628 W ResourceType: Failure getting entry for 0x7f020000 (t=1 e=0) in package 0: 0xffffffb5
01-01 08:17:26.815   619   628 D dalvikvm: GC_FOR_MALLOC freed 5140 objects / 272288 bytes in 164ms
01-01 08:17:27.085   619   628 W ResourceType: Failure getting entry for 0x7f020000 (t=1 e=0) in package 0: 0xffffffb5
01-01 08:17:27.125   619   628 D PackageManager: Scanning app dir /data/app
01-01 08:17:27.944   619   628 W PackageParser: No actions in intent filter at /data/app/ApiDemos.apk Binary XML file line #1841
01-01 08:17:27.944   619   628 W PackageParser: No actions in intent filter at /data/app/ApiDemos.apk Binary XML file line #1847
01-01 08:17:27.975   619   628 W PackageManager: Package com.example.android.apis desires unavailable shared library com.example.will.never.exist; ignoring!
01-01 08:17:28.055   619   628 D PackageManager: Scanning app dir /data/app-private
01-01 08:17:28.055   619   628 I PackageManager: Time to scan packages: 5.655 seconds
01-01 08:17:28.244   619   628 D dalvikvm: GC_FOR_MALLOC freed 4876 objects / 250768 bytes in 172ms
01-01 08:17:28.244   619   628 W PackageManager: Unknown permission com.google.android.gm.permission.WRITE_GMAIL in package com.android.settings
01-01 08:17:28.244   619   628 W PackageManager: Unknown permission com.google.android.gm.permission.READ_GMAIL in package com.android.settings
01-01 08:17:28.244   619   628 W PackageManager: Unknown permission com.google.android.googleapps.permission.GOOGLE_AUTH in package com.android.settings
01-01 08:17:28.255   619   628 W PackageManager: Unknown permission com.google.android.googleapps.permission.GOOGLE_AUTH in package com.android.providers.contacts
01-01 08:17:28.264   619   628 W PackageManager: Unknown permission com.google.android.googleapps.permission.GOOGLE_AUTH.cp in package com.android.providers.contacts
01-01 08:17:28.274   619   628 W PackageManager: Unknown permission com.google.android.googleapps.permission.GOOGLE_AUTH.mail in package com.android.contacts
01-01 08:17:28.274   619   628 W PackageManager: Unknown permission com.pekall.permission.READ_CH_LOCATION in package com.android.contacts
01-01 08:17:28.274   619   628 W PackageManager: Unknown permission android.permission.ADD_SYSTEM_SERVICE in package com.android.phone
01-01 08:17:28.284   619   628 W PackageManager: Unknown permission com.pekall.permission.READ_CH_LOCATION in package com.android.phone
01-01 08:17:28.284   619   628 W PackageManager: Unknown permission com.google.android.googleapps.permission.GOOGLE_AUTH in package com.android.providers.calendar
01-01 08:17:28.294   619   628 W PackageManager: Unknown permission com.google.android.googleapps.permission.GOOGLE_AUTH.cl in package com.android.providers.calendar
01-01 08:17:28.304   619   628 W PackageManager: Unknown permission com.google.android.googleapps.permission.GOOGLE_AUTH.mail in package com.android.calendar
01-01 08:17:28.304   619   628 W PackageManager: Not granting permission android.permission.SEND_DOWNLOAD_COMPLETED_INTENTS to package com.android.browser (protectionLevel=2 flags=0x1be45)
01-01 08:17:28.315   619   628 W PackageManager: Unknown permission android.permission.INSTALL_DRM in package com.android.mms
01-01 08:17:28.325   619   628 W PackageManager: Unknown permission android.permission.ACCESS_DRM in package com.android.providers.downloads
01-01 08:17:28.325   619   628 W PackageManager: Unknown permission android.permission.INSTALL_DRM in package com.android.providers.downloads
01-01 08:17:28.745   619   628 D dalvikvm: GC_EXPLICIT freed 3009 objects / 204972 bytes in 165ms
01-01 08:17:28.755   619   628 I SystemServer: Account Manager
01-01 08:17:28.884   619   628 I SystemServer: Content Manager
01-01 08:17:29.004   619   628 I SystemServer: System Content Providers
01-01 08:17:29.034   619   628 I ActivityThread: Publishing provider settings: com.android.providers.settings.SettingsProvider
01-01 08:17:29.125   619   628 I SystemServer: Battery Service
01-01 08:17:29.164   619   628 I SystemServer: Lights Service
01-01 08:17:29.174   619   628 I SystemServer: Vibrator Service
01-01 08:17:29.264   619   628 I SystemServer: Alarm Manager
01-01 08:17:29.284   619   628 I SystemServer: Init Watchdog
01-01 08:17:29.305   619   628 I SystemServer: Sensor Service
01-01 08:17:29.315   619   628 I SystemServer: Window Manager
01-01 08:17:29.405   619   642 V EventHub: Opening device From EventHub: /dev/input/event1
01-01 08:17:29.405   619   642 I EventHub: add device 1: /dev/input/event1
01-01 08:17:29.405   619   642 I EventHub:   bus:      0006
01-01 08:17:29.405   619   642 I EventHub:   vendor    0000
01-01 08:17:29.405   619   642 I EventHub:   product   0000
01-01 08:17:29.405   619   642 I EventHub:   version   0000
01-01 08:17:29.405   619   642 I EventHub:   name:     "vts"
01-01 08:17:29.405   619   642 I EventHub:   location: ""
01-01 08:17:29.405   619   642 I EventHub:   id:       ""
01-01 08:17:29.405   619   642 I EventHub:   version:  1.0.0
01-01 08:17:29.405   619   642 V EventHub: Getting keys...
01-01 08:17:29.405   619   642 I EventHub: MAP
01-01 08:17:29.405   619   642 I EventHub: 0: 0x00
01-01 08:17:29.405   619   642 I EventHub: 1: 0x00
01-01 08:17:29.405   619   642 I EventHub: 2: 0x00
01-01 08:17:29.405   619   642 I EventHub: 3: 0x00
01-01 08:17:29.405   619   642 I EventHub: 4: 0x00
01-01 08:17:29.405   619   642 I EventHub: 5: 0x00
01-01 08:17:29.405   619   642 I EventHub: 6: 0x00
01-01 08:17:29.405   619   642 I EventHub: 7: 0x00
01-01 08:17:29.405   619   642 I EventHub: 8: 0x00
01-01 08:17:29.405   619   642 I EventHub: 9: 0x00
01-01 08:17:29.405   619   642 I EventHub: 10: 0x00
01-01 08:17:29.405   619   642 I EventHub: 11: 0x00
01-01 08:17:29.405   619   642 I EventHub: 12: 0x00
01-01 08:17:29.405   619   642 I EventHub: 13: 0x00
01-01 08:17:29.405   619   642 I EventHub: 14: 0x00
01-01 08:17:29.405   619   642 I EventHub: 15: 0x00
01-01 08:17:29.405   619   642 I EventHub: 16: 0x00
01-01 08:17:29.405   619   642 I EventHub: 17: 0x00
01-01 08:17:29.405   619   642 I EventHub: 18: 0x00
01-01 08:17:29.405   619   642 I EventHub: 19: 0x00
01-01 08:17:29.405   619   642 I EventHub: 20: 0x00
01-01 08:17:29.405   619   642 I EventHub: 21: 0x00
01-01 08:17:29.405   619   642 I EventHub: 22: 0x00
01-01 08:17:29.405   619   642 I EventHub: 23: 0x00
01-01 08:17:29.405   619   642 I EventHub: 24: 0x00
01-01 08:17:29.405   619   642 I EventHub: 25: 0x00
01-01 08:17:29.405   619   642 I EventHub: 26: 0x00
01-01 08:17:29.405   619   642 I EventHub: 27: 0x00
01-01 08:17:29.405   619   642 I EventHub: 28: 0x00
01-01 08:17:29.405   619   642 I EventHub: 29: 0x00
01-01 08:17:29.405   619   642 I EventHub: 30: 0x00
01-01 08:17:29.405   619   642 I EventHub: 31: 0x00
01-01 08:17:29.405   619   642 I EventHub: 32: 0x00
01-01 08:17:29.405   619   642 I EventHub: 33: 0x00
01-01 08:17:29.405   619   642 I EventHub: 34: 0x00
01-01 08:17:29.405   619   642 I EventHub: 35: 0x00
01-01 08:17:29.405   619   642 I EventHub: 36: 0x00
01-01 08:17:29.405   619   642 I EventHub: 37: 0x00
01-01 08:17:29.405   619   642 I EventHub: 38: 0x00
01-01 08:17:29.405   619   642 I EventHub: 39: 0x00
01-01 08:17:29.405   619   642 I EventHub: 40: 0x00
01-01 08:17:29.405   619   642 I EventHub: 41: 0x04
01-01 08:17:29.405   619   642 I EventHub: 42: 0x00
01-01 08:17:29.405   619   642 I EventHub: 43: 0x00
01-01 08:17:29.405   619   642 I EventHub: 44: 0x00
01-01 08:17:29.405   619   642 I EventHub: 45: 0x00
01-01 08:17:29.405   619   642 I EventHub: 46: 0x00
01-01 08:17:29.405   619   642 I EventHub: 47: 0x00
01-01 08:17:29.405   619   642 I EventHub: 48: 0x00
01-01 08:17:29.405   619   642 I EventHub: 49: 0x00
01-01 08:17:29.405   619   642 I EventHub: 50: 0x00
01-01 08:17:29.405   619   642 I EventHub: 51: 0x00
01-01 08:17:29.405   619   642 I EventHub: 52: 0x00
01-01 08:17:29.405   619   642 I EventHub: 53: 0x00
01-01 08:17:29.405   619   642 I EventHub: 54: 0x00
01-01 08:17:29.405   619   642 I EventHub: 55: 0x00
01-01 08:17:29.405   619   642 I EventHub: 56: 0x00
01-01 08:17:29.405   619   642 I EventHub: 57: 0x00
01-01 08:17:29.405   619   642 I EventHub: 58: 0x00
01-01 08:17:29.405   619   642 I EventHub: 59: 0x00
01-01 08:17:29.405   619   642 I EventHub: 60: 0x00
01-01 08:17:29.405   619   642 I EventHub: 61: 0x00
01-01 08:17:29.405   619   642 I EventHub: 62: 0x00
01-01 08:17:29.405   619   642 I EventHub: 63: 0x00
01-01 08:17:29.405   619   642 V EventHub: Getting absolute controllers...
01-01 08:17:29.405   619   642 I EventHub: New device: path=/dev/input/event1 name=vts id=0x10000 (of 0x1) index=1 fd=54 classes=0x4
01-01 08:17:29.405   619   642 V EventHub: Adding device /dev/input/event1 0x1f2620 at 1, id = 0, classes = 0x4

01-01 08:17:29.405   619   642 V EventHub: Opening device From EventHub: /dev/input/event0
01-01 08:17:29.405   619   642 I EventHub: add device 2: /dev/input/event0
01-01 08:17:29.405   619   642 I EventHub:   bus:      0006
01-01 08:17:29.405   619   642 I EventHub:   vendor    0000
01-01 08:17:29.405   619   642 I EventHub:   product   0000
01-01 08:17:29.405   619   642 I EventHub:   version   0000
01-01 08:17:29.405   619   642 I EventHub:   name:     "vkp"
01-01 08:17:29.405   619   642 I EventHub:   location: ""
01-01 08:17:29.405   619   642 I EventHub:   id:       ""
01-01 08:17:29.405   619   642 I EventHub:   version:  1.0.0
01-01 08:17:29.405   619   642 V EventHub: Getting keys...
01-01 08:17:29.405   619   642 I EventHub: MAP
01-01 08:17:29.405   619   642 I EventHub: 0: 0xff
01-01 08:17:29.405   619   642 I EventHub: 1: 0xff
01-01 08:17:29.405   619   642 I EventHub: 2: 0xff
01-01 08:17:29.405   619   642 I EventHub: 3: 0xff
01-01 08:17:29.405   619   642 I EventHub: 4: 0xff
01-01 08:17:29.405   619   642 I EventHub: 5: 0xff
01-01 08:17:29.405   619   642 I EventHub: 6: 0xff
01-01 08:17:29.405   619   642 I EventHub: 7: 0xff
01-01 08:17:29.405   619   642 I EventHub: 8: 0xff
01-01 08:17:29.405   619   642 I EventHub: 9: 0xff
01-01 08:17:29.405   619   642 I EventHub: 10: 0xff
01-01 08:17:29.405   619   642 I EventHub: 11: 0xff
01-01 08:17:29.405   619   642 I EventHub: 12: 0xff
01-01 08:17:29.405   619   642 I EventHub: 13: 0xff
01-01 08:17:29.405   619   642 I EventHub: 14: 0xff
01-01 08:17:29.425   619   642 I EventHub: 15: 0xff
01-01 08:17:29.425   619   642 I EventHub: 16: 0xff
01-01 08:17:29.425   619   642 I EventHub: 17: 0xff
01-01 08:17:29.425   619   642 I EventHub: 18: 0xff
01-01 08:17:29.425   619   642 I EventHub: 19: 0xff
01-01 08:17:29.425   619   642 I EventHub: 20: 0xff
01-01 08:17:29.425   619   642 I EventHub: 21: 0xff
01-01 08:17:29.425   619   642 I EventHub: 22: 0xff
01-01 08:17:29.425   619   642 I EventHub: 23: 0xff
01-01 08:17:29.425   619   642 I EventHub: 24: 0xff
01-01 08:17:29.425   619   642 I EventHub: 25: 0xff
01-01 08:17:29.425   619   642 I EventHub: 26: 0xff
01-01 08:17:29.425   619   642 I EventHub: 27: 0xff
01-01 08:17:29.425   619   642 I EventHub: 28: 0xff
01-01 08:17:29.425   619   642 I EventHub: 29: 0xff
01-01 08:17:29.425   619   642 I EventHub: 30: 0xff
01-01 08:17:29.425   619   642 I EventHub: 31: 0xff
01-01 08:17:29.425   619   642 I EventHub: 32: 0xff
01-01 08:17:29.425   619   642 I EventHub: 33: 0xff
01-01 08:17:29.425   619   642 I EventHub: 34: 0xff
01-01 08:17:29.425   619   642 I EventHub: 35: 0xff
01-01 08:17:29.425   619   642 I EventHub: 36: 0xff
01-01 08:17:29.425   619   642 I EventHub: 37: 0xff
01-01 08:17:29.425   619   642 I EventHub: 38: 0xff
01-01 08:17:29.425   619   642 I EventHub: 39: 0xff
01-01 08:17:29.425   619   642 I EventHub: 40: 0xff
01-01 08:17:29.425   619   642 I EventHub: 41: 0xff
01-01 08:17:29.425   619   642 I EventHub: 42: 0xff
01-01 08:17:29.425   619   642 I EventHub: 43: 0xff
01-01 08:17:29.425   619   642 I EventHub: 44: 0xff
01-01 08:17:29.425   619   642 I EventHub: 45: 0xff
01-01 08:17:29.425   619   642 I EventHub: 46: 0xff
01-01 08:17:29.425   619   642 I EventHub: 47: 0xff
01-01 08:17:29.425   619   642 I EventHub: 48: 0xff
01-01 08:17:29.425   619   642 I EventHub: 49: 0xff
01-01 08:17:29.425   619   642 I EventHub: 50: 0xff
01-01 08:17:29.425   619   642 I EventHub: 51: 0xff
01-01 08:17:29.425   619   642 I EventHub: 52: 0xff
01-01 08:17:29.425   619   642 I EventHub: 53: 0xff
01-01 08:17:29.425   619   642 I EventHub: 54: 0xff
01-01 08:17:29.425   619   642 I EventHub: 55: 0xff
01-01 08:17:29.425   619   642 I EventHub: 56: 0xff
01-01 08:17:29.425   619   642 I EventHub: 57: 0xff
01-01 08:17:29.425   619   642 I EventHub: 58: 0xff
01-01 08:17:29.425   619   642 I EventHub: 59: 0xff
01-01 08:17:29.425   619   642 I EventHub: 60: 0xff
01-01 08:17:29.425   619   642 I EventHub: 61: 0xff
01-01 08:17:29.425   619   642 I EventHub: 62: 0xff
01-01 08:17:29.425   619   642 I EventHub: 63: 0xff
01-01 08:17:29.425   619   642 V EventHub: Getting relative controllers...
01-01 08:17:29.425   619   642 V EventHub: Getting absolute controllers...
01-01 08:17:29.435   619   642 I EventHub: New keyboard: device->id=0x10001 devname='vkp' propName='hw.keyboards.65537.devname' keylayout='/system/usr/keylayout/vkp.kl'
01-01 08:17:29.435   619   642 I EventHub: New device: path=/dev/input/event0 name=vkp id=0x10001 (of 0x2) index=2 fd=55 classes=0x23
01-01 08:17:29.435   619   642 V EventHub: Adding device /dev/input/event0 0x1f26c0 at 2, id = 1, classes = 0x23
01-01 08:17:29.435   619   642 V EventHub: Reporting device opened: id=0x10001, name=/dev/input/event0
01-01 08:17:29.435   619   642 V EventHub: Reporting device opened: id=0x10000, name=/dev/input/event1
01-01 08:17:29.435   619   642 I KeyInputQueue: Device added: id=0x0, name=vkp, classes=23
01-01 08:17:29.444   619   642 I KeyInputQueue: Device added: id=0x10000, name=vts, classes=4
01-01 08:17:29.444   619   642 I KeyInputQueue:   X: min=12000 max=82000 flat=0 fuzz=0
01-01 08:17:29.444   619   642 I KeyInputQueue:   Y: min=14000 max=90000 flat=0 fuzz=0
01-01 08:17:29.455   619   642 I KeyInputQueue:   Pressure: min=0 max=1 flat=0 fuzz=0
01-01 08:17:29.455   619   642 I KeyInputQueue:   Size: unknown values
01-01 08:17:29.455   619   642 I KeyInputQueue: No virtual keys found
01-01 08:17:29.505   619   643 D DualSimSelector: showOnBoot: false
01-01 08:17:29.505   619   643 D KeyguardUpdateMonitor: User settings: not to select DUAL SIM on boot
01-01 08:17:29.665   619   628 I SystemServer: Bluetooth Service
01-01 08:17:29.744   619   628 I SystemServer: Device Policy
01-01 08:17:29.754   619   628 I SystemServer: Status Bar
01-01 08:17:29.995   619   628 I SystemServer: Clipboard Service
01-01 08:17:29.995   619   628 I SystemServer: Input Method Service
01-01 08:17:30.045   619   628 I InputManagerService: Enabled input methods: com.android.inputmethod.latin/.LatinIME
01-01 08:17:30.054   619   628 I SystemServer: NetStat Service
01-01 08:17:30.054   619   628 I SystemServer: NetworkManagement Service
01-01 08:17:30.065   619   628 I SystemServer: Connectivity Service
01-01 08:17:30.074   619   646 V ConnectivityServiceExt: ConnectivityServiceExt starting up

01-01 08:17:30.124   619   646 D ConnectivityServiceExt: getMobileDataEnabled returning true
01-01 08:17:30.325   619   646 D dalvikvm: GC_FOR_MALLOC freed 2652 objects / 163352 bytes in 181ms
01-01 08:17:30.345   619   646 V ConnectivityServiceExt: Starting Wifi Service.
01-01 08:17:30.414   619   646 I WifiService: WifiService starting up with Wi-Fi disabled
01-01 08:17:30.424   619   646 D MobileDataStateTrackerExt: data network mode:1
01-01 08:17:30.424   619   646 D ConnectivityServiceExt: getMobileDataNetworkMode returning 1
01-01 08:17:30.435   619   646 D MobileDataStateTrackerExt: changing mobile network mode to:1
01-01 08:17:30.435   619   646 D MobileDataStateTrackerExt: update phone service now!
01-01 08:17:30.435   619   646 D MobileDataStateTrackerExt: switching to phone 1
01-01 08:17:30.435   619   646 D MobileDataStateTrackerExt: data network mode:1
01-01 08:17:30.435   619   646 D MobileDataStateTrackerExt: changing mobile network mode to:1
01-01 08:17:30.435   619   646 D MobileDataStateTrackerExt: update phone service now!
01-01 08:17:30.435   619   646 D MobileDataStateTrackerExt: switching to phone 1
01-01 08:17:30.444   619   646 D MobileDataStateTrackerExt: data network mode:1
01-01 08:17:30.444   619   646 D MobileDataStateTrackerExt: changing mobile network mode to:1
01-01 08:17:30.444   619   646 D MobileDataStateTrackerExt: update phone service now!
01-01 08:17:30.444   619   646 D MobileDataStateTrackerExt: switching to phone 1
01-01 08:17:30.444   619   646 D MobileDataStateTrackerExt: data network mode:1
01-01 08:17:30.444   619   646 D MobileDataStateTrackerExt: changing mobile network mode to:1
01-01 08:17:30.444   619   646 D MobileDataStateTrackerExt: update phone service now!
01-01 08:17:30.444   619   646 D MobileDataStateTrackerExt: switching to phone 1
01-01 08:17:30.465   619   646 D MobileDataStateTrackerExt: data network mode:1
01-01 08:17:30.465   619   646 D MobileDataStateTrackerExt: changing mobile network mode to:1
01-01 08:17:30.465   619   646 D MobileDataStateTrackerExt: update phone service now!
01-01 08:17:30.465   619   646 D MobileDataStateTrackerExt: switching to phone 1
01-01 08:17:30.474   619   646 D MobileDataStateTrackerExt: data network mode:1
01-01 08:17:30.474   619   646 D MobileDataStateTrackerExt: changing mobile network mode to:1
01-01 08:17:30.474   619   646 D MobileDataStateTrackerExt: update phone service now!
01-01 08:17:30.474   619   646 D MobileDataStateTrackerExt: switching to phone 1
01-01 08:17:30.474   619   646 D MobileDataStateTrackerExt: data network mode:1
01-01 08:17:30.474   619   646 D MobileDataStateTrackerExt: changing mobile network mode to:1
01-01 08:17:30.484   619   646 D MobileDataStateTrackerExt: update phone service now!
01-01 08:17:30.484   619   646 D MobileDataStateTrackerExt: switching to phone 1
01-01 08:17:30.484   619   646 D MobileDataStateTrackerExt: data network mode:1
01-01 08:17:30.484   619   646 D MobileDataStateTrackerExt: changing mobile network mode to:1
01-01 08:17:30.484   619   646 D MobileDataStateTrackerExt: update phone service now!
01-01 08:17:30.484   619   646 D MobileDataStateTrackerExt: switching to phone 1
01-01 08:17:30.494   619   646 D MobileDataStateTrackerExt: data network mode:1
01-01 08:17:30.494   619   646 D MobileDataStateTrackerExt: changing mobile network mode to:1
01-01 08:17:30.494   619   646 D MobileDataStateTrackerExt: update phone service now!
01-01 08:17:30.494   619   646 D MobileDataStateTrackerExt: switching to phone 1
01-01 08:17:30.504   619   646 D Tethering: Tethering starting
01-01 08:17:30.504   619   646 D NetworkManagmentService: Registering observer
01-01 08:17:30.544   619   628 I SystemServer: Throttle Service
01-01 08:17:30.554   619   628 I SystemServer: Accessibility Manager
01-01 08:17:30.564   619   628 I SystemServer: Mount Service
01-01 08:17:30.585   619   628 I SystemServer: Notification Manager
01-01 08:17:30.615   553   606 D VoldCmdListener: volume list
01-01 08:17:30.645   619   652 I PackageManager: Updating external media status from unmounted to unmounted
01-01 08:17:30.645   619   628 I SystemServer: Device Storage Monitor
01-01 08:17:30.664   553   606 D VoldCmdListener: share status ums
01-01 08:17:30.685   619   628 I SystemServer: Location Manager
01-01 08:17:30.694   619   628 I SystemServer: Search Service
01-01 08:17:30.694   619   628 I SystemServer: DropBox Service
01-01 08:17:30.715   619   628 I SystemServer: Wallpaper Service
01-01 08:17:30.744   619   628 I SystemServer: Audio Service
01-01 08:17:30.844   559   559 I AudioPolicyManagerBase: initStreamVolume() stream 0, min 0, max 5
01-01 08:17:30.844   559   610 I AudioPolicyManagerBase: setStreamVolumeIndex() stream 0, index 5
01-01 08:17:30.864   559   559 I AudioPolicyManagerBase: initStreamVolume() stream 1, min 0, max 7
01-01 08:17:30.864   559   610 I AudioPolicyManagerBase: setStreamVolumeIndex() stream 1, index 7
01-01 08:17:30.895   559   559 I AudioPolicyManagerBase: initStreamVolume() stream 2, min 0, max 7
01-01 08:17:30.895   559   610 I AudioPolicyManagerBase: setStreamVolumeIndex() stream 2, index 7
01-01 08:17:30.914   559   559 I AudioPolicyManagerBase: initStreamVolume() stream 3, min 0, max 15
01-01 08:17:30.914   559   610 I AudioPolicyManagerBase: setStreamVolumeIndex() stream 3, index 15
01-01 08:17:30.924   559   559 I AudioPolicyManagerBase: initStreamVolume() stream 4, min 0, max 7
01-01 08:17:30.934   559   610 I AudioPolicyManagerBase: setStreamVolumeIndex() stream 4, index 7
01-01 08:17:30.934   559   559 I AudioPolicyManagerBase: initStreamVolume() stream 5, min 0, max 7
01-01 08:17:30.934   559   610 I AudioPolicyManagerBase: setStreamVolumeIndex() stream 5, index 7
01-01 08:17:30.965   559   559 I AudioPolicyManagerBase: initStreamVolume() stream 6, min 0, max 15
01-01 08:17:30.975   559   610 I AudioPolicyManagerBase: setStreamVolumeIndex() stream 6, index 10
01-01 08:17:30.975   559   610 I AudioPolicyManagerBase: checkAndSetVolume() cannot set stream 6 volume with force use = 0 for comm
01-01 08:17:30.975   559   559 I AudioPolicyManagerBase: initStreamVolume() stream 7, min 0, max 7
01-01 08:17:30.975   559   610 I AudioPolicyManagerBase: setStreamVolumeIndex() stream 7, index 7
01-01 08:17:30.985   559   559 I AudioPolicyManagerBase: initStreamVolume() stream 8, min 0, max 15
01-01 08:17:30.985   559   610 I AudioPolicyManagerBase: setStreamVolumeIndex() stream 8, index 5
01-01 08:17:30.994   559   610 I AudioPolicyManagerBase: setStreamVolume() for output 1 stream 8, volume 0.021135, delay 0
01-01 08:17:30.994   559   610 I AudioPolicyService: inserting command: 2 at index 0, num commands 0
01-01 08:17:30.994   559   610 I AudioPolicyService: AudioCommandThread() adding set volume stream 8, volume 0.030924, output 1
01-01 08:17:30.994   559   608 I AudioPolicyService: AudioCommandThread() waking up
01-01 08:17:30.994   559   608 I AudioPolicyService: AudioCommandThread() processing set volume stream 8, volume 0.030924, output 1
