01-01 08:18:03.635   619   642 V EventHub: revents for 1 = 0x00000001
01-01 08:18:03.635   619   642 V EventHub: /dev/input/event1 got: t0=66, t1=145904, type=3, code=0, v=26562
01-01 08:18:03.635   619   642 V EventHub: revents for 1 = 0x00000001
01-01 08:18:03.635   619   642 V EventHub: /dev/input/event1 got: t0=66, t1=145968, type=3, code=1, v=68262
01-01 08:18:03.635   619   642 V EventHub: revents for 1 = 0x00000001
01-01 08:18:03.635   619   642 V EventHub: /dev/input/event1 got: t0=66, t1=145994, type=0, code=0, v=0
01-01 08:18:03.655   619   642 V EventHub: revents for 1 = 0x00000001
01-01 08:18:03.655   619   642 V EventHub: /dev/input/event1 got: t0=66, t1=166400, type=3, code=0, v=27246
01-01 08:18:03.655   619   642 V EventHub: revents for 1 = 0x00000001
01-01 08:18:03.655   619   642 V EventHub: /dev/input/event1 got: t0=66, t1=166473, type=3, code=1, v=67286
01-01 08:18:03.655   619   642 V EventHub: revents for 1 = 0x00000001
01-01 08:18:03.655   619   642 V EventHub: /dev/input/event1 got: t0=66, t1=166498, type=0, code=0, v=0
01-01 08:18:03.675   619   642 V EventHub: revents for 1 = 0x00000001
01-01 08:18:03.675   619   642 V EventHub: /dev/input/event1 got: t0=66, t1=186867, type=3, code=0, v=28417
01-01 08:18:03.675   619   642 V EventHub: revents for 1 = 0x00000001
01-01 08:18:03.675   619   642 V EventHub: /dev/input/event1 got: t0=66, t1=186929, type=3, code=1, v=66993
01-01 08:18:03.675   619   642 V EventHub: revents for 1 = 0x00000001
01-01 08:18:03.675   619   642 V EventHub: /dev/input/event1 got: t0=66, t1=186955, type=0, code=0, v=0
01-01 08:18:03.694   619   642 V EventHub: revents for 1 = 0x00000001
01-01 08:18:03.694   619   642 V EventHub: /dev/input/event1 got: t0=66, t1=207366, type=3, code=0, v=29687
01-01 08:18:03.694   619   642 V EventHub: revents for 1 = 0x00000001
01-01 08:18:03.694   619   642 V EventHub: /dev/input/event1 got: t0=66, t1=207442, type=3, code=1, v=66602
01-01 08:18:03.694   619   642 V EventHub: revents for 1 = 0x00000001
01-01 08:18:03.694   619   642 V EventHub: /dev/input/event1 got: t0=66, t1=207470, type=0, code=0, v=0
01-01 08:18:03.704   619   625 E libagl  : copybit failed (Bad address)
01-01 08:18:03.714   619   643 V LockPatternKeyguardView: *** dispatchDraw() time: 66225
01-01 08:18:03.714   619   642 V EventHub: revents for 1 = 0x00000001
01-01 08:18:03.714   619   642 V EventHub: /dev/input/event1 got: t0=66, t1=227849, type=3, code=0, v=31152
01-01 08:18:03.714   619   642 V EventHub: revents for 1 = 0x00000001
01-01 08:18:03.714   619   642 V EventHub: /dev/input/event1 got: t0=66, t1=227918, type=3, code=1, v=66309
01-01 08:18:03.714   619   642 V EventHub: revents for 1 = 0x00000001
01-01 08:18:03.714   619   642 V EventHub: /dev/input/event1 got: t0=66, t1=227943, type=0, code=0, v=0
01-01 08:18:03.734   619   642 V EventHub: revents for 1 = 0x00000001
01-01 08:18:03.734   619   642 V EventHub: /dev/input/event1 got: t0=66, t1=248328, type=3, code=0, v=33300
01-01 08:18:03.734   619   642 V EventHub: revents for 1 = 0x00000001
01-01 08:18:03.734   619   642 V EventHub: /dev/input/event1 got: t0=66, t1=248403, type=3, code=1, v=65333
01-01 08:18:03.734   619   642 V EventHub: revents for 1 = 0x00000001
01-01 08:18:03.734   619   642 V EventHub: /dev/input/event1 got: t0=66, t1=248430, type=0, code=0, v=0
01-01 08:18:03.745   619   625 E libagl  : copybit failed (Bad address)
01-01 08:18:03.755   619   642 V EventHub: revents for 1 = 0x00000001
01-01 08:18:03.755   619   642 V EventHub: /dev/input/event1 got: t0=66, t1=268800, type=3, code=0, v=36621
01-01 08:18:03.755   619   642 V EventHub: revents for 1 = 0x00000001
01-01 08:18:03.755   619   642 V EventHub: /dev/input/event1 got: t0=66, t1=268873, type=3, code=1, v=64454
01-01 08:18:03.755   619   642 V EventHub: revents for 1 = 0x00000001
01-01 08:18:03.755   619   642 V EventHub: /dev/input/event1 got: t0=66, t1=268899, type=0, code=0, v=0
01-01 08:18:03.765   619   643 V LockPatternKeyguardView: *** dispatchDraw() time: 66276
01-01 08:18:03.775   619   642 V EventHub: revents for 1 = 0x00000001
01-01 08:18:03.775   619   642 V EventHub: /dev/input/event1 got: t0=66, t1=289292, type=3, code=0, v=40917
01-01 08:18:03.775   619   642 V EventHub: revents for 1 = 0x00000001
01-01 08:18:03.775   619   642 V EventHub: /dev/input/event1 got: t0=66, t1=289378, type=0, code=0, v=0
01-01 08:18:03.805   619   642 V EventHub: revents for 1 = 0x00000001
01-01 08:18:03.805   619   642 V EventHub: /dev/input/event1 got: t0=66, t1=309767, type=3, code=0, v=46289
01-01 08:18:03.805   619   642 V EventHub: revents for 1 = 0x00000001
01-01 08:18:03.805   619   642 V EventHub: /dev/input/event1 got: t0=66, t1=309819, type=3, code=1, v=63086
01-01 08:18:03.805   619   642 V EventHub: revents for 1 = 0x00000001
01-01 08:18:03.805   619   642 V EventHub: /dev/input/event1 got: t0=66, t1=309844, type=0, code=0, v=0
01-01 08:18:03.824   619   642 V EventHub: revents for 1 = 0x00000001
01-01 08:18:03.824   619   642 V EventHub: /dev/input/event1 got: t0=66, t1=330548, type=3, code=0, v=52832
01-01 08:18:03.824   619   642 V EventHub: revents for 1 = 0x00000001
01-01 08:18:03.824   619   642 V EventHub: /dev/input/event1 got: t0=66, t1=330608, type=3, code=1, v=63770
01-01 08:18:03.824   619   642 V EventHub: revents for 1 = 0x00000001
01-01 08:18:03.824   619   642 V EventHub: /dev/input/event1 got: t0=66, t1=330632, type=0, code=0, v=0
01-01 08:18:03.824   619   643 V LockPatternKeyguardView: *** dispatchDraw() time: 66337
01-01 08:18:03.845   619   642 V EventHub: revents for 1 = 0x00000001
01-01 08:18:03.845   619   642 V EventHub: /dev/input/event1 got: t0=66, t1=350727, type=3, code=0, v=59960
01-01 08:18:03.845   619   642 V EventHub: revents for 1 = 0x00000001
01-01 08:18:03.845   619   642 V EventHub: /dev/input/event1 got: t0=66, t1=350808, type=3, code=1, v=62793
01-01 08:18:03.845   619   642 V EventHub: revents for 1 = 0x00000001
01-01 08:18:03.845   619   642 V EventHub: /dev/input/event1 got: t0=66, t1=350833, type=0, code=0, v=0
01-01 08:18:03.865   619   642 V EventHub: revents for 1 = 0x00000001
01-01 08:18:03.865   619   642 V EventHub: /dev/input/event1 got: t0=66, t1=371227, type=3, code=0, v=68945
01-01 08:18:03.865   619   642 V EventHub: revents for 1 = 0x00000001
01-01 08:18:03.865   619   642 V EventHub: /dev/input/event1 got: t0=66, t1=371298, type=3, code=1, v=62891
01-01 08:18:03.865   619   642 V EventHub: revents for 1 = 0x00000001
01-01 08:18:03.865   619   642 V EventHub: /dev/input/event1 got: t0=66, t1=371324, type=0, code=0, v=0
01-01 08:18:03.884   619   642 V EventHub: revents for 1 = 0x00000001
01-01 08:18:03.884   619   642 V EventHub: /dev/input/event1 got: t0=66, t1=392168, type=3, code=0, v=77539
01-01 08:18:03.884   619   642 V EventHub: revents for 1 = 0x00000001
01-01 08:18:03.884   619   642 V EventHub: /dev/input/event1 got: t0=66, t1=392244, type=3, code=1, v=62403
01-01 08:18:03.884   619   642 V EventHub: revents for 1 = 0x00000001
01-01 08:18:03.884   619   642 V EventHub: /dev/input/event1 got: t0=66, t1=392270, type=0, code=0, v=0
01-01 08:18:03.905   619   642 V EventHub: revents for 1 = 0x00000001
01-01 08:18:03.905   619   642 V EventHub: /dev/input/event1 got: t0=66, t1=412135, type=3, code=24, v=0
01-01 08:18:03.905   619   642 V EventHub: revents for 1 = 0x00000001
01-01 08:18:03.905   619   642 V EventHub: /dev/input/event1 got: t0=66, t1=412199, type=1, code=330, v=0
01-01 08:18:03.905   619   642 V EventHub: iev.code=330 outKeycode=0 outFlags=0x00000000 err=-19
01-01 08:18:03.905   619   642 V EventHub: revents for 1 = 0x00000001
01-01 08:18:03.905   619   642 V EventHub: /dev/input/event1 got: t0=66, t1=412213, type=0, code=0, v=0
01-01 08:18:03.914   619   643 V LockPatternKeyguardView: *** dispatchDraw() time: 66426
01-01 08:18:03.935   619   625 E libagl  : copybit failed (Bad address)
01-01 08:18:03.945   619   643 D DualSimSelector: slot 0 enabled:true
01-01 08:18:03.945   619   643 D DualSimSelector: slot 1 enabled:true
01-01 08:18:03.945   619   643 D LockPatternKeyguardView: currentMode for Unlock:Pattern
01-01 08:18:03.964   619   643 D KeyguardViewMediator: pokeWakelock(5000)
01-01 08:18:03.964   619   643 V LockPatternKeyguardView: *** dispatchDraw() time: 66479
01-01 08:18:04.115   619   643 V LockPatternKeyguardView: *** dispatchDraw() time: 66623
01-01 08:18:04.154   619   625 I ARMAssembler: generated scanline__00000077:03545404_00000004_00000000 [ 47 ipp] (67 ins) at [0x339508:0x339614] in 655769 ns
01-01 08:18:04.235   619   625 I ARMAssembler: generated scanline__00000177:03515104_00001001_00000000 [ 91 ipp] (114 ins) at [0x339620:0x3397e8] in 518423 ns
01-01 08:18:04.474   619   641 I ActivityManager: Displayed activity com.android.launcher/com.android.launcher2.Launcher: 30584 ms (total 30584 ms)
01-01 08:18:04.525   619   643 V LockPatternKeyguardView: *** dispatchDraw() time: 67039
01-01 08:18:04.574   619   625 E libagl  : copybit failed (Bad address)
01-01 08:18:04.784   691   691 D dalvikvm: GC_EXPLICIT freed 3675 objects / 225204 bytes in 147ms
^C
jiangrui@jiangrui-desktop:~$ 

