01-01 08:17:48.815   557   593 D AGGREQUEST: requestRegistrationState++
01-01 08:17:48.815   557   593 D AGGREQUEST: RIL_REQUEST_GPRS_REGISTRATION_STATE
01-01 08:17:48.815   557   593 D IMC-net : agg_requestread_GPRSRegistrationStatus++
01-01 08:17:48.815   557   593 D IMC-net : AGGUtaUpdateXregInfo++
01-01 08:17:48.815   557   593 D IMC-net : AGGUtaUpdateXregInfo--
01-01 08:17:48.815   557   593 E IMC-net : agg_requestread_GPRSRegistrationStatus--
01-01 08:17:48.815   557   593 E AGGREQUEST: requestRegistrationState-- must never return an error when radio is on
01-01 08:17:48.835   557   593 D AGGREQUEST: requestRegistrationState++
01-01 08:17:48.835   557   593 D AGGREQUEST: RIL_REQUEST_REGISTRATION_STATE
01-01 08:17:48.835   557   593 D IMC-net : agg_requestread_NetworkRegistration++
01-01 08:17:48.835   557   593 D IMC-net : AGGUtaUpdateXregInfo++
01-01 08:17:48.835   557   593 D IMC-net : AGGUtaUpdateXregInfo--
01-01 08:17:48.835   557   593 E IMC-net : agg_requestread_NetworkRegistration--
01-01 08:17:48.835   557   593 E AGGREQUEST: requestRegistrationState-- must never return an error when radio is on
01-01 08:17:49.055   619   625 E libagl  : copybit failed (Bad address)
01-01 08:17:49.055   619   628 D dalvikvm: GC_FOR_MALLOC freed 6478 objects / 297832 bytes in 237ms
01-01 08:17:49.065   685   685 D UiccProxy: [UiccProxy] New SIM state changed to::ABSENT
01-01 08:17:49.065   685   685 D UiccProxy: [UiccProxy] SIM state changed to::NOT_READY
01-01 08:17:49.074   557   593 D AGGREQUEST: requestQueryNetworkSelectionMode++
01-01 08:17:49.074   557   593 D IMC-net : agg_request_read_nw_mode++
01-01 08:17:49.074   557   593 E IMC-net : Network is Unregistered
01-01 08:17:49.074   557   593 D IMC-net : agg_request_read_nw_mode--
01-01 08:17:49.074   557   593 E AGGREQUEST: requestQueryNetworkSelectionMode must never return error when radio is on
01-01 08:17:49.084   557   593 D IMC-sim : getSIMStatus++
01-01 08:17:49.084   557   593 D IMC-sim : Calling AGGrequestread_Pin
01-01 08:17:49.084   557   593 D IMC-sim : AGGrequestread_Pin++
01-01 08:17:49.084   557   593 D IMC-sim : SimPbInfo.m_sim_card_type=0
01-01 08:17:49.084   557   593 E IMC-sim : AGGrequestread_Pin: uta_get_sim_inserted_verified_status--:SIM ABSENT
01-01 08:17:49.084   557   593 E IMC-sim : AGGrequestread_Pin done err=-1, cpinResult=SIM_NOT_READY 
01-01 08:17:49.084   557   593 D IMC-sim : SIM_ABSENT
01-01 08:17:49.094   557   593 D IMC-sim : getSIMStatus--:ret=0
01-01 08:17:49.094   557   593 D IMC-sim : getSIMStatus--
01-01 08:17:49.094   557   593 D AGGREQUEST: After getCardStatus: SIM_ABSENT = 0
01-01 08:17:49.104   619   628 D MobileDataStateTrackerExt: default Received state= DISCONNECTED, old= DISCONNECTED, reason= radioTurnedOff, apnTypeList= default
01-01 08:17:49.115   619   628 D StatusBarPolicy: SIM B state:0,networkType0
01-01 08:17:49.115   619   628 D ConnectivityServiceExt: getMobileDataNetworkMode returning 1
01-01 08:17:49.115   619   628 D StatusBarPolicy: slotForDataNetType:0
01-01 08:17:49.115   619   628 D ConnectivityServiceExt: getMobileDataNetworkMode returning 1
01-01 08:17:49.115   619   628 D StatusBarPolicy: slotForData:0
01-01 08:17:49.155   557   593 D AGGREQUEST: requestQueryFacilityLock++
01-01 08:17:49.155   557   593 D IMC-supplementservices: agg_request_set_lock++: FAC =SC Password = (null)
01-01 08:17:49.155   557   593 E IMC-supplementservices: AGG_Facility_Lock_SimCard++
01-01 08:17:49.155   557   593 E IMC-supplementservices: AGG_Facility_Lock_SimCard:Mode=2
01-01 08:17:49.155   557   593 D IMC-supplementservices: AGG_Facility_Lock_SimCard:AGG_CLCK_MODE_QUERYSTATUS --
01-01 08:17:49.155   557   593 D IMC-sim : AGGrequestset_pin++
01-01 08:17:49.155   557   593 D IMC-sim : SimPbInfo m_chv1_status=0 m_chv2_status=0
01-01 08:17:49.155   557   593 D IMC-sim : SimPbInfo m_chv1_status=0 m_chv2_status=0
01-01 08:17:49.155   557   593 D IMC-sim : SimPbInfo.m_sim_card_type=0
01-01 08:17:49.155   557   593 D IMC-supplementservices: agg_request_set_lock:Res=-1
01-01 08:17:49.155   557   593 E AGGREQUEST: Error:requestQueryFacilityLock failed ret=-1
01-01 08:17:49.155   557   593 D AGGREQUEST: requestQueryFacilityLock--
01-01 08:17:49.155   557   593 D IFX_RIL : After requestQueryFacilityLock
01-01 08:17:49.195   685   685 D NotificationMgr: updateNetworkSelection()...state = 3 new network 
01-01 08:17:49.205   685   685 D OtaStartupReceiver: Not a CDMA phone, no need to process OTA
01-01 08:17:49.214   619   628 D MobileDataStateTrackerExt: default Received state= DISCONNECTED, old= DISCONNECTED, reason= gprsDetached, apnTypeList= default
01-01 08:17:49.235   685   685 D PhoneApp: recv intent:android.intent.action.SIM_STATE_CHANGED
01-01 08:17:49.245   619   628 D KeyguardUpdateMonitor: received broadcast android.intent.action.SIM_STATE_CHANGED2
01-01 08:17:49.245   619   628 D KeyguardUpdateMonitor: recv intent:android.intent.action.SIM_STATE_CHANGED2
01-01 08:17:49.245   619   628 D KeyguardUpdateMonitor: simId:1
01-01 08:17:49.245   619   628 D KeyguardUpdateMonitor: stateExtra:NOT_READY
01-01 08:17:49.254   619   643 D KeyguardUpdateMonitor: handleSimStateChange: SIM:1,intentValue = SIM:1,state:UNKNOWN state resolved to UNKNOWN
01-01 08:17:49.264   685   685 D PhoneApp: simId:0
01-01 08:17:49.264   685   685 D PhoneApp: stateExtra:NOT_READY
01-01 08:17:49.264   685   685 D BT HS/HF: switching to phone:GSM2
01-01 08:17:49.264   685   685 D NotificationMgr: call log query complete.
01-01 08:17:49.274   685   685 D NotificationMgr: closing call log cursor.
01-01 08:17:49.325   685   685 D PhoneApp: recv intent:android.intent.action.SIM_STATE_CHANGED2
01-01 08:17:49.325   685   685 D PhoneApp: simId:1
01-01 08:17:49.325   685   685 D PhoneApp: stateExtra:NOT_READY
01-01 08:17:49.424   685   685 D NotificationMgr: hideDataDisconnectedRoaming()...
01-01 08:17:49.435   685   685 D NotificationMgr: hideDataDisconnectedRoaming()...
01-01 08:17:49.455   685   685 D PhoneApp: handleIccStateChange, state:ABSENT,slot:0
01-01 08:17:49.455   685   685 D PhoneApp: onSimStateChanged,simState:ABSENT,slot:0
01-01 08:17:49.464   685   685 D NotificationMgr: hideDataDisconnectedRoaming()...
01-01 08:17:49.474   685   685 D NotificationMgr: hideDataDisconnectedRoaming()...
01-01 08:17:49.474   685   685 D PhoneApp: handleIccStateChange, state:UNKNOWN,slot:1
01-01 08:17:49.474   685   685 D PhoneApp: onSimStateChanged,simState:UNKNOWN,slot:1
01-01 08:17:49.474   685   685 D BT HS/HF: switching to phone:GSM
01-01 08:17:49.514   685   685 D NotificationMgr: updateNetworkSelection()...state = 1 new network 
01-01 08:17:49.514   685   685 D PhoneApp: recv intent:android.intent.action.SIM_STATE_CHANGED
01-01 08:17:49.514   685   685 D PhoneApp: simId:0
01-01 08:17:49.514   685   685 D PhoneApp: stateExtra:ABSENT
01-01 08:17:49.565   685   685 D PhoneApp: handleIccStateChange, state:ABSENT,slot:0
01-01 08:17:49.584   619   625 E libagl  : copybit failed (Bad address)
01-01 08:17:49.665   619   628 D KeyguardUpdateMonitor: received broadcast android.provider.Telephony.SPN_STRINGS_UPDATED
01-01 08:17:49.674   619   628 D KeyguardUpdateMonitor: plmn[0]:,spn[0]:null
01-01 08:17:49.684   619   643 D KeyguardUpdateMonitor: handleCarrierInfoUpdate: sim: 0, plmn = , spn = null
01-01 08:17:49.694   619   628 D ConnectivityServiceExt: getMobileDataNetworkMode returning 1
01-01 08:17:49.704   619   785 I RecoverySystem: No recovery log file
01-01 08:17:49.704   619   628 D StatusBarPolicy: slotForData:0
01-01 08:17:49.795   619   643 V LockPatternKeyguardView: *** dispatchDraw() time: 52300
01-01 08:17:49.834   619   625 E libagl  : copybit failed (Bad address)
01-01 08:17:49.895   619   628 D KeyguardUpdateMonitor: received broadcast android.intent.action.SIM_STATE_CHANGED
01-01 08:17:49.895   619   628 D KeyguardUpdateMonitor: recv intent:android.intent.action.SIM_STATE_CHANGED
01-01 08:17:49.905   619   628 D KeyguardUpdateMonitor: simId:0
01-01 08:17:49.905   619   628 D KeyguardUpdateMonitor: stateExtra:ABSENT
01-01 08:17:49.905   619   628 D ConnectivityServiceExt: getMobileDataNetworkMode returning 1
01-01 08:17:49.905   619   628 D StatusBarPolicy: slotForData:0
01-01 08:17:49.945   619   625 E libagl  : copybit failed (Bad address)
01-01 08:17:49.965   619   643 D KeyguardUpdateMonitor: handleSimStateChange: SIM:0,intentValue = SIM:0,state:ABSENT state resolved to ABSENT
01-01 08:17:50.064   619   623 I ActivityManager: Start proc android.process.media for broadcast com.android.providers.downloads/.DownloadReceiver: pid=787 uid=10009 gids={1006, 1015, 2001, 3003}
01-01 08:17:50.194   619   643 V LockPatternKeyguardView: *** dispatchDraw() time: 52705
01-01 08:17:50.265   619   625 E libagl  : copybit failed (Bad address)
01-01 08:17:50.575   558   558 D dalvikvm: GC_EXPLICIT freed 324 objects / 11864 bytes in 483ms
01-01 08:17:50.695   787   787 I ActivityThread: Publishing provider media: com.android.providers.media.MediaProvider
01-01 08:17:50.925   787   787 V MediaProvider: Attached volume: internal
01-01 08:17:50.965   787   787 I ActivityThread: Publishing provider downloads: com.android.providers.downloads.DownloadProvider
01-01 08:17:50.975   558   558 D dalvikvm: GC_EXPLICIT freed 95 objects / 3876 bytes in 245ms
01-01 08:17:51.054   787   791 D DownloadProvider: delete: content://downloads/download, notificationpackage=? AND notificationclass=?
01-01 08:17:51.065   787   787 V DownloadReceiver: Receiver onBoot
01-01 08:17:51.125   787   787 V DownloadService: Service onCreate
01-01 08:17:51.144   787   787 V DownloadService: DownloadManagerContentObserver
01-01 08:17:51.204   787   787 V DownloadNotification: DownloadNotification
01-01 08:17:51.235   787   787 D DownloadProvider: query :content://downloads/download
01-01 08:17:51.275   787   791 D DownloadProvider: delete myWhere: ( notificationpackage=? AND notificationclass=? )
01-01 08:17:51.284   787   787 V DownloadProvider: starting query, database is not null; projection[0] is _id; projection[1] is title; projection[2] is description; projection[3] is notificationpackage; projection[4] is notificationclass; projection[5] is current_bytes; projection[6] is total_bytes; projection[7] is status; projection[8] is _data; selection is (status >= '100') AND (status <= '199') AND (visibility IS NULL OR visibility == '0' OR visibility == '1'); selectionArgs is null; sort is _id.
01-01 08:17:51.335   558   558 D dalvikvm: GC_EXPLICIT freed 2 objects / 48 bytes in 364ms
01-01 08:17:51.395   787   787 D DownloadProvider: query done!
01-01 08:17:51.404   787   791 D DownloadProvider: delete done, count: 0
01-01 08:17:51.415   787   787 V DownloadProvider: created cursor com.android.providers.downloads.DownloadProvider$ReadOnlyCursorWrapper@43d32be8 on behalf of 787
01-01 08:17:51.434   787   787 V DownloadNotification: updateCompletedNotification
01-01 08:17:51.445   787   787 D DownloadProvider: query :content://downloads/download
01-01 08:17:51.445   787   787 V DownloadProvider: starting query, database is not null; projection[0] is _id; projection[1] is title; projection[2] is description; projection[3] is notificationpackage; projection[4] is notificationclass; projection[5] is current_bytes; projection[6] is total_bytes; projection[7] is status; projection[8] is _data; projection[9] is lastmod; projection[10] is destination; selection is status >= '200' AND visibility == '1'; selectionArgs is null; sort is _id.
01-01 08:17:51.475   787   787 D DownloadProvider: query done!
01-01 08:17:51.485   787   787 V DownloadProvider: created cursor com.android.providers.downloads.DownloadProvider$ReadOnlyCursorWrapper@43d35890 on behalf of 787
01-01 08:17:51.525   787   787 V DownloadService: trimDatabase
01-01 08:17:51.525   787   787 D DownloadProvider: query :content://downloads/download
01-01 08:17:51.525   787   787 V DownloadProvider: starting query, database is not null; projection[0] is _id; selection is status >= '200'; selectionArgs is null; sort is lastmod.
01-01 08:17:51.555   787   787 D DownloadProvider: query done!
01-01 08:17:51.564   787   787 V DownloadProvider: created cursor com.android.providers.downloads.DownloadProvider$ReadOnlyCursorWrapper@43d37308 on behalf of 787
01-01 08:17:51.605   787   787 V DownloadService: removeSpuriousFiles
01-01 08:17:51.605   787   787 D DownloadProvider: query :content://downloads/download
01-01 08:17:51.605   787   787 V DownloadProvider: starting query, database is not null; projection[0] is _data; selection is null; selectionArgs is null; sort is null.
01-01 08:17:51.605   787   787 D DownloadProvider: query done!
01-01 08:17:51.634   787   787 V DownloadProvider: created cursor com.android.providers.downloads.DownloadProvider$ReadOnlyCursorWrapper@43d388b0 on behalf of 787
01-01 08:17:51.674   787   787 V DownloadService: Service onStart
01-01 08:17:51.924   737   737 D dalvikvm: GC_FOR_MALLOC freed 3050 objects / 198880 bytes in 466ms
01-01 08:17:52.054   729   760 E FolderCache: QueryHandler called { what=3 when=50643 }
01-01 08:17:52.135   737   737 D SimStateReceiver: Sim state receiver is launched ...
01-01 08:17:52.174   737   737 E SimSyncService: -- xavier -- -- SimSyncService is created ---
01-01 08:17:52.204   737   737 E SimSyncService: -- xavier -- -- sim sync init ---
01-01 08:17:52.214   619   624 I ActivityManager: Start proc com.android.bluetooth for broadcast com.android.bluetooth/.opp.BluetoothOppReceiver: pid=800 uid=10016 gids={3003, 3002, 3001, 1015}
01-01 08:17:52.335   737   737 V SimSyncService: -- xavier -- <sending message> sim (index 1), operate 0 ---
01-01 08:17:52.385   737   799 D SimSyncService: -- xavier -- Start initing sim contacts (index 1)...
01-01 08:17:52.494   737   737 V SimSyncService: -- xavier -- <sending message> sim (index 2), operate 0 ---
01-01 08:17:52.505   737   799 D SimSyncService: -- xavier -- Start initing sim contacts (index 2)...
01-01 08:17:52.645   800   800 I ActivityThread: Publishing provider com.android.bluetooth.opp: com.android.bluetooth.opp.BluetoothOppProvider
01-01 08:17:52.694   729   729 V DownloadManager: Service state changed: Bundle[mParcelledData.dataSize=592]
01-01 08:17:52.705   729   729 V DownloadManager: roaming ------> false
01-01 08:17:52.715   729   729 V DownloadManager: auto download without roaming -> true
01-01 08:17:52.715   729   729 V DownloadManager: auto download during roaming -> false
01-01 08:17:52.715   729   729 V DownloadManager: mAutoDownload ------> true
01-01 08:17:52.724   729   729 V DownloadManager: Service state changed: Bundle[mParcelledData.dataSize=592]
01-01 08:17:52.774   729   760 D FolderCache: query done for 1,c:android.content.ContentResolver$CursorWrapperInner@43d501c8
01-01 08:17:52.785   729   729 V DownloadManager: roaming ------> false
01-01 08:17:52.785   729   729 V DownloadManager: auto download without roaming -> true
01-01 08:17:52.785   729   729 V DownloadManager: auto download during roaming -> false
01-01 08:17:52.785   729   729 V DownloadManager: mAutoDownload ------> true
01-01 08:17:52.854   619   783 I SearchManagerService: Building list of searchable activities
01-01 08:17:52.915   553   606 I /system/bin/fsck_msdos: ** /dev/block/vold/3:65
01-01 08:17:53.094   685   762 V MmsProvider: Query uri=content://mms, match=0
01-01 08:17:53.305   685   685 D DualSimReceiver: onReceive,action:android.intent.action.BOOT_COMPLETED
01-01 08:17:53.305   685   685 D DualSimReceiver: ACTION_BOOT_COMPLETED
01-01 08:17:53.354   619   677 I ActivityManager: Start proc com.android.providers.calendar for broadcast com.android.providers.calendar/.CalendarReceiver: pid=809 uid=10023 gids={3003}
01-01 08:17:53.695   809   809 I ActivityThread: Publishing provider com.android.calendar: com.android.providers.calendar.CalendarProvider2
01-01 08:17:53.755   553   606 I /system/bin/fsck_msdos: ** Phase 1 - Read and Compare FATs
01-01 08:17:53.755   553   606 I /system/bin/fsck_msdos: Attempting to allocate 46 KB for FAT
01-01 08:17:53.944   553   606 I /system/bin/fsck_msdos: Attempting to allocate 46 KB for FAT
01-01 08:17:54.375   553   606 I /system/bin/fsck_msdos: ** Phase 2 - Check Cluster Chains
01-01 08:17:54.375   553   606 I /system/bin/fsck_msdos: ** Phase 3 - Checking Directories
01-01 08:17:54.384   553   606 I /system/bin/fsck_msdos: ** Phase 4 - Checking for Lost Files
01-01 08:17:54.414   553   606 I /system/bin/fsck_msdos: 27 files, 44438 free (22219 clusters)
01-01 08:17:54.554   553   606 I logwrapper: /system/bin/fsck_msdos terminated by exit(0)
01-01 08:17:54.554   553   606 I Vold    : Filesystem check completed OK
01-01 08:17:54.625   553   606 I Vold    : Device /dev/block/vold/3:65, target /mnt/sdcard mounted @ /mnt/secure/staging
01-01 08:17:54.634   619   651 I PackageManager: Updating external media status from unmounted to mounted
01-01 08:17:54.634   553   606 D Vold    : Volume sdcard state changing 3 (Checking) -> 4 (Mounted)
01-01 08:17:54.654   619   628 I StorageNotification: Media {/mnt/sdcard} state changed from {checking} -> {mounted}
01-01 08:17:54.685   619   625 E libagl  : copybit failed (Bad address)
01-01 08:17:54.784   787   797 V Download Helpers: network is not available
01-01 08:17:54.835   553   606 D VoldCmdListener: asec list
01-01 08:17:54.935   737   737 D SimStateReceiver: Sim state receiver is launched ...
01-01 08:17:54.935   737   737 E SimStateReceiver: -- xavier -- [Telephony Broadcast] sim state (A): ABSENT
01-01 08:17:54.965   737   737 E SimSyncService: -- xavier -- -- sim is absent ---
01-01 08:17:55.025   685   705 E SmsProvider: query SMS_ALL_ICC,mSimCacheDirty:true
01-01 08:17:55.025   685   705 E SmsProvider: force reload sim cache...
01-01 08:17:55.025   685   705 E SmsProvider: syncDataFromIcc,mSimCacheDirty:true
01-01 08:17:55.065   557   593 D IFX_RIL : calling  requestSIM_IO count = 1 
01-01 08:17:55.065   557   593 D AGGREQUEST: requestSIM_IO++
01-01 08:17:55.065   557   593 D AGGREQUEST: CRSM=192,28476,0,0,15
01-01 08:17:55.065   557   593 D IMC-sim : AGGrequestset_SimAcces++
01-01 08:17:55.065   557   593 D IMC-sim : SimPbInfo.m_sim_card_type=0
01-01 08:17:55.065   557   593 E IMC-sim : AGGrequestset_SimAcces:Error-AGG_SIM_NO_TYPE
01-01 08:17:55.065   557   593 D AGGREQUEST: requestSIM_IO: Sending Empty String to RILD....
01-01 08:17:55.065   557   593 D AGGREQUEST: requestSIM_IO--
01-01 08:17:55.065   557   593 E IFX_RIL : requestSIM 2
01-01 08:17:55.094   685   705 E SmsProvider: Got the latest DATA from ICC
01-01 08:17:55.094   787   797 D DownloadProvider: query :content://downloads/download
01-01 08:17:55.104   787   797 V DownloadProvider: starting query, database is not null; projection is null; selection is null; selectionArgs is null; sort is _id.
01-01 08:17:55.125   619   633 I PackageManager: No secure containers on sdcard
01-01 08:17:55.164   737   737 V SimSyncService: -- xavier -- <sending message> sim (index 1), operate 1 ---
01-01 08:17:55.185   737   799 D SimSyncService: -- xavier -- Start clearing sim contacts (index 1)...
01-01 08:17:55.185   737   799 D SimSyncService: Sim card is absent, remove all sim (1) contacts from local
01-01 08:17:55.185   737   737 D SimStateReceiver: Sim state receiver is launched ...
01-01 08:17:55.195   737   737 E SimStateReceiver: -- xavier -- [Telephony Broadcast] sim state (B): NOT_READY
01-01 08:17:55.234   737   737 E SimSyncService: -- xavier -- -- sim B is absent ---
01-01 08:17:55.265   737   737 V SimSyncService: -- xavier -- <sending message> sim (index 2), operate 1 ---
01-01 08:17:55.275   787   797 D DownloadProvider: query done!
01-01 08:17:55.424   737   799 D SimSyncService: -- xavier -- Start clearing sim contacts (index 2)...
01-01 08:17:55.424   737   799 D SimSyncService: Sim card is absent, remove all sim (2) contacts from local
01-01 08:17:55.635   619   677 D dalvikvm: GC_FOR_MALLOC freed 6025 objects / 263620 bytes in 297ms
01-01 08:17:55.675   787   797 V DownloadProvider: created cursor com.android.providers.downloads.DownloadProvider$ReadOnlyCursorWrapper@43d3ee70 on behalf of 787
01-01 08:17:55.675   619   633 W PackageManager: Unknown permission com.google.android.gm.permission.WRITE_GMAIL in package com.android.settings
01-01 08:17:55.685   787   797 D DownloadProvider: query :content://downloads/download
01-01 08:17:55.685   619   633 W PackageManager: Unknown permission com.google.android.gm.permission.READ_GMAIL in package com.android.settings
01-01 08:17:55.705   619   633 W PackageManager: Unknown permission com.google.android.googleapps.permission.GOOGLE_AUTH in package com.android.settings
01-01 08:17:55.734   619   633 W PackageManager: Unknown permission com.google.android.googleapps.permission.GOOGLE_AUTH in package com.android.providers.contacts
01-01 08:17:55.745   787   797 V DownloadProvider: starting query, database is not null; projection[0] is _id; projection[1] is title; projection[2] is description; projection[3] is notificationpackage; projection[4] is notificationclass; projection[5] is current_bytes; projection[6] is total_bytes; projection[7] is status; projection[8] is _data; selection is (status >= '100') AND (status <= '199') AND (visibility IS NULL OR visibility == '0' OR visibility == '1'); selectionArgs is null; sort is _id.
01-01 08:17:55.764   737   799 D SimSyncService: -- xavier -- broad cast: sync done...
01-01 08:17:55.775   787   797 D DownloadProvider: query done!
01-01 08:17:55.804   787   797 V DownloadProvider: created cursor com.android.providers.downloads.DownloadProvider$ReadOnlyCursorWrapper@43d41cf8 on behalf of 787
01-01 08:17:55.804   619   633 W PackageManager: Unknown permission com.google.android.googleapps.permission.GOOGLE_AUTH.cp in package com.android.providers.contacts
01-01 08:17:55.804   619   633 W PackageManager: Unknown permission com.google.android.googleapps.permission.GOOGLE_AUTH.mail in package com.android.contacts
01-01 08:17:55.825   619   633 W PackageManager: Unknown permission com.pekall.permission.READ_CH_LOCATION in package com.android.contacts
01-01 08:17:55.834   787   797 V DownloadNotification: updateCompletedNotification
01-01 08:17:55.834   787   797 D DownloadProvider: query :content://downloads/download
01-01 08:17:55.834   787   797 V DownloadProvider: starting query, database is not null; projection[0] is _id; projection[1] is title; projection[2] is description; projection[3] is notificationpackage; projection[4] is notificationclass; projection[5] is current_bytes; projection[6] is total_bytes; projection[7] is status; projection[8] is _data; projection[9] is lastmod; projection[10] is destination; selection is status >= '200' AND visibility == '1'; selectionArgs is null; sort is _id.
01-01 08:17:55.834   619   633 W PackageManager: Unknown permission android.permission.ADD_SYSTEM_SERVICE in package com.android.phone
01-01 08:17:55.854   787   797 D DownloadProvider: query done!
01-01 08:17:55.875   787   797 V DownloadProvider: created cursor com.android.providers.downloads.DownloadProvider$ReadOnlyCursorWrapper@43d44130 on behalf of 787
01-01 08:17:55.884   619   633 W PackageManager: Unknown permission com.pekall.permission.READ_CH_LOCATION in package com.android.phone
01-01 08:17:55.904   619   633 W PackageManager: Unknown permission com.google.android.googleapps.permission.GOOGLE_AUTH in package com.android.providers.calendar
01-01 08:17:55.904   619   633 W PackageManager: Unknown permission com.google.android.googleapps.permission.GOOGLE_AUTH.cl in package com.android.providers.calendar
01-01 08:17:55.945   619   633 W PackageManager: Unknown permission com.google.android.googleapps.permission.GOOGLE_AUTH.mail in package com.android.calendar
01-01 08:17:55.945   619   633 W PackageManager: Not granting permission android.permission.SEND_DOWNLOAD_COMPLETED_INTENTS to package com.android.browser (protectionLevel=2 flags=0x1be45)
01-01 08:17:55.945   619   633 W PackageManager: Unknown permission android.permission.INSTALL_DRM in package com.android.mms
01-01 08:17:55.964   619   633 W PackageManager: Unknown permission android.permission.ACCESS_DRM in package com.android.providers.downloads
01-01 08:17:55.974   619   633 W PackageManager: Unknown permission android.permission.INSTALL_DRM in package com.android.providers.downloads
01-01 08:17:56.714   787   808 D MediaScannerService: start scanning volume internal
01-01 08:17:56.945   787   787 V DownloadService: Service onDestroy
01-01 08:17:56.965   737   737 D FdnStateRceiver: Receiver called ...
01-01 08:17:56.965   737   737 D FdnStateRceiver: SYNC DONE mLocalFdnEnabled=false, mFdnEnabled=false
01-01 08:17:56.975   619   643 D KeyguardUpdateMonitor: handleBootComplete,SIM 0:ABSENT,SIM 1:READY
01-01 08:17:56.975   619   643 D KeyguardUpdateMonitor: Either SIM is not locked during power on
01-01 08:17:56.975   619   643 D KeyguardUpdateMonitor: reportIccPinCheckDone
01-01 08:17:57.385   619   623 D dalvikvm: GREF has increased to 301
01-01 08:17:57.684   619   623 D gralloc : maximum allocated pmem: 1896 KB
01-01 08:17:57.945   685   757 E SmsProvider: query SMS_ALL_ICC,mSimCacheDirty:false
01-01 08:17:57.955   685   757 E SmsProvider: syncDataFromIcc,mSimCacheDirty:false
01-01 08:17:57.955   685   757 E SmsProvider: No need to resync from ICC
01-01 08:17:57.974   685   757 D dalvikvm: GREF has increased to 201
01-01 08:17:57.974   729   823 E Mms:app : query for unread sim messages, hasUnread:false,isNew:false
01-01 08:17:58.164   787   808 I MediaScanner: initialize, volume: internal
01-01 08:17:58.174   787   808 I MediaScanner: prescan, filePath: null
01-01 08:17:58.214   809   819 D Calendar: missed alarms found: 0
01-01 08:17:58.335   729   807 D Mms     : getScrapBaseLocation sdcard mounted, use external sdcard
01-01 08:17:58.345   729   807 D Mms     : getScrapBaseLocation sdcard mounted, use external sdcard
01-01 08:17:58.345   729   807 D Mms     : /sdcard/mms/scrapSpace/ doesnot exists,no need clearScrapFile,token:-1
01-01 08:17:58.474   787   808 I MediaScanner_native: processDirectory, path: /system/media, extensions: DCF,3GP,MIDI,WBMP,AMR,M4V,OGG,MID,OGA,JPG,AWB,AAC,PNG,JPEG,MPEG,MP4,MP3,3GPP2,3GPP,RTX,BMP,3G2,OTA,RTTTL,WAV,GIF,IMY,SMF,M3U,WPL,PLS,XMF,M4A
01-01 08:17:58.474   787   808 I MediaScanner_native: doProcessDirectory, path: /system/media/, extensions: DCF,3GP,MIDI,WBMP,AMR,M4V,OGG,MID,OGA,JPG,AWB,AAC,PNG,JPEG,MPEG,MP4,MP3,3GPP2,3GPP,RTX,BMP,3G2,OTA,RTTTL,WAV,GIF,IMY,SMF,M3U,WPL,PLS,XMF,M4A
01-01 08:17:58.474   787   808 I MediaScanner_native: doProcessDirectory, path: /system/media/audio/, extensions: DCF,3GP,MIDI,WBMP,AMR,M4V,OGG,MID,OGA,JPG,AWB,AAC,PNG,JPEG,MPEG,MP4,MP3,3GPP2,3GPP,RTX,BMP,3G2,OTA,RTTTL,WAV,GIF,IMY,SMF,M3U,WPL,PLS,XMF,M4A
01-01 08:17:58.484   787   808 I MediaScanner_native: doProcessDirectory, path: /system/media/audio/ringtones/, extensions: DCF,3GP,MIDI,WBMP,AMR,M4V,OGG,MID,OGA,JPG,AWB,AAC,PNG,JPEG,MPEG,MP4,MP3,3GPP2,3GPP,RTX,BMP,3G2,OTA,RTTTL,WAV,GIF,IMY,SMF,M3U,WPL,PLS,XMF,M4A
01-01 08:17:58.505   787   808 I MediaScanner_native: fileMatchesExtension, path: /system/media/audio/ringtones/FriendlyGhost.ogg, extensions: DCF,3GP,MIDI,WBMP,AMR,M4V,OGG,MID,OGA,JPG,AWB,AAC,PNG,JPEG,MPEG,MP4,MP3,3GPP2,3GPP,RTX,BMP,3G2,OTA,RTTTL,WAV,GIF,IMY,SMF,M3U,WPL,PLS,XMF,M4A
01-01 08:17:58.514   787   808 I MediaScanner_native: doProcessDirectory, client.scanFile, path: /system/media/audio/ringtones/FriendlyGhost.ogg
01-01 08:17:58.514   787   808 I MediaScanner: scanFile: /system/media/audio/ringtones/FriendlyGhost.ogg
01-01 08:17:58.524   787   808 I MediaScanner: doScanFile, path: /system/media/audio/ringtones/FriendlyGhost.ogg, mimeType: null
01-01 08:17:58.524   787   808 I MediaScanner: beginFile, path: /system/media/audio/ringtones/FriendlyGhost.ogg, mimeTye: null
01-01 08:17:58.534   787   808 I MediaScanner: scanFile: /system/media/audio/ringtones/FriendlyGhost.ogg took 14
01-01 08:17:58.534   787   808 I MediaScanner_native: fileMatchesExtension, path: /system/media/audio/ringtones/BirdLoop.ogg, extensions: DCF,3GP,MIDI,WBMP,AMR,M4V,OGG,MID,OGA,JPG,AWB,AAC,PNG,JPEG,MPEG,MP4,MP3,3GPP2,3GPP,RTX,BMP,3G2,OTA,RTTTL,WAV,GIF,IMY,SMF,M3U,WPL,PLS,XMF,M4A
01-01 08:17:58.545   787   808 I MediaScanner_native: doProcessDirectory, client.scanFile, path: /system/media/audio/ringtones/BirdLoop.ogg
01-01 08:17:58.555   787   808 I MediaScanner: scanFile: /system/media/audio/ringtones/BirdLoop.ogg
01-01 08:17:58.555   787   808 I MediaScanner: doScanFile, path: /system/media/audio/ringtones/BirdLoop.ogg, mimeType: null
01-01 08:17:58.555   787   808 I MediaScanner: beginFile, path: /system/media/audio/ringtones/BirdLoop.ogg, mimeTye: null
01-01 08:17:58.555   787   808 I MediaScanner: scanFile: /system/media/audio/ringtones/BirdLoop.ogg took 1
01-01 08:17:58.564   787   808 I MediaScanner_native: fileMatchesExtension, path: /system/media/audio/ringtones/EtherShake.ogg, extensions: DCF,3GP,MIDI,WBMP,AMR,M4V,OGG,MID,OGA,JPG,AWB,AAC,PNG,JPEG,MPEG,MP4,MP3,3GPP2,3GPP,RTX,BMP,3G2,OTA,RTTTL,WAV,GIF,IMY,SMF,M3U,WPL,PLS,XMF,M4A
01-01 08:17:58.564   787   808 I MediaScanner_native: doProcessDirectory, client.scanFile, path: /system/media/audio/ringtones/EtherShake.ogg
01-01 08:17:58.575   787   808 I MediaScanner: scanFile: /system/media/audio/ringtones/EtherShake.ogg
01-01 08:17:58.575   787   808 I MediaScanner: doScanFile, path: /system/media/audio/ringtones/EtherShake.ogg, mimeType: null
01-01 08:17:58.575   787   808 I MediaScanner: beginFile, path: /system/media/audio/ringtones/EtherShake.ogg, mimeTye: null
01-01 08:17:58.575   787   808 I MediaScanner: scanFile: /system/media/audio/ringtones/EtherShake.ogg took 1
01-01 08:17:58.575   787   808 I MediaScanner_native: fileMatchesExtension, path: /system/media/audio/ringtones/Ring_Synth_02.ogg, extensions: DCF,3GP,MIDI,WBMP,AMR,M4V,OGG,MID,OGA,JPG,AWB,AAC,PNG,JPEG,MPEG,MP4,MP3,3GPP2,3GPP,RTX,BMP,3G2,OTA,RTTTL,WAV,GIF,IMY,SMF,M3U,WPL,PLS,XMF,M4A
01-01 08:17:58.585   787   808 I MediaScanner_native: doProcessDirectory, client.scanFile, path: /system/media/audio/ringtones/Ring_Synth_02.ogg
01-01 08:17:58.585   787   808 I MediaScanner: scanFile: /system/media/audio/ringtones/Ring_Synth_02.ogg
01-01 08:17:58.585   787   808 I MediaScanner: doScanFile, path: /system/media/audio/ringtones/Ring_Synth_02.ogg, mimeType: null
01-01 08:17:58.595   787   808 I MediaScanner: beginFile, path: /system/media/audio/ringtones/Ring_Synth_02.ogg, mimeTye: null
01-01 08:17:58.595   787   808 I MediaScanner: scanFile: /system/media/audio/ringtones/Ring_Synth_02.ogg took 6
01-01 08:17:58.595   787   808 I MediaScanner_native: fileMatchesExtension, path: /system/media/audio/ringtones/Growl.ogg, extensions: DCF,3GP,MIDI,WBMP,AMR,M4V,OGG,MID,OGA,JPG,AWB,AAC,PNG,JPEG,MPEG,MP4,MP3,3GPP2,3GPP,RTX,BMP,3G2,OTA,RTTTL,WAV,GIF,IMY,SMF,M3U,WPL,PLS,XMF,M4A
01-01 08:17:58.595   787   808 I MediaScanner_native: doProcessDirectory, client.scanFile, path: /system/media/audio/ringtones/Growl.ogg
01-01 08:17:58.595   787   808 I MediaScanner: scanFile: /system/media/audio/ringtones/Growl.ogg
01-01 08:17:58.605   787   808 I MediaScanner: doScanFile, path: /system/media/audio/ringtones/Growl.ogg, mimeType: null
01-01 08:17:58.605   685   755 V MmsProvider: Query uri=content://mms, match=0
01-01 08:17:58.614   787   808 I MediaScanner: beginFile, path: /system/media/audio/ringtones/Growl.ogg, mimeTye: null
01-01 08:17:58.614   787   808 I MediaScanner: scanFile: /system/media/audio/ringtones/Growl.ogg took 2
01-01 08:17:58.625   787   808 I MediaScanner_native: fileMatchesExtension, path: /system/media/audio/ringtones/BentleyDubs.ogg, extensions: DCF,3GP,MIDI,WBMP,AMR,M4V,OGG,MID,OGA,JPG,AWB,AAC,PNG,JPEG,MPEG,MP4,MP3,3GPP2,3GPP,RTX,BMP,3G2,OTA,RTTTL,WAV,GIF,IMY,SMF,M3U,WPL,PLS,XMF,M4A
01-01 08:17:58.635   787   808 I MediaScanner_native: doProcessDirectory, client.scanFile, path: /system/media/audio/ringtones/BentleyDubs.ogg
01-01 08:17:58.635   787   808 I MediaScanner: scanFile: /system/media/audio/ringtones/BentleyDubs.ogg
01-01 08:17:58.635   787   808 I MediaScanner: doScanFile, path: /system/media/audio/ringtones/BentleyDubs.ogg, mimeType: null
01-01 08:17:58.644   787   808 I MediaScanner: beginFile, path: /system/media/audio/ringtones/BentleyDubs.ogg, mimeTye: null
01-01 08:17:58.644   787   808 I MediaScanner: scanFile: /system/media/audio/ringtones/BentleyDubs.ogg took 1
01-01 08:17:58.644   787   808 I MediaScanner_native: fileMatchesExtension, path: /system/media/audio/ringtones/RomancingTheTone.ogg, extensions: DCF,3GP,MIDI,WBMP,AMR,M4V,OGG,MID,OGA,JPG,AWB,AAC,PNG,JPEG,MPEG,MP4,MP3,3GPP2,3GPP,RTX,BMP,3G2,OTA,RTTTL,WAV,GIF,IMY,SMF,M3U,WPL,PLS,XMF,M4A
01-01 08:17:58.654   787   808 I MediaScanner_native: doProcessDirectory, client.scanFile, path: /system/media/audio/ringtones/RomancingTheTone.ogg
01-01 08:17:58.654   787   808 I MediaScanner: scanFile: /system/media/audio/ringtones/RomancingTheTone.ogg
01-01 08:17:58.674   787   808 I MediaScanner: doScanFile, path: /system/media/audio/ringtones/RomancingTheTone.ogg, mimeType: null
01-01 08:17:58.674   787   808 I MediaScanner: beginFile, path: /system/media/audio/ringtones/RomancingTheTone.ogg, mimeTye: null
01-01 08:17:58.674   787   808 I MediaScanner: scanFile: /system/media/audio/ringtones/RomancingTheTone.ogg took 2
01-01 08:17:58.674   787   808 I MediaScanner_native: fileMatchesExtension, path: /system/media/audio/ringtones/MidEvilJaunt.ogg, extensions: DCF,3GP,MIDI,WBMP,AMR,M4V,OGG,MID,OGA,JPG,AWB,AAC,PNG,JPEG,MPEG,MP4,MP3,3GPP2,3GPP,RTX,BMP,3G2,OTA,RTTTL,WAV,GIF,IMY,SMF,M3U,WPL,PLS,XMF,M4A
01-01 08:17:58.685   787   808 I MediaScanner_native: doProcessDirectory, client.scanFile, path: /system/media/audio/ringtones/MidEvilJaunt.ogg
01-01 08:17:58.685   787   808 I MediaScanner: scanFile: /system/media/audio/ringtones/MidEvilJaunt.ogg
01-01 08:17:58.685   787   808 I MediaScanner: doScanFile, path: /system/media/audio/ringtones/MidEvilJaunt.ogg, mimeType: null
01-01 08:17:58.685   787   808 I MediaScanner: beginFile, path: /system/media/audio/ringtones/MidEvilJaunt.ogg, mimeTye: null
01-01 08:17:58.695   787   808 I MediaScanner: scanFile: /system/media/audio/ringtones/MidEvilJaunt.ogg took 2
01-01 08:17:58.695   787   808 I MediaScanner_native: fileMatchesExtension, path: /system/media/audio/ringtones/Ring_Synth_04.ogg, extensions: DCF,3GP,MIDI,WBMP,AMR,M4V,OGG,MID,OGA,JPG,AWB,AAC,PNG,JPEG,MPEG,MP4,MP3,3GPP2,3GPP,RTX,BMP,3G2,OTA,RTTTL,WAV,GIF,IMY,SMF,M3U,WPL,PLS,XMF,M4A
01-01 08:17:58.695   787   808 I MediaScanner_native: doProcessDirectory, client.scanFile, path: /system/media/audio/ringtones/Ring_Synth_04.ogg
01-01 08:17:58.695   787   808 I MediaScanner: scanFile: /system/media/audio/ringtones/Ring_Synth_04.ogg
01-01 08:17:58.704   787   808 I MediaScanner: doScanFile, path: /system/media/audio/ringtones/Ring_Synth_04.ogg, mimeType: null
01-01 08:17:58.704   787   808 I MediaScanner: beginFile, path: /system/media/audio/ringtones/Ring_Synth_04.ogg, mimeTye: null
01-01 08:17:58.704   787   808 I MediaScanner: scanFile: /system/media/audio/ringtones/Ring_Synth_04.ogg took 3
01-01 08:17:58.714   787   808 I MediaScanner_native: fileMatchesExtension, path: /system/media/audio/ringtones/CaribbeanIce.ogg, extensions: DCF,3GP,MIDI,WBMP,AMR,M4V,OGG,MID,OGA,JPG,AWB,AAC,PNG,JPEG,MPEG,MP4,MP3,3GPP2,3GPP,RTX,BMP,3G2,OTA,RTTTL,WAV,GIF,IMY,SMF,M3U,WPL,PLS,XMF,M4A
01-01 08:17:58.724   787   808 I MediaScanner_native: doProcessDirectory, client.scanFile, path: /system/media/audio/ringtones/CaribbeanIce.ogg
01-01 08:17:58.724   787   808 I MediaScanner: scanFile: /system/media/audio/ringtones/CaribbeanIce.ogg
01-01 08:17:58.724   787   808 I MediaScanner: doScanFile, path: /system/media/audio/ringtones/CaribbeanIce.ogg, mimeType: null
01-01 08:17:58.724   787   808 I MediaScanner: beginFile, path: /system/media/audio/ringtones/CaribbeanIce.ogg, mimeTye: null
01-01 08:17:58.724   787   808 I MediaScanner: scanFile: /system/media/audio/ringtones/CaribbeanIce.ogg took 1
01-01 08:17:58.734   787   808 I MediaScanner_native: fileMatchesExtension, path: /system/media/audio/ringtones/World.ogg, extensions: DCF,3GP,MIDI,WBMP,AMR,M4V,OGG,MID,OGA,JPG,AWB,AAC,PNG,JPEG,MPEG,MP4,MP3,3GPP2,3GPP,RTX,BMP,3G2,OTA,RTTTL,WAV,GIF,IMY,SMF,M3U,WPL,PLS,XMF,M4A
01-01 08:17:58.745   787   808 I MediaScanner_native: doProcessDirectory, client.scanFile, path: /system/media/audio/ringtones/World.ogg
01-01 08:17:58.745   787   808 I MediaScanner: scanFile: /system/media/audio/ringtones/World.ogg
01-01 08:17:58.755   787   808 I MediaScanner: doScanFile, path: /system/media/audio/ringtones/World.ogg, mimeType: null
01-01 08:17:58.755   787   808 I MediaScanner: beginFile, path: /system/media/audio/ringtones/World.ogg, mimeTye: null
01-01 08:17:58.755   787   808 I MediaScanner: scanFile: /system/media/audio/ringtones/World.ogg took 2
01-01 08:17:58.755   787   808 I MediaScanner_native: fileMatchesExtension, path: /system/media/audio/ringtones/CurveBall.ogg, extensions: DCF,3GP,MIDI,WBMP,AMR,M4V,OGG,MID,OGA,JPG,AWB,AAC,PNG,JPEG,MPEG,MP4,MP3,3GPP2,3GPP,RTX,BMP,3G2,OTA,RTTTL,WAV,GIF,IMY,SMF,M3U,WPL,PLS,XMF,M4A
01-01 08:17:58.755   787   808 I MediaScanner_native: doProcessDirectory, client.scanFile, path: /system/media/audio/ringtones/CurveBall.ogg
01-01 08:17:58.755   787   808 I MediaScanner: scanFile: /system/media/audio/ringtones/CurveBall.ogg
01-01 08:17:58.764   787   808 I MediaScanner: doScanFile, path: /system/media/audio/ringtones/CurveBall.ogg, mimeType: null
01-01 08:17:58.764   787   808 I MediaScanner: beginFile, path: /system/media/audio/ringtones/CurveBall.ogg, mimeTye: null
01-01 08:17:58.764   787   808 I MediaScanner: scanFile: /system/media/audio/ringtones/CurveBall.ogg took 1
01-01 08:17:58.764   787   808 I MediaScanner_native: fileMatchesExtension, path: /system/media/audio/ringtones/SitarVsSitar.ogg, extensions: DCF,3GP,MIDI,WBMP,AMR,M4V,OGG,MID,OGA,JPG,AWB,AAC,PNG,JPEG,MPEG,MP4,MP3,3GPP2,3GPP,RTX,BMP,3G2,OTA,RTTTL,WAV,GIF,IMY,SMF,M3U,WPL,PLS,XMF,M4A

01-01 08:17:58.774   787   808 I MediaScanner_native: doProcessDirectory, client.scanFile, path: /system/media/audio/ringtones/SitarVsSitar.ogg
01-01 08:17:58.774   787   808 I MediaScanner: scanFile: /system/media/audio/ringtones/SitarVsSitar.ogg
01-01 08:17:58.785   787   808 I MediaScanner: doScanFile, path: /system/media/audio/ringtones/SitarVsSitar.ogg, mimeType: null
01-01 08:17:58.785   787   808 I MediaScanner: beginFile, path: /system/media/audio/ringtones/SitarVsSitar.ogg, mimeTye: null
01-01 08:17:58.795   787   808 I MediaScanner: scanFile: /system/media/audio/ringtones/SitarVsSitar.ogg took 11
01-01 08:17:58.795   787   808 I MediaScanner_native: fileMatchesExtension, path: /system/media/audio/ringtones/MildlyAlarming.ogg, extensions: DCF,3GP,MIDI,WBMP,AMR,M4V,OGG,MID,OGA,JPG,AWB,AAC,PNG,JPEG,MPEG,MP4,MP3,3GPP2,3GPP,RTX,BMP,3G2,OTA,RTTTL,WAV,GIF,IMY,SMF,M3U,WPL,PLS,XMF,M4A
01-01 08:17:58.795   787   808 I MediaScanner_native: doProcessDirectory, client.scanFile, path: /system/media/audio/ringtones/MildlyAlarming.ogg
01-01 08:17:58.795   787   808 I MediaScanner: scanFile: /system/media/audio/ringtones/MildlyAlarming.ogg
01-01 08:17:58.795   729   807 D SmsReceiverService: handleSimStateChanged checked false state ABSENT
01-01 08:17:58.804   787   808 I MediaScanner: doScanFile, path: /system/media/audio/ringtones/MildlyAlarming.ogg, mimeType: null
01-01 08:17:58.804   787   808 I MediaScanner: beginFile, path: /system/media/audio/ringtones/MildlyAlarming.ogg, mimeTye: null
01-01 08:17:58.815   787   808 I MediaScanner: scanFile: /system/media/audio/ringtones/MildlyAlarming.ogg took 12
01-01 08:17:58.824   787   808 I MediaScanner_native: fileMatchesExtension, path: /system/media/audio/ringtones/GameOverGuitar.ogg, extensions: DCF,3GP,MIDI,WBMP,AMR,M4V,OGG,MID,OGA,JPG,AWB,AAC,PNG,JPEG,MPEG,MP4,MP3,3GPP2,3GPP,RTX,BMP,3G2,OTA,RTTTL,WAV,GIF,IMY,SMF,M3U,WPL,PLS,XMF,M4A
01-01 08:17:58.824   787   808 I MediaScanner_native: doProcessDirectory, client.scanFile, path: /system/media/audio/ringtones/GameOverGuitar.ogg
01-01 08:17:58.824   787   808 I MediaScanner: scanFile: /system/media/audio/ringtones/GameOverGuitar.ogg
01-01 08:17:58.835   787   808 I MediaScanner: doScanFile, path: /system/media/audio/ringtones/GameOverGuitar.ogg, mimeType: null
01-01 08:17:58.835   787   808 I MediaScanner: beginFile, path: /system/media/audio/ringtones/GameOverGuitar.ogg, mimeTye: null
01-01 08:17:58.835   787   808 I MediaScanner: scanFile: /system/media/audio/ringtones/GameOverGuitar.ogg took 1
01-01 08:17:58.835   787   808 I MediaScanner_native: fileMatchesExtension, path: /system/media/audio/ringtones/Ring_Digital_02.ogg, extensions: DCF,3GP,MIDI,WBMP,AMR,M4V,OGG,MID,OGA,JPG,AWB,AAC,PNG,JPEG,MPEG,MP4,MP3,3GPP2,3GPP,RTX,BMP,3G2,OTA,RTTTL,WAV,GIF,IMY,SMF,M3U,WPL,PLS,XMF,M4A
01-01 08:17:58.835   787   808 I MediaScanner_native: doProcessDirectory, client.scanFile, path: /system/media/audio/ringtones/Ring_Digital_02.ogg
01-01 08:17:58.844   787   808 I MediaScanner: scanFile: /system/media/audio/ringtones/Ring_Digital_02.ogg
01-01 08:17:58.844   787   808 I MediaScanner: doScanFile, path: /system/media/audio/ringtones/Ring_Digital_02.ogg, mimeType: null
01-01 08:17:58.844   787   808 I MediaScanner: beginFile, path: /system/media/audio/ringtones/Ring_Digital_02.ogg, mimeTye: null
01-01 08:17:58.844   787   808 I MediaScanner: scanFile: /system/media/audio/ringtones/Ring_Digital_02.ogg took 1
01-01 08:17:58.844   787   808 I MediaScanner_native: fileMatchesExtension, path: /system/media/audio/ringtones/NewPlayer.ogg, extensions: DCF,3GP,MIDI,WBMP,AMR,M4V,OGG,MID,OGA,JPG,AWB,AAC,PNG,JPEG,MPEG,MP4,MP3,3GPP2,3GPP,RTX,BMP,3G2,OTA,RTTTL,WAV,GIF,IMY,SMF,M3U,WPL,PLS,XMF,M4A
01-01 08:17:58.844   787   808 I MediaScanner_native: doProcessDirectory, client.scanFile, path: /system/media/audio/ringtones/NewPlayer.ogg
01-01 08:17:58.844   787   808 I MediaScanner: scanFile: /system/media/audio/ringtones/NewPlayer.ogg
01-01 08:17:58.865   787   808 I MediaScanner: doScanFile, path: /system/media/audio/ringtones/NewPlayer.ogg, mimeType: null
01-01 08:17:58.865   787   808 I MediaScanner: beginFile, path: /system/media/audio/ringtones/NewPlayer.ogg, mimeTye: null
01-01 08:17:58.865   787   808 I MediaScanner: scanFile: /system/media/audio/ringtones/NewPlayer.ogg took 1
01-01 08:17:58.865   787   808 I MediaScanner_native: fileMatchesExtension, path: /system/media/audio/ringtones/Terminated.ogg, extensions: DCF,3GP,MIDI,WBMP,AMR,M4V,OGG,MID,OGA,JPG,AWB,AAC,PNG,JPEG,MPEG,MP4,MP3,3GPP2,3GPP,RTX,BMP,3G2,OTA,RTTTL,WAV,GIF,IMY,SMF,M3U,WPL,PLS,XMF,M4A
01-01 08:17:58.865   787   808 I MediaScanner_native: doProcessDirectory, client.scanFile, path: /system/media/audio/ringtones/Terminated.ogg
01-01 08:17:58.875   787   808 I MediaScanner: scanFile: /system/media/audio/ringtones/Terminated.ogg
01-01 08:17:58.875   787   808 I MediaScanner: doScanFile, path: /system/media/audio/ringtones/Terminated.ogg, mimeType: null
01-01 08:17:58.875   787   808 I MediaScanner: beginFile, path: /system/media/audio/ringtones/Terminated.ogg, mimeTye: null
01-01 08:17:58.875   787   808 I MediaScanner: scanFile: /system/media/audio/ringtones/Terminated.ogg took 1
01-01 08:17:58.875   787   808 I MediaScanner_native: fileMatchesExtension, path: /system/media/audio/ringtones/BeatPlucker.ogg, extensions: DCF,3GP,MIDI,WBMP,AMR,M4V,OGG,MID,OGA,JPG,AWB,AAC,PNG,JPEG,MPEG,MP4,MP3,3GPP2,3GPP,RTX,BMP,3G2,OTA,RTTTL,WAV,GIF,IMY,SMF,M3U,WPL,PLS,XMF,M4A
01-01 08:17:58.875   787   808 I MediaScanner_native: doProcessDirectory, client.scanFile, path: /system/media/audio/ringtones/BeatPlucker.ogg
01-01 08:17:58.875   787   808 I MediaScanner: scanFile: /system/media/audio/ringtones/BeatPlucker.ogg
01-01 08:17:58.885   787   808 I MediaScanner: doScanFile, path: /system/media/audio/ringtones/BeatPlucker.ogg, mimeType: null
01-01 08:17:58.885   787   808 I MediaScanner: beginFile, path: /system/media/audio/ringtones/BeatPlucker.ogg, mimeTye: null
01-01 08:17:58.885   787   808 I MediaScanner: scanFile: /system/media/audio/ringtones/BeatPlucker.ogg took 1
01-01 08:17:58.885   787   808 I MediaScanner_native: fileMatchesExtension, path: /system/media/audio/ringtones/LoopyLounge.ogg, extensions: DCF,3GP,MIDI,WBMP,AMR,M4V,OGG,MID,OGA,JPG,AWB,AAC,PNG,JPEG,MPEG,MP4,MP3,3GPP2,3GPP,RTX,BMP,3G2,OTA,RTTTL,WAV,GIF,IMY,SMF,M3U,WPL,PLS,XMF,M4A
01-01 08:17:58.885   787   808 I MediaScanner_native: doProcessDirectory, client.scanFile, path: /system/media/audio/ringtones/LoopyLounge.ogg
01-01 08:17:58.885   787   808 I MediaScanner: scanFile: /system/media/audio/ringtones/LoopyLounge.ogg
01-01 08:17:58.885   787   808 I MediaScanner: doScanFile, path: /system/media/audio/ringtones/LoopyLounge.ogg, mimeType: null
01-01 08:17:58.895   787   808 I MediaScanner: beginFile, path: /system/media/audio/ringtones/LoopyLounge.ogg, mimeTye: null
01-01 08:17:58.895   787   808 I MediaScanner: scanFile: /system/media/audio/ringtones/LoopyLounge.ogg took 1
01-01 08:17:58.895   787   808 I MediaScanner_native: fileMatchesExtension, path: /system/media/audio/ringtones/Noises3.ogg, extensions: DCF,3GP,MIDI,WBMP,AMR,M4V,OGG,MID,OGA,JPG,AWB,AAC,PNG,JPEG,MPEG,MP4,MP3,3GPP2,3GPP,RTX,BMP,3G2,OTA,RTTTL,WAV,GIF,IMY,SMF,M3U,WPL,PLS,XMF,M4A
01-01 08:17:58.895   787   808 I MediaScanner_native: doProcessDirectory, client.scanFile, path: /system/media/audio/ringtones/Noises3.ogg
01-01 08:17:58.895   787   808 I MediaScanner: scanFile: /system/media/audio/ringtones/Noises3.ogg
01-01 08:17:58.895   787   808 I MediaScanner: doScanFile, path: /system/media/audio/ringtones/Noises3.ogg, mimeType: null
01-01 08:17:58.904   787   808 I MediaScanner: beginFile, path: /system/media/audio/ringtones/Noises3.ogg, mimeTye: null
01-01 08:17:58.904   787   808 I MediaScanner: scanFile: /system/media/audio/ringtones/Noises3.ogg took 2
01-01 08:17:58.904   787   808 I MediaScanner_native: fileMatchesExtension, path: /system/media/audio/ringtones/Ring_Classic_02.ogg, extensions: DCF,3GP,MIDI,WBMP,AMR,M4V,OGG,MID,OGA,JPG,AWB,AAC,PNG,JPEG,MPEG,MP4,MP3,3GPP2,3GPP,RTX,BMP,3G2,OTA,RTTTL,WAV,GIF,IMY,SMF,M3U,WPL,PLS,XMF,M4A
01-01 08:17:58.904   787   808 I MediaScanner_native: doProcessDirectory, client.scanFile, path: /system/media/audio/ringtones/Ring_Classic_02.ogg
01-01 08:17:58.915   787   808 I MediaScanner: scanFile: /system/media/audio/ringtones/Ring_Classic_02.ogg
01-01 08:17:58.915   787   808 I MediaScanner: doScanFile, path: /system/media/audio/ringtones/Ring_Classic_02.ogg, mimeType: null
01-01 08:17:58.915   787   808 I MediaScanner: beginFile, path: /system/media/audio/ringtones/Ring_Classic_02.ogg, mimeTye: null
01-01 08:17:58.915   787   808 I MediaScanner: scanFile: /system/media/audio/ringtones/Ring_Classic_02.ogg took 1
01-01 08:17:58.915   787   808 I MediaScanner_native: fileMatchesExtension, path: /system/media/audio/ringtones/Noises1.ogg, extensions: DCF,3GP,MIDI,WBMP,AMR,M4V,OGG,MID,OGA,JPG,AWB,AAC,PNG,JPEG,MPEG,MP4,MP3,3GPP2,3GPP,RTX,BMP,3G2,OTA,RTTTL,WAV,GIF,IMY,SMF,M3U,WPL,PLS,XMF,M4A
01-01 08:17:58.915   787   808 I MediaScanner_native: doProcessDirectory, client.scanFile, path: /system/media/audio/ringtones/Noises1.ogg
01-01 08:17:58.924   787   808 I MediaScanner: scanFile: /system/media/audio/ringtones/Noises1.ogg
01-01 08:17:58.924   787   808 I MediaScanner: doScanFile, path: /system/media/audio/ringtones/Noises1.ogg, mimeType: null
01-01 08:17:58.924   787   808 I MediaScanner: beginFile, path: /system/media/audio/ringtones/Noises1.ogg, mimeTye: null
01-01 08:17:58.924   787   808 I MediaScanner: scanFile: /system/media/audio/ringtones/Noises1.ogg took 1
01-01 08:17:58.924   787   808 I MediaScanner_native: fileMatchesExtension, path: /system/media/audio/ringtones/InsertCoin.ogg, extensions: DCF,3GP,MIDI,WBMP,AMR,M4V,OGG,MID,OGA,JPG,AWB,AAC,PNG,JPEG,MPEG,MP4,MP3,3GPP2,3GPP,RTX,BMP,3G2,OTA,RTTTL,WAV,GIF,IMY,SMF,M3U,WPL,PLS,XMF,M4A
01-01 08:17:58.934   787   808 I MediaScanner_native: doProcessDirectory, client.scanFile, path: /system/media/audio/ringtones/InsertCoin.ogg
01-01 08:17:58.934   787   808 I MediaScanner: scanFile: /system/media/audio/ringtones/InsertCoin.ogg
01-01 08:17:58.944   787   808 I MediaScanner: doScanFile, path: /system/media/audio/ringtones/InsertCoin.ogg, mimeType: null
01-01 08:17:58.944   787   808 I MediaScanner: beginFile, path: /system/media/audio/ringtones/InsertCoin.ogg, mimeTye: null
01-01 08:17:58.944   787   808 I MediaScanner: scanFile: /system/media/audio/ringtones/InsertCoin.ogg took 2
01-01 08:17:58.954   787   808 I MediaScanner_native: fileMatchesExtension, path: /system/media/audio/ringtones/DreamTheme.ogg, extensions: DCF,3GP,MIDI,WBMP,AMR,M4V,OGG,MID,OGA,JPG,AWB,AAC,PNG,JPEG,MPEG,MP4,MP3,3GPP2,3GPP,RTX,BMP,3G2,OTA,RTTTL,WAV,GIF,IMY,SMF,M3U,WPL,PLS,XMF,M4A
01-01 08:17:58.954   787   808 I MediaScanner_native: doProcessDirectory, client.scanFile, path: /system/media/audio/ringtones/DreamTheme.ogg
01-01 08:17:58.954   787   808 I MediaScanner: scanFile: /system/media/audio/ringtones/DreamTheme.ogg
01-01 08:17:58.964   787   808 I MediaScanner: doScanFile, path: /system/media/audio/ringtones/DreamTheme.ogg, mimeType: null
01-01 08:17:58.964   787   808 I MediaScanner: beginFile, path: /system/media/audio/ringtones/DreamTheme.ogg, mimeTye: null
01-01 08:17:58.964   787   808 I MediaScanner: scanFile: /system/media/audio/ringtones/DreamTheme.ogg took 1
01-01 08:17:58.964   787   808 I MediaScanner_native: fileMatchesExtension, path: /system/media/audio/ringtones/CrazyDream.ogg, extensions: DCF,3GP,MIDI,WBMP,AMR,M4V,OGG,MID,OGA,JPG,AWB,AAC,PNG,JPEG,MPEG,MP4,MP3,3GPP2,3GPP,RTX,BMP,3G2,OTA,RTTTL,WAV,GIF,IMY,SMF,M3U,WPL,PLS,XMF,M4A
01-01 08:17:58.964   787   808 I MediaScanner_native: doProcessDirectory, client.scanFile, path: /system/media/audio/ringtones/CrazyDream.ogg
01-01 08:17:58.964   787   808 I MediaScanner: scanFile: /system/media/audio/ringtones/CrazyDream.ogg
