V/ConnectivityServiceExt( 1806): ConnectivityServiceExt starting up
D/ConnectivityServiceExt( 1806): getMobileDataEnabled returning true
V/ConnectivityServiceExt( 1806): Starting Wifi Service.
D/dalvikvm( 1806): GC_FOR_MALLOC freed 3229 objects / 209992 bytes in 256ms
I/WifiService( 1806): WifiService starting up with Wi-Fi disabled
D/Tethering( 1806): Tethering starting
D/NetworkManagmentService( 1806): Registering observer
I/SystemServer( 1806): Throttle Service
I/SystemServer( 1806): Accessibility Manager
I/SystemServer( 1806): Mount Service
I/SystemServer( 1806): Notification Manager
D/VoldCmdListener( 1729): volume list
I/NotificationService( 1806): ******updateUSBModeNotification()*****truefalse
D/lightservices1( 1806): mLedNotification nullmScreenOntrue mInCall falsemNotificationPulseEnabled true
I/PackageManager( 1806): Updating external media status from unmounted to unmounted
D/lightservices1( 1806): mLedNotification nullmScreenOntrue mInCall falsemNotificationPulseEnabled true
I/SystemServer( 1806): Device Storage Monitor
D/VoldCmdListener( 1729): share status ums
I/SystemServer( 1806): Location Manager
I/SystemServer( 1806): Search Service
I/SystemServer( 1806): DropBox Service
I/SystemServer( 1806): Wallpaper Service
I/SystemServer( 1806): Audio Service
I/AudioPolicyManagerBase( 1741): initStreamVolume() stream 0, min 0, max 5
I/AudioPolicyManagerBase( 1741): setStreamVolumeIndex() stream 0, index 5
I/AudioPolicyManagerBase( 1741): initStreamVolume() stream 1, min 0, max 7
I/AudioPolicyManagerBase( 1741): setStreamVolumeIndex() stream 1, index 7
I/AudioPolicyManagerBase( 1741): initStreamVolume() stream 2, min 0, max 7
I/AudioPolicyManagerBase( 1741): setStreamVolumeIndex() stream 2, index 3
I/AudioPolicyManagerBase( 1741): setStreamVolume() for output 1 stream 2, volume 0.134896, delay 0
I/AudioPolicyService( 1741): inserting command: 2 at index 0, num commands 0
I/AudioPolicyService( 1741): AudioCommandThread() adding set volume stream 2, volume 0.134896, output 1
I/AudioPolicyService( 1741): AudioCommandThread() waking up
I/AudioPolicyService( 1741): AudioCommandThread() processing set volume stream 2, volume 0.134896, output 1
I/AudioPolicyService( 1741): AudioCommandThread() going to sleep
I/AudioPolicyManagerBase( 1741): initStreamVolume() stream 3, min 0, max 15
I/AudioPolicyManagerBase( 1741): setStreamVolumeIndex() stream 3, index 1
I/AudioPolicyManagerBase( 1741): setStreamVolume() for output 1 stream 3, volume 0.038905, delay 0
I/AudioPolicyService( 1741): inserting command: 2 at index 0, num commands 0
I/AudioPolicyService( 1741): AudioCommandThread() adding set volume stream 3, volume 0.038905, output 1
I/AudioPolicyService( 1741): AudioCommandThread() waking up
I/AudioPolicyService( 1741): AudioCommandThread() processing set volume stream 3, volume 0.038905, output 1
I/AudioPolicyService( 1741): AudioCommandThread() going to sleep
I/AudioPolicyManagerBase( 1741): initStreamVolume() stream 4, min 0, max 7
I/AudioPolicyManagerBase( 1741): setStreamVolumeIndex() stream 4, index 7
I/AudioPolicyManagerBase( 1741): initStreamVolume() stream 5, min 0, max 7
I/AudioPolicyManagerBase( 1741): setStreamVolumeIndex() stream 5, index 3
I/AudioPolicyManagerBase( 1741): setStreamVolume() for output 1 stream 5, volume 0.134896, delay 0
I/AudioPolicyService( 1741): inserting command: 2 at index 0, num commands 0
I/AudioPolicyService( 1741): AudioCommandThread() adding set volume stream 5, volume 0.134896, output 1
I/AudioPolicyService( 1741): AudioCommandThread() waking up
I/AudioPolicyService( 1741): AudioCommandThread() processing set volume stream 5, volume 0.134896, output 1
I/AudioPolicyService( 1741): AudioCommandThread() going to sleep
I/AudioPolicyManagerBase( 1741): initStreamVolume() stream 6, min 0, max 15
I/AudioPolicyManagerBase( 1741): setStreamVolumeIndex() stream 6, index 10
I/AudioPolicyManagerBase( 1741): checkAndSetVolume() cannot set stream 6 volume with force use = 0 for comm
I/AudioPolicyManagerBase( 1741): initStreamVolume() stream 7, min 0, max 7
I/AudioPolicyManagerBase( 1741): setStreamVolumeIndex() stream 7, index 7
I/AudioPolicyManagerBase( 1741): initStreamVolume() stream 8, min 0, max 15
I/AudioPolicyManagerBase( 1741): setStreamVolumeIndex() stream 8, index 5
I/AudioPolicyManagerBase( 1741): setStreamVolume() for output 1 stream 8, volume 0.098855, delay 0
I/AudioPolicyService( 1741): inserting command: 2 at index 0, num commands 0
I/AudioPolicyService( 1741): AudioCommandThread() adding set volume stream 8, volume 0.107867, output 1
I/AudioPolicyService( 1741): AudioCommandThread() waking up
I/AudioPolicyService( 1741): AudioCommandThread() processing set volume stream 8, volume 0.107867, output 1
I/AudioPolicyService( 1741): AudioCommandThread() going to sleep
I/AudioPolicyManagerBase( 1741): initStreamVolume() stream 9, min 0, max 15
I/AudioPolicyManagerBase( 1741): setStreamVolumeIndex() stream 9, index 1
I/AudioPolicyManagerBase( 1741): setStreamVolume() for output 1 stream 9, volume 0.038905, delay 0
I/AudioPolicyService( 1741): inserting command: 2 at index 0, num commands 0
I/AudioPolicyService( 1741): AudioCommandThread() adding set volume stream 9, volume 0.038905, output 1
I/AudioPolicyService( 1741): AudioCommandThread() waking up
I/AudioPolicyService( 1741): AudioCommandThread() processing set volume stream 9, volume 0.038905, output 1
I/AudioPolicyService( 1741): AudioCommandThread() going to sleep
I/AudioPolicyManagerBase( 1741): initStreamVolume() stream 10, min 0, max 20
I/AudioPolicyManagerBase( 1741): setStreamVolumeIndex() stream 10, index 9
I/AudioPolicyManagerBase( 1741): setStreamVolume() for output 1 stream 10, volume 0.149624, delay 0
I/AudioPolicyManagerBase( 1741): checkAndSetVolume() fm stream 10 index 9, output 1, device 2
I/AudioPolicyManagerBase( 1741): checkAndSetVolume() send volume index to app: 9
I/AudioPolicyService( 1741): inserting command: 5 at index 0, num commands 0
I/AudioPolicyService( 1741): AudioCommandThread() adding set fm volume volume 9.000000
I/AudioPolicyService( 1741): AudioCommandThread() waking up
I/AudioPolicyService( 1741): AudioCommandThread() processing set fm volume volume 9.000000
I/AudioFlinger( 1741): setFmVolume: 9
I/AudioPolicyService( 1741): AudioCommandThread() processing set fm volume volume done!
I/AudioPolicyService( 1741): AudioCommandThread() going to sleep
I/AudioPolicyManagerBase( 1741): setStreamVolumeIndex() stream 5, index 3
I/AudioPolicyManagerBase( 1741): setStreamVolumeIndex() stream 7, index 7
I/AudioPolicyManagerBase( 1741): setStreamVolumeIndex() stream 8, index 15
I/AudioPolicyManagerBase( 1741): setStreamVolume() for output 1 stream 8, volume 1.000000, delay 0
I/AudioPolicyService( 1741): inserting command: 2 at index 0, num commands 0
I/AudioPolicyService( 1741): AudioCommandThread() adding set volume stream 8, volume 1.000000, output 1
I/AudioPolicyService( 1741): AudioCommandThread() waking up
I/AudioPolicyService( 1741): AudioCommandThread() processing set volume stream 8, volume 1.000000, output 1
I/AudioPolicyService( 1741): AudioCommandThread() going to sleep
I/AudioPolicyManagerBase( 1741): setStreamVolumeIndex() stream 9, index 1
I/AudioPolicyService( 1741): setPhoneState() tid 1741
I/AudioPolicyManagerBase( 1741): setPhoneState() state 0
I/AudioPolicyManagerBase( 1741): setPhoneState() setting same state 0
I/AudioFlinger( 1741): registerClient() 0xe4350, tid 1792, calling tid 1806
I/AudioFlinger( 1741): Adding notification client 0xe42f8
I/AudioFlinger( 1741): sendConfigEvent() num events 1 event 0, param 0
I/AudioFlinger( 1741): MixerThread 0x2f7f0 TID 1791 waking up
I/AudioFlinger( 1741): processConfigEvents() remaining events 1
I/AudioFlinger( 1741): PlaybackThread::audioConfigChanged, thread 0x2f7f0, event 0, param 0
I/AudioFlinger( 1741): audioConfigChanged_l() Notifying change to client 0x25730
I/AudioSystem( 1741): ioConfigChanged() event 0
I/AudioSystem( 1741): ioConfigChanged() opening already existing output! 1
I/AudioFlinger( 1741): audioConfigChanged_l() Notifying change to client 0xe42f8
I/AudioFlinger( 1741): MixerThread 0x2f7f0 TID 1791 going to sleep
I/AudioSystem( 1806): ioConfigChanged() event 0
I/AudioSystem( 1806): ioConfigChanged() new output samplingRate 44100, format 1 channels 2 frameCount 2048 latency 186
V/AudioService( 1806): getActiveStreamType: Forcing STREAM_RING...
I/AudioPolicyManagerBase( 1741): setStreamVolumeIndex() stream 2, index 3
I/AudioPolicyManagerBase( 1741): setStreamVolumeIndex() stream 5, index 3
I/SystemServer( 1806): Headset Observer
I/SystemServer( 1806): Dock Observer
W/DockObserver( 1806): This kernel does not have dock station support
I/SystemServer( 1806): UI Mode Manager Service
I/SystemServer( 1806): Backup Service
V/BackupManagerService( 1806): No ancestral data
I/BackupManagerService( 1806): Found stale backup journal, scheduling:
I/BackupManagerService( 1806):     + com.android.inputmethod.latin
I/BackupManagerService( 1806):     + com.android.browser
I/BackupManagerService( 1806):     + com.android.providers.userdictionary
I/BackupManagerService( 1806):     + android
I/BackupManagerService( 1806):     + com.android.providers.settings
I/BackupManagerService( 1806): Backup enabled => false
I/SystemServer( 1806): AppWidget Service
I/SystemServer( 1806): Recognition Service
D/VoldCmdListener( 1729): share status ums
D/StorageNotification( 1806): Startup with UMS connection true (media state unmounted)
D/StatusBarPolicy( 1806): Level1: 1 Level2: 6 Level3: 11 Level4: 19
I/SystemServer( 1806): DiskStats Service
I/WindowManager( 1806): SAFE MODE not enabled
W/DevicePolicyManagerService( 1806): failed parsing /data/system/device_policies.xml java.io.FileNotFoundException: /data/system/device_policies.xml (No such file or directory)
I/ActivityManager( 1806): Config changed: { scale=1.0 imsi=0/0 loc=en_US touch=3 keys=1/1/2 nav=1/1 orien=1 layout=17 uiMode=0 seq=1}
I/power   ( 1806): *** set_screen_state 1
D/LockPatternKeyguardView( 1806): createUnlockScreenFor,unlockMode:Pattern
V/LockPatternKeyguardView( 1806): **** UPDATE SCREEN: mode=LockScreen last mode=LockScreen
V/LockPatternKeyguardView( 1806): Gone=com.android.internal.policy.impl.PatternUnlockScreen@43f45208
V/LockPatternKeyguardView( 1806): Visible=com.android.internal.policy.impl.LockScreen@43f38cf0
D/PowerManagerService( 1806): system ready!
I/ActivityManager( 1806): Starting activity: Intent { act=android.intent.action.MAIN cat=[android.intent.category.HOME] flg=0x10000000 cmp=com.android.launcher/com.android.launcher2.Launcher }
I/ActivityManager( 1806): Sending system update to: ComponentInfo{com.android.providers.calendar/com.android.providers.calendar.CalendarUpgradeReceiver}
W/ActivityManager( 1806): pending app ProcessRecord{43f53d88 0:com.android.settings/1000} died before responding to broadcast
I/power   ( 1806): *** set_screen_state 0
D/SurfaceFlinger( 1735): About to give-up screen, flinger = 0xa810
V/EventHub( 1806): revents for 5 = 0x00000001
V/EventHub( 1806): /dev/input/event3 got: t0=89, t1=796333, type=0, code=1, v=0
V/EventHub( 1806): revents for 2 = 0x00000001
V/EventHub( 1806): /dev/input/event6 got: t0=89, t1=798072, type=0, code=1, v=0
V/EventHub( 1806): revents for 3 = 0x00000001
V/EventHub( 1806): /dev/input/event5 got: t0=89, t1=801820, type=0, code=1, v=0
I/power   ( 1806): *** set_screen_state 1
W/ActivityManager( 1806): goingToSleep with no resumed activity!
D/SurfaceFlinger( 1735): Screen about to return, flinger = 0xa810
W/StatusBar( 1806): No icon ID for slot ime
D/dalvikvm( 1806): GC_FOR_MALLOC freed 4649 objects / 288272 bytes in 271ms
D/LockPatternKeyguardView( 1806): createUnlockScreenFor,unlockMode:Pattern
V/LockPatternKeyguardView( 1806): **** UPDATE SCREEN: mode=LockScreen last mode=LockScreen
V/LockPatternKeyguardView( 1806): Gone=com.android.internal.policy.impl.PatternUnlockScreen@43f4dd28
V/LockPatternKeyguardView( 1806): Visible=com.android.internal.policy.impl.LockScreen@43f5ff70
V/LockPatternKeyguardView( 1806): **** UPDATE SCREEN: mode=LockScreen last mode=LockScreen
V/LockPatternKeyguardView( 1806): Gone=com.android.internal.policy.impl.PatternUnlockScreen@43f4dd28
V/LockPatternKeyguardView( 1806): Visible=com.android.internal.policy.impl.LockScreen@43f5ff70
D/lightservices1( 1806): mLedNotification nullmScreenOntrue mInCall falsemNotificationPulseEnabled true
D/StatusBar( 1806): DISABLE_EXPAND: yes
E/Lights  ( 1806): write_int failed to open /sys/class/leds/green/delay_on
D/lightservices1( 1806): mLedNotification nullmScreenOntrue mInCall falsemNotificationPulseEnabled true




