V/WebSettings( 2027): getUserAgentString default: HuaweiT8100_TD/1.0 Android/2.2 Release/12.25.2010 Browser/WAP2.0 Profile/MIDP-2.0 Configuration/CLDC-1.1 AppleWebKit/533.1
V/webkit  ( 2027): getCookie: uri: http://pim1.monternet.com/wap/wap/zh/login/inputPWD.vm value: JSESSIONID=2D82CE8D4C279FEA3E4D1EBB154FC12A.worker1
V/cache   ( 2027): getCacheFile: http://pim1.monternet.com/wap/wap/zh/login/inputPWD.vm
V/webkit  ( 2027): FrameLoader: http GET load for: http://pim1.monternet.com/wap/wap/zh/login/inputPWD.vm
V/http    ( 2027): 446677 WebViewWorkerThread RequestQueue.queueRequest url:http://pim1.monternet.com/wap/wap/zh/login/inputPWD.vm
V/http    ( 2027): 446677 WebViewWorkerThread RequestQueue.queueRequest uri:http://pim1.monternet.com/wap/wap/zh/login/inputPWD.vm
V/http    ( 2027): 446677 WebViewWorkerThread RequestQueue.queueRequest shouldUseWifiProxy: false
V/http    ( 2027): 446678 WebViewWorkerThread RequestQueue.inWifiProxyBlackList url:http://pim1.monternet.com/wap/wap/zh/login/inputPWD.vm
V/http    ( 2027): 446678 WebViewWorkerThread RequestQueue.inWifiProxyBlackList web1: 
V/http    ( 2027): 446679 WebViewWorkerThread RequestQueue.inWifiProxyBlackList web2: 
V/http    ( 2027): 446679 WebViewWorkerThread RequestQueue.inWifiProxyBlackList web3: 
V/http    ( 2027): 446679 WebViewWorkerThread RequestQueue.inWifiProxyBlackList web4: 192.168.
V/http    ( 2027): 446679 WebViewWorkerThread RequestQueue.inWifiProxyBlackList not match
I/WebCoreFrameBridge( 2027): startLoadingResource, 516
V/http    ( 2027): 446699 WebViewWorkerThread RequestQueue.queueRequest proxy: http://10.0.0.172:80
V/http    ( 2027): 446703 http3 RequestQueue.getRequest() => /wap/wap/zh/login/inputPWD.vm
V/http    ( 2027): 446703 http3 ConnectionThread: new request http://pim1.monternet.com:80 /wap/wap/zh/login/inputPWD.vm
V/http    ( 2027): 446704 http3 RequestQueue.inWifiProxyBlackList url:http://pim1.monternet.com:80
V/http    ( 2027): 446704 http3 RequestQueue.inWifiProxyBlackList web1: 
V/http    ( 2027): 446704 http3 RequestQueue.inWifiProxyBlackList web2: 
V/http    ( 2027): 446704 http3 RequestQueue.inWifiProxyBlackList web3: 
V/http    ( 2027): 446704 http3 RequestQueue.inWifiProxyBlackList web4: 192.168.
V/http    ( 2027): 446705 http3 RequestQueue.inWifiProxyBlackList not match
V/http    ( 2027): 446706 http3 RequestQueue.determineHost host: http://pim1.monternet.com:80
V/http    ( 2027): 446706 http3 RequestQueue.determineHost proxy: http://10.0.0.172:80
V/http    ( 2027): 446706 http3 getConnection :http://10.0.0.172:80
V/http    ( 2027): 446707 http3 RequestQueue.inWifiProxyBlackList url:http://10.0.0.172:80
V/http    ( 2027): 446707 http3 RequestQueue.inWifiProxyBlackList web1: 
V/http    ( 2027): 446707 http3 RequestQueue.inWifiProxyBlackList web2: 
V/http    ( 2027): 446708 http3 RequestQueue.inWifiProxyBlackList web3: 
V/http    ( 2027): 446708 http3 RequestQueue.inWifiProxyBlackList web4: 192.168.
V/http    ( 2027): 446708 http3 RequestQueue.inWifiProxyBlackList not match
V/http    ( 2027): 446708 http3 mInterface is pdp_ip0
V/http    ( 2027): 446708 http3 SEND pipe 0
V/LoadListener( 2027): LoadListener.certificate: null
V/LoadListener( 2027): LoadListener.attachRequestHandle(): requestHandle: android.net.http.RequestHandle@43e5ae38
V/webview ( 2027): setCertificate=null
V/BrowserActivity( 2027): onPageStarted
I/TabControl( 2027): getCurrentTab
I/TabControl( 2027): getTab
I/TabControl( 2027): getCurrentTab
I/TabControl( 2027): getTab
V/BrowserActivity( 2027): onProgressChanged: 10
V/TitleBar( 2027): onProgressChanged: com.android.browser.TitleBar@43d8ea68 10 false android.view.ViewRoot$W@43e52720
V/TitleBar( 2027): onProgressChanged: start animation
V/BrowserActivity( 2027): onProgressChanged:  false false
V/BrowserActivity( 2027): showFakeTitleBar: Handler{43e520c0} null false
V/BrowserActivity( 2027): onProgressChanged: 10
V/TitleBar( 2027): onProgressChanged: com.android.browser.TitleBar@43d8ea68 10 true android.view.ViewRoot$W@43e52720
V/BrowserActivity( 2027): onProgressChanged:  false false
V/BrowserActivity( 2027): showFakeTitleBar: Handler{43e520c0} null false
V/webview ( 2027): setCertificate=null
V/http    ( 2027): 454281 IdleReaper IdleCache IdleReaper shutdown: cached 3 reused 2
D/StorageMonitor( 1747): mms freeMem:10670080, smslowflag:false,mmslowflag:false,smsThrehold:10240,mmsThreshold:317440
V/http    ( 2027): 466861 http3 InetSocketAddress addr is 10.0.0.172/10.0.0.172:80
V/http    ( 2027): 467043 http3 Connection.openHttpConnection() 20334 http://10.0.0.172:80
V/LoadListener( 2027): LoadListener.certificate: null
V/http    ( 2027): 467052 http3 Request.sendRequest() http://pim1.monternet.com
V/http    ( 2027): 467055 http3 Request.requestSent() http://pim1.monternet.com/wap/wap/zh/login/inputPWD.vm
V/http    ( 2027): 467056 http3 READ pipe 1
V/http    ( 2027): 467058 http3 processRequests() reading /wap/wap/zh/login/inputPWD.vm
V/webview ( 2027): setCertificate=null
V/http    ( 2027): 467552 http3 read: HTTP/1.1 200 OK, Success
V/http    ( 2027): 467553 http3 hdr 19 content-length: 873
V/http    ( 2027): 467555 http3 hdr 44 content-type: text/vnd.wap.wml;charset=UTF-8
V/http    ( 2027): 467559 http3 hdr 25 server: Apache-Coyote/1.1
V/http    ( 2027): 467564 http3 hdr 16 pragma: No-cache
V/http    ( 2027): 467566 http3 hdr 23 cache-control: no-cache
V/http    ( 2027): 467568 http3 hdr 38 expires: Thu, 01 Jan 1970 00:00:00 GMT
V/http    ( 2027): 467569 http3 hdr 35 date: Tue, 23 Aug 2011 06:36:16 GMT
V/http    ( 2027): 467573 http3 hdr 22 content-encoding: gzip
V/http    ( 2027): 467575 http3 Request.readResponseStatus() 24 HTTP/1.1 200 OK, Success
V/LoadListener( 2027): LoadListener: from: http://pim1.monternet.com/wap/wap/zh/login/inputPWD.vm major: 1 minor: 1 code: 200 reason: OK, Success
V/LoadListener( 2027): LoadListener.headers
V/LoadListener( 2027): Dump HTTP headers:
V/LoadListener( 2027): content-length 873
V/LoadListener( 2027): content-type text/vnd.wap.wml;charset=UTF-8
V/LoadListener( 2027): content-encoding gzip
V/LoadListener( 2027): expires Thu, 01 Jan 1970 00:00:00 GMT
V/LoadListener( 2027): cache-control no-cache
V/LoadListener( 2027): pragma No-cache
V/LoadListener( 2027): server Apache-Coyote/1.1
V/LoadListener( 2027): date Tue, 23 Aug 2011 06:36:16 GMT
V/LoadListener( 2027): LoadListener.parseContentTypeHeader: contentType: text/vnd.wap.wml;charset=UTF-8
V/LoadListener( 2027): loading url: http://pim1.monternet.com/wap/wap/zh/login/inputPWD.vm
V/LoadListener( 2027): has cookie : false, in cache black list: false
V/LoadListener( 2027): do cache page: http://pim1.monternet.com/wap/wap/zh/login/inputPWD.vm
V/http    ( 2027): 467600 http3 Request.readResponse() 1777
V/LoadListener( 2027): LoadListener.data(): url: http://pim1.monternet.com/wap/wap/zh/login/inputPWD.vm
V/cache   ( 2027): createCacheFile: http://pim1.monternet.com/wap/wap/zh/login/inputPWD.vm
V/LoadListener( 2027): LoadListener.endData(): url: http://pim1.monternet.com/wap/wap/zh/login/inputPWD.vm
V/http    ( 2027): 467614 http3 Request.readResponse(): done http://pim1.monternet.com/wap/wap/zh/login/inputPWD.vm
V/http    ( 2027): 467616 http3 READ pipe 0
I/WebCore::FrameLoader( 2027): frameContainsWMLContent, 1585
I/WebCore::HistoryController( 2027): WebCoreBackForward - Adding backforward item for frame http://pim1.monternet.com/wap/wap/zh/login/inputPWD.vm
V/http    ( 2027): 467621 http3 IdleCache size 0 host http://10.0.0.172:80
I/WebCoreFrameBridge( 2027): addHistoryItem, 642
I/WebCoreFrameBridge( 2027): addHistoryItem, 649
I/WebCoreFrameBridge( 2027): updateVisitedHistory, 772
I/BrowserProvider( 2027): query url: content://browser/bookmarks url match: 0
I/WebCoreFrameBridge( 2027): updateVisitedHistory, 782
I/WebCoreFrameBridge( 2027): transitionToCommitted, 598
I/WebCoreFrameBridge( 2027): transitionToCommitted, 610
I/WebCore::FrameLoader( 2027): transitionToCommitted, mimetype: text/vnd.wap.wml
I/WebCore ( 2027): committedLoad, 693
I/WebCore::FrameLoader( 2027): begin createDocument, mimetype: text/vnd.wap.wml
I/WebCore::WML( 2027): createDocument, 340
I/WebCore::FrameLoader( 2027): write(): decode
V/http    ( 2027): 467646 http3 RequestQueue.getRequest() => null
V/http    ( 2027): 467646 http3 ConnectionThread: Waiting for work
I/WebCore::FrameLoader( 2027): write(): create decoder, mimetype: text/vnd.wap.wml
I/WebCore::TextResourceDecoder( 2027): defaultEncoding, content-type: 2, default encoding: UTF-8
I/WebCore::FrameLoader( 2027): write(): set decoder from http header
I/WebCore::FrameLoader( 2027): utf-8
I/WebCore::TextResourceDecoder( 2027): setEncoding(), source: 5
I/WebCore::TextResourceDecoder( 2027): setEncoding() name: UTF-8
I/WebCore::TextResourceDecoder( 2027): decode()
I/WebCore::TextResourceDecoder( 2027): decode() css charset done!
I/WebCore::TextResourceDecoder( 2027): checkForHeadCharset(), decode source: 5
I/WebCore::TextResourceDecoder( 2027): checkForHeadCharset(), buffer size: 1777
I/WebCore::TextResourceDecoder( 2027): checkForHeadCharset(), check encoding
I/WebCore::TextResourceDecoder( 2027): checkForHeadCharset(), check xml encoding
I/WebCore::TextResourceDecoder( 2027): checkForHeadCharset(), do check xml encoding
I/WebCore::TextResourceDecoder( 2027): checkForHeadCharset(), do check http encoding
I/WebCore::TextResourceDecoder( 2027): decode(),  html/xml charset done! current encoding: UTF-8
I/WebCore::TextResourceDecoder( 2027): shouldAutoDetect, m_usesEncodingDetector: 1, m_source :5
I/WebCore::TextResourceDecoder( 2027): decode() autodetect done!
I/WebCore::WML( 2027): internalSubset, 1081
I/WebCore::WML( 2027): createElement, 887
I/WebCore::WML( 2027): createElement, 887
I/WebCore::WML( 2027): createElement, 887
I/WebCore::WML( 2027): createElement, 887
I/WebCore::WML( 2027): createElement, 887
I/WebCore::WML( 2027): createElement, 887
I/WebCore::WML( 2027): createElement, 887
I/WebCore::WML( 2027): createElement, 887
I/WebCore::WML( 2027): createElement, 887
I/WebCore::WML( 2027): createElement, 887
I/WebCore::WML( 2027): createElement, 887
I/WebCore::WML( 2027): createElement, 887
I/WebCore::WML( 2027): createElement, 887
I/WebCore::WML( 2027): createElement, 887
I/WebCore::WML( 2027): createElement, 887
I/WebCore::WML( 2027): createElement, 887
I/WebCore::WML( 2027): createElement, 887
I/WebCore::WML( 2027): createElement, 887
I/WebCore::WML( 2027): createElement, 887
I/WebCore::WML( 2027): createElement, 887
I/WebCore::WML( 2027): createElement, 887
I/WebCore::WML( 2027): createElement, 887
I/WebCore::WML( 2027): createElement, 887
I/WebCore::WML( 2027): createElement, 887
I/WebCore::FrameLoader( 2027): encoding(), from m_decoder
I/WebCoreFrameBridge( 2027): startLoadingResource, 378
I/WebCoreFrameBridge( 2027): createJavaMapFromHTTPHeaders, 300
D/dalvikvm( 2027): GC_FOR_MALLOC freed 8798 objects / 549128 bytes in 120ms
I/WebCoreFrameBridge( 2027): createJavaMapFromHTTPHeaders, 327
V/webkit  ( 2027): startLoadingResource: url=http://pim1.monternet.com/wap/wap/zh/images/wap_tuijian.gif, method=GET, postData=null, isMainFramePage=true, mainResource=false, userGesture=true
V/LoadListener( 2027): LoadListener constructor url=http://pim1.monternet.com/wap/wap/zh/images/wap_tuijian.gif
V/WebSettings( 2027): getUserAgentString default: HuaweiT8100_TD/1.0 Android/2.2 Release/12.25.2010 Browser/WAP2.0 Profile/MIDP-2.0 Configuration/CLDC-1.1 AppleWebKit/533.1
V/webkit  ( 2027): getCookie: uri: http://pim1.monternet.com/wap/wap/zh/images/wap_tuijian.gif value: JSESSIONID=2D82CE8D4C279FEA3E4D1EBB154FC12A.worker1
V/cache   ( 2027): getCacheFile: http://pim1.monternet.com/wap/wap/zh/images/wap_tuijian.gif
I/WebCoreFrameBridge( 2027): startLoadingResource, 516
I/WebCore::WML( 2027): updateAltText, 602
I/WebCore::WML( 2027): createElement, 887
V/webkit  ( 2027): FrameLoader: http GET load for: http://pim1.monternet.com/wap/wap/zh/images/wap_tuijian.gif
V/http    ( 2027): 467909 WebViewWorkerThread RequestQueue.queueRequest url:http://pim1.monternet.com/wap/wap/zh/images/wap_tuijian.gif
V/http    ( 2027): 467911 WebViewWorkerThread RequestQueue.queueRequest uri:http://pim1.monternet.com/wap/wap/zh/images/wap_tuijian.gif
I/WebCore::WML( 2027): createElement, 887
I/WebCore::WML( 2027): createElement, 887
I/WebCore::WML( 2027): createElement, 887
I/WebCore::WML( 2027): createElement, 887
I/WebCore::WML( 2027): createElement, 887
V/http    ( 2027): 467932 WebViewWorkerThread RequestQueue.queueRequest shouldUseWifiProxy: false
V/http    ( 2027): 467934 WebViewWorkerThread RequestQueue.inWifiProxyBlackList url:http://pim1.monternet.com/wap/wap/zh/images/wap_tuijian.gif
V/http    ( 2027): 467943 WebViewWorkerThread RequestQueue.inWifiProxyBlackList web1: 
V/http    ( 2027): 467943 WebViewWorkerThread RequestQueue.inWifiProxyBlackList web2: 
V/http    ( 2027): 467946 WebViewWorkerThread RequestQueue.inWifiProxyBlackList web3: 
I/WebCore::WML( 2027): createElement, 887
V/http    ( 2027): 467953 WebViewWorkerThread RequestQueue.inWifiProxyBlackList web4: 192.168.
V/http    ( 2027): 467954 WebViewWorkerThread RequestQueue.inWifiProxyBlackList not match
V/http    ( 2027): 467956 WebViewWorkerThread RequestQueue.queueRequest proxy: http://10.0.0.172:80
I/WebCore::WML( 2027): createElement, 887
I/WebCore::WML( 2027): createElement, 887
V/http    ( 2027): 467967 http0 RequestQueue.getRequest() => /wap/wap/zh/images/wap_tuijian.gif
V/http    ( 2027): 467968 http0 ConnectionThread: new request http://pim1.monternet.com:80 /wap/wap/zh/images/wap_tuijian.gif
V/http    ( 2027): 467968 http0 RequestQueue.inWifiProxyBlackList url:http://pim1.monternet.com:80
V/http    ( 2027): 467969 http0 RequestQueue.inWifiProxyBlackList web1: 
V/http    ( 2027): 467979 http0 RequestQueue.inWifiProxyBlackList web2: 
V/http    ( 2027): 467981 http0 RequestQueue.inWifiProxyBlackList web3: 
V/LoadListener( 2027): LoadListener.attachRequestHandle(): requestHandle: android.net.http.RequestHandle@43d7a3d8
V/http    ( 2027): 467983 http0 RequestQueue.inWifiProxyBlackList web4: 192.168.
V/http    ( 2027): 467983 http0 RequestQueue.inWifiProxyBlackList not match
V/http    ( 2027): 467983 http0 RequestQueue.determineHost host: http://pim1.monternet.com:80
V/http    ( 2027): 467984 http0 RequestQueue.determineHost proxy: http://10.0.0.172:80
V/http    ( 2027): 467984 http0 SEND pipe 0
V/LoadListener( 2027): LoadListener.certificate: null
V/http    ( 2027): 467984 http0 Request.sendRequest() http://pim1.monternet.com
V/http    ( 2027): 467986 http0 Request.requestSent() http://pim1.monternet.com/wap/wap/zh/images/wap_tuijian.gif
V/http    ( 2027): 467987 http0 SEND pipe 1
V/http    ( 2027): 467987 http0 RequestQueue.getRequest(http://10.0.0.172:80) => null
V/http    ( 2027): 467988 http0 DRAIN pipe 1
V/http    ( 2027): 467988 http0 processRequests() reading /wap/wap/zh/images/wap_tuijian.gif
I/BrowserProvider( 2027): query url: content://browser/bookmarks url match: 0
I/WebCore::WML( 2027): createElement, 887
I/WebCore::WML( 2027): createElement, 887
I/WebCore::WML( 2027): createElement, 887
I/WebCore::WML( 2027): createElement, 887
I/WebCoreFrameBridge( 2027): setProgress, 715
V/BrowserActivity( 2027): onProgressChanged: 13
V/TitleBar( 2027): onProgressChanged: com.android.browser.TitleBar@43d8ea68 13 true android.view.ViewRoot$W@43e52720
V/BrowserActivity( 2027): onProgressChanged:  false false
V/BrowserActivity( 2027): showFakeTitleBar: Handler{43e520c0} null false
I/WebCoreFrameBridge( 2027): setProgress, 724
V/LoadListener( 2027): LoadListener.detachRequestHandle(): requestHandle: android.net.http.RequestHandle@43e5ae38
I/WebCore ( 2027): committedLoad, 693
I/WebCore::FrameLoader( 2027): write(): decode
I/WebCore::TextResourceDecoder( 2027): decode()
I/WebCore::TextResourceDecoder( 2027): decode() css charset done!
I/WebCore::TextResourceDecoder( 2027): decode(),  html/xml charset done! current encoding: UTF-8
I/WebCore::TextResourceDecoder( 2027): shouldAutoDetect, m_usesEncodingDetector: 1, m_source :5
I/WebCore::TextResourceDecoder( 2027): decode() autodetect done!
I/WebCore::TextResourceDecoder( 2027): flush()
V/cache   ( 2027): saveCacheFile for url http://pim1.monternet.com/wap/wap/zh/login/inputPWD.vm
V/webview ( 2027): SET_SCROLLBAR_MODES
V/webview ( 2027): SET_SCROLLBAR_MODES
V/webview ( 2027): SET_SCROLLBAR_MODES
V/webcore ( 2027): didFirstLayout standardLoad =true
V/webcore ( 2027): setupViewport mRestoredScale=0 mViewScale=0.75 mTextWrapScale=0.75
V/webcore ( 2027): VIEW_SIZE_CHANGED arg1=0 arg2=0 obj=android.webkit.WebView$ViewSizeData@43d59b88
V/webcore ( 2027): viewSizeChanged w=320; h=345; textwrapWidth=320; scale=0.75
V/webcore ( 2027): viewSizeChanged w=320; h=345; textwrapWidth=320; scale=0.75
V/webcore ( 2027): WEBKIT_DRAW arg1=0 arg2=0 obj=null
V/webcore ( 2027): webkitDraw start
V/webcore ( 2027): webkitDraw NEW_PICTURE_MSG_ID
V/webview ( 2027): NEW_PICTURE_MSG_ID
V/webview ( 2027): sendViewSizeZoom, viewWidth: 240, mInvActualScale: 1.3333334
V/webview ( 2027): NEW_PICTURE_MSG_ID {0,0,320,408}
V/webcore ( 2027): UPDATE_CACHE_AND_TEXT_ENTRY arg1=0 arg2=0 obj=null
V/webview ( 2027): UPDATE_TEXT_ENTRY_MSG_ID
V/http    ( 2027): 468462 http0 read: HTTP/1.1 200 OK, Success
V/http    ( 2027): 468463 http0 hdr 18 content-length: 79
V/http    ( 2027): 468465 http0 hdr 23 content-type: image/gif
V/http    ( 2027): 468467 http0 hdr 25 server: Apache-Coyote/1.1
V/http    ( 2027): 468468 http0 hdr 26 etag: W/"79-1277782664000"
V/http    ( 2027): 468469 http0 hdr 44 last-modified: Tue, 29 Jun 2010 03:37:44 GMT
V/http    ( 2027): 468473 http0 hdr 35 date: Tue, 23 Aug 2011 06:36:16 GMT
V/http    ( 2027): 468476 http0 Request.readResponseStatus() 24 HTTP/1.1 200 OK, Success
V/LoadListener( 2027): LoadListener: from: http://pim1.monternet.com/wap/wap/zh/images/wap_tuijian.gif major: 1 minor: 1 code: 200 reason: OK, Success
V/LoadListener( 2027): LoadListener.headers
V/LoadListener( 2027): Dump HTTP headers:
V/LoadListener( 2027): content-length 79
V/LoadListener( 2027): content-type image/gif
V/LoadListener( 2027): last-modified Tue, 29 Jun 2010 03:37:44 GMT
V/LoadListener( 2027): etag W/"79-1277782664000"
V/LoadListener( 2027): server Apache-Coyote/1.1
V/LoadListener( 2027): date Tue, 23 Aug 2011 06:36:16 GMT
V/LoadListener( 2027): LoadListener.parseContentTypeHeader: contentType: image/gif
V/LoadListener( 2027): loading url: http://pim1.monternet.com/wap/wap/zh/images/wap_tuijian.gif
V/LoadListener( 2027): has cookie : false, in cache black list: false
V/LoadListener( 2027): do cache page: http://pim1.monternet.com/wap/wap/zh/images/wap_tuijian.gif
V/cache   ( 2027): createCacheFile: http://pim1.monternet.com/wap/wap/zh/images/wap_tuijian.gif
V/cache   ( 2027): parseHeaders last-modified expires: 1314254226533
V/http    ( 2027): 468493 http0 Request.readResponse() 79
V/LoadListener( 2027): LoadListener.data(): url: http://pim1.monternet.com/wap/wap/zh/images/wap_tuijian.gif
V/LoadListener( 2027): LoadListener.endData(): url: http://pim1.monternet.com/wap/wap/zh/images/wap_tuijian.gif
V/http    ( 2027): 468511 http0 Request.readResponse(): done http://pim1.monternet.com/wap/wap/zh/images/wap_tuijian.gif
V/http    ( 2027): 468512 http0 DRAIN pipe 0
V/http    ( 2027): 468514 http0 IdleCache size 0 host http://10.0.0.172:80
I/WebCoreFrameBridge( 2027): setProgress, 715
I/WebCoreFrameBridge( 2027): setProgress, 724
V/http    ( 2027): 468524 http0 RequestQueue.getRequest() => null
V/http    ( 2027): 468525 http0 ConnectionThread: Waiting for work
V/LoadListener( 2027): LoadListener.detachRequestHandle(): requestHandle: android.net.http.RequestHandle@43d7a3d8
I/WebCoreFrameBridge( 2027): didReceiveIcon, 736
I/WebCoreFrameBridge( 2027): didFinishLoad, 616
V/BrowserActivity( 2027): onPageFinished
I/TabControl( 2027): getCurrentTab
I/TabControl( 2027): getTab
I/WebCoreFrameBridge( 2027): didFinishLoad, 636
I/WebCoreFrameBridge( 2027): setProgress, 715
I/WebCoreFrameBridge( 2027): setProgress, 724
V/webcore ( 2027): WEBKIT_DRAW arg1=0 arg2=0 obj=null
V/webcore ( 2027): webkitDraw start
I/TabControl( 2027): getCurrentTab
I/TabControl( 2027): getTab
V/cache   ( 2027): saveCacheFile for url http://pim1.monternet.com/wap/wap/zh/images/wap_tuijian.gif
V/cache   ( 2027): endTransaction
V/webcore ( 2027): webkitDraw NEW_PICTURE_MSG_ID
V/cache   ( 2027): startTransaction
V/BrowserActivity( 2027): onProgressChanged: 100
I/TabControl( 2027): getCurrentWebView
I/TabControl( 2027): getTab
V/webview ( 2027): UPDATE_TEXT_ENTRY_MSG_ID
V/webview ( 2027): NEW_PICTURE_MSG_ID
V/webview ( 2027): sendViewSizeZoom, viewWidth: 240, mInvActualScale: 1.3333334
V/webview ( 2027): NEW_PICTURE_MSG_ID {8,339,23,353}
I/WebCoreFrameBridge( 2027): HasPasswordField, 1502
I/WebCoreFrameBridge( 2027): HasPasswordField, 1514
I/WebCoreFrameBridge( 2027): HasPasswordField, 1533
V/cache   ( 2027): trimCacheIfNeeded
V/websync ( 2027): CookieSyncManager::syncFromRamToFlash STARTS
V/websync ( 2027): CookieSyncManager::syncFromRamToFlash DONE
V/BrowserActivity( 2027): updateScreenshot
I/TabControl( 2027): getCurrentTab
I/TabControl( 2027): getTab
I/BrowserProvider( 2027): query url: content://browser/bookmarks url match: 0














V/webview ( 2027): MotionEvent{43d67d00 action=0 x=166.38077 y=81.243034 pressure=0.024420025 size=0.0} at 474204 mTouchMode=7
V/webcore ( 2027): UPDATE_FRAME_CACHE_IF_LOADING arg1=0 arg2=0 obj=null
V/webview ( 2027): MotionEvent{43d67d00 action=2 x=165.5272 y=80.74923 pressure=0.024420025 size=0.0} at 474232 mTouchMode=1
V/webview ( 2027): MotionEvent{43d67d00 action=2 x=165.46155 y=80.65046 pressure=0.024420025 size=0.0} at 474257 mTouchMode=1
V/webview ( 2027): MotionEvent{43d67d00 action=2 x=165.78983 y=80.551704 pressure=0.024420025 size=0.0} at 474281 mTouchMode=1
V/webview ( 2027): MotionEvent{43d67d00 action=1 x=165.78983 y=80.551704 pressure=0.024420025 size=0.0} at 474304 mTouchMode=1
V/webview ( 2027): RELEASE_SINGLE_TAP
V/webcore ( 2027): VALID_NODE_BOUNDS arg1=0 arg2=0 obj=android.webkit.WebViewCore$MotionUpData@43dc11b8
V/webview ( 2027): DO_MOTION_UP
V/webcore ( 2027): TOUCH_UP arg1=0 arg2=0 obj=android.webkit.WebViewCore$TouchUpData@43ded4d0
V/webcore ( 2027): WEBKIT_DRAW arg1=0 arg2=0 obj=null
V/webcore ( 2027): webkitDraw start
V/webcore ( 2027): webkitDraw NEW_PICTURE_MSG_ID
V/webview ( 2027): UPDATE_TEXT_SELECTION_MSG_ID
V/webcore ( 2027): REQUEST_LABEL arg1=3246712 arg2=3973752 obj=null
V/webview ( 2027): rebuildWebTextView null == text
V/webview ( 2027): MT focusChanged false, 0
V/webview ( 2027): REQUEST_KEYBOARD_WITH_SELECTION_MSG_ID
V/webview ( 2027): NEW_PICTURE_MSG_ID
V/webview ( 2027): sendViewSizeZoom, viewWidth: 240, mInvActualScale: 1.3333334
V/webview ( 2027): NEW_PICTURE_MSG_ID {87,50,284,81}
D/dalvikvm( 1742): GC_EXTERNAL_ALLOC freed 1538 objects / 104944 bytes in 106ms
V/webcore ( 2027): WEBKIT_DRAW arg1=0 arg2=0 obj=null
V/webcore ( 2027): webkitDraw start
V/webcore ( 2027): webkitDraw NEW_PICTURE_MSG_ID
V/webview ( 2027): NEW_PICTURE_MSG_ID
V/webview ( 2027): sendViewSizeZoom, viewWidth: 240, mInvActualScale: 1.3333334
V/webview ( 2027): NEW_PICTURE_MSG_ID {0,0,320,408}
V/webcore ( 2027): SET_SCROLL_OFFSET arg1=0 arg2=0 obj=Point(0, 0)
V/webview ( 2027): sendOurVisibleRect=(0,19,r=240,b=188
V/webcore ( 2027): SET_GLOBAL_BOUNDS arg1=0 arg2=0 obj=Rect(0, 19 - 240, 188)
V/webview ( 2027): sendViewSizeZoom, viewWidth: 240, mInvActualScale: 1.3333334
V/webcore ( 2027): VIEW_SIZE_CHANGED arg1=0 arg2=0 obj=android.webkit.WebView$ViewSizeData@43db3150
V/webcore ( 2027): viewSizeChanged w=320; h=169; textwrapWidth=320; scale=0.75
V/webcore ( 2027): viewSizeChanged w=320; h=169; textwrapWidth=320; scale=0.75
V/webcore ( 2027): WEBKIT_DRAW arg1=0 arg2=0 obj=null
V/webcore ( 2027): webkitDraw start
V/webcore ( 2027): webkitDraw NEW_PICTURE_MSG_ID
V/webview ( 2027): NEW_PICTURE_MSG_ID
V/webview ( 2027): sendViewSizeZoom, viewWidth: 240, mInvActualScale: 1.3333334
V/webview ( 2027): NEW_PICTURE_MSG_ID {0,0,323,411}
V/webcore ( 2027): UPDATE_CACHE_AND_TEXT_ENTRY arg1=0 arg2=0 obj=null
V/webview ( 2027): UPDATE_TEXT_ENTRY_MSG_ID
V/webcore ( 2027): WEBKIT_DRAW arg1=0 arg2=0 obj=null
V/webcore ( 2027): webkitDraw start
V/webcore ( 2027): webkitDraw NEW_PICTURE_MSG_ID
V/webview ( 2027): NEW_PICTURE_MSG_ID
V/webview ( 2027): sendViewSizeZoom, viewWidth: 240, mInvActualScale: 1.3333334
V/webview ( 2027): NEW_PICTURE_MSG_ID {93,56,96,75}
V/webcore ( 2027): WEBKIT_DRAW arg1=0 arg2=0 obj=null
V/webcore ( 2027): webkitDraw start
V/webcore ( 2027): webkitDraw NEW_PICTURE_MSG_ID
V/webview ( 2027): NEW_PICTURE_MSG_ID
V/webview ( 2027): sendViewSizeZoom, viewWidth: 240, mInvActualScale: 1.3333334
V/webview ( 2027): NEW_PICTURE_MSG_ID {93,56,96,75}
V/webcore ( 2027): WEBKIT_DRAW arg1=0 arg2=0 obj=null
V/webcore ( 2027): webkitDraw start
V/webcore ( 2027): webkitDraw NEW_PICTURE_MSG_ID
V/webview ( 2027): NEW_PICTURE_MSG_ID
V/webview ( 2027): sendViewSizeZoom, viewWidth: 240, mInvActualScale: 1.3333334
V/webview ( 2027): NEW_PICTURE_MSG_ID {93,56,96,75}
V/AudioPolicyManagerALSA( 1636): startOutput() output 1, stream 1
E/AudioPolicyManagerALSA( 1636): mAvailableOutputDevices=0x3
V/AudioPolicyManagerALSA( 1636): getDeviceForStrategy() -out- strategy 0, device 2
V/AudioPolicyManagerALSA( 1636): setOutputDevice() output 1 device 2 delayMs 0
I/AudioFlinger( 1636): setParameters(): io 1, keyvalue routing=2, tid 1677, calling tid 1636
D/ALSAStreamOps( 1636): setParameters() routing=2
D/ALSAModule( 1636): v0.01 route called for devices 00000002 in mode 0...
D/ALSAModule( 1636): Routing audio to Speakerphone
D/ALSAModule( 1636): the same device
V/AudioPolicyManagerALSA( 1636): applyStreamVolumes() for output 1 and device 2
V/AudioPolicyManagerALSA( 1636): checkAndSetVolume() cannot set stream 6 volume with force use = 0 for comm
V/AudioPolicyManagerALSA( 1636): changeRefCount() stream 1, count 1
V/AudioPolicyManagerALSA( 1636): releaseOutput() 1
W/AudioHardwareALSA( 1636): Write request but device is in state SND_PCM_STATE_SETUP
D/AudioHardwareALSA( 1636): call snd_pcm_prepare
W/AudioHardwareALSA( 1636): current_state=1 - Wait for correct device state
V/AudioPolicyManagerALSA( 1636): stopOutput() output 1, stream 1
V/AudioPolicyManagerALSA( 1636): changeRefCount() stream 1, count 0
V/AudioPolicyManagerALSA( 1636): setOutputDevice() output 1 device 0 delayMs 372
D/AudioHardwareALSA( 1636): standby()
V/webcore ( 2027): WEBKIT_DRAW arg1=0 arg2=0 obj=null
V/webcore ( 2027): webkitDraw start
V/webcore ( 2027): webkitDraw NEW_PICTURE_MSG_ID
D/AudioHardwareALSA( 1636): mStreamType=1, mParent->getAnalogLoop()=0
V/webview ( 2027): NEW_PICTURE_MSG_ID
V/webview ( 2027): sendViewSizeZoom, viewWidth: 240, mInvActualScale: 1.3333334
V/webview ( 2027): NEW_PICTURE_MSG_ID {93,56,96,75}
V/webcore ( 2027): WEBKIT_DRAW arg1=0 arg2=0 obj=null
V/webcore ( 2027): webkitDraw start
V/webcore ( 2027): webkitDraw NEW_PICTURE_MSG_ID
V/webview ( 2027): NEW_PICTURE_MSG_ID
V/webview ( 2027): sendViewSizeZoom, viewWidth: 240, mInvActualScale: 1.3333334
V/webview ( 2027): NEW_PICTURE_MSG_ID {93,56,96,75}
V/AudioPolicyManagerALSA( 1636): startOutput() output 1, stream 1
E/AudioPolicyManagerALSA( 1636): mAvailableOutputDevices=0x3
V/AudioPolicyManagerALSA( 1636): getDeviceForStrategy() -out- strategy 0, device 2
V/AudioPolicyManagerALSA( 1636): setOutputDevice() output 1 device 2 delayMs 0
I/AudioFlinger( 1636): setParameters(): io 1, keyvalue routing=2, tid 1677, calling tid 1636
D/ALSAStreamOps( 1636): setParameters() routing=2
D/ALSAModule( 1636): v0.01 route called for devices 00000002 in mode 0...
D/ALSAModule( 1636): Routing audio to Speakerphone
D/ALSAModule( 1636): the same device
V/AudioPolicyManagerALSA( 1636): applyStreamVolumes() for output 1 and device 2
V/AudioPolicyManagerALSA( 1636): checkAndSetVolume() cannot set stream 6 volume with force use = 0 for comm
V/AudioPolicyManagerALSA( 1636): changeRefCount() stream 1, count 1
V/AudioPolicyManagerALSA( 1636): releaseOutput() 1
W/AudioHardwareALSA( 1636): Write request but device is in state SND_PCM_STATE_SETUP
D/AudioHardwareALSA( 1636): call snd_pcm_prepare
W/AudioHardwareALSA( 1636): current_state=1 - Wait for correct device state
V/AudioPolicyManagerALSA( 1636): stopOutput() output 1, stream 1
V/AudioPolicyManagerALSA( 1636): changeRefCount() stream 1, count 0
V/AudioPolicyManagerALSA( 1636): setOutputDevice() output 1 device 0 delayMs 372
W/KeyCharacterMap( 2027): No keyboard for id 0
W/KeyCharacterMap( 2027): Using default keymap: /system/usr/keychars/qwerty.kcm.bin
V/webcore ( 2027): SET_SELECTION arg1=0 arg2=0 obj=null
V/webcore ( 2027): PASS_TO_JS arg1=1 arg2=0 obj=android.webkit.WebViewCore$JSKeyData@43dd9ba8
D/AudioHardwareALSA( 1636): standby()
V/webcore ( 2027): PASS_TO_JS arg1=2 arg2=0 obj=android.webkit.WebViewCore$JSKeyData@43e3b098
V/webcore ( 2027): WEBKIT_DRAW arg1=0 arg2=0 obj=null
V/webcore ( 2027): webkitDraw start
V/webcore ( 2027): webkitDraw NEW_PICTURE_MSG_ID
V/webview ( 2027): NEW_PICTURE_MSG_ID
V/webview ( 2027): sendViewSizeZoom, viewWidth: 240, mInvActualScale: 1.3333334
V/webview ( 2027): NEW_PICTURE_MSG_ID {90,53,281,78}
D/AudioHardwareALSA( 1636): mStreamType=1, mParent->getAnalogLoop()=0
V/webcore ( 2027): WEBKIT_DRAW arg1=0 arg2=0 obj=null
V/webcore ( 2027): webkitDraw start
V/webcore ( 2027): webkitDraw NEW_PICTURE_MSG_ID
V/webview ( 2027): NEW_PICTURE_MSG_ID
V/webview ( 2027): sendViewSizeZoom, viewWidth: 240, mInvActualScale: 1.3333334
V/webview ( 2027): NEW_PICTURE_MSG_ID {0,0,323,411}
V/webcore ( 2027): SAVE_DOCUMENT_STATE arg1=0 arg2=0 obj=android.webkit.WebViewCore$CursorData@43e3b0b0
V/webcore ( 2027): WEBKIT_DRAW arg1=0 arg2=0 obj=null
V/webcore ( 2027): webkitDraw start
V/webcore ( 2027): webkitDraw NEW_PICTURE_MSG_ID
V/webview ( 2027): NEW_PICTURE_MSG_ID
V/webview ( 2027): sendViewSizeZoom, viewWidth: 240, mInvActualScale: 1.3333334
V/webview ( 2027): NEW_PICTURE_MSG_ID {102,56,105,75}
V/AudioPolicyManagerALSA( 1636): startOutput() output 1, stream 1
E/AudioPolicyManagerALSA( 1636): mAvailableOutputDevices=0x3
V/AudioPolicyManagerALSA( 1636): getDeviceForStrategy() -out- strategy 0, device 2
V/AudioPolicyManagerALSA( 1636): setOutputDevice() output 1 device 2 delayMs 0
I/AudioFlinger( 1636): setParameters(): io 1, keyvalue routing=2, tid 1677, calling tid 1636
D/ALSAStreamOps( 1636): setParameters() routing=2
D/ALSAModule( 1636): v0.01 route called for devices 00000002 in mode 0...
D/ALSAModule( 1636): Routing audio to Speakerphone
D/ALSAModule( 1636): the same device
V/AudioPolicyManagerALSA( 1636): applyStreamVolumes() for output 1 and device 2
V/AudioPolicyManagerALSA( 1636): checkAndSetVolume() cannot set stream 6 volume with force use = 0 for comm
V/AudioPolicyManagerALSA( 1636): changeRefCount() stream 1, count 1
V/AudioPolicyManagerALSA( 1636): releaseOutput() 1
W/AudioHardwareALSA( 1636): Write request but device is in state SND_PCM_STATE_SETUP
D/AudioHardwareALSA( 1636): call snd_pcm_prepare
W/AudioHardwareALSA( 1636): current_state=1 - Wait for correct device state
V/AudioPolicyManagerALSA( 1636): stopOutput() output 1, stream 1
V/AudioPolicyManagerALSA( 1636): changeRefCount() stream 1, count 0
V/AudioPolicyManagerALSA( 1636): setOutputDevice() output 1 device 0 delayMs 372
V/webcore ( 2027): SET_SELECTION arg1=1 arg2=1 obj=null
V/webcore ( 2027): PASS_TO_JS arg1=3 arg2=0 obj=android.webkit.WebViewCore$JSKeyData@43dda290
V/webcore ( 2027): PASS_TO_JS arg1=4 arg2=0 obj=android.webkit.WebViewCore$JSKeyData@43de2b98
V/webcore ( 2027): WEBKIT_DRAW arg1=0 arg2=0 obj=null
V/webcore ( 2027): webkitDraw start
D/AudioHardwareALSA( 1636): standby()
V/webcore ( 2027): webkitDraw NEW_PICTURE_MSG_ID
V/webview ( 2027): NEW_PICTURE_MSG_ID
V/webview ( 2027): sendViewSizeZoom, viewWidth: 240, mInvActualScale: 1.3333334
V/webview ( 2027): NEW_PICTURE_MSG_ID {93,56,278,75}
D/AudioHardwareALSA( 1636): mStreamType=1, mParent->getAnalogLoop()=0
V/webcore ( 2027): WEBKIT_DRAW arg1=0 arg2=0 obj=null
V/webcore ( 2027): webkitDraw start
V/webcore ( 2027): webkitDraw NEW_PICTURE_MSG_ID
V/webview ( 2027): NEW_PICTURE_MSG_ID
V/webview ( 2027): sendViewSizeZoom, viewWidth: 240, mInvActualScale: 1.3333334
V/webview ( 2027): NEW_PICTURE_MSG_ID {0,0,323,411}
V/AudioPolicyManagerALSA( 1636): startOutput() output 1, stream 1
E/AudioPolicyManagerALSA( 1636): mAvailableOutputDevices=0x3
V/AudioPolicyManagerALSA( 1636): getDeviceForStrategy() -out- strategy 0, device 2
V/AudioPolicyManagerALSA( 1636): setOutputDevice() output 1 device 2 delayMs 0
I/AudioFlinger( 1636): setParameters(): io 1, keyvalue routing=2, tid 1677, calling tid 1636
D/ALSAStreamOps( 1636): setParameters() routing=2
D/ALSAModule( 1636): v0.01 route called for devices 00000002 in mode 0...
D/ALSAModule( 1636): Routing audio to Speakerphone
D/ALSAModule( 1636): the same device
V/AudioPolicyManagerALSA( 1636): applyStreamVolumes() for output 1 and device 2
V/AudioPolicyManagerALSA( 1636): checkAndSetVolume() cannot set stream 6 volume with force use = 0 for comm
V/AudioPolicyManagerALSA( 1636): changeRefCount() stream 1, count 1
W/AudioHardwareALSA( 1636): Write request but device is in state SND_PCM_STATE_SETUP
D/AudioHardwareALSA( 1636): call snd_pcm_prepare
V/AudioPolicyManagerALSA( 1636): releaseOutput() 1
W/AudioHardwareALSA( 1636): current_state=1 - Wait for correct device state
V/AudioPolicyManagerALSA( 1636): stopOutput() output 1, stream 1
V/AudioPolicyManagerALSA( 1636): changeRefCount() stream 1, count 0
V/AudioPolicyManagerALSA( 1636): setOutputDevice() output 1 device 0 delayMs 372
V/webcore ( 2027): SET_SELECTION arg1=2 arg2=2 obj=null
V/webcore ( 2027): PASS_TO_JS arg1=5 arg2=0 obj=android.webkit.WebViewCore$JSKeyData@43dfc890
D/AudioHardwareALSA( 1636): standby()
V/webcore ( 2027): PASS_TO_JS arg1=6 arg2=0 obj=android.webkit.WebViewCore$JSKeyData@43dfc940
V/webcore ( 2027): WEBKIT_DRAW arg1=0 arg2=0 obj=null
V/webcore ( 2027): webkitDraw start
V/webcore ( 2027): webkitDraw NEW_PICTURE_MSG_ID
V/webview ( 2027): NEW_PICTURE_MSG_ID
V/webview ( 2027): sendViewSizeZoom, viewWidth: 240, mInvActualScale: 1.3333334
V/webview ( 2027): NEW_PICTURE_MSG_ID {93,56,278,75}
D/AudioHardwareALSA( 1636): mStreamType=1, mParent->getAnalogLoop()=0
V/webcore ( 2027): WEBKIT_DRAW arg1=0 arg2=0 obj=null
V/webcore ( 2027): webkitDraw start
V/webcore ( 2027): webkitDraw NEW_PICTURE_MSG_ID
V/webview ( 2027): NEW_PICTURE_MSG_ID
V/webview ( 2027): sendViewSizeZoom, viewWidth: 240, mInvActualScale: 1.3333334
V/webview ( 2027): NEW_PICTURE_MSG_ID {0,0,323,411}
V/webcore ( 2027): SAVE_DOCUMENT_STATE arg1=0 arg2=0 obj=android.webkit.WebViewCore$CursorData@43dfc958
V/webcore ( 2027): WEBKIT_DRAW arg1=0 arg2=0 obj=null
V/webcore ( 2027): webkitDraw start
V/webcore ( 2027): webkitDraw NEW_PICTURE_MSG_ID
V/webview ( 2027): NEW_PICTURE_MSG_ID
V/webview ( 2027): sendViewSizeZoom, viewWidth: 240, mInvActualScale: 1.3333334
V/webview ( 2027): NEW_PICTURE_MSG_ID {120,56,123,75}
V/AudioPolicyManagerALSA( 1636): startOutput() output 1, stream 1
E/AudioPolicyManagerALSA( 1636): mAvailableOutputDevices=0x3
V/AudioPolicyManagerALSA( 1636): getDeviceForStrategy() -out- strategy 0, device 2
V/AudioPolicyManagerALSA( 1636): setOutputDevice() output 1 device 2 delayMs 0
I/AudioFlinger( 1636): setParameters(): io 1, keyvalue routing=2, tid 1677, calling tid 1636
D/ALSAStreamOps( 1636): setParameters() routing=2
D/ALSAModule( 1636): v0.01 route called for devices 00000002 in mode 0...
D/ALSAModule( 1636): Routing audio to Speakerphone
D/ALSAModule( 1636): the same device
V/AudioPolicyManagerALSA( 1636): applyStreamVolumes() for output 1 and device 2
V/AudioPolicyManagerALSA( 1636): checkAndSetVolume() cannot set stream 6 volume with force use = 0 for comm
V/AudioPolicyManagerALSA( 1636): changeRefCount() stream 1, count 1
V/AudioPolicyManagerALSA( 1636): releaseOutput() 1
W/AudioHardwareALSA( 1636): Write request but device is in state SND_PCM_STATE_SETUP
D/AudioHardwareALSA( 1636): call snd_pcm_prepare
W/AudioHardwareALSA( 1636): current_state=1 - Wait for correct device state
V/webcore ( 2027): WEBKIT_DRAW arg1=0 arg2=0 obj=null
V/AudioPolicyManagerALSA( 1636): stopOutput() output 1, stream 1
V/AudioPolicyManagerALSA( 1636): changeRefCount() stream 1, count 0
V/AudioPolicyManagerALSA( 1636): setOutputDevice() output 1 device 0 delayMs 372
V/webcore ( 2027): webkitDraw start
V/webcore ( 2027): webkitDraw NEW_PICTURE_MSG_ID
V/webview ( 2027): NEW_PICTURE_MSG_ID
V/webview ( 2027): sendViewSizeZoom, viewWidth: 240, mInvActualScale: 1.3333334
V/webview ( 2027): NEW_PICTURE_MSG_ID {120,56,123,75}
V/webcore ( 2027): SET_SELECTION arg1=3 arg2=3 obj=null
V/webcore ( 2027): PASS_TO_JS arg1=7 arg2=0 obj=android.webkit.WebViewCore$JSKeyData@43d46e40
V/webcore ( 2027): PASS_TO_JS arg1=8 arg2=0 obj=android.webkit.WebViewCore$JSKeyData@43da3828
V/webcore ( 2027): WEBKIT_DRAW arg1=0 arg2=0 obj=null
V/webcore ( 2027): webkitDraw start
D/AudioHardwareALSA( 1636): standby()
V/webcore ( 2027): webkitDraw NEW_PICTURE_MSG_ID
V/webview ( 2027): NEW_PICTURE_MSG_ID
V/webview ( 2027): sendViewSizeZoom, viewWidth: 240, mInvActualScale: 1.3333334
V/webview ( 2027): NEW_PICTURE_MSG_ID {93,56,278,75}
D/AudioHardwareALSA( 1636): mStreamType=1, mParent->getAnalogLoop()=0
V/AudioPolicyManagerALSA( 1636): startOutput() output 1, stream 1
E/AudioPolicyManagerALSA( 1636): mAvailableOutputDevices=0x3
V/AudioPolicyManagerALSA( 1636): getDeviceForStrategy() -out- strategy 0, device 2
V/AudioPolicyManagerALSA( 1636): setOutputDevice() output 1 device 2 delayMs 0
I/AudioFlinger( 1636): setParameters(): io 1, keyvalue routing=2, tid 1677, calling tid 1636
D/ALSAStreamOps( 1636): setParameters() routing=2
D/ALSAModule( 1636): v0.01 route called for devices 00000002 in mode 0...
D/ALSAModule( 1636): Routing audio to Speakerphone
D/ALSAModule( 1636): the same device
V/AudioPolicyManagerALSA( 1636): applyStreamVolumes() for output 1 and device 2
V/AudioPolicyManagerALSA( 1636): checkAndSetVolume() cannot set stream 6 volume with force use = 0 for comm
V/AudioPolicyManagerALSA( 1636): changeRefCount() stream 1, count 1
V/AudioPolicyManagerALSA( 1636): releaseOutput() 1
W/AudioHardwareALSA( 1636): Write request but device is in state SND_PCM_STATE_SETUP
D/AudioHardwareALSA( 1636): call snd_pcm_prepare
W/AudioHardwareALSA( 1636): current_state=1 - Wait for correct device state
V/AudioPolicyManagerALSA( 1636): stopOutput() output 1, stream 1
V/AudioPolicyManagerALSA( 1636): changeRefCount() stream 1, count 0
V/AudioPolicyManagerALSA( 1636): setOutputDevice() output 1 device 0 delayMs 372
V/webcore ( 2027): SET_SELECTION arg1=4 arg2=4 obj=null
V/webcore ( 2027): PASS_TO_JS arg1=9 arg2=0 obj=android.webkit.WebViewCore$JSKeyData@43d7d380
V/webcore ( 2027): PASS_TO_JS arg1=10 arg2=0 obj=android.webkit.WebViewCore$JSKeyData@43ded968
V/webcore ( 2027): WEBKIT_DRAW arg1=0 arg2=0 obj=null
V/webcore ( 2027): webkitDraw start
D/AudioHardwareALSA( 1636): standby()
V/webcore ( 2027): webkitDraw NEW_PICTURE_MSG_ID
V/webview ( 2027): NEW_PICTURE_MSG_ID
V/webview ( 2027): sendViewSizeZoom, viewWidth: 240, mInvActualScale: 1.3333334
V/webview ( 2027): NEW_PICTURE_MSG_ID {93,56,278,75}
D/AudioHardwareALSA( 1636): mStreamType=1, mParent->getAnalogLoop()=0
V/webcore ( 2027): WEBKIT_DRAW arg1=0 arg2=0 obj=null
V/webcore ( 2027): webkitDraw start
V/webcore ( 2027): webkitDraw NEW_PICTURE_MSG_ID
V/webview ( 2027): NEW_PICTURE_MSG_ID
V/webview ( 2027): sendViewSizeZoom, viewWidth: 240, mInvActualScale: 1.3333334
V/webview ( 2027): NEW_PICTURE_MSG_ID {0,0,323,411}
V/AudioPolicyManagerALSA( 1636): startOutput() output 1, stream 1
E/AudioPolicyManagerALSA( 1636): mAvailableOutputDevices=0x3
V/AudioPolicyManagerALSA( 1636): getDeviceForStrategy() -out- strategy 0, device 2
V/AudioPolicyManagerALSA( 1636): setOutputDevice() output 1 device 2 delayMs 0
I/AudioFlinger( 1636): setParameters(): io 1, keyvalue routing=2, tid 1677, calling tid 1636
D/ALSAStreamOps( 1636): setParameters() routing=2
D/ALSAModule( 1636): v0.01 route called for devices 00000002 in mode 0...
D/ALSAModule( 1636): Routing audio to Speakerphone
D/ALSAModule( 1636): the same device
V/AudioPolicyManagerALSA( 1636): applyStreamVolumes() for output 1 and device 2
V/AudioPolicyManagerALSA( 1636): checkAndSetVolume() cannot set stream 6 volume with force use = 0 for comm
V/AudioPolicyManagerALSA( 1636): changeRefCount() stream 1, count 1
V/AudioPolicyManagerALSA( 1636): releaseOutput() 1
W/AudioHardwareALSA( 1636): Write request but device is in state SND_PCM_STATE_SETUP
D/AudioHardwareALSA( 1636): call snd_pcm_prepare
W/AudioHardwareALSA( 1636): current_state=1 - Wait for correct device state
V/AudioPolicyManagerALSA( 1636): stopOutput() output 1, stream 1
V/AudioPolicyManagerALSA( 1636): changeRefCount() stream 1, count 0
V/AudioPolicyManagerALSA( 1636): setOutputDevice() output 1 device 0 delayMs 372
V/webcore ( 2027): SET_SELECTION arg1=5 arg2=5 obj=null
V/webcore ( 2027): PASS_TO_JS arg1=11 arg2=0 obj=android.webkit.WebViewCore$JSKeyData@43e43ef8
V/webcore ( 2027): PASS_TO_JS arg1=12 arg2=0 obj=android.webkit.WebViewCore$JSKeyData@43dd6690
V/webcore ( 2027): WEBKIT_DRAW arg1=0 arg2=0 obj=null
V/webcore ( 2027): webkitDraw start
V/webcore ( 2027): webkitDraw NEW_PICTURE_MSG_ID
V/webview ( 2027): NEW_PICTURE_MSG_ID
V/webview ( 2027): sendViewSizeZoom, viewWidth: 240, mInvActualScale: 1.3333334
V/webview ( 2027): NEW_PICTURE_MSG_ID {93,56,278,75}
D/AudioHardwareALSA( 1636): standby()
D/AudioHardwareALSA( 1636): mStreamType=1, mParent->getAnalogLoop()=0
V/AudioPolicyManagerALSA( 1636): startOutput() output 1, stream 1
E/AudioPolicyManagerALSA( 1636): mAvailableOutputDevices=0x3
V/AudioPolicyManagerALSA( 1636): getDeviceForStrategy() -out- strategy 0, device 2
V/AudioPolicyManagerALSA( 1636): setOutputDevice() output 1 device 2 delayMs 0
I/AudioFlinger( 1636): setParameters(): io 1, keyvalue routing=2, tid 1677, calling tid 1636
D/ALSAStreamOps( 1636): setParameters() routing=2
D/ALSAModule( 1636): v0.01 route called for devices 00000002 in mode 0...
D/ALSAModule( 1636): Routing audio to Speakerphone
D/ALSAModule( 1636): the same device
V/AudioPolicyManagerALSA( 1636): applyStreamVolumes() for output 1 and device 2
V/AudioPolicyManagerALSA( 1636): checkAndSetVolume() cannot set stream 6 volume with force use = 0 for comm
V/AudioPolicyManagerALSA( 1636): changeRefCount() stream 1, count 1
V/AudioPolicyManagerALSA( 1636): releaseOutput() 1
W/AudioHardwareALSA( 1636): Write request but device is in state SND_PCM_STATE_SETUP
D/AudioHardwareALSA( 1636): call snd_pcm_prepare
V/webcore ( 2027): WEBKIT_DRAW arg1=0 arg2=0 obj=null
V/webcore ( 2027): webkitDraw start
W/AudioHardwareALSA( 1636): current_state=1 - Wait for correct device state
V/AudioPolicyManagerALSA( 1636): stopOutput() output 1, stream 1
V/AudioPolicyManagerALSA( 1636): changeRefCount() stream 1, count 0
V/AudioPolicyManagerALSA( 1636): setOutputDevice() output 1 device 0 delayMs 372
V/webcore ( 2027): webkitDraw NEW_PICTURE_MSG_ID
V/webcore ( 2027): SET_SELECTION arg1=6 arg2=6 obj=null
V/webcore ( 2027): PASS_TO_JS arg1=13 arg2=0 obj=android.webkit.WebViewCore$JSKeyData@43df92a8
V/webcore ( 2027): PASS_TO_JS arg1=14 arg2=0 obj=android.webkit.WebViewCore$JSKeyData@43df9368
V/webview ( 2027): NEW_PICTURE_MSG_ID
V/webview ( 2027): sendViewSizeZoom, viewWidth: 240, mInvActualScale: 1.3333334
V/webview ( 2027): NEW_PICTURE_MSG_ID {0,0,323,411}
D/AudioHardwareALSA( 1636): standby()
V/webcore ( 2027): WEBKIT_DRAW arg1=0 arg2=0 obj=null
V/webcore ( 2027): webkitDraw start
V/webcore ( 2027): webkitDraw NEW_PICTURE_MSG_ID
V/webview ( 2027): NEW_PICTURE_MSG_ID
V/webview ( 2027): sendViewSizeZoom, viewWidth: 240, mInvActualScale: 1.3333334
V/webview ( 2027): NEW_PICTURE_MSG_ID {93,56,278,75}
D/AudioHardwareALSA( 1636): mStreamType=1, mParent->getAnalogLoop()=0
V/webcore ( 2027): WEBKIT_DRAW arg1=0 arg2=0 obj=null
V/webcore ( 2027): webkitDraw start
V/webcore ( 2027): webkitDraw NEW_PICTURE_MSG_ID
V/webview ( 2027): NEW_PICTURE_MSG_ID
V/webview ( 2027): sendViewSizeZoom, viewWidth: 240, mInvActualScale: 1.3333334
V/webview ( 2027): NEW_PICTURE_MSG_ID {0,0,323,411}
V/webcore ( 2027): SAVE_DOCUMENT_STATE arg1=0 arg2=0 obj=android.webkit.WebViewCore$CursorData@43df9380
V/AudioPolicyManagerALSA( 1636): startOutput() output 1, stream 1
E/AudioPolicyManagerALSA( 1636): mAvailableOutputDevices=0x3
V/AudioPolicyManagerALSA( 1636): getDeviceForStrategy() -out- strategy 0, device 2
V/AudioPolicyManagerALSA( 1636): setOutputDevice() output 1 device 2 delayMs 0
I/AudioFlinger( 1636): setParameters(): io 1, keyvalue routing=2, tid 1677, calling tid 1636
D/ALSAStreamOps( 1636): setParameters() routing=2
D/ALSAModule( 1636): v0.01 route called for devices 00000002 in mode 0...
D/ALSAModule( 1636): Routing audio to Speakerphone
D/ALSAModule( 1636): the same device
V/AudioPolicyManagerALSA( 1636): applyStreamVolumes() for output 1 and device 2
V/AudioPolicyManagerALSA( 1636): checkAndSetVolume() cannot set stream 6 volume with force use = 0 for comm
V/AudioPolicyManagerALSA( 1636): changeRefCount() stream 1, count 1
V/AudioPolicyManagerALSA( 1636): releaseOutput() 1
V/webcore ( 2027): WEBKIT_DRAW arg1=0 arg2=0 obj=null
V/webcore ( 2027): webkitDraw start
V/webcore ( 2027): webkitDraw NEW_PICTURE_MSG_ID
V/webview ( 2027): NEW_PICTURE_MSG_ID
V/webview ( 2027): sendViewSizeZoom, viewWidth: 240, mInvActualScale: 1.3333334
V/webview ( 2027): NEW_PICTURE_MSG_ID {155,56,158,75}
W/AudioHardwareALSA( 1636): Write request but device is in state SND_PCM_STATE_SETUP
D/AudioHardwareALSA( 1636): call snd_pcm_prepare
W/AudioHardwareALSA( 1636): current_state=1 - Wait for correct device state
V/AudioPolicyManagerALSA( 1636): stopOutput() output 1, stream 1
V/AudioPolicyManagerALSA( 1636): changeRefCount() stream 1, count 0
V/AudioPolicyManagerALSA( 1636): setOutputDevice() output 1 device 0 delayMs 372
V/webcore ( 2027): SET_SELECTION arg1=7 arg2=7 obj=null
V/webcore ( 2027): PASS_TO_JS arg1=15 arg2=0 obj=android.webkit.WebViewCore$JSKeyData@43e431a0
V/webcore ( 2027): PASS_TO_JS arg1=16 arg2=0 obj=android.webkit.WebViewCore$JSKeyData@43e43260
D/AudioHardwareALSA( 1636): standby()
V/webcore ( 2027): WEBKIT_DRAW arg1=0 arg2=0 obj=null
V/webcore ( 2027): webkitDraw start
V/webcore ( 2027): webkitDraw NEW_PICTURE_MSG_ID
V/webview ( 2027): NEW_PICTURE_MSG_ID
V/webview ( 2027): sendViewSizeZoom, viewWidth: 240, mInvActualScale: 1.3333334
V/webview ( 2027): NEW_PICTURE_MSG_ID {93,56,278,75}
D/AudioHardwareALSA( 1636): mStreamType=1, mParent->getAnalogLoop()=0
V/http    ( 2027): 485652 IdleReaper IdleCache IdleReaper shutdown: cached 2 reused 1
V/webcore ( 2027): WEBKIT_DRAW arg1=0 arg2=0 obj=null
V/webcore ( 2027): webkitDraw start
V/webcore ( 2027): webkitDraw NEW_PICTURE_MSG_ID
V/webview ( 2027): NEW_PICTURE_MSG_ID
V/webview ( 2027): sendViewSizeZoom, viewWidth: 240, mInvActualScale: 1.3333334
V/webview ( 2027): NEW_PICTURE_MSG_ID {0,0,323,411}
V/AudioPolicyManagerALSA( 1636): startOutput() output 1, stream 1
E/AudioPolicyManagerALSA( 1636): mAvailableOutputDevices=0x3
V/AudioPolicyManagerALSA( 1636): getDeviceForStrategy() -out- strategy 0, device 2
V/AudioPolicyManagerALSA( 1636): setOutputDevice() output 1 device 2 delayMs 0
I/AudioFlinger( 1636): setParameters(): io 1, keyvalue routing=2, tid 1677, calling tid 1636
D/ALSAStreamOps( 1636): setParameters() routing=2
D/ALSAModule( 1636): v0.01 route called for devices 00000002 in mode 0...
D/ALSAModule( 1636): Routing audio to Speakerphone
D/ALSAModule( 1636): the same device
V/AudioPolicyManagerALSA( 1636): applyStreamVolumes() for output 1 and device 2
V/AudioPolicyManagerALSA( 1636): checkAndSetVolume() cannot set stream 6 volume with force use = 0 for comm
V/AudioPolicyManagerALSA( 1636): changeRefCount() stream 1, count 1
V/AudioPolicyManagerALSA( 1636): releaseOutput() 1
W/AudioHardwareALSA( 1636): Write request but device is in state SND_PCM_STATE_SETUP
D/AudioHardwareALSA( 1636): call snd_pcm_prepare
W/AudioHardwareALSA( 1636): current_state=1 - Wait for correct device state
V/AudioPolicyManagerALSA( 1636): stopOutput() output 1, stream 1
V/AudioPolicyManagerALSA( 1636): changeRefCount() stream 1, count 0
V/AudioPolicyManagerALSA( 1636): setOutputDevice() output 1 device 0 delayMs 372
D/AudioHardwareALSA( 1636): standby()
V/webcore ( 2027): SET_SELECTION arg1=8 arg2=8 obj=null
V/webcore ( 2027): PASS_TO_JS arg1=17 arg2=0 obj=android.webkit.WebViewCore$JSKeyData@43e5aa10
V/webcore ( 2027): PASS_TO_JS arg1=18 arg2=0 obj=android.webkit.WebViewCore$JSKeyData@43d6f400
V/webcore ( 2027): WEBKIT_DRAW arg1=0 arg2=0 obj=null
V/webcore ( 2027): webkitDraw start
V/webcore ( 2027): webkitDraw NEW_PICTURE_MSG_ID
V/webview ( 2027): NEW_PICTURE_MSG_ID
V/webview ( 2027): sendViewSizeZoom, viewWidth: 240, mInvActualScale: 1.3333334
V/webview ( 2027): NEW_PICTURE_MSG_ID {93,56,278,75}
D/AudioHardwareALSA( 1636): mStreamType=1, mParent->getAnalogLoop()=0
V/webcore ( 2027): WEBKIT_DRAW arg1=0 arg2=0 obj=null
V/webcore ( 2027): webkitDraw start
V/webcore ( 2027): webkitDraw NEW_PICTURE_MSG_ID
V/webview ( 2027): NEW_PICTURE_MSG_ID
V/webview ( 2027): sendViewSizeZoom, viewWidth: 240, mInvActualScale: 1.3333334
V/webview ( 2027): NEW_PICTURE_MSG_ID {0,0,323,411}
V/AudioPolicyManagerALSA( 1636): startOutput() output 1, stream 1
E/AudioPolicyManagerALSA( 1636): mAvailableOutputDevices=0x3
V/AudioPolicyManagerALSA( 1636): getDeviceForStrategy() -out- strategy 0, device 2
V/AudioPolicyManagerALSA( 1636): setOutputDevice() output 1 device 2 delayMs 0
I/AudioFlinger( 1636): setParameters(): io 1, keyvalue routing=2, tid 1677, calling tid 1636
D/ALSAStreamOps( 1636): setParameters() routing=2
D/ALSAModule( 1636): v0.01 route called for devices 00000002 in mode 0...
D/ALSAModule( 1636): Routing audio to Speakerphone
D/ALSAModule( 1636): the same device
V/AudioPolicyManagerALSA( 1636): applyStreamVolumes() for output 1 and device 2
V/AudioPolicyManagerALSA( 1636): checkAndSetVolume() cannot set stream 6 volume with force use = 0 for comm
