V/AudioPolicyManagerALSA( 1636): changeRefCount() stream 1, count 1
V/AudioPolicyManagerALSA( 1636): releaseOutput() 1
W/AudioHardwareALSA( 1636): Write request but device is in state SND_PCM_STATE_SETUP
D/AudioHardwareALSA( 1636): call snd_pcm_prepare
W/AudioHardwareALSA( 1636): current_state=1 - Wait for correct device state
V/AudioPolicyManagerALSA( 1636): stopOutput() output 1, stream 1
V/AudioPolicyManagerALSA( 1636): changeRefCount() stream 1, count 0
V/AudioPolicyManagerALSA( 1636): setOutputDevice() output 1 device 0 delayMs 372
V/webcore ( 2027): SAVE_DOCUMENT_STATE arg1=0 arg2=0 obj=android.webkit.WebViewCore$CursorData@43d6f418
V/webcore ( 2027): WEBKIT_DRAW arg1=0 arg2=0 obj=null
V/webcore ( 2027): webkitDraw start
V/webcore ( 2027): webkitDraw NEW_PICTURE_MSG_ID
V/webview ( 2027): NEW_PICTURE_MSG_ID
V/webview ( 2027): sendViewSizeZoom, viewWidth: 240, mInvActualScale: 1.3333334
V/webview ( 2027): NEW_PICTURE_MSG_ID {173,56,176,75}
V/webcore ( 2027): SET_SELECTION arg1=9 arg2=9 obj=null
V/webcore ( 2027): PASS_TO_JS arg1=19 arg2=0 obj=android.webkit.WebViewCore$JSKeyData@43e5f578
V/webcore ( 2027): PASS_TO_JS arg1=20 arg2=0 obj=android.webkit.WebViewCore$JSKeyData@43e51c90
V/webcore ( 2027): WEBKIT_DRAW arg1=0 arg2=0 obj=null
V/webcore ( 2027): webkitDraw start
D/AudioHardwareALSA( 1636): standby()
V/webcore ( 2027): webkitDraw NEW_PICTURE_MSG_ID
V/webview ( 2027): NEW_PICTURE_MSG_ID
V/webview ( 2027): sendViewSizeZoom, viewWidth: 240, mInvActualScale: 1.3333334
V/webview ( 2027): NEW_PICTURE_MSG_ID {93,56,278,75}
D/AudioHardwareALSA( 1636): mStreamType=1, mParent->getAnalogLoop()=0
V/AudioPolicyManagerALSA( 1636): startOutput() output 1, stream 1
E/AudioPolicyManagerALSA( 1636): mAvailableOutputDevices=0x3
V/AudioPolicyManagerALSA( 1636): getDeviceForStrategy() -out- strategy 0, device 2
V/AudioPolicyManagerALSA( 1636): setOutputDevice() output 1 device 2 delayMs 0
I/AudioFlinger( 1636): setParameters(): io 1, keyvalue routing=2, tid 1677, calling tid 1636
D/ALSAStreamOps( 1636): setParameters() routing=2
D/ALSAModule( 1636): v0.01 route called for devices 00000002 in mode 0...
D/ALSAModule( 1636): Routing audio to Speakerphone
D/ALSAModule( 1636): the same device
V/AudioPolicyManagerALSA( 1636): applyStreamVolumes() for output 1 and device 2
V/AudioPolicyManagerALSA( 1636): checkAndSetVolume() cannot set stream 6 volume with force use = 0 for comm
V/AudioPolicyManagerALSA( 1636): changeRefCount() stream 1, count 1
V/AudioPolicyManagerALSA( 1636): releaseOutput() 1
V/webcore ( 2027): WEBKIT_DRAW arg1=0 arg2=0 obj=null
V/webcore ( 2027): webkitDraw start
W/AudioHardwareALSA( 1636): Write request but device is in state SND_PCM_STATE_SETUP
D/AudioHardwareALSA( 1636): call snd_pcm_prepare
W/AudioHardwareALSA( 1636): current_state=1 - Wait for correct device state
V/AudioPolicyManagerALSA( 1636): stopOutput() output 1, stream 1
V/AudioPolicyManagerALSA( 1636): changeRefCount() stream 1, count 0
V/AudioPolicyManagerALSA( 1636): setOutputDevice() output 1 device 0 delayMs 372
V/webcore ( 2027): webkitDraw NEW_PICTURE_MSG_ID
V/webview ( 2027): NEW_PICTURE_MSG_ID
V/webview ( 2027): sendViewSizeZoom, viewWidth: 240, mInvActualScale: 1.3333334
V/webview ( 2027): NEW_PICTURE_MSG_ID {0,0,323,411}
V/webcore ( 2027): SET_SELECTION arg1=10 arg2=10 obj=null
V/webcore ( 2027): PASS_TO_JS arg1=21 arg2=0 obj=android.webkit.WebViewCore$JSKeyData@43e15d08
D/AudioHardwareALSA( 1636): standby()
V/webcore ( 2027): PASS_TO_JS arg1=22 arg2=0 obj=android.webkit.WebViewCore$JSKeyData@43e6d0e8
V/webcore ( 2027): WEBKIT_DRAW arg1=0 arg2=0 obj=null
V/webcore ( 2027): webkitDraw start
V/webcore ( 2027): webkitDraw NEW_PICTURE_MSG_ID
V/webview ( 2027): NEW_PICTURE_MSG_ID
V/webview ( 2027): sendViewSizeZoom, viewWidth: 240, mInvActualScale: 1.3333334
V/webview ( 2027): NEW_PICTURE_MSG_ID {93,56,278,75}
D/AudioHardwareALSA( 1636): mStreamType=1, mParent->getAnalogLoop()=0
V/webcore ( 2027): WEBKIT_DRAW arg1=0 arg2=0 obj=null
V/webcore ( 2027): webkitDraw start
V/webcore ( 2027): webkitDraw NEW_PICTURE_MSG_ID
V/webview ( 2027): NEW_PICTURE_MSG_ID
V/webview ( 2027): sendViewSizeZoom, viewWidth: 240, mInvActualScale: 1.3333334
V/webview ( 2027): NEW_PICTURE_MSG_ID {0,0,323,411}
V/webview ( 2027): MotionEvent{43d67d00 action=0 x=178.79039 y=120.05635 pressure=0.024420025 size=0.0} at 488722 mTouchMode=7
V/webcore ( 2027): UPDATE_FRAME_CACHE_IF_LOADING arg1=0 arg2=0 obj=null
V/webview ( 2027): MotionEvent{43d67d00 action=2 x=177.93681 y=119.167496 pressure=0.024420025 size=0.0} at 488748 mTouchMode=1
V/webview ( 2027): MotionEvent{43d67d00 action=2 x=177.87115 y=119.167496 pressure=0.024420025 size=0.0} at 488772 mTouchMode=1
V/webview ( 2027): MotionEvent{43d67d00 action=2 x=178.39642 y=119.36502 pressure=0.024420025 size=0.0} at 488796 mTouchMode=1
V/webview ( 2027): MotionEvent{43d67d00 action=1 x=178.39642 y=119.36502 pressure=0.024420025 size=0.0} at 488817 mTouchMode=1
V/webcore ( 2027): SAVE_DOCUMENT_STATE arg1=0 arg2=0 obj=android.webkit.WebViewCore$CursorData@43e6d100
V/webcore ( 2027): WEBKIT_DRAW arg1=0 arg2=0 obj=null
V/webcore ( 2027): webkitDraw start
V/webcore ( 2027): webkitDraw NEW_PICTURE_MSG_ID
V/webview ( 2027): NEW_PICTURE_MSG_ID
V/webview ( 2027): sendViewSizeZoom, viewWidth: 240, mInvActualScale: 1.3333334
V/webview ( 2027): NEW_PICTURE_MSG_ID {190,56,193,75}
V/webview ( 2027): RELEASE_SINGLE_TAP
V/webcore ( 2027): VALID_NODE_BOUNDS arg1=0 arg2=0 obj=android.webkit.WebViewCore$MotionUpData@43e5e108
V/webview ( 2027): DO_MOTION_UP
V/webcore ( 2027): TOUCH_UP arg1=0 arg2=0 obj=android.webkit.WebViewCore$TouchUpData@43e45198
V/webcore ( 2027): WEBKIT_DRAW arg1=0 arg2=0 obj=null
V/webcore ( 2027): webkitDraw start
V/webcore ( 2027): webkitDraw NEW_PICTURE_MSG_ID
V/webview ( 2027): UPDATE_TEXT_SELECTION_MSG_ID
V/webcore ( 2027): REQUEST_LABEL arg1=3246712 arg2=4024864 obj=null
V/webview ( 2027): rebuildWebTextView null == text
V/webview ( 2027): UPDATE_TEXT_SELECTION_MSG_ID
V/webview ( 2027): REQUEST_KEYBOARD_WITH_SELECTION_MSG_ID
V/webview ( 2027): NEW_PICTURE_MSG_ID
V/webview ( 2027): sendViewSizeZoom, viewWidth: 240, mInvActualScale: 1.3333334
V/webview ( 2027): NEW_PICTURE_MSG_ID {87,50,284,126}
V/webcore ( 2027): WEBKIT_DRAW arg1=0 arg2=0 obj=null
V/webcore ( 2027): webkitDraw start
V/webcore ( 2027): webkitDraw NEW_PICTURE_MSG_ID
V/webview ( 2027): NEW_PICTURE_MSG_ID
V/webview ( 2027): sendViewSizeZoom, viewWidth: 240, mInvActualScale: 1.3333334
V/webview ( 2027): NEW_PICTURE_MSG_ID {0,0,323,411}
V/AudioPolicyManagerALSA( 1636): startOutput() output 1, stream 1
E/AudioPolicyManagerALSA( 1636): mAvailableOutputDevices=0x3
V/AudioPolicyManagerALSA( 1636): getDeviceForStrategy() -out- strategy 0, device 2
V/AudioPolicyManagerALSA( 1636): setOutputDevice() output 1 device 2 delayMs 0
I/AudioFlinger( 1636): setParameters(): io 1, keyvalue routing=2, tid 1677, calling tid 1636
D/ALSAStreamOps( 1636): setParameters() routing=2
D/ALSAModule( 1636): v0.01 route called for devices 00000002 in mode 0...
D/ALSAModule( 1636): Routing audio to Speakerphone
D/ALSAModule( 1636): the same device
V/AudioPolicyManagerALSA( 1636): applyStreamVolumes() for output 1 and device 2
V/AudioPolicyManagerALSA( 1636): checkAndSetVolume() cannot set stream 6 volume with force use = 0 for comm
V/AudioPolicyManagerALSA( 1636): changeRefCount() stream 1, count 1
V/AudioPolicyManagerALSA( 1636): releaseOutput() 1
W/AudioHardwareALSA( 1636): Write request but device is in state SND_PCM_STATE_SETUP
D/AudioHardwareALSA( 1636): call snd_pcm_prepare
W/AudioHardwareALSA( 1636): current_state=1 - Wait for correct device state
V/AudioPolicyManagerALSA( 1636): stopOutput() output 1, stream 1
V/AudioPolicyManagerALSA( 1636): changeRefCount() stream 1, count 0
V/AudioPolicyManagerALSA( 1636): setOutputDevice() output 1 device 0 delayMs 372
V/webcore ( 2027): WEBKIT_DRAW arg1=0 arg2=0 obj=null
V/webcore ( 2027): webkitDraw start
V/webcore ( 2027): webkitDraw NEW_PICTURE_MSG_ID
V/webview ( 2027): NEW_PICTURE_MSG_ID
V/webview ( 2027): sendViewSizeZoom, viewWidth: 240, mInvActualScale: 1.3333334
V/webview ( 2027): NEW_PICTURE_MSG_ID {93,101,96,120}
D/AudioHardwareALSA( 1636): standby()
V/webcore ( 2027): SET_SELECTION arg1=0 arg2=0 obj=null
V/webcore ( 2027): PASS_TO_JS arg1=23 arg2=0 obj=android.webkit.WebViewCore$JSKeyData@43e2bbb8
V/webcore ( 2027): PASS_TO_JS arg1=24 arg2=0 obj=android.webkit.WebViewCore$JSKeyData@43e2c020
V/webcore ( 2027): WEBKIT_DRAW arg1=0 arg2=0 obj=null
V/webcore ( 2027): webkitDraw start
V/webcore ( 2027): webkitDraw NEW_PICTURE_MSG_ID
V/webview ( 2027): NEW_PICTURE_MSG_ID
V/webview ( 2027): sendViewSizeZoom, viewWidth: 240, mInvActualScale: 1.3333334
V/webview ( 2027): NEW_PICTURE_MSG_ID {90,98,281,123}
D/AudioHardwareALSA( 1636): mStreamType=1, mParent->getAnalogLoop()=0
V/AudioPolicyManagerALSA( 1636): startOutput() output 1, stream 1
E/AudioPolicyManagerALSA( 1636): mAvailableOutputDevices=0x3
V/AudioPolicyManagerALSA( 1636): getDeviceForStrategy() -out- strategy 0, device 2
V/AudioPolicyManagerALSA( 1636): setOutputDevice() output 1 device 2 delayMs 0
I/AudioFlinger( 1636): setParameters(): io 1, keyvalue routing=2, tid 1677, calling tid 1636
D/ALSAStreamOps( 1636): setParameters() routing=2
D/ALSAModule( 1636): v0.01 route called for devices 00000002 in mode 0...
D/ALSAModule( 1636): Routing audio to Speakerphone
D/ALSAModule( 1636): the same device
V/AudioPolicyManagerALSA( 1636): applyStreamVolumes() for output 1 and device 2
V/AudioPolicyManagerALSA( 1636): checkAndSetVolume() cannot set stream 6 volume with force use = 0 for comm
V/AudioPolicyManagerALSA( 1636): changeRefCount() stream 1, count 1
V/AudioPolicyManagerALSA( 1636): releaseOutput() 1
W/AudioHardwareALSA( 1636): Write request but device is in state SND_PCM_STATE_SETUP
D/AudioHardwareALSA( 1636): call snd_pcm_prepare
W/AudioHardwareALSA( 1636): current_state=1 - Wait for correct device state
V/AudioPolicyManagerALSA( 1636): stopOutput() output 1, stream 1
V/AudioPolicyManagerALSA( 1636): changeRefCount() stream 1, count 0
V/AudioPolicyManagerALSA( 1636): setOutputDevice() output 1 device 0 delayMs 372
V/webcore ( 2027): SET_SELECTION arg1=1 arg2=1 obj=null
V/webcore ( 2027): PASS_TO_JS arg1=25 arg2=0 obj=android.webkit.WebViewCore$JSKeyData@43e50860
V/webcore ( 2027): PASS_TO_JS arg1=26 arg2=0 obj=android.webkit.WebViewCore$JSKeyData@43e50cf0
D/AudioHardwareALSA( 1636): standby()
V/webcore ( 2027): WEBKIT_DRAW arg1=0 arg2=0 obj=null
V/webcore ( 2027): webkitDraw start
V/webcore ( 2027): webkitDraw NEW_PICTURE_MSG_ID
V/webview ( 2027): NEW_PICTURE_MSG_ID
V/webview ( 2027): sendViewSizeZoom, viewWidth: 240, mInvActualScale: 1.3333334
V/webview ( 2027): NEW_PICTURE_MSG_ID {0,0,323,411}
D/AudioHardwareALSA( 1636): mStreamType=1, mParent->getAnalogLoop()=0
V/AudioPolicyManagerALSA( 1636): startOutput() output 1, stream 1
E/AudioPolicyManagerALSA( 1636): mAvailableOutputDevices=0x3
V/AudioPolicyManagerALSA( 1636): getDeviceForStrategy() -out- strategy 0, device 2
V/AudioPolicyManagerALSA( 1636): setOutputDevice() output 1 device 2 delayMs 0
I/AudioFlinger( 1636): setParameters(): io 1, keyvalue routing=2, tid 1677, calling tid 1636
D/ALSAStreamOps( 1636): setParameters() routing=2
D/ALSAModule( 1636): v0.01 route called for devices 00000002 in mode 0...
D/ALSAModule( 1636): Routing audio to Speakerphone
D/ALSAModule( 1636): the same device
V/AudioPolicyManagerALSA( 1636): applyStreamVolumes() for output 1 and device 2
V/AudioPolicyManagerALSA( 1636): checkAndSetVolume() cannot set stream 6 volume with force use = 0 for comm
V/AudioPolicyManagerALSA( 1636): changeRefCount() stream 1, count 1
V/AudioPolicyManagerALSA( 1636): releaseOutput() 1
W/AudioHardwareALSA( 1636): Write request but device is in state SND_PCM_STATE_SETUP
D/AudioHardwareALSA( 1636): call snd_pcm_prepare
W/AudioHardwareALSA( 1636): current_state=1 - Wait for correct device state
V/AudioPolicyManagerALSA( 1636): stopOutput() output 1, stream 1
V/AudioPolicyManagerALSA( 1636): changeRefCount() stream 1, count 0
V/AudioPolicyManagerALSA( 1636): setOutputDevice() output 1 device 0 delayMs 372
V/webcore ( 2027): SET_SELECTION arg1=2 arg2=2 obj=null
V/webcore ( 2027): PASS_TO_JS arg1=27 arg2=0 obj=android.webkit.WebViewCore$JSKeyData@43db8740
V/webcore ( 2027): PASS_TO_JS arg1=28 arg2=0 obj=android.webkit.WebViewCore$JSKeyData@43db87f0
D/AudioHardwareALSA( 1636): standby()
V/webcore ( 2027): WEBKIT_DRAW arg1=0 arg2=0 obj=null
V/webcore ( 2027): webkitDraw start
V/webcore ( 2027): webkitDraw NEW_PICTURE_MSG_ID
V/webview ( 2027): NEW_PICTURE_MSG_ID
V/webview ( 2027): sendViewSizeZoom, viewWidth: 240, mInvActualScale: 1.3333334
V/webview ( 2027): NEW_PICTURE_MSG_ID {93,101,278,120}
D/AudioHardwareALSA( 1636): mStreamType=1, mParent->getAnalogLoop()=0
V/AudioPolicyManagerALSA( 1636): startOutput() output 1, stream 1
E/AudioPolicyManagerALSA( 1636): mAvailableOutputDevices=0x3
V/AudioPolicyManagerALSA( 1636): getDeviceForStrategy() -out- strategy 0, device 2
V/AudioPolicyManagerALSA( 1636): setOutputDevice() output 1 device 2 delayMs 0
I/AudioFlinger( 1636): setParameters(): io 1, keyvalue routing=2, tid 1677, calling tid 1636
D/ALSAStreamOps( 1636): setParameters() routing=2
D/ALSAModule( 1636): v0.01 route called for devices 00000002 in mode 0...
D/ALSAModule( 1636): Routing audio to Speakerphone
D/ALSAModule( 1636): the same device
V/AudioPolicyManagerALSA( 1636): applyStreamVolumes() for output 1 and device 2
V/AudioPolicyManagerALSA( 1636): checkAndSetVolume() cannot set stream 6 volume with force use = 0 for comm
V/AudioPolicyManagerALSA( 1636): changeRefCount() stream 1, count 1
V/AudioPolicyManagerALSA( 1636): releaseOutput() 1
W/AudioHardwareALSA( 1636): Write request but device is in state SND_PCM_STATE_SETUP
D/AudioHardwareALSA( 1636): call snd_pcm_prepare
W/AudioHardwareALSA( 1636): current_state=1 - Wait for correct device state
V/AudioPolicyManagerALSA( 1636): stopOutput() output 1, stream 1
V/AudioPolicyManagerALSA( 1636): changeRefCount() stream 1, count 0
V/AudioPolicyManagerALSA( 1636): setOutputDevice() output 1 device 0 delayMs 372
D/AudioHardwareALSA( 1636): standby()
V/webcore ( 2027): SET_SELECTION arg1=3 arg2=3 obj=null
V/webcore ( 2027): PASS_TO_JS arg1=29 arg2=0 obj=android.webkit.WebViewCore$JSKeyData@43e5c4e0
V/webcore ( 2027): PASS_TO_JS arg1=30 arg2=0 obj=android.webkit.WebViewCore$JSKeyData@43e5c980
V/webcore ( 2027): WEBKIT_DRAW arg1=0 arg2=0 obj=null
V/webcore ( 2027): webkitDraw start
V/webcore ( 2027): webkitDraw NEW_PICTURE_MSG_ID
V/webview ( 2027): NEW_PICTURE_MSG_ID
V/webview ( 2027): sendViewSizeZoom, viewWidth: 240, mInvActualScale: 1.3333334
V/webview ( 2027): NEW_PICTURE_MSG_ID {93,101,278,120}
D/AudioHardwareALSA( 1636): mStreamType=1, mParent->getAnalogLoop()=0
V/AudioPolicyManagerALSA( 1636): startOutput() output 1, stream 1
E/AudioPolicyManagerALSA( 1636): mAvailableOutputDevices=0x3
V/AudioPolicyManagerALSA( 1636): getDeviceForStrategy() -out- strategy 0, device 2
V/AudioPolicyManagerALSA( 1636): setOutputDevice() output 1 device 2 delayMs 0
I/AudioFlinger( 1636): setParameters(): io 1, keyvalue routing=2, tid 1677, calling tid 1636
D/ALSAStreamOps( 1636): setParameters() routing=2
D/ALSAModule( 1636): v0.01 route called for devices 00000002 in mode 0...
D/ALSAModule( 1636): Routing audio to Speakerphone
D/ALSAModule( 1636): the same device
V/AudioPolicyManagerALSA( 1636): applyStreamVolumes() for output 1 and device 2
V/AudioPolicyManagerALSA( 1636): checkAndSetVolume() cannot set stream 6 volume with force use = 0 for comm
V/AudioPolicyManagerALSA( 1636): changeRefCount() stream 1, count 1
V/AudioPolicyManagerALSA( 1636): releaseOutput() 1
W/AudioHardwareALSA( 1636): Write request but device is in state SND_PCM_STATE_SETUP
D/AudioHardwareALSA( 1636): call snd_pcm_prepare
W/AudioHardwareALSA( 1636): current_state=1 - Wait for correct device state
V/AudioPolicyManagerALSA( 1636): stopOutput() output 1, stream 1
V/AudioPolicyManagerALSA( 1636): changeRefCount() stream 1, count 0
V/AudioPolicyManagerALSA( 1636): setOutputDevice() output 1 device 0 delayMs 372
V/webcore ( 2027): WEBKIT_DRAW arg1=0 arg2=0 obj=null
V/webcore ( 2027): webkitDraw start
D/AudioHardwareALSA( 1636): standby()
V/webcore ( 2027): webkitDraw NEW_PICTURE_MSG_ID
V/webcore ( 2027): SET_SELECTION arg1=4 arg2=4 obj=null
V/webcore ( 2027): PASS_TO_JS arg1=31 arg2=0 obj=android.webkit.WebViewCore$JSKeyData@43e3dc50
V/webview ( 2027): NEW_PICTURE_MSG_ID
V/webview ( 2027): sendViewSizeZoom, viewWidth: 240, mInvActualScale: 1.3333334
V/webview ( 2027): NEW_PICTURE_MSG_ID {0,0,323,411}
V/webcore ( 2027): PASS_TO_JS arg1=32 arg2=0 obj=android.webkit.WebViewCore$JSKeyData@43e3e0f0
V/webcore ( 2027): WEBKIT_DRAW arg1=0 arg2=0 obj=null
V/webcore ( 2027): webkitDraw start
V/webcore ( 2027): webkitDraw NEW_PICTURE_MSG_ID
V/webview ( 2027): NEW_PICTURE_MSG_ID
V/webview ( 2027): sendViewSizeZoom, viewWidth: 240, mInvActualScale: 1.3333334
V/webview ( 2027): NEW_PICTURE_MSG_ID {93,101,278,120}
D/AudioHardwareALSA( 1636): mStreamType=1, mParent->getAnalogLoop()=0
V/AudioPolicyManagerALSA( 1636): startOutput() output 1, stream 1
E/AudioPolicyManagerALSA( 1636): mAvailableOutputDevices=0x3
V/AudioPolicyManagerALSA( 1636): getDeviceForStrategy() -out- strategy 0, device 2
V/AudioPolicyManagerALSA( 1636): setOutputDevice() output 1 device 2 delayMs 0
I/AudioFlinger( 1636): setParameters(): io 1, keyvalue routing=2, tid 1677, calling tid 1636
D/ALSAStreamOps( 1636): setParameters() routing=2
D/ALSAModule( 1636): v0.01 route called for devices 00000002 in mode 0...
D/ALSAModule( 1636): Routing audio to Speakerphone
D/ALSAModule( 1636): the same device
V/AudioPolicyManagerALSA( 1636): applyStreamVolumes() for output 1 and device 2
V/AudioPolicyManagerALSA( 1636): checkAndSetVolume() cannot set stream 6 volume with force use = 0 for comm
V/AudioPolicyManagerALSA( 1636): changeRefCount() stream 1, count 1
V/AudioPolicyManagerALSA( 1636): releaseOutput() 1
W/AudioHardwareALSA( 1636): Write request but device is in state SND_PCM_STATE_SETUP
D/AudioHardwareALSA( 1636): call snd_pcm_prepare
W/AudioHardwareALSA( 1636): current_state=1 - Wait for correct device state
V/AudioPolicyManagerALSA( 1636): stopOutput() output 1, stream 1
V/AudioPolicyManagerALSA( 1636): changeRefCount() stream 1, count 0
V/AudioPolicyManagerALSA( 1636): setOutputDevice() output 1 device 0 delayMs 372
V/webcore ( 2027): SET_SELECTION arg1=5 arg2=5 obj=null
V/webcore ( 2027): PASS_TO_JS arg1=33 arg2=0 obj=android.webkit.WebViewCore$JSKeyData@43debb58
V/webcore ( 2027): PASS_TO_JS arg1=34 arg2=0 obj=android.webkit.WebViewCore$JSKeyData@43e380a0
V/webcore ( 2027): WEBKIT_DRAW arg1=0 arg2=0 obj=null
V/webcore ( 2027): webkitDraw start
D/AudioHardwareALSA( 1636): standby()
V/webcore ( 2027): webkitDraw NEW_PICTURE_MSG_ID
V/webview ( 2027): NEW_PICTURE_MSG_ID
V/webview ( 2027): sendViewSizeZoom, viewWidth: 240, mInvActualScale: 1.3333334
V/webview ( 2027): NEW_PICTURE_MSG_ID {93,101,278,120}
D/AudioHardwareALSA( 1636): mStreamType=1, mParent->getAnalogLoop()=0
V/webcore ( 2027): WEBKIT_DRAW arg1=0 arg2=0 obj=null
V/webcore ( 2027): webkitDraw start
V/webcore ( 2027): webkitDraw NEW_PICTURE_MSG_ID
V/webview ( 2027): NEW_PICTURE_MSG_ID
V/webview ( 2027): sendViewSizeZoom, viewWidth: 240, mInvActualScale: 1.3333334
V/webview ( 2027): NEW_PICTURE_MSG_ID {0,0,323,411}
V/webcore ( 2027): SAVE_DOCUMENT_STATE arg1=0 arg2=0 obj=android.webkit.WebViewCore$CursorData@43e380b8
V/webcore ( 2027): WEBKIT_DRAW arg1=0 arg2=0 obj=null
V/webcore ( 2027): webkitDraw start
V/webcore ( 2027): webkitDraw NEW_PICTURE_MSG_ID
V/webview ( 2027): NEW_PICTURE_MSG_ID
V/webview ( 2027): sendViewSizeZoom, viewWidth: 240, mInvActualScale: 1.3333334
V/webview ( 2027): NEW_PICTURE_MSG_ID {130,101,133,120}
V/webcore ( 2027): SET_SCROLL_OFFSET arg1=0 arg2=0 obj=Point(0, 0)
V/webview ( 2027): sendOurVisibleRect=(0,19,r=240,b=320
V/webcore ( 2027): SET_GLOBAL_BOUNDS arg1=0 arg2=0 obj=Rect(0, 19 - 240, 320)
V/webview ( 2027): sendViewSizeZoom, viewWidth: 240, mInvActualScale: 1.3333334
V/webcore ( 2027): VIEW_SIZE_CHANGED arg1=0 arg2=0 obj=android.webkit.WebView$ViewSizeData@43e15770
V/webcore ( 2027): viewSizeChanged w=320; h=345; textwrapWidth=320; scale=0.75
V/webcore ( 2027): viewSizeChanged w=320; h=345; textwrapWidth=320; scale=0.75
V/webcore ( 2027): WEBKIT_DRAW arg1=0 arg2=0 obj=null
V/webcore ( 2027): webkitDraw start
V/webcore ( 2027): webkitDraw NEW_PICTURE_MSG_ID
V/webview ( 2027): NEW_PICTURE_MSG_ID
V/webview ( 2027): sendViewSizeZoom, viewWidth: 240, mInvActualScale: 1.3333334
V/webview ( 2027): NEW_PICTURE_MSG_ID {0,0,323,411}
V/webcore ( 2027): UPDATE_CACHE_AND_TEXT_ENTRY arg1=0 arg2=0 obj=null
V/webview ( 2027): UPDATE_TEXT_ENTRY_MSG_ID
V/webcore ( 2027): WEBKIT_DRAW arg1=0 arg2=0 obj=null
V/webcore ( 2027): webkitDraw start
V/webcore ( 2027): webkitDraw NEW_PICTURE_MSG_ID
V/webview ( 2027): NEW_PICTURE_MSG_ID
V/webview ( 2027): sendViewSizeZoom, viewWidth: 240, mInvActualScale: 1.3333334
V/webview ( 2027): NEW_PICTURE_MSG_ID {130,101,133,120}
V/webcore ( 2027): WEBKIT_DRAW arg1=0 arg2=0 obj=null
V/webcore ( 2027): webkitDraw start
V/webcore ( 2027): webkitDraw NEW_PICTURE_MSG_ID
V/webview ( 2027): NEW_PICTURE_MSG_ID
V/webview ( 2027): sendViewSizeZoom, viewWidth: 240, mInvActualScale: 1.3333334
V/webview ( 2027): NEW_PICTURE_MSG_ID {130,101,133,120}
V/webcore ( 2027): WEBKIT_DRAW arg1=0 arg2=0 obj=null
V/webcore ( 2027): webkitDraw start
V/webcore ( 2027): webkitDraw NEW_PICTURE_MSG_ID
V/webview ( 2027): NEW_PICTURE_MSG_ID
V/webview ( 2027): sendViewSizeZoom, viewWidth: 240, mInvActualScale: 1.3333334
V/webview ( 2027): NEW_PICTURE_MSG_ID {130,101,133,120}
D/dalvikvm( 1692): GC_FOR_MALLOC freed 9639 objects / 521840 bytes in 177ms

V/webcore ( 2027): WEBKIT_DRAW arg1=0 arg2=0 obj=null
V/webcore ( 2027): webkitDraw start
V/webcore ( 2027): webkitDraw NEW_PICTURE_MSG_ID
V/webview ( 2027): NEW_PICTURE_MSG_ID
V/webview ( 2027): sendViewSizeZoom, viewWidth: 240, mInvActualScale: 1.3333334
V/webview ( 2027): NEW_PICTURE_MSG_ID {130,101,133,120}




V/webcore ( 2027): WEBKIT_DRAW arg1=0 arg2=0 obj=null
V/webcore ( 2027): webkitDraw start
V/webcore ( 2027): webkitDraw NEW_PICTURE_MSG_ID
V/webview ( 2027): NEW_PICTURE_MSG_ID
V/webview ( 2027): sendViewSizeZoom, viewWidth: 240, mInvActualScale: 1.3333334
V/webview ( 2027): NEW_PICTURE_MSG_ID {130,101,133,120}















V/webcore ( 2027): WEBKIT_DRAW arg1=0 arg2=0 obj=null
V/webcore ( 2027): webkitDraw start
V/webcore ( 2027): webkitDraw NEW_PICTURE_MSG_ID
V/webview ( 2027): NEW_PICTURE_MSG_ID
V/webview ( 2027): sendViewSizeZoom, viewWidth: 240, mInvActualScale: 1.3333334

V/webview ( 2027): NEW_PICTURE_MSG_ID {130,101,133,120}




V/webcore ( 2027): WEBKIT_DRAW arg1=0 arg2=0 obj=null
V/webcore ( 2027): webkitDraw start
V/webcore ( 2027): webkitDraw NEW_PICTURE_MSG_ID
V/webview ( 2027): NEW_PICTURE_MSG_ID
V/webview ( 2027): sendViewSizeZoom, viewWidth: 240, mInvActualScale: 1.3333334
V/webview ( 2027): NEW_PICTURE_MSG_ID {130,101,133,120}
V/webcore ( 2027): WEBKIT_DRAW arg1=0 arg2=0 obj=null
V/webcore ( 2027): webkitDraw start
V/webcore ( 2027): webkitDraw NEW_PICTURE_MSG_ID
V/webview ( 2027): NEW_PICTURE_MSG_ID
V/webview ( 2027): sendViewSizeZoom, viewWidth: 240, mInvActualScale: 1.3333334
V/webview ( 2027): NEW_PICTURE_MSG_ID {130,101,133,120}
V/webview ( 2027): MotionEvent{43d67d00 action=0 x=19.763462 y=223.16345 pressure=0.024420025 size=0.0} at 497724 mTouchMode=7
V/webcore ( 2027): UPDATE_FRAME_CACHE_IF_LOADING arg1=0 arg2=0 obj=null
V/webview ( 2027): MotionEvent{43d67d00 action=2 x=21.798903 y=222.17586 pressure=0.024420025 size=0.0} at 497749 mTouchMode=1
V/webview ( 2027): MotionEvent{43d67d00 action=2 x=22.324177 y=221.97832 pressure=0.024420025 size=0.0} at 497774 mTouchMode=1
V/webview ( 2027): MotionEvent{43d67d00 action=2 x=22.652473 y=222.07709 pressure=0.024420025 size=0.0} at 497797 mTouchMode=1
V/webview ( 2027): MotionEvent{43d67d00 action=2 x=22.586813 y=222.57089 pressure=0.024420025 size=0.0} at 497822 mTouchMode=1
V/webview ( 2027): MotionEvent{43d67d00 action=2 x=22.586813 y=222.76843 pressure=0.024420025 size=0.0} at 497846 mTouchMode=1
V/webview ( 2027): MotionEvent{43d67d00 action=2 x=22.389835 y=222.86719 pressure=0.024420025 size=0.0} at 497893 mTouchMode=1
V/webview ( 2027): MotionEvent{43d67d00 action=2 x=21.733242 y=223.26224 pressure=0.024420025 size=0.0} at 497915 mTouchMode=1
V/webview ( 2027): SWITCH_TO_SHORTPRESS
V/webcore ( 2027): SET_MOVE_MOUSE_IF_LATEST arg1=0 arg2=0 obj=android.webkit.WebViewCore$CursorData@43dc90f8
V/webview ( 2027): MotionEvent{43d67d00 action=1 x=21.733242 y=223.26224 pressure=0.024420025 size=0.0} at 497937 mTouchMode=5
V/webcore ( 2027): VALID_NODE_BOUNDS arg1=0 arg2=0 obj=android.webkit.WebViewCore$MotionUpData@43de7f00
V/webview ( 2027): DO_MOTION_UP
V/webcore ( 2027): TOUCH_UP arg1=0 arg2=0 obj=android.webkit.WebViewCore$TouchUpData@43de83b0
V/webview ( 2027): MT focusChanged true, 2
V/AudioPolicyManagerALSA( 1636): startOutput() output 1, stream 1
E/AudioPolicyManagerALSA( 1636): mAvailableOutputDevices=0x3
V/AudioPolicyManagerALSA( 1636): getDeviceForStrategy() -out- strategy 0, device 2
V/AudioPolicyManagerALSA( 1636): setOutputDevice() output 1 device 2 delayMs 0
I/AudioFlinger( 1636): setParameters(): io 1, keyvalue routing=2, tid 1677, calling tid 1636
D/ALSAStreamOps( 1636): setParameters() routing=2
D/ALSAModule( 1636): v0.01 route called for devices 00000002 in mode 0...
D/ALSAModule( 1636): Routing audio to Speakerphone
D/ALSAModule( 1636): the same device
V/AudioPolicyManagerALSA( 1636): applyStreamVolumes() for output 1 and device 2
V/AudioPolicyManagerALSA( 1636): checkAndSetVolume() cannot set stream 6 volume with force use = 0 for comm
V/AudioPolicyManagerALSA( 1636): changeRefCount() stream 1, count 1
V/AudioPolicyManagerALSA( 1636): releaseOutput() 1
I/WebCore::FrameLoader( 2027): encoding(), from m_decoder
I/WebCore::FrameLoader( 2027): shouldReload, 2756
I/WebCore::FrameLoader( 2027): frameContainsWMLContent, 1585
I/WebCore::FrameLoader( 2027): shouldReload, 2756
I/WebCore::FrameLoader( 2027): frameContainsWMLContent, 1585
I/WebCoreFrameBridge( 2027): loadStarted, 544
I/WebCoreFrameBridge( 2027): loadStarted, 592
I/WebCoreFrameBridge( 2027): setProgress, 715
I/WebCoreFrameBridge( 2027): setProgress, 724
I/WebCore::FrameLoader( 2027): encoding(), from m_decoder





I/WebCoreFrameBridge( 2027): startLoadingResource, 378
I/WebCoreFrameBridge( 2027): createJavaMapFromHTTPHeaders, 300
I/WebCoreFrameBridge( 2027): createJavaMapFromHTTPHeaders, 327
V/webkit  ( 2027): startLoadingResource: url=http://pim1.monternet.com/wap/wap/zh/login/inputPWD.vm#loginOther, method=GET, postData=null, isMainFramePage=true, mainResource=true, userGesture=true
V/LoadListener( 2027): LoadListener constructor url=http://pim1.monternet.com/wap/wap/zh/login/inputPWD.vm#loginOther
V/WebSettings( 2027): getUserAgentString default: HuaweiT8100_TD/1.0 Android/2.2 Release/12.25.2010 Browser/WAP2.0 Profile/MIDP-2.0 Configuration/CLDC-1.1 AppleWebKit/533.1
V/webkit  ( 2027): getCookie: uri: http://pim1.monternet.com/wap/wap/zh/login/inputPWD.vm value: JSESSIONID=2D82CE8D4C279FEA3E4D1EBB154FC12A.worker1
V/cache   ( 2027): getCacheFile: http://pim1.monternet.com/wap/wap/zh/login/inputPWD.vm
I/WebCoreFrameBridge( 2027): startLoadingResource, 516
V/webcore ( 2027): SET_ACTIVE arg1=0 arg2=0 obj=null
W/AudioHardwareALSA( 1636): Write request but device is in state SND_PCM_STATE_SETUP
D/AudioHardwareALSA( 1636): call snd_pcm_prepare
V/webkit  ( 2027): FrameLoader: http GET load for: http://pim1.monternet.com/wap/wap/zh/login/inputPWD.vm
V/http    ( 2027): 498047 WebViewWorkerThread RequestQueue.queueRequest url:http://pim1.monternet.com/wap/wap/zh/login/inputPWD.vm
V/http    ( 2027): 498051 WebViewWorkerThread RequestQueue.queueRequest uri:http://pim1.monternet.com/wap/wap/zh/login/inputPWD.vm
W/AudioHardwareALSA( 1636): current_state=1 - Wait for correct device state
V/AudioPolicyManagerALSA( 1636): stopOutput() output 1, stream 1
V/AudioPolicyManagerALSA( 1636): changeRefCount() stream 1, count 0
V/AudioPolicyManagerALSA( 1636): setOutputDevice() output 1 device 0 delayMs 372
V/http    ( 2027): 498053 WebViewWorkerThread RequestQueue.queueRequest shouldUseWifiProxy: false
V/http    ( 2027): 498077 WebViewWorkerThread RequestQueue.inWifiProxyBlackList url:http://pim1.monternet.com/wap/wap/zh/login/inputPWD.vm
V/http    ( 2027): 498078 WebViewWorkerThread RequestQueue.inWifiProxyBlackList web1: 
V/http    ( 2027): 498079 WebViewWorkerThread RequestQueue.inWifiProxyBlackList web2: 
V/webview ( 2027): UPDATE_TEXT_SELECTION_MSG_ID
V/http    ( 2027): 498087 WebViewWorkerThread RequestQueue.inWifiProxyBlackList web3: 
V/http    ( 2027): 498088 WebViewWorkerThread RequestQueue.inWifiProxyBlackList web4: 192.168.
V/http    ( 2027): 498089 WebViewWorkerThread RequestQueue.inWifiProxyBlackList not match
V/http    ( 2027): 498092 WebViewWorkerThread RequestQueue.queueRequest proxy: http://10.0.0.172:80
V/webcore ( 2027): REQUEST_LABEL arg1=3246712 arg2=4024864 obj=null
V/http    ( 2027): 498100 http1 RequestQueue.getRequest() => /wap/wap/zh/login/inputPWD.vm
V/http    ( 2027): 498100 http1 ConnectionThread: new request http://pim1.monternet.com:80 /wap/wap/zh/login/inputPWD.vm
V/http    ( 2027): 498101 http1 RequestQueue.inWifiProxyBlackList url:http://pim1.monternet.com:80
V/http    ( 2027): 498101 http1 RequestQueue.inWifiProxyBlackList web1: 
V/http    ( 2027): 498101 http1 RequestQueue.inWifiProxyBlackList web2: 
V/http    ( 2027): 498101 http1 RequestQueue.inWifiProxyBlackList web3: 
V/http    ( 2027): 498102 http1 RequestQueue.inWifiProxyBlackList web4: 192.168.
V/http    ( 2027): 498102 http1 RequestQueue.inWifiProxyBlackList not match
V/http    ( 2027): 498102 http1 RequestQueue.determineHost host: http://pim1.monternet.com:80
V/http    ( 2027): 498103 http1 RequestQueue.determineHost proxy: http://10.0.0.172:80
V/http    ( 2027): 498103 http1 getConnection :http://10.0.0.172:80
V/http    ( 2027): 498104 http1 RequestQueue.inWifiProxyBlackList url:http://10.0.0.172:80
V/http    ( 2027): 498104 http1 RequestQueue.inWifiProxyBlackList web1: 
V/http    ( 2027): 498104 http1 RequestQueue.inWifiProxyBlackList web2: 
V/http    ( 2027): 498104 http1 RequestQueue.inWifiProxyBlackList web3: 
V/http    ( 2027): 498104 http1 RequestQueue.inWifiProxyBlackList web4: 192.168.
V/http    ( 2027): 498105 http1 RequestQueue.inWifiProxyBlackList not match
V/http    ( 2027): 498105 http1 mInterface is pdp_ip0
V/http    ( 2027): 498105 http1 SEND pipe 0
V/LoadListener( 2027): LoadListener.certificate: null
V/LoadListener( 2027): LoadListener.attachRequestHandle(): requestHandle: android.net.http.RequestHandle@43dd91c0
V/webview ( 2027): MT focusChanged false, 0
V/webview ( 2027): setCertificate=null
V/BrowserActivity( 2027): onPageStarted
I/TabControl( 2027): getCurrentTab
I/TabControl( 2027): getTab
I/TabControl( 2027): getCurrentTab
I/TabControl( 2027): getTab
V/BrowserActivity( 2027): onProgressChanged: 10
V/TitleBar( 2027): onProgressChanged: com.android.browser.TitleBar@43d8ea68 10 false null
V/TitleBar( 2027): onProgressChanged: delay animation
V/BrowserActivity( 2027): onProgressChanged:  false false
V/BrowserActivity( 2027): showFakeTitleBar: null null false
I/TabControl( 2027): getCurrentWebView
I/TabControl( 2027): getTab
V/BrowserActivity( 2027): showFakeTitleBar: android.webkit.WebView@43e1ed70
V/BrowserActivity( 2027): onProgressChanged: 10
V/TitleBar( 2027): onProgressChanged: com.android.browser.TitleBar@43d8ea68 10 false null
V/TitleBar( 2027): onProgressChanged: delay animation
V/BrowserActivity( 2027): onProgressChanged:  false false
V/BrowserActivity( 2027): showFakeTitleBar: Handler{43dbae20} null false
D/AudioHardwareALSA( 1636): standby()
V/webview ( 2027): setCertificate=null
V/TitleBar( 2027): onProgressChanged: com.android.browser.TitleBar@43d8ea68 10 false android.view.ViewRoot$W@43dbb450
V/TitleBar( 2027): onProgressChanged: start animation
D/AudioHardwareALSA( 1636): mStreamType=1, mParent->getAnalogLoop()=0
V/http    ( 2027): 518257 http1 InetSocketAddress addr is 10.0.0.172/10.0.0.172:80
D/dalvikvm( 2027): GC_FOR_MALLOC freed 11163 objects / 658272 bytes in 104ms
V/http    ( 2027): 518531 http1 Connection.openHttpConnection() 20425 http://10.0.0.172:80
V/LoadListener( 2027): LoadListener.certificate: null
V/webview ( 2027): setCertificate=null
V/http    ( 2027): 518544 http1 Request.sendRequest() http://pim1.monternet.com
V/http    ( 2027): 518547 http1 Request.requestSent() http://pim1.monternet.com/wap/wap/zh/login/inputPWD.vm
V/http    ( 2027): 518550 http1 READ pipe 1
V/http    ( 2027): 518553 http1 processRequests() reading /wap/wap/zh/login/inputPWD.vm
V/http    ( 2027): 519068 http1 read: HTTP/1.1 200 OK, Success
V/http    ( 2027): 519069 http1 hdr 19 content-length: 873
V/http    ( 2027): 519071 http1 hdr 44 content-type: text/vnd.wap.wml;charset=UTF-8
V/http    ( 2027): 519074 http1 hdr 25 server: Apache-Coyote/1.1
V/http    ( 2027): 519077 http1 hdr 16 pragma: No-cache
V/http    ( 2027): 519079 http1 hdr 23 cache-control: no-cache
V/http    ( 2027): 519081 http1 hdr 38 expires: Thu, 01 Jan 1970 00:00:00 GMT
V/http    ( 2027): 519083 http1 hdr 35 date: Tue, 23 Aug 2011 06:37:07 GMT
V/http    ( 2027): 519084 http1 hdr 22 content-encoding: gzip
V/http    ( 2027): 519086 http1 Request.readResponseStatus() 24 HTTP/1.1 200 OK, Success
V/LoadListener( 2027): LoadListener: from: http://pim1.monternet.com/wap/wap/zh/login/inputPWD.vm major: 1 minor: 1 code: 200 reason: OK, Success
V/LoadListener( 2027): LoadListener.headers
V/LoadListener( 2027): Dump HTTP headers:
V/LoadListener( 2027): content-length 873
V/LoadListener( 2027): content-type text/vnd.wap.wml;charset=UTF-8
V/LoadListener( 2027): content-encoding gzip
V/LoadListener( 2027): expires Thu, 01 Jan 1970 00:00:00 GMT
V/LoadListener( 2027): cache-control no-cache
V/LoadListener( 2027): pragma No-cache
V/LoadListener( 2027): server Apache-Coyote/1.1
V/LoadListener( 2027): date Tue, 23 Aug 2011 06:37:07 GMT
V/LoadListener( 2027): LoadListener.parseContentTypeHeader: contentType: text/vnd.wap.wml;charset=UTF-8
V/LoadListener( 2027): loading url: http://pim1.monternet.com/wap/wap/zh/login/inputPWD.vm
V/LoadListener( 2027): has cookie : false, in cache black list: false
V/LoadListener( 2027): do cache page: http://pim1.monternet.com/wap/wap/zh/login/inputPWD.vm
V/http    ( 2027): 519109 http1 Request.readResponse() 1777
V/LoadListener( 2027): LoadListener.data(): url: http://pim1.monternet.com/wap/wap/zh/login/inputPWD.vm
V/cache   ( 2027): createCacheFile: http://pim1.monternet.com/wap/wap/zh/login/inputPWD.vm
V/LoadListener( 2027): LoadListener.endData(): url: http://pim1.monternet.com/wap/wap/zh/login/inputPWD.vm
V/http    ( 2027): 519131 http1 Request.readResponse(): done http://pim1.monternet.com/wap/wap/zh/login/inputPWD.vm


I/WebCore::FrameLoader( 2027): frameContainsWMLContent, 1585
I/WebCore::HistoryController( 2027): WebCoreBackForward - Adding backforward item for frame http://pim1.monternet.com/wap/wap/zh/login/inputPWD.vm#loginOther
I/WebCoreFrameBridge( 2027): addHistoryItem, 642
I/WebCoreFrameBridge( 2027): addHistoryItem, 649
V/http    ( 2027): 519138 http1 READ pipe 0
I/WebCoreFrameBridge( 2027): updateVisitedHistory, 772
V/http    ( 2027): 519146 http1 IdleCache size 0 host http://10.0.0.172:80
I/WebCoreFrameBridge( 2027): updateVisitedHistory, 782
I/WebCoreFrameBridge( 2027): transitionToCommitted, 598
V/http    ( 2027): 519160 http1 RequestQueue.getRequest() => null
V/http    ( 2027): 519163 http1 ConnectionThread: Waiting for work
I/WebCoreFrameBridge( 2027): transitionToCommitted, 610
I/WebCore::FrameLoader( 2027): transitionToCommitted, mimetype: text/vnd.wap.wml
I/WebCore ( 2027): committedLoad, 693
I/WebCore::FrameLoader( 2027): begin createDocument, mimetype: text/vnd.wap.wml
I/WebCore::WML( 2027): createDocument, 340
I/WebCore::FrameLoader( 2027): write(): decode
I/WebCore::FrameLoader( 2027): write(): create decoder, mimetype: text/vnd.wap.wml
I/BrowserProvider( 2027): query url: content://browser/bookmarks url match: 0
I/WebCore::TextResourceDecoder( 2027): defaultEncoding, content-type: 2, default encoding: UTF-8
I/WebCore::FrameLoader( 2027): write(): set decoder from http header
I/WebCore::FrameLoader( 2027): utf-8
I/WebCore::TextResourceDecoder( 2027): setEncoding(), source: 5
I/WebCore::TextResourceDecoder( 2027): setEncoding() name: UTF-8
I/WebCore::TextResourceDecoder( 2027): decode()
I/WebCore::TextResourceDecoder( 2027): decode() css charset done!
I/WebCore::TextResourceDecoder( 2027): checkForHeadCharset(), decode source: 5
I/WebCore::TextResourceDecoder( 2027): checkForHeadCharset(), buffer size: 1777
I/WebCore::TextResourceDecoder( 2027): checkForHeadCharset(), check encoding
I/WebCore::TextResourceDecoder( 2027): checkForHeadCharset(), check xml encoding
I/WebCore::TextResourceDecoder( 2027): checkForHeadCharset(), do check xml encoding
I/WebCore::TextResourceDecoder( 2027): checkForHeadCharset(), do check http encoding
I/WebCore::TextResourceDecoder( 2027): decode(),  html/xml charset done! current encoding: UTF-8
I/WebCore::TextResourceDecoder( 2027): shouldAutoDetect, m_usesEncodingDetector: 1, m_source :5
I/WebCore::TextResourceDecoder( 2027): decode() autodetect done!
I/WebCore::WML( 2027): internalSubset, 1081
I/WebCore::WML( 2027): createElement, 887
I/WebCore::WML( 2027): createElement, 887
I/WebCore::WML( 2027): createElement, 887
I/WebCore::WML( 2027): createElement, 887
I/WebCore::WML( 2027): createElement, 887
I/WebCore::WML( 2027): createElement, 887
I/WebCore::WML( 2027): createElement, 887
I/WebCore::WML( 2027): createElement, 887
I/WebCore::WML( 2027): createElement, 887
I/WebCore::WML( 2027): createElement, 887
I/WebCore::WML( 2027): createElement, 887
I/WebCore::WML( 2027): createElement, 887
I/WebCore::WML( 2027): createElement, 887
I/WebCore::WML( 2027): createElement, 887
I/WebCore::WML( 2027): createElement, 887
I/WebCore::WML( 2027): createElement, 887
I/WebCore::WML( 2027): createElement, 887
I/WebCore::WML( 2027): createElement, 887
I/WebCore::WML( 2027): createElement, 887
I/WebCore::WML( 2027): createElement, 887
I/WebCore::WML( 2027): createElement, 887
I/WebCore::WML( 2027): createElement, 887
I/WebCore::WML( 2027): createElement, 887
I/WebCore::WML( 2027): createElement, 887
I/WebCore::WML( 2027): updateAltText, 602
I/WebCore::WML( 2027): createElement, 887
I/WebCore::WML( 2027): createElement, 887
I/WebCore::WML( 2027): createElement, 887
I/WebCore::WML( 2027): createElement, 887
I/WebCore::WML( 2027): createElement, 887
I/WebCore::WML( 2027): createElement, 887
I/WebCore::WML( 2027): createElement, 887
I/WebCore::WML( 2027): createElement, 887
I/WebCore::WML( 2027): createElement, 887
I/WebCore::WML( 2027): createElement, 887
I/WebCore::WML( 2027): createElement, 887
I/WebCore::WML( 2027): createElement, 887
I/BrowserProvider( 2027): query url: content://browser/bookmarks url match: 0
I/WebCore::WML( 2027): createElement, 887
I/WebCoreFrameBridge( 2027): setProgress, 715
V/BrowserActivity( 2027): onProgressChanged: 30
V/TitleBar( 2027): onProgressChanged: com.android.browser.TitleBar@43d8ea68 30 true android.view.ViewRoot$W@43dbb450
V/BrowserActivity( 2027): onProgressChanged:  false false
V/BrowserActivity( 2027): showFakeTitleBar: Handler{43dbae20} null false
I/WebCoreFrameBridge( 2027): setProgress, 724
V/LoadListener( 2027): LoadListener.detachRequestHandle(): requestHandle: android.net.http.RequestHandle@43dd91c0
I/WebCore ( 2027): committedLoad, 693
I/WebCore::FrameLoader( 2027): write(): decode
I/WebCore::TextResourceDecoder( 2027): decode()
I/WebCore::TextResourceDecoder( 2027): decode() css charset done!
I/WebCore::TextResourceDecoder( 2027): decode(),  html/xml charset done! current encoding: UTF-8
I/WebCore::TextResourceDecoder( 2027): shouldAutoDetect, m_usesEncodingDetector: 1, m_source :5
I/WebCore::TextResourceDecoder( 2027): decode() autodetect done!
I/WebCore::TextResourceDecoder( 2027): flush()
V/cache   ( 2027): saveCacheFile for url http://pim1.monternet.com/wap/wap/zh/login/inputPWD.vm
I/WebCoreFrameBridge( 2027): setTitle, 681
I/Tab     ( 2027): onReceivedTitle title: 中转 url: http://pim1.monternet.com/wap/wap/zh/login/inputPWD.vm#loginOther
I/Tab     ( 2027): onReceivedTitle foreground
I/TabControl( 2027): getCurrentTab
I/TabControl( 2027): getTab
I/WebCoreFrameBridge( 2027): setTitle, 694
I/WebCoreFrameBridge( 2027): didReceiveIcon, 736
I/BrowserProvider( 2027): query url: content://browser/bookmarks url match: 0
V/webcore ( 2027): didFirstLayout standardLoad =true
V/webcore ( 2027): setupViewport mRestoredScale=0 mViewScale=0.75 mTextWrapScale=0.75
I/WebCoreFrameBridge( 2027): didFinishLoad, 616
I/WebCoreFrameBridge( 2027): didFinishLoad, 636
I/WebCoreFrameBridge( 2027): setProgress, 715
I/WebCoreFrameBridge( 2027): setProgress, 724
V/cache   ( 2027): endTransaction
V/webcore ( 2027): VIEW_SIZE_CHANGED arg1=0 arg2=0 obj=android.webkit.WebView$ViewSizeData@43dada80
V/webview ( 2027): SET_SCROLLBAR_MODES
V/webview ( 2027): SET_SCROLLBAR_MODES
V/webview ( 2027): SET_SCROLLBAR_MODES
V/BrowserActivity( 2027): onPageFinished
V/webcore ( 2027): viewSizeChanged w=320; h=345; textwrapWidth=320; scale=0.75
V/webcore ( 2027): viewSizeChanged w=320; h=345; textwrapWidth=320; scale=0.75
V/webcore ( 2027): WEBKIT_DRAW arg1=0 arg2=0 obj=null
V/webcore ( 2027): webkitDraw start
I/TabControl( 2027): getCurrentTab
I/TabControl( 2027): getTab
I/TabControl( 2027): getCurrentTab
I/TabControl( 2027): getTab
V/BrowserActivity( 2027): onProgressChanged: 100
I/TabControl( 2027): getCurrentWebView
I/TabControl( 2027): getTab
V/webview ( 2027): UPDATE_TEXT_ENTRY_MSG_ID
V/webcore ( 2027): webkitDraw NEW_PICTURE_MSG_ID
V/webcore ( 2027): MESSAGE_RELAY arg1=0 arg2=0 obj={ what=101 when=0 arg2=16 }
V/webcore ( 2027): UPDATE_CACHE_AND_TEXT_ENTRY arg1=0 arg2=0 obj=null
V/cache   ( 2027): trimCacheIfNeeded
V/cache   ( 2027): startTransaction
I/WebCore::FrameLoader( 2027): encoding(), from m_decoder
I/WebCore::FrameLoader( 2027): encoding(), from m_decoder
I/WebCore::FrameLoader( 2027): shouldReload, 2756
I/WebCore::FrameLoader( 2027): frameContainsWMLContent, 1585
I/WebCoreFrameBridge( 2027): canHandleRequest, 788
I/WebCoreFrameBridge( 2027): loadStarted, 544
I/WebCoreFrameBridge( 2027): loadStarted, 592
I/WebCoreFrameBridge( 2027): setProgress, 715
I/WebCoreFrameBridge( 2027): setProgress, 724
I/WebCore::FrameLoader( 2027): encoding(), from m_decoder
I/WebCoreFrameBridge( 2027): startLoadingResource, 378
I/WebCoreFrameBridge( 2027): createJavaMapFromHTTPHeaders, 300
I/WebCoreFrameBridge( 2027): createJavaMapFromHTTPHeaders, 327
I/WebCoreFrameBridge( 2027): HasPasswordField, 1502
I/WebCoreFrameBridge( 2027): HasPasswordField, 1514
I/WebCoreFrameBridge( 2027): HasPasswordField, 1533
V/webkit  ( 2027): startLoadingResource: url=http://pim1.monternet.com/wap/waplogin.do, method=POST, postData=[B@43d436d8, isMainFramePage=true, mainResource=true, userGesture=true
V/websync ( 2027): CookieSyncManager::syncFromRamToFlash STARTS
V/LoadListener( 2027): LoadListener constructor url=http://pim1.monternet.com/wap/waplogin.do
I/WebCoreFrameBridge( 2027): startLoadingResource, 516
I/WebCoreFrameBridge( 2027): HasPasswordField, 1502
V/WebSettings( 2027): getUserAgentString default: HuaweiT8100_TD/1.0 Android/2.2 Release/12.25.2010 Browser/WAP2.0 Profile/MIDP-2.0 Configuration/CLDC-1.1 AppleWebKit/533.1
V/webkit  ( 2027): getCookie: uri: http://pim1.monternet.com/wap/waplogin.do value: JSESSIONID=2D82CE8D4C279FEA3E4D1EBB154FC12A.worker1
V/webkit  ( 2027): FrameLoader: http POST load for: http://pim1.monternet.com/wap/waplogin.do
V/http    ( 2027): 519596 WebViewWorkerThread RequestQueue.queueRequest url:http://pim1.monternet.com/wap/waplogin.do
V/http    ( 2027): 519597 WebViewWorkerThread RequestQueue.queueRequest uri:http://pim1.monternet.com/wap/waplogin.do
V/http    ( 2027): 519597 WebViewWorkerThread RequestQueue.queueRequest shouldUseWifiProxy: false
V/http    ( 2027): 519597 WebViewWorkerThread RequestQueue.inWifiProxyBlackList url:http://pim1.monternet.com/wap/waplogin.do
V/http    ( 2027): 519598 WebViewWorkerThread RequestQueue.inWifiProxyBlackList web1: 
V/http    ( 2027): 519598 WebViewWorkerThread RequestQueue.inWifiProxyBlackList web2: 
V/http    ( 2027): 519598 WebViewWorkerThread RequestQueue.inWifiProxyBlackList web3: 
V/http    ( 2027): 519598 WebViewWorkerThread RequestQueue.inWifiProxyBlackList web4: 192.168.
V/http    ( 2027): 519599 WebViewWorkerThread RequestQueue.inWifiProxyBlackList not match
V/http    ( 2027): 519599 WebViewWorkerThread RequestQueue.queueRequest proxy: http://10.0.0.172:80
I/WebCoreFrameBridge( 2027): HasPasswordField, 1514
I/WebCoreFrameBridge( 2027): HasPasswordField, 1533
V/websync ( 2027): CookieSyncManager::syncFromRamToFlash DONE
V/http    ( 2027): 519631 http2 RequestQueue.getRequest() => /wap/waplogin.do
V/http    ( 2027): 519631 http2 ConnectionThread: new request http://pim1.monternet.com:80 /wap/waplogin.do
V/http    ( 2027): 519632 http2 RequestQueue.inWifiProxyBlackList url:http://pim1.monternet.com:80
V/http    ( 2027): 519632 http2 RequestQueue.inWifiProxyBlackList web1: 
V/http    ( 2027): 519632 http2 RequestQueue.inWifiProxyBlackList web2: 
V/http    ( 2027): 519633 http2 RequestQueue.inWifiProxyBlackList web3: 
V/http    ( 2027): 519633 http2 RequestQueue.inWifiProxyBlackList web4: 192.168.
V/http    ( 2027): 519633 http2 RequestQueue.inWifiProxyBlackList not match
V/http    ( 2027): 519634 http2 RequestQueue.determineHost host: http://pim1.monternet.com:80
V/http    ( 2027): 519634 http2 RequestQueue.determineHost proxy: http://10.0.0.172:80
V/http    ( 2027): 519634 http2 SEND pipe 0
V/LoadListener( 2027): LoadListener.certificate: null
V/LoadListener( 2027): LoadListener.attachRequestHandle(): requestHandle: android.net.http.RequestHandle@43d4c978
V/cache   ( 2027): trimCacheIfNeeded
V/http    ( 2027): 519645 http2 Request.sendRequest() http://pim1.monternet.com
V/http    ( 2027): 519661 http2 Request.requestSent() http://pim1.monternet.com/wap/waplogin.do
V/http    ( 2027): 519661 http2 SEND pipe 1
V/http    ( 2027): 519662 http2 RequestQueue.getRequest(http://10.0.0.172:80) => null
V/http    ( 2027): 519663 http2 DRAIN pipe 1
V/http    ( 2027): 519664 http2 processRequests() reading /wap/waplogin.do
V/webview ( 2027): NEW_PICTURE_MSG_ID
V/webview ( 2027): MT focusChanged true, 2
V/webview ( 2027): sendViewSizeZoom, viewWidth: 240, mInvActualScale: 1.3333334
V/webview ( 2027): NEW_PICTURE_MSG_ID {0,0,320,345}
V/webview ( 2027): SCROLL_TO_MSG_ID
V/webcore ( 2027): SYNC_SCROLL arg1=0 arg2=16 obj=null
V/webview ( 2027): UPDATE_TEXT_ENTRY_MSG_ID
V/webview ( 2027): setCertificate=null
V/BrowserActivity( 2027): onPageStarted
I/TabControl( 2027): getCurrentTab
I/TabControl( 2027): getTab
I/TabControl( 2027): getCurrentTab
I/TabControl( 2027): getTab
V/BrowserActivity( 2027): onProgressChanged: 10
V/TitleBar( 2027): onProgressChanged: com.android.browser.TitleBar@43d8ea68 10 false null
V/TitleBar( 2027): onProgressChanged: delay animation
V/BrowserActivity( 2027): onProgressChanged:  false false
V/BrowserActivity( 2027): showFakeTitleBar: null null false
I/TabControl( 2027): getCurrentWebView
I/TabControl( 2027): getTab
V/BrowserActivity( 2027): showFakeTitleBar: android.webkit.WebView@43e1ed70
V/BrowserActivity( 2027): onProgressChanged: 10
V/TitleBar( 2027): onProgressChanged: com.android.browser.TitleBar@43d8ea68 10 false null
V/TitleBar( 2027): onProgressChanged: delay animation
V/BrowserActivity( 2027): onProgressChanged:  false false
V/BrowserActivity( 2027): showFakeTitleBar: Handler{43d43d90} null false
V/webview ( 2027): setCertificate=null
V/TitleBar( 2027): onProgressChanged: com.android.browser.TitleBar@43d8ea68 10 false android.view.ViewRoot$W@43d93920
V/TitleBar( 2027): onProgressChanged: start animation
I/BrowserProvider( 2027): update url: content://browser/bookmarks values: title=中转 url match: 0
V/http    ( 2027): 520458 http2 read: HTTP/1.1 200 OK, Success
V/http    ( 2027): 520459 http2 hdr 19 content-length: 512
V/http    ( 2027): 520462 http2 hdr 44 content-type: text/vnd.wap.wml;charset=UTF-8
V/http    ( 2027): 520464 http2 hdr 25 server: Apache-Coyote/1.1
V/http    ( 2027): 520466 http2 hdr 16 pragma: No-cache
V/http    ( 2027): 520467 http2 hdr 23 cache-control: no-cache
V/http    ( 2027): 520469 http2 hdr 38 expires: Thu, 01 Jan 1970 00:00:00 GMT
V/http    ( 2027): 520471 http2 hdr 35 date: Tue, 23 Aug 2011 06:37:08 GMT
V/http    ( 2027): 520473 http2 hdr 22 content-encoding: gzip
V/http    ( 2027): 520475 http2 Request.readResponseStatus() 24 HTTP/1.1 200 OK, Success
V/LoadListener( 2027): LoadListener: from: http://pim1.monternet.com/wap/waplogin.do major: 1 minor: 1 code: 200 reason: OK, Success
V/LoadListener( 2027): LoadListener.headers
V/LoadListener( 2027): Dump HTTP headers:
V/LoadListener( 2027): content-length 512
V/LoadListener( 2027): content-type text/vnd.wap.wml;charset=UTF-8
V/LoadListener( 2027): content-encoding gzip
V/LoadListener( 2027): expires Thu, 01 Jan 1970 00:00:00 GMT
V/LoadListener( 2027): cache-control no-cache
V/LoadListener( 2027): pragma No-cache
V/LoadListener( 2027): server Apache-Coyote/1.1
V/LoadListener( 2027): date Tue, 23 Aug 2011 06:37:08 GMT
V/LoadListener( 2027): LoadListener.parseContentTypeHeader: contentType: text/vnd.wap.wml;charset=UTF-8
V/LoadListener( 2027): loading url: http://pim1.monternet.com/wap/waplogin.do
V/LoadListener( 2027): has cookie : false, in cache black list: false
V/http    ( 2027): 520497 http2 Request.readResponse() 890
V/LoadListener( 2027): LoadListener.data(): url: http://pim1.monternet.com/wap/waplogin.do
V/LoadListener( 2027): LoadListener.endData(): url: http://pim1.monternet.com/wap/waplogin.do
