V/AudioPolicyManagerALSA( 1636): changeRefCount() stream 1, count 0
V/AudioPolicyManagerALSA( 1636): setOutputDevice() output 1 device 0 delayMs 372
V/webcore ( 1992): SET_SELECTION arg1=8 arg2=8 obj=null
V/webcore ( 1992): PASS_TO_JS arg1=17 arg2=0 obj=android.webkit.WebViewCore$JSKeyData@43dc1888
D/AudioHardwareALSA( 1636): standby()
V/webcore ( 1992): PASS_TO_JS arg1=18 arg2=0 obj=android.webkit.WebViewCore$JSKeyData@43d93480
V/webcore ( 1992): WEBKIT_DRAW arg1=0 arg2=0 obj=null
V/webcore ( 1992): webkitDraw start
V/webcore ( 1992): webkitDraw NEW_PICTURE_MSG_ID
V/webview ( 1992): NEW_PICTURE_MSG_ID
V/webview ( 1992): sendViewSizeZoom, viewWidth: 240, mInvActualScale: 1.3333334
V/webview ( 1992): NEW_PICTURE_MSG_ID {93,56,278,75}
D/AudioHardwareALSA( 1636): mStreamType=1, mParent->getAnalogLoop()=0
V/webcore ( 1992): WEBKIT_DRAW arg1=0 arg2=0 obj=null
V/webcore ( 1992): webkitDraw start
V/webcore ( 1992): webkitDraw NEW_PICTURE_MSG_ID
V/webview ( 1992): NEW_PICTURE_MSG_ID
V/webview ( 1992): sendViewSizeZoom, viewWidth: 240, mInvActualScale: 1.3333334
V/webview ( 1992): NEW_PICTURE_MSG_ID {0,0,323,411}
V/webcore ( 1992): SAVE_DOCUMENT_STATE arg1=0 arg2=0 obj=android.webkit.WebViewCore$CursorData@43d93498
V/AudioPolicyManagerALSA( 1636): startOutput() output 1, stream 1
E/AudioPolicyManagerALSA( 1636): mAvailableOutputDevices=0x3
V/AudioPolicyManagerALSA( 1636): getDeviceForStrategy() -out- strategy 0, device 2
V/AudioPolicyManagerALSA( 1636): setOutputDevice() output 1 device 2 delayMs 0
I/AudioFlinger( 1636): setParameters(): io 1, keyvalue routing=2, tid 1677, calling tid 1636
D/ALSAStreamOps( 1636): setParameters() routing=2
D/ALSAModule( 1636): v0.01 route called for devices 00000002 in mode 0...
D/ALSAModule( 1636): Routing audio to Speakerphone
D/ALSAModule( 1636): the same device
V/AudioPolicyManagerALSA( 1636): applyStreamVolumes() for output 1 and device 2
V/AudioPolicyManagerALSA( 1636): checkAndSetVolume() cannot set stream 6 volume with force use = 0 for comm
V/AudioPolicyManagerALSA( 1636): changeRefCount() stream 1, count 1
V/AudioPolicyManagerALSA( 1636): releaseOutput() 1
V/webcore ( 1992): WEBKIT_DRAW arg1=0 arg2=0 obj=null
V/webcore ( 1992): webkitDraw start
V/webcore ( 1992): webkitDraw NEW_PICTURE_MSG_ID
V/webview ( 1992): NEW_PICTURE_MSG_ID
V/webview ( 1992): sendViewSizeZoom, viewWidth: 240, mInvActualScale: 1.3333334
V/webview ( 1992): NEW_PICTURE_MSG_ID {173,56,176,75}
W/AudioHardwareALSA( 1636): Write request but device is in state SND_PCM_STATE_SETUP
D/AudioHardwareALSA( 1636): call snd_pcm_prepare
W/AudioHardwareALSA( 1636): current_state=1 - Wait for correct device state
V/AudioPolicyManagerALSA( 1636): stopOutput() output 1, stream 1
V/AudioPolicyManagerALSA( 1636): changeRefCount() stream 1, count 0
V/AudioPolicyManagerALSA( 1636): setOutputDevice() output 1 device 0 delayMs 372
V/webcore ( 1992): SET_SELECTION arg1=9 arg2=9 obj=null
V/webcore ( 1992): PASS_TO_JS arg1=19 arg2=0 obj=android.webkit.WebViewCore$JSKeyData@43e02600
V/webcore ( 1992): PASS_TO_JS arg1=20 arg2=0 obj=android.webkit.WebViewCore$JSKeyData@43dcc8b8
V/webcore ( 1992): WEBKIT_DRAW arg1=0 arg2=0 obj=null
V/webcore ( 1992): webkitDraw start
V/webcore ( 1992): webkitDraw NEW_PICTURE_MSG_ID
D/AudioHardwareALSA( 1636): standby()
V/webview ( 1992): NEW_PICTURE_MSG_ID
V/webview ( 1992): sendViewSizeZoom, viewWidth: 240, mInvActualScale: 1.3333334
V/webview ( 1992): NEW_PICTURE_MSG_ID {93,56,278,75}
D/AudioHardwareALSA( 1636): mStreamType=1, mParent->getAnalogLoop()=0
V/AudioPolicyManagerALSA( 1636): startOutput() output 1, stream 1
E/AudioPolicyManagerALSA( 1636): mAvailableOutputDevices=0x3
V/AudioPolicyManagerALSA( 1636): getDeviceForStrategy() -out- strategy 0, device 2
V/AudioPolicyManagerALSA( 1636): setOutputDevice() output 1 device 2 delayMs 0
I/AudioFlinger( 1636): setParameters(): io 1, keyvalue routing=2, tid 1677, calling tid 1636
D/ALSAStreamOps( 1636): setParameters() routing=2
D/ALSAModule( 1636): v0.01 route called for devices 00000002 in mode 0...
D/ALSAModule( 1636): Routing audio to Speakerphone
D/ALSAModule( 1636): the same device
V/AudioPolicyManagerALSA( 1636): applyStreamVolumes() for output 1 and device 2
V/AudioPolicyManagerALSA( 1636): checkAndSetVolume() cannot set stream 6 volume with force use = 0 for comm
V/AudioPolicyManagerALSA( 1636): changeRefCount() stream 1, count 1
V/AudioPolicyManagerALSA( 1636): releaseOutput() 1
W/AudioHardwareALSA( 1636): Write request but device is in state SND_PCM_STATE_SETUP
D/AudioHardwareALSA( 1636): call snd_pcm_prepare
V/webcore ( 1992): WEBKIT_DRAW arg1=0 arg2=0 obj=null
V/webcore ( 1992): webkitDraw start
W/AudioHardwareALSA( 1636): current_state=1 - Wait for correct device state
V/AudioPolicyManagerALSA( 1636): stopOutput() output 1, stream 1
V/AudioPolicyManagerALSA( 1636): changeRefCount() stream 1, count 0
V/AudioPolicyManagerALSA( 1636): setOutputDevice() output 1 device 0 delayMs 372
V/webcore ( 1992): webkitDraw NEW_PICTURE_MSG_ID
V/webcore ( 1992): SET_SELECTION arg1=10 arg2=10 obj=null
V/webcore ( 1992): PASS_TO_JS arg1=21 arg2=0 obj=android.webkit.WebViewCore$JSKeyData@43d4dd08
V/webcore ( 1992): PASS_TO_JS arg1=22 arg2=0 obj=android.webkit.WebViewCore$JSKeyData@43d861c0
V/webview ( 1992): NEW_PICTURE_MSG_ID
D/AudioHardwareALSA( 1636): standby()
V/webview ( 1992): sendViewSizeZoom, viewWidth: 240, mInvActualScale: 1.3333334
V/webview ( 1992): NEW_PICTURE_MSG_ID {0,0,323,411}
V/webcore ( 1992): WEBKIT_DRAW arg1=0 arg2=0 obj=null
V/webcore ( 1992): webkitDraw start
V/webcore ( 1992): webkitDraw NEW_PICTURE_MSG_ID
V/webview ( 1992): NEW_PICTURE_MSG_ID
V/webview ( 1992): sendViewSizeZoom, viewWidth: 240, mInvActualScale: 1.3333334
V/webview ( 1992): NEW_PICTURE_MSG_ID {93,56,278,75}
D/AudioHardwareALSA( 1636): mStreamType=1, mParent->getAnalogLoop()=0
V/webcore ( 1992): WEBKIT_DRAW arg1=0 arg2=0 obj=null
V/webcore ( 1992): webkitDraw start
V/webcore ( 1992): webkitDraw NEW_PICTURE_MSG_ID
V/webview ( 1992): NEW_PICTURE_MSG_ID
V/webview ( 1992): sendViewSizeZoom, viewWidth: 240, mInvActualScale: 1.3333334
V/webview ( 1992): NEW_PICTURE_MSG_ID {0,0,323,411}
V/webcore ( 1992): SAVE_DOCUMENT_STATE arg1=0 arg2=0 obj=android.webkit.WebViewCore$CursorData@43d861d8
V/webcore ( 1992): WEBKIT_DRAW arg1=0 arg2=0 obj=null
V/webcore ( 1992): webkitDraw start
V/webcore ( 1992): webkitDraw NEW_PICTURE_MSG_ID
V/webview ( 1992): NEW_PICTURE_MSG_ID
V/webview ( 1992): sendViewSizeZoom, viewWidth: 240, mInvActualScale: 1.3333334
V/webview ( 1992): NEW_PICTURE_MSG_ID {190,56,193,75}
V/webcore ( 1992): SET_SCROLL_OFFSET arg1=0 arg2=0 obj=Point(0, 0)
V/webview ( 1992): sendOurVisibleRect=(0,19,r=240,b=320
V/webcore ( 1992): SET_GLOBAL_BOUNDS arg1=0 arg2=0 obj=Rect(0, 19 - 240, 320)
V/http    ( 1992): 500518 IdleReaper IdleCache IdleReaper shutdown: cached 2 reused 1
V/webview ( 1992): sendViewSizeZoom, viewWidth: 240, mInvActualScale: 1.3333334
V/webcore ( 1992): VIEW_SIZE_CHANGED arg1=0 arg2=0 obj=android.webkit.WebView$ViewSizeData@43db6088
V/webcore ( 1992): viewSizeChanged w=320; h=345; textwrapWidth=320; scale=0.75
V/webcore ( 1992): viewSizeChanged w=320; h=345; textwrapWidth=320; scale=0.75
V/webcore ( 1992): WEBKIT_DRAW arg1=0 arg2=0 obj=null
V/webcore ( 1992): webkitDraw start
V/webcore ( 1992): webkitDraw NEW_PICTURE_MSG_ID
V/webview ( 1992): NEW_PICTURE_MSG_ID
V/webview ( 1992): sendViewSizeZoom, viewWidth: 240, mInvActualScale: 1.3333334
V/webview ( 1992): NEW_PICTURE_MSG_ID {0,0,323,411}
V/webcore ( 1992): UPDATE_CACHE_AND_TEXT_ENTRY arg1=0 arg2=0 obj=null
V/webview ( 1992): UPDATE_TEXT_ENTRY_MSG_ID
V/webcore ( 1992): WEBKIT_DRAW arg1=0 arg2=0 obj=null
V/webcore ( 1992): webkitDraw start
V/webcore ( 1992): webkitDraw NEW_PICTURE_MSG_ID
V/webview ( 1992): NEW_PICTURE_MSG_ID
V/webview ( 1992): sendViewSizeZoom, viewWidth: 240, mInvActualScale: 1.3333334
V/webview ( 1992): NEW_PICTURE_MSG_ID {190,56,193,75}
V/webview ( 1992): MotionEvent{43da0528 action=0 x=176.36098 y=131.01889 pressure=0.024420025 size=0.0} at 501281 mTouchMode=7
V/webcore ( 1992): UPDATE_FRAME_CACHE_IF_LOADING arg1=0 arg2=0 obj=null
V/webview ( 1992): MotionEvent{43da0528 action=2 x=176.0327 y=131.11765 pressure=0.024420025 size=0.0} at 501303 mTouchMode=1
V/webcore ( 1992): WEBKIT_DRAW arg1=0 arg2=0 obj=null
V/webcore ( 1992): webkitDraw start
V/webcore ( 1992): webkitDraw NEW_PICTURE_MSG_ID
V/webview ( 1992): MotionEvent{43da0528 action=2 x=176.29532 y=131.11765 pressure=0.024420025 size=0.0} at 501325 mTouchMode=1
V/webview ( 1992): NEW_PICTURE_MSG_ID
V/webview ( 1992): sendViewSizeZoom, viewWidth: 240, mInvActualScale: 1.3333334
V/webview ( 1992): NEW_PICTURE_MSG_ID {190,56,193,75}
V/webview ( 1992): MotionEvent{43da0528 action=2 x=177.93681 y=130.7226 pressure=0.024420025 size=0.0} at 501349 mTouchMode=1
V/webview ( 1992): MotionEvent{43d7c8d0 action=2 x=182.59862 y=131.61145 pressure=0.024420025 size=0.0} at 501372 mTouchMode=1
V/webview ( 1992): MotionEvent{43da0528 action=1 x=182.59862 y=131.61145 pressure=0.024420025 size=0.0} at 501392 mTouchMode=1
V/webview ( 1992): RELEASE_SINGLE_TAP
V/webcore ( 1992): VALID_NODE_BOUNDS arg1=0 arg2=0 obj=android.webkit.WebViewCore$MotionUpData@43e4d438
V/webview ( 1992): DO_MOTION_UP
V/webcore ( 1992): TOUCH_UP arg1=0 arg2=0 obj=android.webkit.WebViewCore$TouchUpData@43dc6238
V/webcore ( 1992): WEBKIT_DRAW arg1=0 arg2=0 obj=null
V/webcore ( 1992): webkitDraw start
V/webview ( 1992): UPDATE_TEXT_SELECTION_MSG_ID
V/webcore ( 1992): webkitDraw NEW_PICTURE_MSG_ID
V/webcore ( 1992): REQUEST_LABEL arg1=2487152 arg2=4219168 obj=null
V/webview ( 1992): rebuildWebTextView null == text
V/webview ( 1992): UPDATE_TEXT_SELECTION_MSG_ID
V/webview ( 1992): REQUEST_KEYBOARD_WITH_SELECTION_MSG_ID
V/webview ( 1992): NEW_PICTURE_MSG_ID
V/webview ( 1992): sendViewSizeZoom, viewWidth: 240, mInvActualScale: 1.3333334
V/webview ( 1992): NEW_PICTURE_MSG_ID {87,50,284,126}
V/webcore ( 1992): SET_SCROLL_OFFSET arg1=0 arg2=0 obj=Point(0, 0)
V/webview ( 1992): sendOurVisibleRect=(0,19,r=240,b=188
V/webcore ( 1992): SET_GLOBAL_BOUNDS arg1=0 arg2=0 obj=Rect(0, 19 - 240, 188)
V/webview ( 1992): sendViewSizeZoom, viewWidth: 240, mInvActualScale: 1.3333334
V/webcore ( 1992): VIEW_SIZE_CHANGED arg1=0 arg2=0 obj=android.webkit.WebView$ViewSizeData@43dffd90
V/webcore ( 1992): viewSizeChanged w=320; h=169; textwrapWidth=320; scale=0.75
V/webcore ( 1992): viewSizeChanged w=320; h=169; textwrapWidth=320; scale=0.75
V/webcore ( 1992): WEBKIT_DRAW arg1=0 arg2=0 obj=null
V/webcore ( 1992): webkitDraw start
V/webcore ( 1992): webkitDraw NEW_PICTURE_MSG_ID
V/webview ( 1992): NEW_PICTURE_MSG_ID
V/webview ( 1992): sendViewSizeZoom, viewWidth: 240, mInvActualScale: 1.3333334
V/webview ( 1992): NEW_PICTURE_MSG_ID {0,0,323,411}
V/webcore ( 1992): UPDATE_CACHE_AND_TEXT_ENTRY arg1=0 arg2=0 obj=null
V/webview ( 1992): UPDATE_TEXT_ENTRY_MSG_ID
V/webcore ( 1992): WEBKIT_DRAW arg1=0 arg2=0 obj=null
V/webcore ( 1992): webkitDraw start
V/webcore ( 1992): webkitDraw NEW_PICTURE_MSG_ID
V/webview ( 1992): NEW_PICTURE_MSG_ID
V/webview ( 1992): sendViewSizeZoom, viewWidth: 240, mInvActualScale: 1.3333334
V/webview ( 1992): NEW_PICTURE_MSG_ID {93,101,96,120}
V/webcore ( 1992): WEBKIT_DRAW arg1=0 arg2=0 obj=null
V/webcore ( 1992): webkitDraw start
V/webcore ( 1992): webkitDraw NEW_PICTURE_MSG_ID
V/webview ( 1992): NEW_PICTURE_MSG_ID
V/webview ( 1992): sendViewSizeZoom, viewWidth: 240, mInvActualScale: 1.3333334
V/webview ( 1992): NEW_PICTURE_MSG_ID {93,101,96,120}
V/webcore ( 1992): WEBKIT_DRAW arg1=0 arg2=0 obj=null
V/webcore ( 1992): webkitDraw start
V/webcore ( 1992): webkitDraw NEW_PICTURE_MSG_ID
V/webview ( 1992): NEW_PICTURE_MSG_ID
V/webview ( 1992): sendViewSizeZoom, viewWidth: 240, mInvActualScale: 1.3333334
V/webview ( 1992): NEW_PICTURE_MSG_ID {93,101,96,120}
V/AudioPolicyManagerALSA( 1636): startOutput() output 1, stream 1
E/AudioPolicyManagerALSA( 1636): mAvailableOutputDevices=0x3
V/AudioPolicyManagerALSA( 1636): getDeviceForStrategy() -out- strategy 0, device 2
V/AudioPolicyManagerALSA( 1636): setOutputDevice() output 1 device 2 delayMs 0
I/AudioFlinger( 1636): setParameters(): io 1, keyvalue routing=2, tid 1677, calling tid 1636
D/ALSAStreamOps( 1636): setParameters() routing=2
D/ALSAModule( 1636): v0.01 route called for devices 00000002 in mode 0...
D/ALSAModule( 1636): Routing audio to Speakerphone
D/ALSAModule( 1636): the same device
V/AudioPolicyManagerALSA( 1636): applyStreamVolumes() for output 1 and device 2
V/AudioPolicyManagerALSA( 1636): checkAndSetVolume() cannot set stream 6 volume with force use = 0 for comm
V/AudioPolicyManagerALSA( 1636): changeRefCount() stream 1, count 1
V/AudioPolicyManagerALSA( 1636): releaseOutput() 1
W/AudioHardwareALSA( 1636): Write request but device is in state SND_PCM_STATE_SETUP
D/AudioHardwareALSA( 1636): call snd_pcm_prepare
W/AudioHardwareALSA( 1636): current_state=1 - Wait for correct device state
V/AudioPolicyManagerALSA( 1636): stopOutput() output 1, stream 1
V/AudioPolicyManagerALSA( 1636): changeRefCount() stream 1, count 0
V/AudioPolicyManagerALSA( 1636): setOutputDevice() output 1 device 0 delayMs 372
D/AudioHardwareALSA( 1636): standby()
V/webcore ( 1992): WEBKIT_DRAW arg1=0 arg2=0 obj=null
V/webcore ( 1992): webkitDraw start
V/webcore ( 1992): webkitDraw NEW_PICTURE_MSG_ID
V/webview ( 1992): NEW_PICTURE_MSG_ID
V/webview ( 1992): sendViewSizeZoom, viewWidth: 240, mInvActualScale: 1.3333334
V/webview ( 1992): NEW_PICTURE_MSG_ID {93,101,96,120}
D/AudioHardwareALSA( 1636): mStreamType=1, mParent->getAnalogLoop()=0
V/webcore ( 1992): SET_SELECTION arg1=0 arg2=0 obj=null
V/webcore ( 1992): PASS_TO_JS arg1=23 arg2=0 obj=android.webkit.WebViewCore$JSKeyData@43d44a78
V/webcore ( 1992): PASS_TO_JS arg1=24 arg2=0 obj=android.webkit.WebViewCore$JSKeyData@43e2f730
V/webcore ( 1992): WEBKIT_DRAW arg1=0 arg2=0 obj=null
V/webcore ( 1992): webkitDraw start
V/webcore ( 1992): webkitDraw NEW_PICTURE_MSG_ID
V/webview ( 1992): NEW_PICTURE_MSG_ID
V/webview ( 1992): sendViewSizeZoom, viewWidth: 240, mInvActualScale: 1.3333334
V/webview ( 1992): NEW_PICTURE_MSG_ID {90,98,281,123}
V/webcore ( 1992): WEBKIT_DRAW arg1=0 arg2=0 obj=null
V/webcore ( 1992): webkitDraw start
V/webcore ( 1992): webkitDraw NEW_PICTURE_MSG_ID
V/webview ( 1992): NEW_PICTURE_MSG_ID
V/webview ( 1992): sendViewSizeZoom, viewWidth: 240, mInvActualScale: 1.3333334
V/webview ( 1992): NEW_PICTURE_MSG_ID {0,0,323,411}
V/AudioPolicyManagerALSA( 1636): startOutput() output 1, stream 1
E/AudioPolicyManagerALSA( 1636): mAvailableOutputDevices=0x3
V/AudioPolicyManagerALSA( 1636): getDeviceForStrategy() -out- strategy 0, device 2
V/AudioPolicyManagerALSA( 1636): setOutputDevice() output 1 device 2 delayMs 0
I/AudioFlinger( 1636): setParameters(): io 1, keyvalue routing=2, tid 1677, calling tid 1636
D/ALSAStreamOps( 1636): setParameters() routing=2
D/ALSAModule( 1636): v0.01 route called for devices 00000002 in mode 0...
D/ALSAModule( 1636): Routing audio to Speakerphone
D/ALSAModule( 1636): the same device
V/AudioPolicyManagerALSA( 1636): applyStreamVolumes() for output 1 and device 2
V/AudioPolicyManagerALSA( 1636): checkAndSetVolume() cannot set stream 6 volume with force use = 0 for comm
V/AudioPolicyManagerALSA( 1636): changeRefCount() stream 1, count 1
V/AudioPolicyManagerALSA( 1636): releaseOutput() 1
W/AudioHardwareALSA( 1636): Write request but device is in state SND_PCM_STATE_SETUP
D/AudioHardwareALSA( 1636): call snd_pcm_prepare
W/AudioHardwareALSA( 1636): current_state=1 - Wait for correct device state
V/AudioPolicyManagerALSA( 1636): stopOutput() output 1, stream 1
V/AudioPolicyManagerALSA( 1636): changeRefCount() stream 1, count 0
V/AudioPolicyManagerALSA( 1636): setOutputDevice() output 1 device 0 delayMs 372
V/webcore ( 1992): SAVE_DOCUMENT_STATE arg1=0 arg2=0 obj=android.webkit.WebViewCore$CursorData@43e2f748
V/webcore ( 1992): WEBKIT_DRAW arg1=0 arg2=0 obj=null
V/webcore ( 1992): webkitDraw start
V/webcore ( 1992): webkitDraw NEW_PICTURE_MSG_ID
V/webview ( 1992): NEW_PICTURE_MSG_ID
V/webview ( 1992): sendViewSizeZoom, viewWidth: 240, mInvActualScale: 1.3333334
V/webview ( 1992): NEW_PICTURE_MSG_ID {100,101,103,120}
D/AudioHardwareALSA( 1636): standby()
D/AudioHardwareALSA( 1636): mStreamType=1, mParent->getAnalogLoop()=0
V/webcore ( 1992): SET_SELECTION arg1=1 arg2=1 obj=null
V/webcore ( 1992): PASS_TO_JS arg1=25 arg2=0 obj=android.webkit.WebViewCore$JSKeyData@43e072f8
V/webcore ( 1992): PASS_TO_JS arg1=26 arg2=0 obj=android.webkit.WebViewCore$JSKeyData@43dfa178
V/webcore ( 1992): WEBKIT_DRAW arg1=0 arg2=0 obj=null
V/webcore ( 1992): webkitDraw start
V/webcore ( 1992): webkitDraw NEW_PICTURE_MSG_ID
V/webview ( 1992): NEW_PICTURE_MSG_ID
V/webview ( 1992): sendViewSizeZoom, viewWidth: 240, mInvActualScale: 1.3333334
V/webview ( 1992): NEW_PICTURE_MSG_ID {93,101,278,120}
V/AudioPolicyManagerALSA( 1636): startOutput() output 1, stream 1
E/AudioPolicyManagerALSA( 1636): mAvailableOutputDevices=0x3
V/AudioPolicyManagerALSA( 1636): getDeviceForStrategy() -out- strategy 0, device 2
V/AudioPolicyManagerALSA( 1636): setOutputDevice() output 1 device 2 delayMs 0
I/AudioFlinger( 1636): setParameters(): io 1, keyvalue routing=2, tid 1677, calling tid 1636
D/ALSAStreamOps( 1636): setParameters() routing=2
D/ALSAModule( 1636): v0.01 route called for devices 00000002 in mode 0...
D/ALSAModule( 1636): Routing audio to Speakerphone
D/ALSAModule( 1636): the same device
V/AudioPolicyManagerALSA( 1636): applyStreamVolumes() for output 1 and device 2
V/AudioPolicyManagerALSA( 1636): checkAndSetVolume() cannot set stream 6 volume with force use = 0 for comm
V/AudioPolicyManagerALSA( 1636): changeRefCount() stream 1, count 1
V/AudioPolicyManagerALSA( 1636): releaseOutput() 1
W/AudioHardwareALSA( 1636): Write request but device is in state SND_PCM_STATE_SETUP
D/AudioHardwareALSA( 1636): call snd_pcm_prepare
W/AudioHardwareALSA( 1636): current_state=1 - Wait for correct device state
V/AudioPolicyManagerALSA( 1636): stopOutput() output 1, stream 1
V/AudioPolicyManagerALSA( 1636): changeRefCount() stream 1, count 0
V/AudioPolicyManagerALSA( 1636): setOutputDevice() output 1 device 0 delayMs 372
V/webcore ( 1992): SET_SELECTION arg1=2 arg2=2 obj=null
V/webcore ( 1992): PASS_TO_JS arg1=27 arg2=0 obj=android.webkit.WebViewCore$JSKeyData@43e0cf80
V/webcore ( 1992): PASS_TO_JS arg1=28 arg2=0 obj=android.webkit.WebViewCore$JSKeyData@43e0d030
V/webcore ( 1992): WEBKIT_DRAW arg1=0 arg2=0 obj=null
V/webcore ( 1992): webkitDraw start
V/webcore ( 1992): webkitDraw NEW_PICTURE_MSG_ID
V/webview ( 1992): NEW_PICTURE_MSG_ID
V/webview ( 1992): sendViewSizeZoom, viewWidth: 240, mInvActualScale: 1.3333334
V/webview ( 1992): NEW_PICTURE_MSG_ID {93,101,278,120}
D/AudioHardwareALSA( 1636): standby()
D/AudioHardwareALSA( 1636): mStreamType=1, mParent->getAnalogLoop()=0
V/AudioPolicyManagerALSA( 1636): startOutput() output 1, stream 1
E/AudioPolicyManagerALSA( 1636): mAvailableOutputDevices=0x3
V/AudioPolicyManagerALSA( 1636): getDeviceForStrategy() -out- strategy 0, device 2
V/AudioPolicyManagerALSA( 1636): setOutputDevice() output 1 device 2 delayMs 0
I/AudioFlinger( 1636): setParameters(): io 1, keyvalue routing=2, tid 1677, calling tid 1636
D/ALSAStreamOps( 1636): setParameters() routing=2
D/ALSAModule( 1636): v0.01 route called for devices 00000002 in mode 0...
D/ALSAModule( 1636): Routing audio to Speakerphone
D/ALSAModule( 1636): the same device
V/AudioPolicyManagerALSA( 1636): applyStreamVolumes() for output 1 and device 2
V/AudioPolicyManagerALSA( 1636): checkAndSetVolume() cannot set stream 6 volume with force use = 0 for comm
V/AudioPolicyManagerALSA( 1636): changeRefCount() stream 1, count 1
V/AudioPolicyManagerALSA( 1636): releaseOutput() 1
V/webcore ( 1992): SET_SELECTION arg1=3 arg2=3 obj=null
W/AudioHardwareALSA( 1636): Write request but device is in state SND_PCM_STATE_SETUP
D/AudioHardwareALSA( 1636): call snd_pcm_prepare
V/webcore ( 1992): PASS_TO_JS arg1=29 arg2=0 obj=android.webkit.WebViewCore$JSKeyData@43de75b0
V/webcore ( 1992): PASS_TO_JS arg1=30 arg2=0 obj=android.webkit.WebViewCore$JSKeyData@43d71000
V/webcore ( 1992): WEBKIT_DRAW arg1=0 arg2=0 obj=null
V/webcore ( 1992): webkitDraw start
W/AudioHardwareALSA( 1636): current_state=1 - Wait for correct device state
V/AudioPolicyManagerALSA( 1636): stopOutput() output 1, stream 1
V/AudioPolicyManagerALSA( 1636): changeRefCount() stream 1, count 0
V/AudioPolicyManagerALSA( 1636): setOutputDevice() output 1 device 0 delayMs 372
V/webcore ( 1992): webkitDraw NEW_PICTURE_MSG_ID
V/webview ( 1992): NEW_PICTURE_MSG_ID
V/webview ( 1992): sendViewSizeZoom, viewWidth: 240, mInvActualScale: 1.3333334
V/webview ( 1992): NEW_PICTURE_MSG_ID {93,101,278,120}
V/AudioPolicyManagerALSA( 1636): startOutput() output 1, stream 1
E/AudioPolicyManagerALSA( 1636): mAvailableOutputDevices=0x3
V/AudioPolicyManagerALSA( 1636): getDeviceForStrategy() -out- strategy 0, device 2
V/AudioPolicyManagerALSA( 1636): setOutputDevice() output 1 device 2 delayMs 0
I/AudioFlinger( 1636): setParameters(): io 1, keyvalue routing=2, tid 1677, calling tid 1636
D/ALSAStreamOps( 1636): setParameters() routing=2
D/ALSAModule( 1636): v0.01 route called for devices 00000002 in mode 0...
D/ALSAModule( 1636): Routing audio to Speakerphone
D/ALSAModule( 1636): the same device
D/AudioHardwareALSA( 1636): standby()
V/AudioPolicyManagerALSA( 1636): applyStreamVolumes() for output 1 and device 2
V/AudioPolicyManagerALSA( 1636): checkAndSetVolume() cannot set stream 6 volume with force use = 0 for comm
V/AudioPolicyManagerALSA( 1636): changeRefCount() stream 1, count 1
V/webcore ( 1992): SET_SELECTION arg1=4 arg2=4 obj=null
V/webcore ( 1992): PASS_TO_JS arg1=31 arg2=0 obj=android.webkit.WebViewCore$JSKeyData@43e18328
V/webcore ( 1992): PASS_TO_JS arg1=32 arg2=0 obj=android.webkit.WebViewCore$JSKeyData@43d755d8
V/webcore ( 1992): WEBKIT_DRAW arg1=0 arg2=0 obj=null
V/webcore ( 1992): webkitDraw start
V/webcore ( 1992): webkitDraw NEW_PICTURE_MSG_ID
V/webview ( 1992): NEW_PICTURE_MSG_ID
V/webview ( 1992): sendViewSizeZoom, viewWidth: 240, mInvActualScale: 1.3333334
V/webview ( 1992): NEW_PICTURE_MSG_ID {93,101,278,120}
D/AudioHardwareALSA( 1636): mStreamType=1, mParent->getAnalogLoop()=0
W/AudioHardwareALSA( 1636): Write request but device is in state SND_PCM_STATE_SETUP
D/AudioHardwareALSA( 1636): call snd_pcm_prepare
V/AudioPolicyManagerALSA( 1636): releaseOutput() 1
W/AudioHardwareALSA( 1636): current_state=1 - Wait for correct device state
V/AudioPolicyManagerALSA( 1636): stopOutput() output 1, stream 1
V/AudioPolicyManagerALSA( 1636): changeRefCount() stream 1, count 0
V/AudioPolicyManagerALSA( 1636): setOutputDevice() output 1 device 0 delayMs 372
V/AudioPolicyManagerALSA( 1636): startOutput() output 1, stream 1
E/AudioPolicyManagerALSA( 1636): mAvailableOutputDevices=0x3
V/AudioPolicyManagerALSA( 1636): getDeviceForStrategy() -out- strategy 0, device 2
V/AudioPolicyManagerALSA( 1636): setOutputDevice() output 1 device 2 delayMs 0
I/AudioFlinger( 1636): setParameters(): io 1, keyvalue routing=2, tid 1677, calling tid 1636
D/ALSAStreamOps( 1636): setParameters() routing=2
D/ALSAModule( 1636): v0.01 route called for devices 00000002 in mode 0...
D/ALSAModule( 1636): Routing audio to Speakerphone
D/ALSAModule( 1636): the same device
V/AudioPolicyManagerALSA( 1636): applyStreamVolumes() for output 1 and device 2
V/AudioPolicyManagerALSA( 1636): checkAndSetVolume() cannot set stream 6 volume with force use = 0 for comm
V/AudioPolicyManagerALSA( 1636): changeRefCount() stream 1, count 1
V/AudioPolicyManagerALSA( 1636): releaseOutput() 1
V/webcore ( 1992): SET_SELECTION arg1=5 arg2=5 obj=null
V/webcore ( 1992): PASS_TO_JS arg1=33 arg2=0 obj=android.webkit.WebViewCore$JSKeyData@43dae218
V/webcore ( 1992): PASS_TO_JS arg1=34 arg2=0 obj=android.webkit.WebViewCore$JSKeyData@43dcf288
V/webcore ( 1992): WEBKIT_DRAW arg1=0 arg2=0 obj=null
V/webcore ( 1992): webkitDraw start
V/AudioPolicyManagerALSA( 1636): startOutput() output 1, stream 1
E/AudioPolicyManagerALSA( 1636): mAvailableOutputDevices=0x3
V/AudioPolicyManagerALSA( 1636): getDeviceForStrategy() -out- strategy 0, device 2
V/AudioPolicyManagerALSA( 1636): changeRefCount() stream 1, count 2
V/webcore ( 1992): webkitDraw NEW_PICTURE_MSG_ID
V/webcore ( 1992): SET_SELECTION arg1=6 arg2=6 obj=null
V/webcore ( 1992): PASS_TO_JS arg1=35 arg2=0 obj=android.webkit.WebViewCore$JSKeyData@43db1ef8
V/AudioPolicyManagerALSA( 1636): stopOutput() output 1, stream 1
V/AudioPolicyManagerALSA( 1636): changeRefCount() stream 1, count 1
V/webview ( 1992): NEW_PICTURE_MSG_ID
V/webview ( 1992): sendViewSizeZoom, viewWidth: 240, mInvActualScale: 1.3333334
V/webview ( 1992): NEW_PICTURE_MSG_ID {93,101,278,120}
V/webcore ( 1992): PASS_TO_JS arg1=36 arg2=0 obj=android.webkit.WebViewCore$JSKeyData@43db1fb8
V/webcore ( 1992): WEBKIT_DRAW arg1=0 arg2=0 obj=null
V/webcore ( 1992): webkitDraw start
V/AudioPolicyManagerALSA( 1636): stopOutput() output 1, stream 1
V/AudioPolicyManagerALSA( 1636): changeRefCount() stream 1, count 0
V/AudioPolicyManagerALSA( 1636): setOutputDevice() output 1 device 0 delayMs 372
V/AudioPolicyManagerALSA( 1636): startOutput() output 1, stream 1
E/AudioPolicyManagerALSA( 1636): mAvailableOutputDevices=0x3
V/AudioPolicyManagerALSA( 1636): getDeviceForStrategy() -out- strategy 0, device 2
V/AudioPolicyManagerALSA( 1636): setOutputDevice() output 1 device 2 delayMs 0
I/AudioFlinger( 1636): setParameters(): io 1, keyvalue routing=2, tid 1677, calling tid 1636
D/ALSAStreamOps( 1636): setParameters() routing=2
D/ALSAModule( 1636): v0.01 route called for devices 00000002 in mode 0...
D/ALSAModule( 1636): Routing audio to Speakerphone
D/ALSAModule( 1636): the same device
V/AudioPolicyManagerALSA( 1636): applyStreamVolumes() for output 1 and device 2
V/AudioPolicyManagerALSA( 1636): checkAndSetVolume() cannot set stream 6 volume with force use = 0 for comm
V/AudioPolicyManagerALSA( 1636): changeRefCount() stream 1, count 1
V/AudioPolicyManagerALSA( 1636): releaseOutput() 1
V/webcore ( 1992): webkitDraw NEW_PICTURE_MSG_ID
V/webview ( 1992): NEW_PICTURE_MSG_ID
V/webview ( 1992): sendViewSizeZoom, viewWidth: 240, mInvActualScale: 1.3333334
V/webview ( 1992): NEW_PICTURE_MSG_ID {93,101,278,120}
V/webcore ( 1992): SET_SELECTION arg1=7 arg2=7 obj=null
V/webcore ( 1992): PASS_TO_JS arg1=37 arg2=0 obj=android.webkit.WebViewCore$JSKeyData@43e07978
V/webcore ( 1992): PASS_TO_JS arg1=38 arg2=0 obj=android.webkit.WebViewCore$JSKeyData@43e30cb8
V/webcore ( 1992): WEBKIT_DRAW arg1=0 arg2=0 obj=null
V/webcore ( 1992): webkitDraw start
V/AudioPolicyManagerALSA( 1636): stopOutput() output 1, stream 1
V/AudioPolicyManagerALSA( 1636): changeRefCount() stream 1, count 0
V/AudioPolicyManagerALSA( 1636): setOutputDevice() output 1 device 0 delayMs 372
V/webcore ( 1992): webkitDraw NEW_PICTURE_MSG_ID
V/webview ( 1992): NEW_PICTURE_MSG_ID
V/webview ( 1992): sendViewSizeZoom, viewWidth: 240, mInvActualScale: 1.3333334
V/webview ( 1992): NEW_PICTURE_MSG_ID {93,101,278,120}
D/AudioHardwareALSA( 1636): standby()
V/webcore ( 1992): SET_SELECTION arg1=8 arg2=8 obj=null
V/webcore ( 1992): PASS_TO_JS arg1=39 arg2=0 obj=android.webkit.WebViewCore$JSKeyData@43e0dff0
D/AudioHardwareALSA( 1636): mStreamType=1, mParent->getAnalogLoop()=0
V/AudioPolicyManagerALSA( 1636): startOutput() output 1, stream 1
E/AudioPolicyManagerALSA( 1636): mAvailableOutputDevices=0x3
V/AudioPolicyManagerALSA( 1636): getDeviceForStrategy() -out- strategy 0, device 2
V/AudioPolicyManagerALSA( 1636): setOutputDevice() output 1 device 2 delayMs 0
I/AudioFlinger( 1636): setParameters(): io 1, keyvalue routing=2, tid 1677, calling tid 1636
D/ALSAStreamOps( 1636): setParameters() routing=2
D/ALSAModule( 1636): v0.01 route called for devices 00000002 in mode 0...
D/ALSAModule( 1636): Routing audio to Speakerphone
D/ALSAModule( 1636): the same device
V/AudioPolicyManagerALSA( 1636): applyStreamVolumes() for output 1 and device 2
V/AudioPolicyManagerALSA( 1636): checkAndSetVolume() cannot set stream 6 volume with force use = 0 for comm
V/AudioPolicyManagerALSA( 1636): changeRefCount() stream 1, count 1
V/AudioPolicyManagerALSA( 1636): releaseOutput() 1
V/webcore ( 1992): PASS_TO_JS arg1=40 arg2=0 obj=android.webkit.WebViewCore$JSKeyData@43e38ab0
V/webcore ( 1992): WEBKIT_DRAW arg1=0 arg2=0 obj=null
V/webcore ( 1992): webkitDraw start
W/AudioHardwareALSA( 1636): Write request but device is in state SND_PCM_STATE_SETUP
D/AudioHardwareALSA( 1636): call snd_pcm_prepare
V/webcore ( 1992): webkitDraw NEW_PICTURE_MSG_ID
V/webview ( 1992): NEW_PICTURE_MSG_ID
V/webview ( 1992): sendViewSizeZoom, viewWidth: 240, mInvActualScale: 1.3333334
V/webview ( 1992): NEW_PICTURE_MSG_ID {93,101,278,120}
W/AudioHardwareALSA( 1636): current_state=1 - Wait for correct device state
V/AudioPolicyManagerALSA( 1636): stopOutput() output 1, stream 1
V/AudioPolicyManagerALSA( 1636): changeRefCount() stream 1, count 0
V/AudioPolicyManagerALSA( 1636): setOutputDevice() output 1 device 0 delayMs 372
D/AudioHardwareALSA( 1636): standby()
D/AudioHardwareALSA( 1636): mStreamType=1, mParent->getAnalogLoop()=0
V/webcore ( 1992): WEBKIT_DRAW arg1=0 arg2=0 obj=null
V/webcore ( 1992): webkitDraw start
V/webcore ( 1992): webkitDraw NEW_PICTURE_MSG_ID
V/webview ( 1992): NEW_PICTURE_MSG_ID
V/webview ( 1992): sendViewSizeZoom, viewWidth: 240, mInvActualScale: 1.3333334
V/webview ( 1992): NEW_PICTURE_MSG_ID {0,0,323,411}
V/webcore ( 1992): SAVE_DOCUMENT_STATE arg1=0 arg2=0 obj=android.webkit.WebViewCore$CursorData@43e38ac8
V/webcore ( 1992): WEBKIT_DRAW arg1=0 arg2=0 obj=null
V/webcore ( 1992): webkitDraw start
V/webcore ( 1992): webkitDraw NEW_PICTURE_MSG_ID
V/webcore ( 1992): SET_SCROLL_OFFSET arg1=0 arg2=0 obj=Point(0, 0)
V/webview ( 1992): sendOurVisibleRect=(0,19,r=240,b=320
V/webcore ( 1992): SET_GLOBAL_BOUNDS arg1=0 arg2=0 obj=Rect(0, 19 - 240, 320)
V/webview ( 1992): sendViewSizeZoom, viewWidth: 240, mInvActualScale: 1.3333334
V/webcore ( 1992): VIEW_SIZE_CHANGED arg1=0 arg2=0 obj=android.webkit.WebView$ViewSizeData@43d79b00
V/webcore ( 1992): viewSizeChanged w=320; h=345; textwrapWidth=320; scale=0.75
V/webcore ( 1992): viewSizeChanged w=320; h=345; textwrapWidth=320; scale=0.75
V/webview ( 1992): NEW_PICTURE_MSG_ID
V/webcore ( 1992): WEBKIT_DRAW arg1=0 arg2=0 obj=null
V/webview ( 1992): sendViewSizeZoom, viewWidth: 240, mInvActualScale: 1.3333334
V/webcore ( 1992): webkitDraw start
V/webview ( 1992): NEW_PICTURE_MSG_ID {148,101,151,120}
V/webcore ( 1992): webkitDraw NEW_PICTURE_MSG_ID
V/webcore ( 1992): UPDATE_CACHE_AND_TEXT_ENTRY arg1=0 arg2=0 obj=null
V/webview ( 1992): NEW_PICTURE_MSG_ID
V/webview ( 1992): sendViewSizeZoom, viewWidth: 240, mInvActualScale: 1.3333334
V/webview ( 1992): NEW_PICTURE_MSG_ID {0,0,323,411}
V/webview ( 1992): UPDATE_TEXT_ENTRY_MSG_ID
V/webcore ( 1992): WEBKIT_DRAW arg1=0 arg2=0 obj=null
V/webcore ( 1992): webkitDraw start
V/webcore ( 1992): webkitDraw NEW_PICTURE_MSG_ID
V/webview ( 1992): NEW_PICTURE_MSG_ID
V/webview ( 1992): sendViewSizeZoom, viewWidth: 240, mInvActualScale: 1.3333334
V/webview ( 1992): NEW_PICTURE_MSG_ID {148,101,151,120}
V/webcore ( 1992): WEBKIT_DRAW arg1=0 arg2=0 obj=null
V/webcore ( 1992): webkitDraw start
V/webcore ( 1992): webkitDraw NEW_PICTURE_MSG_ID
V/webview ( 1992): NEW_PICTURE_MSG_ID
V/webview ( 1992): sendViewSizeZoom, viewWidth: 240, mInvActualScale: 1.3333334
V/webview ( 1992): NEW_PICTURE_MSG_ID {148,101,151,120}
V/webview ( 1992): MotionEvent{43da0528 action=0 x=22.389835 y=224.24983 pressure=0.024420025 size=0.0} at 509762 mTouchMode=7
V/webcore ( 1992): UPDATE_FRAME_CACHE_IF_LOADING arg1=0 arg2=0 obj=null
V/webview ( 1992): MotionEvent{43da0528 action=2 x=22.521154 y=224.15108 pressure=0.024420025 size=0.0} at 509787 mTouchMode=1
V/webview ( 1992): MotionEvent{43da0528 action=2 x=22.521154 y=224.05232 pressure=0.024420025 size=0.0} at 509812 mTouchMode=1
V/webview ( 1992): MotionEvent{43da0528 action=2 x=22.652473 y=224.15108 pressure=0.024420025 size=0.0} at 509836 mTouchMode=1
V/webview ( 1992): MotionEvent{43da0528 action=2 x=22.849451 y=223.95357 pressure=0.024420025 size=0.0} at 509861 mTouchMode=1
V/webview ( 1992): MotionEvent{43da0528 action=2 x=22.91511 y=223.8548 pressure=0.024420025 size=0.0} at 509884 mTouchMode=1
V/webview ( 1992): MotionEvent{43da0528 action=2 x=22.91511 y=223.95357 pressure=0.024420025 size=0.0} at 509908 mTouchMode=1
V/webview ( 1992): MotionEvent{43da0528 action=2 x=22.061539 y=224.64488 pressure=0.024420025 size=0.0} at 509956 mTouchMode=1
V/webview ( 1992): SWITCH_TO_SHORTPRESS
V/webcore ( 1992): SET_MOVE_MOUSE_IF_LATEST arg1=0 arg2=0 obj=android.webkit.WebViewCore$CursorData@43e2d3d0
V/webcore ( 1992): WEBKIT_DRAW arg1=0 arg2=0 obj=null
V/webcore ( 1992): webkitDraw start
V/webcore ( 1992): webkitDraw NEW_PICTURE_MSG_ID
V/webview ( 1992): NEW_PICTURE_MSG_ID
V/webview ( 1992): sendViewSizeZoom, viewWidth: 240, mInvActualScale: 1.3333334
V/webview ( 1992): NEW_PICTURE_MSG_ID {148,101,151,120}
V/webview ( 1992): MotionEvent{43da0528 action=1 x=22.061539 y=224.64488 pressure=0.024420025 size=0.0} at 509984 mTouchMode=5
V/webcore ( 1992): VALID_NODE_BOUNDS arg1=0 arg2=0 obj=android.webkit.WebViewCore$MotionUpData@43e37ec8
V/webview ( 1992): DO_MOTION_UP
V/webcore ( 1992): TOUCH_UP arg1=0 arg2=0 obj=android.webkit.WebViewCore$TouchUpData@43e0bda8
V/webview ( 1992): MT focusChanged true, 2
V/AudioPolicyManagerALSA( 1636): startOutput() output 1, stream 1
E/AudioPolicyManagerALSA( 1636): mAvailableOutputDevices=0x3
V/AudioPolicyManagerALSA( 1636): getDeviceForStrategy() -out- strategy 0, device 2
V/AudioPolicyManagerALSA( 1636): setOutputDevice() output 1 device 2 delayMs 0
I/AudioFlinger( 1636): setParameters(): io 1, keyvalue routing=2, tid 1677, calling tid 1636
D/ALSAStreamOps( 1636): setParameters() routing=2
D/ALSAModule( 1636): v0.01 route called for devices 00000002 in mode 0...
D/ALSAModule( 1636): Routing audio to Speakerphone
D/ALSAModule( 1636): the same device
V/AudioPolicyManagerALSA( 1636): applyStreamVolumes() for output 1 and device 2
V/AudioPolicyManagerALSA( 1636): checkAndSetVolume() cannot set stream 6 volume with force use = 0 for comm
V/AudioPolicyManagerALSA( 1636): changeRefCount() stream 1, count 1
V/AudioPolicyManagerALSA( 1636): releaseOutput() 1
I/WebCore::FrameLoader( 1992): encoding(), from m_decoder
I/WebCore::FrameLoader( 1992): shouldReload, 2756
I/WebCore::FrameLoader( 1992): frameContainsWMLContent, 1585
I/WebCore::FrameLoader( 1992): shouldReload, 2756
I/WebCore::FrameLoader( 1992): frameContainsWMLContent, 1585
I/WebCoreFrameBridge( 1992): loadStarted, 544
I/WebCoreFrameBridge( 1992): loadStarted, 592
I/WebCoreFrameBridge( 1992): setProgress, 715
I/WebCoreFrameBridge( 1992): setProgress, 724
I/WebCore::FrameLoader( 1992): encoding(), from m_decoder
I/WebCoreFrameBridge( 1992): startLoadingResource, 378
I/WebCoreFrameBridge( 1992): createJavaMapFromHTTPHeaders, 300
I/WebCoreFrameBridge( 1992): createJavaMapFromHTTPHeaders, 327
W/AudioHardwareALSA( 1636): Write request but device is in state SND_PCM_STATE_SETUP
D/AudioHardwareALSA( 1636): call snd_pcm_prepare
V/webkit  ( 1992): startLoadingResource: url=http://pim1.monternet.com/wap/wap/zh/login/inputPWD.vm#loginOther, method=GET, postData=null, isMainFramePage=true, mainResource=true, userGesture=true
V/LoadListener( 1992): LoadListener constructor url=http://pim1.monternet.com/wap/wap/zh/login/inputPWD.vm#loginOther
V/WebSettings( 1992): getUserAgentString default: HuaweiT8100_TD/1.0 Android/2.2 Release/12.25.2010 Browser/WAP2.0 Profile/MIDP-2.0 Configuration/CLDC-1.1 AppleWebKit/533.1
W/AudioHardwareALSA( 1636): current_state=1 - Wait for correct device state
V/AudioPolicyManagerALSA( 1636): stopOutput() output 1, stream 1
V/AudioPolicyManagerALSA( 1636): changeRefCount() stream 1, count 0
V/AudioPolicyManagerALSA( 1636): setOutputDevice() output 1 device 0 delayMs 372
V/webkit  ( 1992): getCookie: uri: http://pim1.monternet.com/wap/wap/zh/login/inputPWD.vm value: JSESSIONID=5F59B846CB746565200EA63859A57C2E.worker1
V/cache   ( 1992): getCacheFile: http://pim1.monternet.com/wap/wap/zh/login/inputPWD.vm
V/webkit  ( 1992): FrameLoader: http GET load for: http://pim1.monternet.com/wap/wap/zh/login/inputPWD.vm
I/WebCoreFrameBridge( 1992): startLoadingResource, 516
V/webcore ( 1992): SET_ACTIVE arg1=0 arg2=0 obj=null
V/http    ( 1992): 510161 WebViewWorkerThread RequestQueue.queueRequest url:http://pim1.monternet.com/wap/wap/zh/login/inputPWD.vm
V/webview ( 1992): UPDATE_TEXT_SELECTION_MSG_ID
V/http    ( 1992): 510168 WebViewWorkerThread RequestQueue.queueRequest uri:http://pim1.monternet.com/wap/wap/zh/login/inputPWD.vm
V/http    ( 1992): 510171 WebViewWorkerThread RequestQueue.queueRequest shouldUseWifiProxy: false
V/http    ( 1992): 510173 WebViewWorkerThread RequestQueue.inWifiProxyBlackList url:http://pim1.monternet.com/wap/wap/zh/login/inputPWD.vm
V/webcore ( 1992): REQUEST_LABEL arg1=2487152 arg2=4219168 obj=null
V/http    ( 1992): 510179 WebViewWorkerThread RequestQueue.inWifiProxyBlackList web1: 
V/http    ( 1992): 510197 WebViewWorkerThread RequestQueue.inWifiProxyBlackList web2: 
V/http    ( 1992): 510198 WebViewWorkerThread RequestQueue.inWifiProxyBlackList web3: 
V/webview ( 1992): MT focusChanged false, 0
V/http    ( 1992): 510199 WebViewWorkerThread RequestQueue.inWifiProxyBlackList web4: 192.168.
V/http    ( 1992): 510203 WebViewWorkerThread RequestQueue.inWifiProxyBlackList not match
V/http    ( 1992): 510208 WebViewWorkerThread RequestQueue.queueRequest proxy: http://10.0.0.172:80
V/webview ( 1992): setCertificate=null
V/BrowserActivity( 1992): onPageStarted
I/TabControl( 1992): getCurrentTab
I/TabControl( 1992): getTab
I/TabControl( 1992): getCurrentTab
I/TabControl( 1992): getTab
V/http    ( 1992): 510231 http1 RequestQueue.getRequest() => /wap/wap/zh/login/inputPWD.vm
V/http    ( 1992): 510232 http1 ConnectionThread: new request http://pim1.monternet.com:80 /wap/wap/zh/login/inputPWD.vm
V/http    ( 1992): 510233 http1 RequestQueue.inWifiProxyBlackList url:http://pim1.monternet.com:80
V/http    ( 1992): 510233 http1 RequestQueue.inWifiProxyBlackList web1: 
V/http    ( 1992): 510233 http1 RequestQueue.inWifiProxyBlackList web2: 
V/http    ( 1992): 510234 http1 RequestQueue.inWifiProxyBlackList web3: 
V/http    ( 1992): 510234 http1 RequestQueue.inWifiProxyBlackList web4: 192.168.
V/http    ( 1992): 510235 http1 RequestQueue.inWifiProxyBlackList not match
V/http    ( 1992): 510236 http1 RequestQueue.determineHost host: http://pim1.monternet.com:80
V/http    ( 1992): 510236 http1 RequestQueue.determineHost proxy: http://10.0.0.172:80
V/http    ( 1992): 510236 http1 getConnection :http://10.0.0.172:80
V/http    ( 1992): 510237 http1 RequestQueue.inWifiProxyBlackList url:http://10.0.0.172:80
V/http    ( 1992): 510237 http1 RequestQueue.inWifiProxyBlackList web1: 
V/http    ( 1992): 510238 http1 RequestQueue.inWifiProxyBlackList web2: 
V/http    ( 1992): 510238 http1 RequestQueue.inWifiProxyBlackList web3: 
V/http    ( 1992): 510238 http1 RequestQueue.inWifiProxyBlackList web4: 192.168.
V/http    ( 1992): 510239 http1 RequestQueue.inWifiProxyBlackList not match
V/http    ( 1992): 510239 http1 mInterface is pdp_ip0
V/BrowserActivity( 1992): onProgressChanged: 10
V/TitleBar( 1992): onProgressChanged: com.android.browser.TitleBar@43de5428 10 false null
V/LoadListener( 1992): LoadListener.attachRequestHandle(): requestHandle: android.net.http.RequestHandle@43e09b00
V/TitleBar( 1992): onProgressChanged: delay animation
V/BrowserActivity( 1992): onProgressChanged:  false false
D/AudioHardwareALSA( 1636): standby()
V/BrowserActivity( 1992): showFakeTitleBar: null null false
I/TabControl( 1992): getCurrentWebView
I/TabControl( 1992): getTab
V/BrowserActivity( 1992): showFakeTitleBar: android.webkit.WebView@43e1fa60
V/http    ( 1992): 510259 http1 SEND pipe 0
V/LoadListener( 1992): LoadListener.certificate: null
V/BrowserActivity( 1992): onProgressChanged: 10
V/TitleBar( 1992): onProgressChanged: com.android.browser.TitleBar@43de5428 10 false null
V/TitleBar( 1992): onProgressChanged: delay animation
V/BrowserActivity( 1992): onProgressChanged:  false false
V/BrowserActivity( 1992): showFakeTitleBar: Handler{43dbf468} null false
V/webview ( 1992): setCertificate=null
V/TitleBar( 1992): onProgressChanged: com.android.browser.TitleBar@43de5428 10 false android.view.ViewRoot$W@43de2020
V/TitleBar( 1992): onProgressChanged: start animation
D/AudioHardwareALSA( 1636): mStreamType=1, mParent->getAnalogLoop()=0











D/StorageMonitor( 1746): mms freeMem:10670080, smslowflag:false,mmslowflag:false,smsThrehold:10240,mmsThreshold:317440
V/http    ( 1992): 530374 http1 InetSocketAddress addr is 10.0.0.172/10.0.0.172:80
V/http    ( 1992): 537992 http1 Connection.openHttpConnection() 27724 http://10.0.0.172:80
V/LoadListener( 1992): LoadListener.certificate: null
V/http    ( 1992): 537994 http1 Request.sendRequest() http://pim1.monternet.com
V/webview ( 1992): setCertificate=null
V/http    ( 1992): 537998 http1 Request.requestSent() http://pim1.monternet.com/wap/wap/zh/login/inputPWD.vm
V/http    ( 1992): 538001 http1 READ pipe 1
V/http    ( 1992): 538004 http1 processRequests() reading /wap/wap/zh/login/inputPWD.vm
V/http    ( 1992): 538532 http1 read: HTTP/1.1 200 OK, Success
V/http    ( 1992): 538533 http1 hdr 19 content-length: 873
V/http    ( 1992): 538535 http1 hdr 44 content-type: text/vnd.wap.wml;charset=UTF-8
V/http    ( 1992): 538546 http1 hdr 25 server: Apache-Coyote/1.1
V/http    ( 1992): 538547 http1 hdr 16 pragma: No-cache
V/http    ( 1992): 538553 http1 hdr 23 cache-control: no-cache
V/http    ( 1992): 538555 http1 hdr 38 expires: Thu, 01 Jan 1970 00:00:00 GMT
V/http    ( 1992): 538557 http1 hdr 35 date: Tue, 23 Aug 2011 07:06:08 GMT
V/http    ( 1992): 538558 http1 hdr 22 content-encoding: gzip
V/http    ( 1992): 538561 http1 Request.readResponseStatus() 24 HTTP/1.1 200 OK, Success
V/LoadListener( 1992): LoadListener: from: http://pim1.monternet.com/wap/wap/zh/login/inputPWD.vm major: 1 minor: 1 code: 200 reason: OK, Success
V/LoadListener( 1992): LoadListener.headers
V/LoadListener( 1992): Dump HTTP headers:
V/LoadListener( 1992): content-length 873
V/LoadListener( 1992): content-type text/vnd.wap.wml;charset=UTF-8
V/LoadListener( 1992): content-encoding gzip
V/LoadListener( 1992): expires Thu, 01 Jan 1970 00:00:00 GMT
V/LoadListener( 1992): cache-control no-cache
V/LoadListener( 1992): pragma No-cache
V/LoadListener( 1992): server Apache-Coyote/1.1
V/LoadListener( 1992): date Tue, 23 Aug 2011 07:06:08 GMT
V/LoadListener( 1992): LoadListener.parseContentTypeHeader: contentType: text/vnd.wap.wml;charset=UTF-8
V/LoadListener( 1992): loading url: http://pim1.monternet.com/wap/wap/zh/login/inputPWD.vm
V/LoadListener( 1992): has cookie : false, in cache black list: false
V/LoadListener( 1992): do cache page: http://pim1.monternet.com/wap/wap/zh/login/inputPWD.vm
V/http    ( 1992): 538583 http1 Request.readResponse() 1777
V/cache   ( 1992): createCacheFile: http://pim1.monternet.com/wap/wap/zh/login/inputPWD.vm
V/LoadListener( 1992): LoadListener.data(): url: http://pim1.monternet.com/wap/wap/zh/login/inputPWD.vm
V/LoadListener( 1992): LoadListener.endData(): url: http://pim1.monternet.com/wap/wap/zh/login/inputPWD.vm
V/http    ( 1992): 538597 http1 Request.readResponse(): done http://pim1.monternet.com/wap/wap/zh/login/inputPWD.vm
I/WebCore::FrameLoader( 1992): frameContainsWMLContent, 1585
V/http    ( 1992): 538601 http1 READ pipe 0
I/WebCore::HistoryController( 1992): WebCoreBackForward - Adding backforward item for frame http://pim1.monternet.com/wap/wap/zh/login/inputPWD.vm#loginOther
V/http    ( 1992): 538606 http1 IdleCache size 0 host http://10.0.0.172:80
I/WebCore::HistoryController( 1992): containsWMLContent, 629
I/WebCoreFrameBridge( 1992): updateVisitedHistory, 772
I/BrowserProvider( 1992): query url: content://browser/bookmarks url match: 0
I/WebCoreFrameBridge( 1992): updateVisitedHistory, 782
I/WebCoreFrameBridge( 1992): transitionToCommitted, 598
V/http    ( 1992): 538626 http1 RequestQueue.getRequest() => null
V/http    ( 1992): 538627 http1 ConnectionThread: Waiting for work
I/WebCoreFrameBridge( 1992): transitionToCommitted, 610
I/WebCore::FrameLoader( 1992): transitionToCommitted, mimetype: text/vnd.wap.wml
I/WebCore ( 1992): committedLoad, 693
I/WebCore::FrameLoader( 1992): begin createDocument, mimetype: text/vnd.wap.wml
I/WebCore::WML( 1992): createDocument, 340
I/WebCore::FrameLoader( 1992): write(): decode
I/WebCore::FrameLoader( 1992): write(): create decoder, mimetype: text/vnd.wap.wml
I/WebCore::TextResourceDecoder( 1992): defaultEncoding, content-type: 2, default encoding: UTF-8
I/WebCore::FrameLoader( 1992): write(): set decoder from http header
I/WebCore::FrameLoader( 1992): utf-8
I/WebCore::TextResourceDecoder( 1992): setEncoding(), source: 5
I/WebCore::TextResourceDecoder( 1992): setEncoding() name: UTF-8
I/WebCore::TextResourceDecoder( 1992): decode()
I/WebCore::TextResourceDecoder( 1992): decode() css charset done!
I/WebCore::TextResourceDecoder( 1992): checkForHeadCharset(), decode source: 5
I/WebCore::TextResourceDecoder( 1992): checkForHeadCharset(), buffer size: 1777
I/WebCore::TextResourceDecoder( 1992): checkForHeadCharset(), check encoding
I/WebCore::TextResourceDecoder( 1992): checkForHeadCharset(), check xml encoding
I/WebCore::TextResourceDecoder( 1992): checkForHeadCharset(), do check xml encoding
I/WebCore::TextResourceDecoder( 1992): checkForHeadCharset(), do check http encoding
I/WebCore::TextResourceDecoder( 1992): decode(),  html/xml charset done! current encoding: UTF-8
I/WebCore::TextResourceDecoder( 1992): shouldAutoDetect, m_usesEncodingDetector: 1, m_source :5
I/WebCore::TextResourceDecoder( 1992): decode() autodetect done!
I/WebCore::WML( 1992): internalSubset, 1081
I/WebCore::WML( 1992): createElement, 887
I/WebCore::WML( 1992): createElement, 887
I/WebCore::WML( 1992): createElement, 887
I/WebCore::WML( 1992): createElement, 887
I/WebCore::WML( 1992): createElement, 887
I/WebCore::WML( 1992): createElement, 887
I/WebCore::WML( 1992): createElement, 887
I/WebCore::WML( 1992): createElement, 887
I/WebCore::WML( 1992): createElement, 887
I/WebCore::WML( 1992): createElement, 887
I/WebCore::WML( 1992): createElement, 887
I/WebCore::WML( 1992): createElement, 887
I/WebCore::WML( 1992): createElement, 887
I/WebCore::WML( 1992): createElement, 887
I/WebCore::WML( 1992): createElement, 887
I/WebCore::WML( 1992): createElement, 887
I/WebCore::WML( 1992): createElement, 887
I/WebCore::WML( 1992): createElement, 887
I/WebCore::WML( 1992): createElement, 887
I/WebCore::WML( 1992): createElement, 887
I/WebCore::WML( 1992): createElement, 887
I/WebCore::WML( 1992): createElement, 887
I/WebCore::WML( 1992): createElement, 887
I/WebCore::WML( 1992): createElement, 887
I/WebCore::WML( 1992): updateAltText, 602
I/WebCore::WML( 1992): createElement, 887
I/WebCore::WML( 1992): createElement, 887
I/WebCore::WML( 1992): createElement, 887
I/WebCore::WML( 1992): createElement, 887
I/WebCore::WML( 1992): createElement, 887
I/WebCore::WML( 1992): createElement, 887
I/WebCore::WML( 1992): createElement, 887
I/WebCore::WML( 1992): createElement, 887
I/WebCore::WML( 1992): createElement, 887
I/WebCore::WML( 1992): createElement, 887
I/WebCore::WML( 1992): createElement, 887
I/BrowserProvider( 1992): query url: content://browser/bookmarks url match: 0
I/WebCore::WML( 1992): createElement, 887
I/WebCore::WML( 1992): createElement, 887
I/WebCoreFrameBridge( 1992): setProgress, 715
I/WebCoreFrameBridge( 1992): setProgress, 724
V/LoadListener( 1992): LoadListener.detachRequestHandle(): requestHandle: android.net.http.RequestHandle@43e09b00
I/WebCore ( 1992): committedLoad, 693
I/WebCore::FrameLoader( 1992): write(): decode
I/WebCore::TextResourceDecoder( 1992): decode()
I/WebCore::TextResourceDecoder( 1992): decode() css charset done!
I/WebCore::TextResourceDecoder( 1992): decode(),  html/xml charset done! current encoding: UTF-8
I/WebCore::TextResourceDecoder( 1992): shouldAutoDetect, m_usesEncodingDetector: 1, m_source :5
I/WebCore::TextResourceDecoder( 1992): decode() autodetect done!
I/WebCore::TextResourceDecoder( 1992): flush()
V/cache   ( 1992): saveCacheFile for url http://pim1.monternet.com/wap/wap/zh/login/inputPWD.vm
V/BrowserActivity( 1992): onProgressChanged: 30
V/TitleBar( 1992): onProgressChanged: com.android.browser.TitleBar@43de5428 30 true android.view.ViewRoot$W@43de2020
V/BrowserActivity( 1992): onProgressChanged:  false false
V/BrowserActivity( 1992): showFakeTitleBar: Handler{43dbf468} null false
I/WebCoreFrameBridge( 1992): setTitle, 681
I/WebCoreFrameBridge( 1992): setTitle, 694
I/WebCoreFrameBridge( 1992): didReceiveIcon, 736
I/Tab     ( 1992): onReceivedTitle title: 中转 url: http://pim1.monternet.com/wap/wap/zh/login/inputPWD.vm
I/Tab     ( 1992): onReceivedTitle foreground
I/TabControl( 1992): getCurrentTab
I/TabControl( 1992): getTab
V/webcore ( 1992): didFirstLayout standardLoad =true
V/webcore ( 1992): setupViewport mRestoredScale=0 mViewScale=0.75 mTextWrapScale=0.75
I/WebCoreFrameBridge( 1992): didFinishLoad, 616
I/WebCoreFrameBridge( 1992): didFinishLoad, 636
I/WebCoreFrameBridge( 1992): setProgress, 715
I/WebCoreFrameBridge( 1992): setProgress, 724
V/webview ( 1992): SET_SCROLLBAR_MODES
V/webview ( 1992): SET_SCROLLBAR_MODES
V/webview ( 1992): SET_SCROLLBAR_MODES
V/cache   ( 1992): endTransaction
D/dalvikvm( 1992): GC_FOR_MALLOC freed 9710 objects / 532240 bytes in 120ms
I/BrowserProvider( 1992): query url: content://browser/bookmarks url match: 0
V/webcore ( 1992): VIEW_SIZE_CHANGED arg1=0 arg2=0 obj=android.webkit.WebView$ViewSizeData@43d74328
V/webcore ( 1992): viewSizeChanged w=320; h=345; textwrapWidth=320; scale=0.75
V/webcore ( 1992): viewSizeChanged w=320; h=345; textwrapWidth=320; scale=0.75
I/WebCore::FrameLoader( 1992): encoding(), from m_decoder
I/WebCore::FrameLoader( 1992): encoding(), from m_decoder
