I/WebCore::FrameLoader( 1992): frameContainsWMLContent, 1585
I/WebCore::FrameLoader( 1992): shouldReload, 2756
I/WebCore::FrameLoader( 1992): frameContainsWMLContent, 1585
I/WebCoreFrameBridge( 1992): canHandleRequest, 788
V/BrowserActivity( 1992): shouldOverrideUrlLoading: http://pim1.monternet.com/wap/wap/zh/login/inputPWD.vm android.webkit.WebView@43e1fa60
V/BrowserActivity( 1992): updateTitleBarForNewLoad
I/TabControl( 1992): getCurrentTopWebView
I/TabControl( 1992): getTab
I/Tab     ( 1992): getTopWindow
I/TabControl( 1992): getCurrentTab
I/TabControl( 1992): getTab
I/ActivityManager( 1692): Starting activity: Intent { act=android.intent.action.VIEW cat=[android.intent.category.BROWSABLE] dat=http://pim1.monternet.com/wap/wap/zh/login/inputPWD.vm cmp=com.android.browser/.BrowserActivity }
V/BrowserActivity( 1992): onProgressChanged: 10
V/TitleBar( 1992): onProgressChanged: com.android.browser.TitleBar@43de5428 10 false null
V/TitleBar( 1992): onProgressChanged: delay animation
V/BrowserActivity( 1992): onProgressChanged:  false false
V/BrowserActivity( 1992): showFakeTitleBar: null null false
I/TabControl( 1992): getCurrentWebView
I/TabControl( 1992): getTab
V/BrowserActivity( 1992): showFakeTitleBar: android.webkit.WebView@43e1fa60
I/TabControl( 1992): getCurrentTab
I/TabControl( 1992): getTab
I/WebCoreFrameBridge( 1992): canHandleRequest, 813
I/WebCoreFrameBridge( 1992): loadStarted, 544
I/WebCoreFrameBridge( 1992): loadStarted, 592
I/WebCoreFrameBridge( 1992): setProgress, 715
I/WebCoreFrameBridge( 1992): setProgress, 724
I/WebCore::FrameLoader( 1992): encoding(), from m_decoder
I/WebCoreFrameBridge( 1992): startLoadingResource, 378
I/WebCoreFrameBridge( 1992): createJavaMapFromHTTPHeaders, 300
I/WebCoreFrameBridge( 1992): createJavaMapFromHTTPHeaders, 327
V/webkit  ( 1992): startLoadingResource: url=http://pim1.monternet.com/wap/wap/zh/login/inputPWD.vm, method=GET, postData=null, isMainFramePage=true, mainResource=true, userGesture=true
V/LoadListener( 1992): LoadListener constructor url=http://pim1.monternet.com/wap/wap/zh/login/inputPWD.vm
I/WebCoreFrameBridge( 1992): startLoadingResource, 516
V/WebSettings( 1992): getUserAgentString default: HuaweiT8100_TD/1.0 Android/2.2 Release/12.25.2010 Browser/WAP2.0 Profile/MIDP-2.0 Configuration/CLDC-1.1 AppleWebKit/533.1
V/webkit  ( 1992): getCookie: uri: http://pim1.monternet.com/wap/wap/zh/login/inputPWD.vm value: JSESSIONID=5F59B846CB746565200EA63859A57C2E.worker1
V/cache   ( 1992): getCacheFile: http://pim1.monternet.com/wap/wap/zh/login/inputPWD.vm
V/webkit  ( 1992): FrameLoader: http GET load for: http://pim1.monternet.com/wap/wap/zh/login/inputPWD.vm
V/http    ( 1992): 461227 WebViewWorkerThread RequestQueue.queueRequest url:http://pim1.monternet.com/wap/wap/zh/login/inputPWD.vm
V/http    ( 1992): 461228 WebViewWorkerThread RequestQueue.queueRequest uri:http://pim1.monternet.com/wap/wap/zh/login/inputPWD.vm
V/http    ( 1992): 461228 WebViewWorkerThread RequestQueue.queueRequest shouldUseWifiProxy: false
V/http    ( 1992): 461229 WebViewWorkerThread RequestQueue.inWifiProxyBlackList url:http://pim1.monternet.com/wap/wap/zh/login/inputPWD.vm
V/http    ( 1992): 461229 WebViewWorkerThread RequestQueue.inWifiProxyBlackList web1: 
V/http    ( 1992): 461229 WebViewWorkerThread RequestQueue.inWifiProxyBlackList web2: 
V/http    ( 1992): 461251 WebViewWorkerThread RequestQueue.inWifiProxyBlackList web3: 
V/http    ( 1992): 461252 WebViewWorkerThread RequestQueue.inWifiProxyBlackList web4: 192.168.
V/http    ( 1992): 461253 WebViewWorkerThread RequestQueue.inWifiProxyBlackList not match
V/http    ( 1992): 461255 WebViewWorkerThread RequestQueue.queueRequest proxy: http://10.0.0.172:80
V/http    ( 1992): 461263 http3 RequestQueue.getRequest() => /wap/wap/zh/login/inputPWD.vm
V/http    ( 1992): 461263 http3 ConnectionThread: new request http://pim1.monternet.com:80 /wap/wap/zh/login/inputPWD.vm
V/http    ( 1992): 461264 http3 RequestQueue.inWifiProxyBlackList url:http://pim1.monternet.com:80
V/http    ( 1992): 461264 http3 RequestQueue.inWifiProxyBlackList web1: 
V/http    ( 1992): 461264 http3 RequestQueue.inWifiProxyBlackList web2: 
V/http    ( 1992): 461265 http3 RequestQueue.inWifiProxyBlackList web3: 
V/http    ( 1992): 461265 http3 RequestQueue.inWifiProxyBlackList web4: 192.168.
V/http    ( 1992): 461266 http3 RequestQueue.inWifiProxyBlackList not match
V/http    ( 1992): 461266 http3 RequestQueue.determineHost host: http://pim1.monternet.com:80
V/http    ( 1992): 461266 http3 RequestQueue.determineHost proxy: http://10.0.0.172:80
V/http    ( 1992): 461266 http3 getConnection :http://10.0.0.172:80
V/http    ( 1992): 461267 http3 RequestQueue.inWifiProxyBlackList url:http://10.0.0.172:80
V/http    ( 1992): 461267 http3 RequestQueue.inWifiProxyBlackList web1: 
V/http    ( 1992): 461267 http3 RequestQueue.inWifiProxyBlackList web2: 
V/http    ( 1992): 461268 http3 RequestQueue.inWifiProxyBlackList web3: 
V/http    ( 1992): 461268 http3 RequestQueue.inWifiProxyBlackList web4: 192.168.
V/http    ( 1992): 461268 http3 RequestQueue.inWifiProxyBlackList not match
V/http    ( 1992): 461268 http3 mInterface is pdp_ip0
V/http    ( 1992): 461269 http3 SEND pipe 0
V/LoadListener( 1992): LoadListener.certificate: null
V/LoadListener( 1992): LoadListener.attachRequestHandle(): requestHandle: android.net.http.RequestHandle@43e2ccc0
V/webview ( 1992): setCertificate=null
V/BrowserActivity( 1992): onPageStarted
I/TabControl( 1992): getCurrentTab
I/TabControl( 1992): getTab
I/TabControl( 1992): getCurrentTab
I/TabControl( 1992): getTab
V/BrowserActivity( 1992): onProgressChanged: 10
V/TitleBar( 1992): onProgressChanged: com.android.browser.TitleBar@43de5428 10 false android.view.ViewRoot$W@43e48cc0
V/TitleBar( 1992): onProgressChanged: start animation
V/BrowserActivity( 1992): onProgressChanged:  false false
V/BrowserActivity( 1992): showFakeTitleBar: Handler{43e0daf8} null false
V/BrowserActivity( 1992): onProgressChanged: 10
V/TitleBar( 1992): onProgressChanged: com.android.browser.TitleBar@43de5428 10 true android.view.ViewRoot$W@43e48cc0
V/BrowserActivity( 1992): onProgressChanged:  false false
V/BrowserActivity( 1992): showFakeTitleBar: Handler{43e0daf8} null false
V/webview ( 1992): setCertificate=null
D/StorageMonitor( 1746): mms freeMem:10670080, smslowflag:false,mmslowflag:false,smsThrehold:10240,mmsThreshold:317440
V/http    ( 1992): 471019 IdleReaper IdleCache IdleReaper shutdown: cached 3 reused 2
V/http    ( 1992): 481416 http3 InetSocketAddress addr is 10.0.0.172/10.0.0.172:80
V/http    ( 1992): 481583 http3 Connection.openHttpConnection() 20314 http://10.0.0.172:80
V/LoadListener( 1992): LoadListener.certificate: null
V/webview ( 1992): setCertificate=null
V/http    ( 1992): 481588 http3 Request.sendRequest() http://pim1.monternet.com
V/http    ( 1992): 481591 http3 Request.requestSent() http://pim1.monternet.com/wap/wap/zh/login/inputPWD.vm
V/http    ( 1992): 481593 http3 READ pipe 1
V/http    ( 1992): 481594 http3 processRequests() reading /wap/wap/zh/login/inputPWD.vm
V/http    ( 1992): 482346 http3 read: HTTP/1.1 200 OK, Success
V/http    ( 1992): 482347 http3 hdr 19 content-length: 873
V/http    ( 1992): 482348 http3 hdr 44 content-type: text/vnd.wap.wml;charset=UTF-8
V/http    ( 1992): 482350 http3 hdr 25 server: Apache-Coyote/1.1
V/http    ( 1992): 482353 http3 hdr 16 pragma: No-cache
V/http    ( 1992): 482356 http3 hdr 23 cache-control: no-cache
V/http    ( 1992): 482357 http3 hdr 38 expires: Thu, 01 Jan 1970 00:00:00 GMT
V/http    ( 1992): 482358 http3 hdr 35 date: Tue, 23 Aug 2011 07:05:13 GMT
V/http    ( 1992): 482361 http3 hdr 22 content-encoding: gzip
V/http    ( 1992): 482364 http3 Request.readResponseStatus() 24 HTTP/1.1 200 OK, Success
V/LoadListener( 1992): LoadListener: from: http://pim1.monternet.com/wap/wap/zh/login/inputPWD.vm major: 1 minor: 1 code: 200 reason: OK, Success
V/LoadListener( 1992): LoadListener.headers
V/LoadListener( 1992): Dump HTTP headers:
V/LoadListener( 1992): content-length 873
V/LoadListener( 1992): content-type text/vnd.wap.wml;charset=UTF-8
V/LoadListener( 1992): content-encoding gzip
V/LoadListener( 1992): expires Thu, 01 Jan 1970 00:00:00 GMT
V/LoadListener( 1992): cache-control no-cache
V/LoadListener( 1992): pragma No-cache
V/LoadListener( 1992): server Apache-Coyote/1.1
V/LoadListener( 1992): date Tue, 23 Aug 2011 07:05:13 GMT
V/LoadListener( 1992): LoadListener.parseContentTypeHeader: contentType: text/vnd.wap.wml;charset=UTF-8
V/http    ( 1992): 482392 http3 Request.readResponse() 1777
V/LoadListener( 1992): LoadListener.data(): url: http://pim1.monternet.com/wap/wap/zh/login/inputPWD.vm
V/LoadListener( 1992): loading url: http://pim1.monternet.com/wap/wap/zh/login/inputPWD.vm
V/LoadListener( 1992): has cookie : false, in cache black list: false
V/LoadListener( 1992): do cache page: http://pim1.monternet.com/wap/wap/zh/login/inputPWD.vm
V/cache   ( 1992): createCacheFile: http://pim1.monternet.com/wap/wap/zh/login/inputPWD.vm
V/LoadListener( 1992): LoadListener.endData(): url: http://pim1.monternet.com/wap/wap/zh/login/inputPWD.vm
V/http    ( 1992): 482408 http3 Request.readResponse(): done http://pim1.monternet.com/wap/wap/zh/login/inputPWD.vm
V/http    ( 1992): 482409 http3 READ pipe 0
I/WebCore::FrameLoader( 1992): frameContainsWMLContent, 1585
V/http    ( 1992): 482414 http3 IdleCache size 0 host http://10.0.0.172:80
I/WebCore::HistoryController( 1992): WebCoreBackForward - Adding backforward item for frame http://pim1.monternet.com/wap/wap/zh/login/inputPWD.vm
I/WebCore::HistoryController( 1992): containsWMLContent, 629
I/WebCore::HistoryController( 1992): WebCoreBackForward - do add item http://pim1.monternet.com/wap/wap/zh/login/inputPWD.vm
I/WebCoreFrameBridge( 1992): addHistoryItem, 642
V/http    ( 1992): 482425 http3 RequestQueue.getRequest() => null
V/http    ( 1992): 482426 http3 ConnectionThread: Waiting for work
I/WebCoreFrameBridge( 1992): addHistoryItem, 649
I/WebCoreFrameBridge( 1992): updateVisitedHistory, 772
I/WebCoreFrameBridge( 1992): updateVisitedHistory, 782
I/BrowserProvider( 1992): query url: content://browser/bookmarks url match: 0
I/WebCoreFrameBridge( 1992): transitionToCommitted, 598
I/WebCoreFrameBridge( 1992): transitionToCommitted, 610
I/WebCore::FrameLoader( 1992): transitionToCommitted, mimetype: text/vnd.wap.wml
I/WebCore ( 1992): committedLoad, 693
I/WebCore::FrameLoader( 1992): begin createDocument, mimetype: text/vnd.wap.wml
I/WebCore::WML( 1992): createDocument, 340
I/WebCore::FrameLoader( 1992): write(): decode
I/WebCore::FrameLoader( 1992): write(): create decoder, mimetype: text/vnd.wap.wml
I/WebCore::TextResourceDecoder( 1992): defaultEncoding, content-type: 2, default encoding: UTF-8
I/WebCore::FrameLoader( 1992): write(): set decoder from http header
I/WebCore::FrameLoader( 1992): utf-8
I/WebCore::TextResourceDecoder( 1992): setEncoding(), source: 5
I/WebCore::TextResourceDecoder( 1992): setEncoding() name: UTF-8
I/WebCore::TextResourceDecoder( 1992): decode()
I/WebCore::TextResourceDecoder( 1992): decode() css charset done!
I/WebCore::TextResourceDecoder( 1992): checkForHeadCharset(), decode source: 5
I/WebCore::TextResourceDecoder( 1992): checkForHeadCharset(), buffer size: 1777
I/WebCore::TextResourceDecoder( 1992): checkForHeadCharset(), check encoding
I/WebCore::TextResourceDecoder( 1992): checkForHeadCharset(), check xml encoding
I/WebCore::TextResourceDecoder( 1992): checkForHeadCharset(), do check xml encoding
I/WebCore::TextResourceDecoder( 1992): checkForHeadCharset(), do check http encoding
I/WebCore::TextResourceDecoder( 1992): decode(),  html/xml charset done! current encoding: UTF-8
I/WebCore::TextResourceDecoder( 1992): shouldAutoDetect, m_usesEncodingDetector: 1, m_source :5
I/WebCore::TextResourceDecoder( 1992): decode() autodetect done!
I/WebCore::WML( 1992): internalSubset, 1081
I/WebCore::WML( 1992): createElement, 887
I/WebCore::WML( 1992): createElement, 887
I/WebCore::WML( 1992): createElement, 887
I/WebCore::WML( 1992): createElement, 887
I/WebCore::WML( 1992): createElement, 887
I/WebCore::WML( 1992): createElement, 887
I/WebCore::WML( 1992): createElement, 887
I/WebCore::WML( 1992): createElement, 887
I/WebCore::WML( 1992): createElement, 887
I/WebCore::WML( 1992): createElement, 887
I/WebCore::WML( 1992): createElement, 887
I/WebCore::WML( 1992): createElement, 887
I/WebCore::WML( 1992): createElement, 887
I/WebCore::WML( 1992): createElement, 887
I/WebCore::WML( 1992): createElement, 887
I/WebCore::WML( 1992): createElement, 887
I/WebCore::WML( 1992): createElement, 887
I/WebCore::WML( 1992): createElement, 887
I/WebCore::WML( 1992): createElement, 887
I/WebCore::WML( 1992): createElement, 887
I/WebCore::WML( 1992): createElement, 887
I/WebCore::WML( 1992): createElement, 887
I/WebCore::WML( 1992): createElement, 887
I/WebCore::WML( 1992): createElement, 887
I/WebCore::FrameLoader( 1992): encoding(), from m_decoder
I/BrowserProvider( 1992): query url: content://browser/bookmarks url match: 0
I/WebCoreFrameBridge( 1992): startLoadingResource, 378
I/WebCoreFrameBridge( 1992): createJavaMapFromHTTPHeaders, 300
I/WebCoreFrameBridge( 1992): createJavaMapFromHTTPHeaders, 327
V/webkit  ( 1992): startLoadingResource: url=http://pim1.monternet.com/wap/wap/zh/images/wap_tuijian.gif, method=GET, postData=null, isMainFramePage=true, mainResource=false, userGesture=true
V/LoadListener( 1992): LoadListener constructor url=http://pim1.monternet.com/wap/wap/zh/images/wap_tuijian.gif
V/WebSettings( 1992): getUserAgentString default: HuaweiT8100_TD/1.0 Android/2.2 Release/12.25.2010 Browser/WAP2.0 Profile/MIDP-2.0 Configuration/CLDC-1.1 AppleWebKit/533.1
V/webkit  ( 1992): getCookie: uri: http://pim1.monternet.com/wap/wap/zh/images/wap_tuijian.gif value: JSESSIONID=5F59B846CB746565200EA63859A57C2E.worker1
V/cache   ( 1992): getCacheFile: http://pim1.monternet.com/wap/wap/zh/images/wap_tuijian.gif
I/WebCoreFrameBridge( 1992): startLoadingResource, 516
I/WebCore::WML( 1992): updateAltText, 602
I/WebCore::WML( 1992): createElement, 887
I/WebCore::WML( 1992): createElement, 887
I/WebCore::WML( 1992): createElement, 887
V/webkit  ( 1992): FrameLoader: http GET load for: http://pim1.monternet.com/wap/wap/zh/images/wap_tuijian.gif
V/http    ( 1992): 482589 WebViewWorkerThread RequestQueue.queueRequest url:http://pim1.monternet.com/wap/wap/zh/images/wap_tuijian.gif
V/http    ( 1992): 482594 WebViewWorkerThread RequestQueue.queueRequest uri:http://pim1.monternet.com/wap/wap/zh/images/wap_tuijian.gif
V/http    ( 1992): 482596 WebViewWorkerThread RequestQueue.queueRequest shouldUseWifiProxy: false
V/http    ( 1992): 482597 WebViewWorkerThread RequestQueue.inWifiProxyBlackList url:http://pim1.monternet.com/wap/wap/zh/images/wap_tuijian.gif
V/http    ( 1992): 482601 WebViewWorkerThread RequestQueue.inWifiProxyBlackList web1: 
V/http    ( 1992): 482603 WebViewWorkerThread RequestQueue.inWifiProxyBlackList web2: 
V/http    ( 1992): 482606 WebViewWorkerThread RequestQueue.inWifiProxyBlackList web3: 
I/WebCore::WML( 1992): createElement, 887
I/WebCore::WML( 1992): createElement, 887
V/http    ( 1992): 482614 WebViewWorkerThread RequestQueue.inWifiProxyBlackList web4: 192.168.
V/http    ( 1992): 482616 WebViewWorkerThread RequestQueue.inWifiProxyBlackList not match
I/WebCore::WML( 1992): createElement, 887
V/http    ( 1992): 482619 WebViewWorkerThread RequestQueue.queueRequest proxy: http://10.0.0.172:80
I/WebCore::WML( 1992): createElement, 887
V/http    ( 1992): 482626 http0 RequestQueue.getRequest() => /wap/wap/zh/images/wap_tuijian.gif
V/http    ( 1992): 482627 http0 ConnectionThread: new request http://pim1.monternet.com:80 /wap/wap/zh/images/wap_tuijian.gif
V/http    ( 1992): 482627 http0 RequestQueue.inWifiProxyBlackList url:http://pim1.monternet.com:80
V/http    ( 1992): 482627 http0 RequestQueue.inWifiProxyBlackList web1: 
V/http    ( 1992): 482628 http0 RequestQueue.inWifiProxyBlackList web2: 
V/http    ( 1992): 482628 http0 RequestQueue.inWifiProxyBlackList web3: 
V/http    ( 1992): 482628 http0 RequestQueue.inWifiProxyBlackList web4: 192.168.
V/http    ( 1992): 482628 http0 RequestQueue.inWifiProxyBlackList not match
V/http    ( 1992): 482629 http0 RequestQueue.determineHost host: http://pim1.monternet.com:80
V/http    ( 1992): 482629 http0 RequestQueue.determineHost proxy: http://10.0.0.172:80
V/LoadListener( 1992): LoadListener.attachRequestHandle(): requestHandle: android.net.http.RequestHandle@43e45a20
I/WebCore::WML( 1992): createElement, 887
I/WebCore::WML( 1992): createElement, 887
I/WebCore::WML( 1992): createElement, 887
V/http    ( 1992): 482629 http0 SEND pipe 0
V/LoadListener( 1992): LoadListener.certificate: null
V/http    ( 1992): 482647 http0 Request.sendRequest() http://pim1.monternet.com
I/WebCore::WML( 1992): createElement, 887
I/WebCore::WML( 1992): createElement, 887
V/http    ( 1992): 482656 http0 Request.requestSent() http://pim1.monternet.com/wap/wap/zh/images/wap_tuijian.gif
I/WebCore::WML( 1992): createElement, 887
V/http    ( 1992): 482659 http0 SEND pipe 1
V/http    ( 1992): 482663 http0 RequestQueue.getRequest(http://10.0.0.172:80) => null
I/WebCoreFrameBridge( 1992): setProgress, 715
V/http    ( 1992): 482666 http0 DRAIN pipe 1
V/http    ( 1992): 482667 http0 processRequests() reading /wap/wap/zh/images/wap_tuijian.gif
V/BrowserActivity( 1992): onProgressChanged: 13
V/TitleBar( 1992): onProgressChanged: com.android.browser.TitleBar@43de5428 13 true android.view.ViewRoot$W@43e48cc0
V/BrowserActivity( 1992): onProgressChanged:  false false
I/WebCoreFrameBridge( 1992): setProgress, 724
V/LoadListener( 1992): LoadListener.detachRequestHandle(): requestHandle: android.net.http.RequestHandle@43e2ccc0
I/WebCore ( 1992): committedLoad, 693
I/WebCore::FrameLoader( 1992): write(): decode
I/WebCore::TextResourceDecoder( 1992): decode()
I/WebCore::TextResourceDecoder( 1992): decode() css charset done!
I/WebCore::TextResourceDecoder( 1992): decode(),  html/xml charset done! current encoding: UTF-8
I/WebCore::TextResourceDecoder( 1992): shouldAutoDetect, m_usesEncodingDetector: 1, m_source :5
I/WebCore::TextResourceDecoder( 1992): decode() autodetect done!
I/WebCore::TextResourceDecoder( 1992): flush()
V/BrowserActivity( 1992): showFakeTitleBar: Handler{43e0daf8} null false
V/cache   ( 1992): saveCacheFile for url http://pim1.monternet.com/wap/wap/zh/login/inputPWD.vm
V/webview ( 1992): SET_SCROLLBAR_MODES
V/webview ( 1992): SET_SCROLLBAR_MODES
V/webview ( 1992): SET_SCROLLBAR_MODES
V/webcore ( 1992): didFirstLayout standardLoad =true
V/webcore ( 1992): setupViewport mRestoredScale=0 mViewScale=0.75 mTextWrapScale=0.75
V/webcore ( 1992): VIEW_SIZE_CHANGED arg1=0 arg2=0 obj=android.webkit.WebView$ViewSizeData@43dab9d0
V/webcore ( 1992): viewSizeChanged w=320; h=345; textwrapWidth=320; scale=0.75
V/webcore ( 1992): viewSizeChanged w=320; h=345; textwrapWidth=320; scale=0.75
V/webcore ( 1992): WEBKIT_DRAW arg1=0 arg2=0 obj=null
V/webcore ( 1992): webkitDraw start
V/webcore ( 1992): webkitDraw NEW_PICTURE_MSG_ID
V/webview ( 1992): NEW_PICTURE_MSG_ID
V/webview ( 1992): sendViewSizeZoom, viewWidth: 240, mInvActualScale: 1.3333334
V/webview ( 1992): NEW_PICTURE_MSG_ID {0,0,320,408}
V/webcore ( 1992): UPDATE_CACHE_AND_TEXT_ENTRY arg1=0 arg2=0 obj=null
V/webview ( 1992): UPDATE_TEXT_ENTRY_MSG_ID
V/http    ( 1992): 483242 http0 read: HTTP/1.1 200 OK, Success
V/http    ( 1992): 483243 http0 hdr 18 content-length: 79
V/http    ( 1992): 483245 http0 hdr 23 content-type: image/gif
V/http    ( 1992): 483247 http0 hdr 25 server: Apache-Coyote/1.1
V/http    ( 1992): 483248 http0 hdr 26 etag: W/"79-1277782664000"
V/http    ( 1992): 483249 http0 hdr 44 last-modified: Tue, 29 Jun 2010 03:37:44 GMT
V/http    ( 1992): 483253 http0 hdr 35 date: Tue, 23 Aug 2011 07:05:13 GMT
V/http    ( 1992): 483256 http0 Request.readResponseStatus() 24 HTTP/1.1 200 OK, Success
V/LoadListener( 1992): LoadListener: from: http://pim1.monternet.com/wap/wap/zh/images/wap_tuijian.gif major: 1 minor: 1 code: 200 reason: OK, Success
V/LoadListener( 1992): LoadListener.headers
V/LoadListener( 1992): Dump HTTP headers:
V/LoadListener( 1992): content-length 79
V/LoadListener( 1992): content-type image/gif
V/http    ( 1992): 483267 http0 Request.readResponse() 79
V/LoadListener( 1992): last-modified Tue, 29 Jun 2010 03:37:44 GMT
V/LoadListener( 1992): etag W/"79-1277782664000"
V/LoadListener( 1992): server Apache-Coyote/1.1
V/LoadListener( 1992): LoadListener.data(): url: http://pim1.monternet.com/wap/wap/zh/images/wap_tuijian.gif
V/LoadListener( 1992): LoadListener.endData(): url: http://pim1.monternet.com/wap/wap/zh/images/wap_tuijian.gif
V/http    ( 1992): 483277 http0 Request.readResponse(): done http://pim1.monternet.com/wap/wap/zh/images/wap_tuijian.gif
V/http    ( 1992): 483278 http0 DRAIN pipe 0
V/http    ( 1992): 483278 http0 IdleCache size 0 host http://10.0.0.172:80
V/http    ( 1992): 483278 http0 RequestQueue.getRequest() => null
V/http    ( 1992): 483279 http0 ConnectionThread: Waiting for work
V/LoadListener( 1992): date Tue, 23 Aug 2011 07:05:13 GMT
V/LoadListener( 1992): LoadListener.parseContentTypeHeader: contentType: image/gif
V/LoadListener( 1992): loading url: http://pim1.monternet.com/wap/wap/zh/images/wap_tuijian.gif
V/LoadListener( 1992): has cookie : false, in cache black list: false
V/LoadListener( 1992): do cache page: http://pim1.monternet.com/wap/wap/zh/images/wap_tuijian.gif
V/cache   ( 1992): createCacheFile: http://pim1.monternet.com/wap/wap/zh/images/wap_tuijian.gif
V/cache   ( 1992): parseHeaders last-modified expires: 1314256351332
I/WebCoreFrameBridge( 1992): setProgress, 715
I/WebCoreFrameBridge( 1992): setProgress, 724
V/LoadListener( 1992): LoadListener.detachRequestHandle(): requestHandle: android.net.http.RequestHandle@43e45a20
I/WebCoreFrameBridge( 1992): didReceiveIcon, 736
V/cache   ( 1992): saveCacheFile for url http://pim1.monternet.com/wap/wap/zh/images/wap_tuijian.gif
I/WebCoreFrameBridge( 1992): didFinishLoad, 616
V/BrowserActivity( 1992): onPageFinished
I/TabControl( 1992): getCurrentTab
I/TabControl( 1992): getTab
I/WebCoreFrameBridge( 1992): didFinishLoad, 636
I/WebCoreFrameBridge( 1992): setProgress, 715
I/TabControl( 1992): getCurrentTab
I/WebCoreFrameBridge( 1992): setProgress, 724
V/webcore ( 1992): WEBKIT_DRAW arg1=0 arg2=0 obj=null
V/cache   ( 1992): endTransaction
I/TabControl( 1992): getTab
V/webcore ( 1992): webkitDraw start
V/webcore ( 1992): webkitDraw NEW_PICTURE_MSG_ID
V/cache   ( 1992): startTransaction
V/BrowserActivity( 1992): onProgressChanged: 100
I/TabControl( 1992): getCurrentWebView
I/TabControl( 1992): getTab
V/webview ( 1992): UPDATE_TEXT_ENTRY_MSG_ID
V/webview ( 1992): NEW_PICTURE_MSG_ID
V/webview ( 1992): sendViewSizeZoom, viewWidth: 240, mInvActualScale: 1.3333334
V/webview ( 1992): NEW_PICTURE_MSG_ID {8,339,23,353}
I/WebCoreFrameBridge( 1992): HasPasswordField, 1502
I/WebCoreFrameBridge( 1992): HasPasswordField, 1514
I/WebCoreFrameBridge( 1992): HasPasswordField, 1533
V/cache   ( 1992): trimCacheIfNeeded
V/websync ( 1992): CookieSyncManager::syncFromRamToFlash STARTS
V/websync ( 1992): CookieSyncManager::syncFromRamToFlash DONE
V/BrowserActivity( 1992): updateScreenshot
I/TabControl( 1992): getCurrentTab
I/TabControl( 1992): getTab
I/BrowserProvider( 1992): query url: content://browser/bookmarks url match: 0
V/webview ( 1992): MotionEvent{43da0528 action=0 x=185.15933 y=87.36625 pressure=0.024420025 size=0.0} at 485868 mTouchMode=7
V/webcore ( 1992): UPDATE_FRAME_CACHE_IF_LOADING arg1=0 arg2=0 obj=null
V/webview ( 1992): MotionEvent{43da0528 action=2 x=184.50275 y=87.46502 pressure=0.024420025 size=0.0} at 485897 mTouchMode=1
V/webview ( 1992): MotionEvent{43da0528 action=2 x=184.63406 y=87.16873 pressure=0.024420025 size=0.0} at 485922 mTouchMode=1
V/webview ( 1992): MotionEvent{43da0528 action=2 x=185.09367 y=86.87245 pressure=0.024420025 size=0.0} at 485945 mTouchMode=1
V/webview ( 1992): MotionEvent{43da0528 action=2 x=185.75027 y=86.576164 pressure=0.024420025 size=0.0} at 485969 mTouchMode=1
V/webview ( 1992): MotionEvent{43da0528 action=1 x=185.75027 y=86.576164 pressure=0.024420025 size=0.0} at 485993 mTouchMode=1
V/webview ( 1992): RELEASE_SINGLE_TAP
V/webcore ( 1992): VALID_NODE_BOUNDS arg1=0 arg2=0 obj=android.webkit.WebViewCore$MotionUpData@43e5b4a8
V/webview ( 1992): DO_MOTION_UP
V/webcore ( 1992): TOUCH_UP arg1=0 arg2=0 obj=android.webkit.WebViewCore$TouchUpData@43e5b958
V/webcore ( 1992): WEBKIT_DRAW arg1=0 arg2=0 obj=null
V/webcore ( 1992): webkitDraw start
V/webcore ( 1992): webkitDraw NEW_PICTURE_MSG_ID
V/webview ( 1992): UPDATE_TEXT_SELECTION_MSG_ID
V/webcore ( 1992): REQUEST_LABEL arg1=2487152 arg2=3089024 obj=null
V/webview ( 1992): rebuildWebTextView null == text
V/webview ( 1992): MT focusChanged false, 0
V/webview ( 1992): REQUEST_KEYBOARD_WITH_SELECTION_MSG_ID
D/dalvikvm( 1992): GC_FOR_MALLOC freed 9510 objects / 630728 bytes in 101ms
V/webview ( 1992): NEW_PICTURE_MSG_ID
V/webview ( 1992): sendViewSizeZoom, viewWidth: 240, mInvActualScale: 1.3333334
V/webview ( 1992): NEW_PICTURE_MSG_ID {87,50,284,81}
D/dalvikvm( 1741): GC_EXTERNAL_ALLOC freed 1702 objects / 121944 bytes in 111ms
V/webcore ( 1992): WEBKIT_DRAW arg1=0 arg2=0 obj=null
V/webcore ( 1992): webkitDraw start
V/webcore ( 1992): webkitDraw NEW_PICTURE_MSG_ID
V/webview ( 1992): NEW_PICTURE_MSG_ID
V/webview ( 1992): sendViewSizeZoom, viewWidth: 240, mInvActualScale: 1.3333334
V/webview ( 1992): NEW_PICTURE_MSG_ID {0,0,320,408}
V/webcore ( 1992): SET_SCROLL_OFFSET arg1=0 arg2=0 obj=Point(0, 0)
V/webview ( 1992): sendOurVisibleRect=(0,19,r=240,b=188
V/webcore ( 1992): SET_GLOBAL_BOUNDS arg1=0 arg2=0 obj=Rect(0, 19 - 240, 188)
V/webview ( 1992): sendViewSizeZoom, viewWidth: 240, mInvActualScale: 1.3333334
V/webcore ( 1992): VIEW_SIZE_CHANGED arg1=0 arg2=0 obj=android.webkit.WebView$ViewSizeData@43dd2968
V/webcore ( 1992): viewSizeChanged w=320; h=169; textwrapWidth=320; scale=0.75
V/webcore ( 1992): viewSizeChanged w=320; h=169; textwrapWidth=320; scale=0.75
V/webcore ( 1992): WEBKIT_DRAW arg1=0 arg2=0 obj=null
V/webcore ( 1992): webkitDraw start
V/webcore ( 1992): webkitDraw NEW_PICTURE_MSG_ID
V/webview ( 1992): NEW_PICTURE_MSG_ID
V/webview ( 1992): sendViewSizeZoom, viewWidth: 240, mInvActualScale: 1.3333334
V/webview ( 1992): NEW_PICTURE_MSG_ID {0,0,323,411}
V/webcore ( 1992): UPDATE_CACHE_AND_TEXT_ENTRY arg1=0 arg2=0 obj=null
V/webview ( 1992): UPDATE_TEXT_ENTRY_MSG_ID

V/webcore ( 1992): WEBKIT_DRAW arg1=0 arg2=0 obj=null
V/webcore ( 1992): webkitDraw start
V/webcore ( 1992): webkitDraw NEW_PICTURE_MSG_ID
V/webview ( 1992): NEW_PICTURE_MSG_ID
V/webview ( 1992): sendViewSizeZoom, viewWidth: 240, mInvActualScale: 1.3333334
V/webview ( 1992): NEW_PICTURE_MSG_ID {93,56,96,75}
V/webcore ( 1992): WEBKIT_DRAW arg1=0 arg2=0 obj=null
V/webcore ( 1992): webkitDraw start
V/webcore ( 1992): webkitDraw NEW_PICTURE_MSG_ID
V/webview ( 1992): NEW_PICTURE_MSG_ID
V/webview ( 1992): sendViewSizeZoom, viewWidth: 240, mInvActualScale: 1.3333334
V/webview ( 1992): NEW_PICTURE_MSG_ID {93,56,96,75}
V/webcore ( 1992): WEBKIT_DRAW arg1=0 arg2=0 obj=null
V/webcore ( 1992): webkitDraw start
V/webcore ( 1992): webkitDraw NEW_PICTURE_MSG_ID
V/webview ( 1992): NEW_PICTURE_MSG_ID
V/webview ( 1992): sendViewSizeZoom, viewWidth: 240, mInvActualScale: 1.3333334
V/webview ( 1992): NEW_PICTURE_MSG_ID {93,56,96,75}
V/webcore ( 1992): WEBKIT_DRAW arg1=0 arg2=0 obj=null
V/webcore ( 1992): webkitDraw start
V/webcore ( 1992): webkitDraw NEW_PICTURE_MSG_ID
V/webview ( 1992): NEW_PICTURE_MSG_ID
V/webview ( 1992): sendViewSizeZoom, viewWidth: 240, mInvActualScale: 1.3333334
V/webview ( 1992): NEW_PICTURE_MSG_ID {93,56,96,75}
V/AudioPolicyManagerALSA( 1636): startOutput() output 1, stream 1
E/AudioPolicyManagerALSA( 1636): mAvailableOutputDevices=0x3
V/AudioPolicyManagerALSA( 1636): getDeviceForStrategy() -out- strategy 0, device 2
V/AudioPolicyManagerALSA( 1636): setOutputDevice() output 1 device 2 delayMs 0
I/AudioFlinger( 1636): setParameters(): io 1, keyvalue routing=2, tid 1677, calling tid 1636
D/ALSAStreamOps( 1636): setParameters() routing=2
D/ALSAModule( 1636): v0.01 route called for devices 00000002 in mode 0...
D/ALSAModule( 1636): Routing audio to Speakerphone
D/ALSAModule( 1636): the same device
V/AudioPolicyManagerALSA( 1636): applyStreamVolumes() for output 1 and device 2
V/AudioPolicyManagerALSA( 1636): checkAndSetVolume() cannot set stream 6 volume with force use = 0 for comm
V/AudioPolicyManagerALSA( 1636): changeRefCount() stream 1, count 1
V/AudioPolicyManagerALSA( 1636): releaseOutput() 1
V/webcore ( 1992): WEBKIT_DRAW arg1=0 arg2=0 obj=null
V/webcore ( 1992): webkitDraw start
V/webcore ( 1992): webkitDraw NEW_PICTURE_MSG_ID
V/webview ( 1992): NEW_PICTURE_MSG_ID
V/webview ( 1992): sendViewSizeZoom, viewWidth: 240, mInvActualScale: 1.3333334
V/webview ( 1992): NEW_PICTURE_MSG_ID {93,56,96,75}
W/AudioHardwareALSA( 1636): Write request but device is in state SND_PCM_STATE_SETUP
D/AudioHardwareALSA( 1636): call snd_pcm_prepare
W/AudioHardwareALSA( 1636): current_state=1 - Wait for correct device state
V/AudioPolicyManagerALSA( 1636): stopOutput() output 1, stream 1
V/AudioPolicyManagerALSA( 1636): changeRefCount() stream 1, count 0
V/AudioPolicyManagerALSA( 1636): setOutputDevice() output 1 device 0 delayMs 372
D/AudioHardwareALSA( 1636): standby()
D/AudioHardwareALSA( 1636): mStreamType=1, mParent->getAnalogLoop()=0
V/webcore ( 1992): WEBKIT_DRAW arg1=0 arg2=0 obj=null
V/webcore ( 1992): webkitDraw start
V/webcore ( 1992): webkitDraw NEW_PICTURE_MSG_ID
V/webview ( 1992): NEW_PICTURE_MSG_ID
V/webview ( 1992): sendViewSizeZoom, viewWidth: 240, mInvActualScale: 1.3333334
V/webview ( 1992): NEW_PICTURE_MSG_ID {93,56,96,75}
V/AudioPolicyManagerALSA( 1636): startOutput() output 1, stream 1
E/AudioPolicyManagerALSA( 1636): mAvailableOutputDevices=0x3
V/AudioPolicyManagerALSA( 1636): getDeviceForStrategy() -out- strategy 0, device 2
V/AudioPolicyManagerALSA( 1636): setOutputDevice() output 1 device 2 delayMs 0
I/AudioFlinger( 1636): setParameters(): io 1, keyvalue routing=2, tid 1677, calling tid 1636
D/ALSAStreamOps( 1636): setParameters() routing=2
D/ALSAModule( 1636): v0.01 route called for devices 00000002 in mode 0...
D/ALSAModule( 1636): Routing audio to Speakerphone
D/ALSAModule( 1636): the same device
V/AudioPolicyManagerALSA( 1636): applyStreamVolumes() for output 1 and device 2
V/AudioPolicyManagerALSA( 1636): checkAndSetVolume() cannot set stream 6 volume with force use = 0 for comm
V/AudioPolicyManagerALSA( 1636): changeRefCount() stream 1, count 1
V/AudioPolicyManagerALSA( 1636): releaseOutput() 1
V/webcore ( 1992): WEBKIT_DRAW arg1=0 arg2=0 obj=null
V/webcore ( 1992): webkitDraw start
W/AudioHardwareALSA( 1636): Write request but device is in state SND_PCM_STATE_SETUP
D/AudioHardwareALSA( 1636): call snd_pcm_prepare
V/webcore ( 1992): webkitDraw NEW_PICTURE_MSG_ID
V/webview ( 1992): NEW_PICTURE_MSG_ID
V/webview ( 1992): sendViewSizeZoom, viewWidth: 240, mInvActualScale: 1.3333334
V/webview ( 1992): NEW_PICTURE_MSG_ID {93,56,96,75}
W/AudioHardwareALSA( 1636): current_state=1 - Wait for correct device state
V/AudioPolicyManagerALSA( 1636): stopOutput() output 1, stream 1
V/AudioPolicyManagerALSA( 1636): changeRefCount() stream 1, count 0
V/AudioPolicyManagerALSA( 1636): setOutputDevice() output 1 device 0 delayMs 372
D/AudioHardwareALSA( 1636): standby()
W/KeyCharacterMap( 1992): No keyboard for id 0
W/KeyCharacterMap( 1992): Using default keymap: /system/usr/keychars/qwerty.kcm.bin
V/webcore ( 1992): SET_SELECTION arg1=0 arg2=0 obj=null
V/webcore ( 1992): PASS_TO_JS arg1=1 arg2=0 obj=android.webkit.WebViewCore$JSKeyData@43e604e8
V/webcore ( 1992): PASS_TO_JS arg1=2 arg2=0 obj=android.webkit.WebViewCore$JSKeyData@43e60660
V/webcore ( 1992): WEBKIT_DRAW arg1=0 arg2=0 obj=null
V/webcore ( 1992): webkitDraw start
V/webcore ( 1992): webkitDraw NEW_PICTURE_MSG_ID
V/webview ( 1992): NEW_PICTURE_MSG_ID
V/webview ( 1992): sendViewSizeZoom, viewWidth: 240, mInvActualScale: 1.3333334
V/webview ( 1992): NEW_PICTURE_MSG_ID {90,53,281,78}
D/AudioHardwareALSA( 1636): mStreamType=1, mParent->getAnalogLoop()=0
V/webcore ( 1992): WEBKIT_DRAW arg1=0 arg2=0 obj=null
V/webcore ( 1992): webkitDraw start
V/webcore ( 1992): webkitDraw NEW_PICTURE_MSG_ID
V/webview ( 1992): NEW_PICTURE_MSG_ID
V/webview ( 1992): sendViewSizeZoom, viewWidth: 240, mInvActualScale: 1.3333334
V/webview ( 1992): NEW_PICTURE_MSG_ID {0,0,323,411}
V/webcore ( 1992): SAVE_DOCUMENT_STATE arg1=0 arg2=0 obj=android.webkit.WebViewCore$CursorData@43e60678
V/webcore ( 1992): WEBKIT_DRAW arg1=0 arg2=0 obj=null
V/webcore ( 1992): webkitDraw start
V/webcore ( 1992): webkitDraw NEW_PICTURE_MSG_ID
V/webview ( 1992): NEW_PICTURE_MSG_ID
V/webview ( 1992): sendViewSizeZoom, viewWidth: 240, mInvActualScale: 1.3333334
V/webview ( 1992): NEW_PICTURE_MSG_ID {102,56,105,75}
V/AudioPolicyManagerALSA( 1636): startOutput() output 1, stream 1
E/AudioPolicyManagerALSA( 1636): mAvailableOutputDevices=0x3
V/AudioPolicyManagerALSA( 1636): getDeviceForStrategy() -out- strategy 0, device 2
V/AudioPolicyManagerALSA( 1636): setOutputDevice() output 1 device 2 delayMs 0
I/AudioFlinger( 1636): setParameters(): io 1, keyvalue routing=2, tid 1677, calling tid 1636
D/ALSAStreamOps( 1636): setParameters() routing=2
D/ALSAModule( 1636): v0.01 route called for devices 00000002 in mode 0...
D/ALSAModule( 1636): Routing audio to Speakerphone
D/ALSAModule( 1636): the same device
V/AudioPolicyManagerALSA( 1636): applyStreamVolumes() for output 1 and device 2
V/AudioPolicyManagerALSA( 1636): checkAndSetVolume() cannot set stream 6 volume with force use = 0 for comm
V/AudioPolicyManagerALSA( 1636): changeRefCount() stream 1, count 1
V/AudioPolicyManagerALSA( 1636): releaseOutput() 1
W/AudioHardwareALSA( 1636): Write request but device is in state SND_PCM_STATE_SETUP
D/AudioHardwareALSA( 1636): call snd_pcm_prepare
W/AudioHardwareALSA( 1636): current_state=1 - Wait for correct device state
V/AudioPolicyManagerALSA( 1636): stopOutput() output 1, stream 1
V/AudioPolicyManagerALSA( 1636): changeRefCount() stream 1, count 0
V/AudioPolicyManagerALSA( 1636): setOutputDevice() output 1 device 0 delayMs 372
V/webcore ( 1992): SET_SELECTION arg1=1 arg2=1 obj=null
V/webcore ( 1992): PASS_TO_JS arg1=3 arg2=0 obj=android.webkit.WebViewCore$JSKeyData@43e61728
V/webcore ( 1992): WEBKIT_DRAW arg1=0 arg2=0 obj=null
V/webcore ( 1992): webkitDraw start
D/AudioHardwareALSA( 1636): standby()
V/webcore ( 1992): webkitDraw NEW_PICTURE_MSG_ID
V/webview ( 1992): NEW_PICTURE_MSG_ID
V/webview ( 1992): sendViewSizeZoom, viewWidth: 240, mInvActualScale: 1.3333334
V/webview ( 1992): NEW_PICTURE_MSG_ID {93,56,278,75}
V/webcore ( 1992): PASS_TO_JS arg1=4 arg2=0 obj=android.webkit.WebViewCore$JSKeyData@43e61948
D/AudioHardwareALSA( 1636): mStreamType=1, mParent->getAnalogLoop()=0
V/webcore ( 1992): WEBKIT_DRAW arg1=0 arg2=0 obj=null
V/webcore ( 1992): webkitDraw start
V/webcore ( 1992): webkitDraw NEW_PICTURE_MSG_ID
V/webview ( 1992): NEW_PICTURE_MSG_ID
V/webview ( 1992): sendViewSizeZoom, viewWidth: 240, mInvActualScale: 1.3333334
V/webview ( 1992): NEW_PICTURE_MSG_ID {0,0,323,411}
V/AudioPolicyManagerALSA( 1636): startOutput() output 1, stream 1
E/AudioPolicyManagerALSA( 1636): mAvailableOutputDevices=0x3
V/AudioPolicyManagerALSA( 1636): getDeviceForStrategy() -out- strategy 0, device 2
V/AudioPolicyManagerALSA( 1636): setOutputDevice() output 1 device 2 delayMs 0
I/AudioFlinger( 1636): setParameters(): io 1, keyvalue routing=2, tid 1677, calling tid 1636
D/ALSAStreamOps( 1636): setParameters() routing=2
D/ALSAModule( 1636): v0.01 route called for devices 00000002 in mode 0...
D/ALSAModule( 1636): Routing audio to Speakerphone
D/ALSAModule( 1636): the same device
V/AudioPolicyManagerALSA( 1636): applyStreamVolumes() for output 1 and device 2
V/AudioPolicyManagerALSA( 1636): checkAndSetVolume() cannot set stream 6 volume with force use = 0 for comm
V/AudioPolicyManagerALSA( 1636): changeRefCount() stream 1, count 1
V/AudioPolicyManagerALSA( 1636): releaseOutput() 1
W/AudioHardwareALSA( 1636): Write request but device is in state SND_PCM_STATE_SETUP
D/AudioHardwareALSA( 1636): call snd_pcm_prepare
W/AudioHardwareALSA( 1636): current_state=1 - Wait for correct device state
V/AudioPolicyManagerALSA( 1636): stopOutput() output 1, stream 1
V/AudioPolicyManagerALSA( 1636): changeRefCount() stream 1, count 0
V/AudioPolicyManagerALSA( 1636): setOutputDevice() output 1 device 0 delayMs 372
V/webcore ( 1992): SET_SELECTION arg1=2 arg2=2 obj=null
V/webcore ( 1992): PASS_TO_JS arg1=5 arg2=0 obj=android.webkit.WebViewCore$JSKeyData@43e62558
V/webcore ( 1992): PASS_TO_JS arg1=6 arg2=0 obj=android.webkit.WebViewCore$JSKeyData@43e62608
V/webcore ( 1992): WEBKIT_DRAW arg1=0 arg2=0 obj=null
V/webcore ( 1992): webkitDraw start
V/webcore ( 1992): webkitDraw NEW_PICTURE_MSG_ID
V/webview ( 1992): NEW_PICTURE_MSG_ID
V/webview ( 1992): sendViewSizeZoom, viewWidth: 240, mInvActualScale: 1.3333334
V/webview ( 1992): NEW_PICTURE_MSG_ID {93,56,278,75}
D/AudioHardwareALSA( 1636): standby()
D/AudioHardwareALSA( 1636): mStreamType=1, mParent->getAnalogLoop()=0
V/webcore ( 1992): WEBKIT_DRAW arg1=0 arg2=0 obj=null
V/webcore ( 1992): webkitDraw start
V/webcore ( 1992): webkitDraw NEW_PICTURE_MSG_ID
V/webview ( 1992): NEW_PICTURE_MSG_ID
V/webview ( 1992): sendViewSizeZoom, viewWidth: 240, mInvActualScale: 1.3333334
V/webview ( 1992): NEW_PICTURE_MSG_ID {0,0,323,411}
V/AudioPolicyManagerALSA( 1636): startOutput() output 1, stream 1
E/AudioPolicyManagerALSA( 1636): mAvailableOutputDevices=0x3
V/AudioPolicyManagerALSA( 1636): getDeviceForStrategy() -out- strategy 0, device 2
V/AudioPolicyManagerALSA( 1636): setOutputDevice() output 1 device 2 delayMs 0
I/AudioFlinger( 1636): setParameters(): io 1, keyvalue routing=2, tid 1677, calling tid 1636
D/ALSAStreamOps( 1636): setParameters() routing=2
D/ALSAModule( 1636): v0.01 route called for devices 00000002 in mode 0...
D/ALSAModule( 1636): Routing audio to Speakerphone
D/ALSAModule( 1636): the same device
V/AudioPolicyManagerALSA( 1636): applyStreamVolumes() for output 1 and device 2
V/AudioPolicyManagerALSA( 1636): checkAndSetVolume() cannot set stream 6 volume with force use = 0 for comm
V/AudioPolicyManagerALSA( 1636): changeRefCount() stream 1, count 1
V/AudioPolicyManagerALSA( 1636): releaseOutput() 1
W/AudioHardwareALSA( 1636): Write request but device is in state SND_PCM_STATE_SETUP
D/AudioHardwareALSA( 1636): call snd_pcm_prepare
W/AudioHardwareALSA( 1636): current_state=1 - Wait for correct device state
V/AudioPolicyManagerALSA( 1636): stopOutput() output 1, stream 1
V/AudioPolicyManagerALSA( 1636): changeRefCount() stream 1, count 0
V/AudioPolicyManagerALSA( 1636): setOutputDevice() output 1 device 0 delayMs 372
V/webcore ( 1992): SET_SELECTION arg1=3 arg2=3 obj=null
V/webcore ( 1992): PASS_TO_JS arg1=7 arg2=0 obj=android.webkit.WebViewCore$JSKeyData@43e635d0
V/webcore ( 1992): PASS_TO_JS arg1=8 arg2=0 obj=android.webkit.WebViewCore$JSKeyData@43e63680
V/webcore ( 1992): WEBKIT_DRAW arg1=0 arg2=0 obj=null
V/webcore ( 1992): webkitDraw start
V/webcore ( 1992): webkitDraw NEW_PICTURE_MSG_ID
V/webview ( 1992): NEW_PICTURE_MSG_ID
V/webview ( 1992): sendViewSizeZoom, viewWidth: 240, mInvActualScale: 1.3333334
V/webview ( 1992): NEW_PICTURE_MSG_ID {93,56,278,75}
D/AudioHardwareALSA( 1636): standby()
D/AudioHardwareALSA( 1636): mStreamType=1, mParent->getAnalogLoop()=0
V/AudioPolicyManagerALSA( 1636): startOutput() output 1, stream 1
E/AudioPolicyManagerALSA( 1636): mAvailableOutputDevices=0x3
V/AudioPolicyManagerALSA( 1636): getDeviceForStrategy() -out- strategy 0, device 2
V/AudioPolicyManagerALSA( 1636): setOutputDevice() output 1 device 2 delayMs 0
I/AudioFlinger( 1636): setParameters(): io 1, keyvalue routing=2, tid 1677, calling tid 1636
D/ALSAStreamOps( 1636): setParameters() routing=2
D/ALSAModule( 1636): v0.01 route called for devices 00000002 in mode 0...
D/ALSAModule( 1636): Routing audio to Speakerphone
D/ALSAModule( 1636): the same device
V/AudioPolicyManagerALSA( 1636): applyStreamVolumes() for output 1 and device 2
V/AudioPolicyManagerALSA( 1636): checkAndSetVolume() cannot set stream 6 volume with force use = 0 for comm
V/AudioPolicyManagerALSA( 1636): changeRefCount() stream 1, count 1
V/AudioPolicyManagerALSA( 1636): releaseOutput() 1
W/AudioHardwareALSA( 1636): Write request but device is in state SND_PCM_STATE_SETUP
D/AudioHardwareALSA( 1636): call snd_pcm_prepare
W/AudioHardwareALSA( 1636): current_state=1 - Wait for correct device state
V/AudioPolicyManagerALSA( 1636): stopOutput() output 1, stream 1
V/AudioPolicyManagerALSA( 1636): changeRefCount() stream 1, count 0
V/AudioPolicyManagerALSA( 1636): setOutputDevice() output 1 device 0 delayMs 372
V/webcore ( 1992): SET_SELECTION arg1=4 arg2=4 obj=null
V/webcore ( 1992): PASS_TO_JS arg1=9 arg2=0 obj=android.webkit.WebViewCore$JSKeyData@43e642a0
V/webcore ( 1992): PASS_TO_JS arg1=10 arg2=0 obj=android.webkit.WebViewCore$JSKeyData@43e64350
V/webcore ( 1992): WEBKIT_DRAW arg1=0 arg2=0 obj=null
V/webcore ( 1992): webkitDraw start
V/webcore ( 1992): webkitDraw NEW_PICTURE_MSG_ID
V/webview ( 1992): NEW_PICTURE_MSG_ID
V/webview ( 1992): sendViewSizeZoom, viewWidth: 240, mInvActualScale: 1.3333334
V/webview ( 1992): NEW_PICTURE_MSG_ID {93,56,278,75}
D/AudioHardwareALSA( 1636): standby()
D/AudioHardwareALSA( 1636): mStreamType=1, mParent->getAnalogLoop()=0
V/webcore ( 1992): WEBKIT_DRAW arg1=0 arg2=0 obj=null
V/webcore ( 1992): webkitDraw start
V/webcore ( 1992): webkitDraw NEW_PICTURE_MSG_ID
V/webview ( 1992): NEW_PICTURE_MSG_ID
V/webview ( 1992): sendViewSizeZoom, viewWidth: 240, mInvActualScale: 1.3333334
V/webview ( 1992): NEW_PICTURE_MSG_ID {0,0,323,411}
V/AudioPolicyManagerALSA( 1636): startOutput() output 1, stream 1
E/AudioPolicyManagerALSA( 1636): mAvailableOutputDevices=0x3
V/AudioPolicyManagerALSA( 1636): getDeviceForStrategy() -out- strategy 0, device 2
V/AudioPolicyManagerALSA( 1636): setOutputDevice() output 1 device 2 delayMs 0
I/AudioFlinger( 1636): setParameters(): io 1, keyvalue routing=2, tid 1677, calling tid 1636
D/ALSAStreamOps( 1636): setParameters() routing=2
D/ALSAModule( 1636): v0.01 route called for devices 00000002 in mode 0...
D/ALSAModule( 1636): Routing audio to Speakerphone
D/ALSAModule( 1636): the same device
V/AudioPolicyManagerALSA( 1636): applyStreamVolumes() for output 1 and device 2
V/AudioPolicyManagerALSA( 1636): checkAndSetVolume() cannot set stream 6 volume with force use = 0 for comm
V/AudioPolicyManagerALSA( 1636): changeRefCount() stream 1, count 1
V/AudioPolicyManagerALSA( 1636): releaseOutput() 1
W/AudioHardwareALSA( 1636): Write request but device is in state SND_PCM_STATE_SETUP
D/AudioHardwareALSA( 1636): call snd_pcm_prepare
W/AudioHardwareALSA( 1636): current_state=1 - Wait for correct device state
V/AudioPolicyManagerALSA( 1636): stopOutput() output 1, stream 1
V/AudioPolicyManagerALSA( 1636): changeRefCount() stream 1, count 0
V/AudioPolicyManagerALSA( 1636): setOutputDevice() output 1 device 0 delayMs 372
V/webcore ( 1992): SET_SELECTION arg1=5 arg2=5 obj=null
V/webcore ( 1992): PASS_TO_JS arg1=11 arg2=0 obj=android.webkit.WebViewCore$JSKeyData@43dd1d70
V/webcore ( 1992): PASS_TO_JS arg1=12 arg2=0 obj=android.webkit.WebViewCore$JSKeyData@43da7f10
V/webcore ( 1992): WEBKIT_DRAW arg1=0 arg2=0 obj=null
V/webcore ( 1992): webkitDraw start
V/webcore ( 1992): webkitDraw NEW_PICTURE_MSG_ID
V/webview ( 1992): NEW_PICTURE_MSG_ID
V/webview ( 1992): sendViewSizeZoom, viewWidth: 240, mInvActualScale: 1.3333334
V/webview ( 1992): NEW_PICTURE_MSG_ID {93,56,278,75}
D/AudioHardwareALSA( 1636): standby()
D/AudioHardwareALSA( 1636): mStreamType=1, mParent->getAnalogLoop()=0
V/AudioPolicyManagerALSA( 1636): startOutput() output 1, stream 1
E/AudioPolicyManagerALSA( 1636): mAvailableOutputDevices=0x3
V/AudioPolicyManagerALSA( 1636): getDeviceForStrategy() -out- strategy 0, device 2
V/AudioPolicyManagerALSA( 1636): setOutputDevice() output 1 device 2 delayMs 0
I/AudioFlinger( 1636): setParameters(): io 1, keyvalue routing=2, tid 1677, calling tid 1636
D/ALSAStreamOps( 1636): setParameters() routing=2
D/ALSAModule( 1636): v0.01 route called for devices 00000002 in mode 0...
D/ALSAModule( 1636): Routing audio to Speakerphone
D/ALSAModule( 1636): the same device
V/AudioPolicyManagerALSA( 1636): applyStreamVolumes() for output 1 and device 2
V/AudioPolicyManagerALSA( 1636): checkAndSetVolume() cannot set stream 6 volume with force use = 0 for comm
V/AudioPolicyManagerALSA( 1636): changeRefCount() stream 1, count 1
V/AudioPolicyManagerALSA( 1636): releaseOutput() 1
W/AudioHardwareALSA( 1636): Write request but device is in state SND_PCM_STATE_SETUP
D/AudioHardwareALSA( 1636): call snd_pcm_prepare
W/AudioHardwareALSA( 1636): current_state=1 - Wait for correct device state
V/AudioPolicyManagerALSA( 1636): stopOutput() output 1, stream 1
V/AudioPolicyManagerALSA( 1636): changeRefCount() stream 1, count 0
V/AudioPolicyManagerALSA( 1636): setOutputDevice() output 1 device 0 delayMs 372
V/webcore ( 1992): SET_SELECTION arg1=6 arg2=6 obj=null
V/webcore ( 1992): PASS_TO_JS arg1=13 arg2=0 obj=android.webkit.WebViewCore$JSKeyData@43d6bc60
V/webcore ( 1992): PASS_TO_JS arg1=14 arg2=0 obj=android.webkit.WebViewCore$JSKeyData@43dbdcb0
V/webcore ( 1992): WEBKIT_DRAW arg1=0 arg2=0 obj=null
V/webcore ( 1992): webkitDraw start
V/webcore ( 1992): webkitDraw NEW_PICTURE_MSG_ID
V/webview ( 1992): NEW_PICTURE_MSG_ID
V/webview ( 1992): sendViewSizeZoom, viewWidth: 240, mInvActualScale: 1.3333334
V/webview ( 1992): NEW_PICTURE_MSG_ID {93,56,278,75}
D/AudioHardwareALSA( 1636): standby()
D/AudioHardwareALSA( 1636): mStreamType=1, mParent->getAnalogLoop()=0
V/webcore ( 1992): WEBKIT_DRAW arg1=0 arg2=0 obj=null
V/webcore ( 1992): webkitDraw start
V/webcore ( 1992): webkitDraw NEW_PICTURE_MSG_ID
V/webview ( 1992): NEW_PICTURE_MSG_ID
V/webview ( 1992): sendViewSizeZoom, viewWidth: 240, mInvActualScale: 1.3333334
V/webview ( 1992): NEW_PICTURE_MSG_ID {0,0,323,411}
V/webcore ( 1992): SAVE_DOCUMENT_STATE arg1=0 arg2=0 obj=android.webkit.WebViewCore$CursorData@43dba3c0
V/webcore ( 1992): WEBKIT_DRAW arg1=0 arg2=0 obj=null
V/webcore ( 1992): webkitDraw start
V/webcore ( 1992): webkitDraw NEW_PICTURE_MSG_ID
V/webview ( 1992): NEW_PICTURE_MSG_ID
V/webview ( 1992): sendViewSizeZoom, viewWidth: 240, mInvActualScale: 1.3333334
V/webview ( 1992): NEW_PICTURE_MSG_ID {155,56,158,75}
V/AudioPolicyManagerALSA( 1636): startOutput() output 1, stream 1
E/AudioPolicyManagerALSA( 1636): mAvailableOutputDevices=0x3
V/AudioPolicyManagerALSA( 1636): getDeviceForStrategy() -out- strategy 0, device 2
V/AudioPolicyManagerALSA( 1636): setOutputDevice() output 1 device 2 delayMs 0
I/AudioFlinger( 1636): setParameters(): io 1, keyvalue routing=2, tid 1677, calling tid 1636
D/ALSAStreamOps( 1636): setParameters() routing=2
D/ALSAModule( 1636): v0.01 route called for devices 00000002 in mode 0...
D/ALSAModule( 1636): Routing audio to Speakerphone
D/ALSAModule( 1636): the same device
V/AudioPolicyManagerALSA( 1636): applyStreamVolumes() for output 1 and device 2
V/AudioPolicyManagerALSA( 1636): checkAndSetVolume() cannot set stream 6 volume with force use = 0 for comm
V/AudioPolicyManagerALSA( 1636): changeRefCount() stream 1, count 1
V/AudioPolicyManagerALSA( 1636): releaseOutput() 1
W/AudioHardwareALSA( 1636): Write request but device is in state SND_PCM_STATE_SETUP
D/AudioHardwareALSA( 1636): call snd_pcm_prepare
W/AudioHardwareALSA( 1636): current_state=1 - Wait for correct device state
V/AudioPolicyManagerALSA( 1636): stopOutput() output 1, stream 1
V/AudioPolicyManagerALSA( 1636): changeRefCount() stream 1, count 0
V/AudioPolicyManagerALSA( 1636): setOutputDevice() output 1 device 0 delayMs 372
V/webcore ( 1992): SET_SELECTION arg1=7 arg2=7 obj=null
V/webcore ( 1992): PASS_TO_JS arg1=15 arg2=0 obj=android.webkit.WebViewCore$JSKeyData@43df9810
V/webcore ( 1992): PASS_TO_JS arg1=16 arg2=0 obj=android.webkit.WebViewCore$JSKeyData@43dafaf0
V/webcore ( 1992): WEBKIT_DRAW arg1=0 arg2=0 obj=null
V/webcore ( 1992): webkitDraw start
V/webcore ( 1992): webkitDraw NEW_PICTURE_MSG_ID
V/webview ( 1992): NEW_PICTURE_MSG_ID
V/webview ( 1992): sendViewSizeZoom, viewWidth: 240, mInvActualScale: 1.3333334
V/webview ( 1992): NEW_PICTURE_MSG_ID {93,56,278,75}
D/AudioHardwareALSA( 1636): standby()
D/AudioHardwareALSA( 1636): mStreamType=1, mParent->getAnalogLoop()=0
V/webcore ( 1992): WEBKIT_DRAW arg1=0 arg2=0 obj=null
V/webcore ( 1992): webkitDraw start
V/webcore ( 1992): webkitDraw NEW_PICTURE_MSG_ID
V/webview ( 1992): NEW_PICTURE_MSG_ID
V/webview ( 1992): sendViewSizeZoom, viewWidth: 240, mInvActualScale: 1.3333334
V/webview ( 1992): NEW_PICTURE_MSG_ID {0,0,323,411}
V/AudioPolicyManagerALSA( 1636): startOutput() output 1, stream 1
E/AudioPolicyManagerALSA( 1636): mAvailableOutputDevices=0x3
V/AudioPolicyManagerALSA( 1636): getDeviceForStrategy() -out- strategy 0, device 2
V/AudioPolicyManagerALSA( 1636): setOutputDevice() output 1 device 2 delayMs 0
I/AudioFlinger( 1636): setParameters(): io 1, keyvalue routing=2, tid 1677, calling tid 1636
D/ALSAStreamOps( 1636): setParameters() routing=2
D/ALSAModule( 1636): v0.01 route called for devices 00000002 in mode 0...
D/ALSAModule( 1636): Routing audio to Speakerphone
D/ALSAModule( 1636): the same device
V/AudioPolicyManagerALSA( 1636): applyStreamVolumes() for output 1 and device 2
V/AudioPolicyManagerALSA( 1636): checkAndSetVolume() cannot set stream 6 volume with force use = 0 for comm
V/AudioPolicyManagerALSA( 1636): changeRefCount() stream 1, count 1
V/AudioPolicyManagerALSA( 1636): releaseOutput() 1
W/AudioHardwareALSA( 1636): Write request but device is in state SND_PCM_STATE_SETUP
D/AudioHardwareALSA( 1636): call snd_pcm_prepare
W/AudioHardwareALSA( 1636): current_state=1 - Wait for correct device state
V/AudioPolicyManagerALSA( 1636): stopOutput() output 1, stream 1
