jiangrui@jiangrui-desktop:~/notes/android.browser/history$ 
jiangrui@jiangrui-desktop:~/notes/android.browser/history$ 
jiangrui@jiangrui-desktop:~/notes/android.browser/history$ 
jiangrui@jiangrui-desktop:~/notes/android.browser/history$ adb logcat -c
jiangrui@jiangrui-desktop:~/notes/android.browser/history$ adb logcat
--------- beginning of /dev/log/main
D/dalvikvm( 1971): GC_EXPLICIT freed 912 objects / 62000 bytes in 69ms
--------- beginning of /dev/log/system
I/ActivityManager( 1692): Starting activity: Intent { act=android.intent.action.VIEW dat=http://pim1.monternet.com/zf.html cmp=com.android.browser/.BrowserActivity (has extras) }
E/SyncMain( 2027): SyncMain onPause is called
V/BrowserActivity( 1992): com.android.browser.BrowserActivity@43dbdcd0 onStart
V/BrowserSettings( 1992): getDataConnection: wap
I/ApnHandler( 1992): handleApnSettingIntent apn: wap
V/BrowserSettings( 1992): getDataConnection: wap
V/BrowserActivity( 1992): handleWebSearchIntent: http://pim1.monternet.com/zf.html
V/BrowserActivity( 1992): handleWebSearchRequest
E/SyncMain( 2027): SyncMain onStop is called
I/TabControl( 1992): TabControl
V/BrowserActivity( 1992): retainIconsOnStartup
I/BrowserProvider( 1992): query url: content://browser/bookmarks url match: 0
V/BrowserActivity( 1992): onCreate mLoadsPageInOverviewMode:  false
I/TabControl( 1992): restoreState
V/BrowserActivity( 1992): !mTabControl.restoreState(icicle)
I/TabControl( 1992): getThumbnailDir
V/BrowserActivity( 1992): getUrlDataFromIntent
I/TabControl( 1992): createNewTab: true null http://pim1.monternet.com/zf.html
I/TabControl( 1992): createNewWebView
I/WebCoreFrameBridge( 1992): CreateFrame, 927
V/WebSettings( 1992): getCmccUserAgentString: HuaweiT8100_TD/1.0 Android/2.2 Release/12.25.2010 Browser/WAP2.0 Profile/MIDP-2.0 Configuration/CLDC-1.1 AppleWebKit/533.1
I/Tab     ( 1992): Tab: null http://pim1.monternet.com/zf.html
I/Tab     ( 1992): putInBackground
I/WebCoreFrameBridge( 1992): WebFrame, 208
I/Tab     ( 1992): pause
I/TabControl( 1992): setCurrentTab
I/TabControl( 1992): setCurrentTab
I/TabControl( 1992): getTab
I/Tab     ( 1992): putInForeground
I/Tab     ( 1992): resume
I/Tab     ( 1992): attachTabToContentView
I/Tab     ( 1992): attachSubWindow
V/BrowserActivity( 1992): isWifiConnected
V/BrowserActivity( 1992): isWifiConnected
I/Tab     ( 1992): getTopWindow
V/webview ( 1992): MT focusChanged true, 130
I/WebCoreFrameBridge( 1992): WebFrame, 276
I/TabControl( 1992): getCurrentTab
I/TabControl( 1992): getTab
I/TabControl( 1992): getCurrentTab
I/TabControl( 1992): getTab
V/BrowserActivity( 1992): isWifiConnected
V/BrowserActivity( 1992): loadUrlDataIn delay 300ms: http://pim1.monternet.com/zf.html
V/BrowserActivity( 1992): getInstalledPackages
V/BrowserActivity( 1992): onResume
I/BrowserActivity( 1992): onResume, ignore wifi
V/BrowserSettings( 1992): getDataConnection: wap
I/TabControl( 1992): getCurrentTab
I/TabControl( 1992): getTab
D/ApnHandler( 1992): stopUsingNetworkFeature done!
V/webview ( 1992): bindToDevice iname: null
V/network ( 1992): bindToDevice iname: null
D/ApnHandler( 1992): Begin startUsingNetworkFeature: enableWAP
D/ConnectivityServiceExt( 1692): startUsingNetworkFeature for net 0: enableWAP
D/ConnectivityServiceExt( 1692): getMobileDataEnabled returning true
D/ConnectivityServiceExt( 1692): reconnecting to special network
D/ApnHandler( 1992): startUsingNetworkFeature: enableWAP 1
I/TabControl( 1992): resumeCurrentTab
I/TabControl( 1992): getCurrentTab
I/TabControl( 1992): getTab
I/Tab     ( 1992): resume
V/BrowserActivity( 1992): resumeWebViewTimers
I/TabControl( 1992): getCurrentTab
I/TabControl( 1992): getTab
V/BrowserActivity( 1992): onResume mLoadsPageInOverviewMode:  false
V/BrowserActivity( 1992): onResume done!
V/BrowserActivity( 1992): onReceive: NetworkInfo: type: mobile_wap[HSDPA], state: DISCONNECTED/DISCONNECTED, reason: dataDisabled, extra: (none), roaming: false, failover: false, isAvailable: true, apType: enableWAP, interfaceName: pdp_ip0
V/BrowserSettings( 1992): getDataConnection: wap
V/BrowserActivity( 1992): onReceive current apn: wap
D/VtApp   ( 1749): onReceive,action:android.intent.action.ANY_DATA_STATE
I/BrowserActivity( 1992): onReceive, ignore wifi
V/BrowserActivity( 1992): sendNetworkType
I/TabControl( 1992): getCurrentWebView
I/TabControl( 1992): getTab
D/NotificationMgr( 1746): hideDataDisconnectedRoaming()...
W/IInputConnectionWrapper( 2027): showStatusIcon on inactive InputConnection
W/InputManagerService( 1692): Starting input on non-focused client com.android.internal.view.IInputMethodClient$Stub$Proxy@43f29ac0 (uid=10005 pid=2027)
D/MobileDataStateTrackerExt( 1692): wap Received state= CONNECTED, old= DISCONNECTED, reason= simLoaded, apnTypeList= wap
V/webview ( 1992): sendOurVisibleRect=(0,19,r=240,b=320
V/webview ( 1992): sendViewSizeZoom, viewWidth: 240, mInvActualScale: 1.3333334
D/MobileDataStateTrackerExt( 1692): New mProxy is http://10.0.0.172:80/ for wap
D/NetworkStateTracker( 1692): setDetailed state, old =DISCONNECTED and new state=CONNECTED
E/NetworkStateTracker( 1692): net.tcp.buffersize.hsdpa not found in system properties. Using defaults
V/NetworkStateTracker( 1692): Setting TCP values: [4096,87380,110208,4096,16384,110208] which comes from [net.tcp.buffersize.default]
D/ConnectivityServiceExt( 1692): ConnectivityChange for mobile_wap: CONNECTED/CONNECTED
I/WebCoreFrameBridge( 1992): loadStarted, 544
I/WebCoreFrameBridge( 1992): transitionToCommitted, 598
I/WebCoreFrameBridge( 1992): transitionToCommitted, 610
I/WebCore::FrameLoader( 1992): transitionToCommitted, mimetype: text/html
I/WebCore::FrameLoader( 1992): begin createDocument, mimetype: text/html
I/WebCore::FrameLoader( 1992): write(): decode
D/ConnectivityServiceExt( 1692): adding dns 221.130.33.52 for mobile
D/ConnectivityServiceExt( 1692): adding dns 221.130.33.60 for mobile
D/MobileDataStateTrackerExt( 1692): mProxy is http://10.0.0.172:80/mytype wap
D/Tethering( 1692): Tethering got CONNECTIVITY_ACTION
D/Tethering( 1692): MasterInitialState.processMessage what=3
E/HierarchicalStateMachine( 1692): TetherMaster - unhandledMessage: msg.what=3
I/WebCore::FrameLoader( 1992): write(): create decoder, mimetype: text/html
I/WebCore::TextResourceDecoder( 1992): defaultEncoding, content-type: 1, default encoding: 
I/WebCore::TextResourceDecoder( 1992): decode()
I/WebCore::TextResourceDecoder( 1992): decode() css charset done!
I/WebCore::TextResourceDecoder( 1992): checkForHeadCharset(), decode source: 0
V/SyncEngineService@ ( 2027): Handling incoming message: { what=1 when=428489 }
V/DownloadReceiver( 1844): Receiver onConnectivity
V/DownloadReceiver( 1844): onConnectivity: NetworkInfo: type: mobile_wap[HSDPA], state: CONNECTED/CONNECTED, reason: simLoaded, extra: cmwap, roaming: false, failover: false, isAvailable: true, apType: enableWAP, interfaceName: pdp_ip0
V/SyncEngineService@ ( 2027): Handle DATA_STATE_CHANGED event: NetworkInfo: type: mobile_wap[HSDPA], state: CONNECTED/CONNECTED, reason: simLoaded, extra: cmwap, roaming: false, failover: false, isAvailable: true, apType: enableWAP, interfaceName: pdp_ip0
V/SyncEngineService@ ( 2027): ** xavier **** TYPE_MOBILE_WAP is connected, cool!
I/ActivityManager( 1692): Displayed activity com.android.browser/.BrowserActivity: 708 ms (total 708 ms)
V/BrowserActivity( 1992): onReceive: NetworkInfo: type: mobile_wap[HSDPA], state: CONNECTED/CONNECTED, reason: simLoaded, extra: cmwap, roaming: false, failover: false, isAvailable: true, apType: enableWAP, interfaceName: pdp_ip0
V/BrowserSettings( 1992): getDataConnection: wap
V/BrowserActivity( 1992): onReceive current apn: wap
I/BrowserActivity( 1992): onReceive, ignore wifi
V/BrowserActivity( 1992): sendNetworkType
I/TabControl( 1992): getCurrentWebView
I/TabControl( 1992): getTab
I/TabControl( 1992): getCurrentWebView
I/TabControl( 1992): getTab
D/ApnHandler( 1992): updateStatus
D/ApnHandler( 1992): Interfacename: pdp_ip0
V/webview ( 1992): bindToDevice iname: pdp_ip0
V/network ( 1992): bindToDevice iname: pdp_ip0
I/BrowserActivity( 1992): onNetworkToggle, setNeedRestartNetworkfalse
I/DownloadReceiver( 1844): Broadcast: Network Up
I/WebCore::TextResourceDecoder( 1992): checkForHeadCharset(), buffer size: 0
I/WebCore::TextResourceDecoder( 1992): flush()
I/WebCore::FrameLoader( 1992): write(): decode
I/WebCore::TextResourceDecoder( 1992): decode()
I/WebCore::TextResourceDecoder( 1992): decode() css charset done!
I/WebCore::TextResourceDecoder( 1992): checkForHeadCharset(), decode source: 0
I/WebCore::TextResourceDecoder( 1992): checkForHeadCharset(), buffer size: 0
I/WebCore::TextResourceDecoder( 1992): flush()
I/WebCoreFrameBridge( 1992): getRawResourceFilename, 886
I/WebCoreFrameBridge( 1992): getRawResourceFilename, 892
I/WifiConnReceiver( 1971): android.net.conn.CONNECTIVITY_CHANGE
I/WebCoreFrameBridge( 1992): CreateFrame, 1010
V/webkit  ( 1992): BrowserFrame constructor: this=Handler{43de4740}
I/TabControl( 1992): getCurrentTab
I/TabControl( 1992): getTab
I/TabControl( 1992): getCurrentTab
I/TabControl( 1992): getTab
V/BrowserActivity( 1992): isWifiConnected
I/DcdReceiver( 1935): onReceive: android.net.conn.CONNECTIVITY_CHANGE
V/BrowserActivity( 1992): loadUrlDataIn: http://pim1.monternet.com/zf.html
V/BrowserActivity( 1992): updateTitleBarForNewLoad
I/TabControl( 1992): getCurrentTopWebView
I/TabControl( 1992): getTab
I/Tab     ( 1992): getTopWindow
I/TabControl( 1992): getCurrentTab
I/TabControl( 1992): getTab
V/BrowserActivity( 1992): onProgressChanged: 10
V/TitleBar( 1992): onProgressChanged: com.android.browser.TitleBar@43de5428 10 false null
V/TitleBar( 1992): onProgressChanged: delay animation
V/webcore ( 1992): ON_PAUSE arg1=0 arg2=0 obj=null
V/webcore ( 1992): ON_RESUME arg1=0 arg2=0 obj=null
V/BrowserActivity( 1992): onProgressChanged:  false false
V/BrowserActivity( 1992): showFakeTitleBar: null null false
I/TabControl( 1992): getCurrentWebView
I/TabControl( 1992): getTab
V/BrowserActivity( 1992): showFakeTitleBar: android.webkit.WebView@43e1fa60
V/webcore ( 1992): RESUME_TIMERS arg1=0 arg2=0 obj=null
V/cache   ( 1992): enableTransaction
V/webcore ( 1992): 183 arg1=0 arg2=0 obj={type=mobile_wap, subtype=hsdpa}
V/webcore ( 1992): SET_SCROLL_OFFSET arg1=0 arg2=0 obj=Point(0, 0)
V/webcore ( 1992): SET_GLOBAL_BOUNDS arg1=0 arg2=0 obj=Rect(0, 19 - 240, 320)
V/webcore ( 1992): VIEW_SIZE_CHANGED arg1=0 arg2=0 obj=android.webkit.WebView$ViewSizeData@43e34268
V/webcore ( 1992): viewSizeChanged w=320; h=345; textwrapWidth=320; scale=0.75
V/webcore ( 1992): viewSizeChanged w=320; h=345; textwrapWidth=320; scale=0.75
V/webcore ( 1992): viewSizeChanged
V/webcore ( 1992): 183 arg1=0 arg2=0 obj={type=mobile_wap, subtype=hsdpa}
V/webcore ( 1992): SET_NETWORK_STATE arg1=1 arg2=0 obj=null
V/webcore ( 1992): LOAD_URL arg1=0 arg2=0 obj=android.webkit.WebViewCore$GetUrlData@43e44cf0
V/webcore ( 1992):  CORE loadUrl http://pim1.monternet.com/zf.html
I/WebCoreFrameBridge( 1992): LoadUrl, 1045
I/WebCore::FrameLoader( 1992): shouldReload, 2756
I/WebCore::FrameLoader( 1992): frameContainsWMLContent, 1585
I/WebCoreFrameBridge( 1992): canHandleRequest, 788
I/WebCoreFrameBridge( 1992): canHandleRequest, 813
I/WebCoreFrameBridge( 1992): loadStarted, 544
I/WebCoreFrameBridge( 1992): loadStarted, 592
I/WebCoreFrameBridge( 1992): setProgress, 715
I/WebCoreFrameBridge( 1992): setProgress, 724
I/WebCoreFrameBridge( 1992): startLoadingResource, 378
I/WebCoreFrameBridge( 1992): createJavaMapFromHTTPHeaders, 300
I/WebCoreFrameBridge( 1992): createJavaMapFromHTTPHeaders, 327
V/webkit  ( 1992): startLoadingResource: url=http://pim1.monternet.com/zf.html, method=GET, postData=null, isMainFramePage=true, mainResource=true, userGesture=true
V/LoadListener( 1992): LoadListener constructor url=http://pim1.monternet.com/zf.html
V/webview ( 1992): WEBCORE_INITIALIZED_MSG_ID
V/http    ( 1992): 428857 http0 RequestQueue.getRequest() => null
V/http    ( 1992): 428857 http0 ConnectionThread: Waiting for work
V/http    ( 1992): 428859 http1 RequestQueue.getRequest() => null
V/http    ( 1992): 428859 http1 ConnectionThread: Waiting for work
V/http    ( 1992): 428863 http2 RequestQueue.getRequest() => null
V/http    ( 1992): 428864 http2 ConnectionThread: Waiting for work
V/http    ( 1992): 428866 WebViewCoreThread RequestQueue.enablePlatformNotifications() network
V/http    ( 1992): 428873 WebViewCoreThread RequestQueue.setProxyConfig active network: 0mInterfaceName: null
D/MobileDataStateTrackerExt( 1692): mProxy is http://10.0.0.172:80/mytype wap
D/ConnectivityServiceExt( 1692): find feature user 6 for this pid:1992
D/MobileDataStateTrackerExt( 1692): mProxy is http://10.0.0.172:80/mytype wap
V/http    ( 1992): 428913 WebViewCoreThread RequestQueue.setProxyConfig for mobile: 10.0.0.172 80
V/http    ( 1992): 428914 WebViewCoreThread RequestQueue.setProxyConfig 10.0.0.172 80
V/http    ( 1992): 428918 WebViewCoreThread RequestQueue.setProxyConfig done: 10.0.0.172; 80
D/ConnectivityServiceExt( 1692): find feature user 6 for this pid:1992
V/http    ( 1992): 428920 http3 RequestQueue.getRequest() => null
V/http    ( 1992): 428921 http3 ConnectionThread: Waiting for work
V/network ( 1992): bindToDevice iname: pdp_ip0
V/http    ( 1992): 428923 WebViewCoreThread RequestQueue.bindToDevice() : pdp_ip0
V/WebSettings( 1992): getUserAgentString default: HuaweiT8100_TD/1.0 Android/2.2 Release/12.25.2010 Browser/WAP2.0 Profile/MIDP-2.0 Configuration/CLDC-1.1 AppleWebKit/533.1
I/WebCoreFrameBridge( 1992): startLoadingResource, 516
I/WebCoreFrameBridge( 1992): LoadUrl, 1097
V/webcore ( 1992): UPDATE_CACHE_AND_TEXT_ENTRY arg1=0 arg2=0 obj=null
V/webview ( 1992): SET_SCROLLBAR_MODES
V/webview ( 1992): SET_SCROLLBAR_MODES
V/webview ( 1992): SET_SCROLLBAR_MODES
V/webview ( 1992): setCertificate=null
V/BrowserActivity( 1992): onPageStarted
I/TabControl( 1992): getCurrentTab
I/TabControl( 1992): getTab
I/TabControl( 1992): getCurrentTab
I/TabControl( 1992): getTab
V/BrowserActivity( 1992): onProgressChanged: 10
V/TitleBar( 1992): onProgressChanged: com.android.browser.TitleBar@43de5428 10 false android.view.ViewRoot$W@43e43bf0
V/TitleBar( 1992): onProgressChanged: start animation
V/BrowserActivity( 1992): onProgressChanged:  false false
V/BrowserActivity( 1992): showFakeTitleBar: Handler{43e435b0} null false
V/BrowserActivity( 1992): onProgressChanged: 10
V/TitleBar( 1992): onProgressChanged: com.android.browser.TitleBar@43de5428 10 true android.view.ViewRoot$W@43e43bf0
V/webkit  ( 1992): getCookie: uri: http://pim1.monternet.com/zf.html But can't find cookie.
V/cache   ( 1992): getCacheFile: http://pim1.monternet.com/zf.html
V/BrowserActivity( 1992): onProgressChanged:  false false
V/BrowserActivity( 1992): showFakeTitleBar: Handler{43e435b0} null false
V/webview ( 1992): UPDATE_TEXT_ENTRY_MSG_ID
V/webkit  ( 1992): FrameLoader: http GET load for: http://pim1.monternet.com/zf.html
V/http    ( 1992): 428997 WebViewWorkerThread RequestQueue.queueRequest url:http://pim1.monternet.com/zf.html
V/http    ( 1992): 429020 WebViewWorkerThread RequestQueue.queueRequest uri:http://pim1.monternet.com/zf.html
V/http    ( 1992): 429021 WebViewWorkerThread RequestQueue.queueRequest shouldUseWifiProxy: false
V/http    ( 1992): 429024 WebViewWorkerThread RequestQueue.inWifiProxyBlackList url:http://pim1.monternet.com/zf.html
V/http    ( 1992): 429026 WebViewWorkerThread RequestQueue.inWifiProxyBlackList web1: 
V/http    ( 1992): 429027 WebViewWorkerThread RequestQueue.inWifiProxyBlackList web2: 
V/http    ( 1992): 429028 WebViewWorkerThread RequestQueue.inWifiProxyBlackList web3: 
V/http    ( 1992): 429030 WebViewWorkerThread RequestQueue.inWifiProxyBlackList web4: 192.168.
V/http    ( 1992): 429032 WebViewWorkerThread RequestQueue.inWifiProxyBlackList not match
V/http    ( 1992): 429046 WebViewWorkerThread RequestQueue.queueRequest proxy: http://10.0.0.172:80
V/http    ( 1992): 429062 http0 RequestQueue.getRequest() => /zf.html
V/http    ( 1992): 429062 http0 ConnectionThread: new request http://pim1.monternet.com:80 /zf.html
V/http    ( 1992): 429063 http0 RequestQueue.inWifiProxyBlackList url:http://pim1.monternet.com:80
V/http    ( 1992): 429063 http0 RequestQueue.inWifiProxyBlackList web1: 
V/http    ( 1992): 429063 http0 RequestQueue.inWifiProxyBlackList web2: 
V/http    ( 1992): 429063 http0 RequestQueue.inWifiProxyBlackList web3: 
V/http    ( 1992): 429064 http0 RequestQueue.inWifiProxyBlackList web4: 192.168.
V/http    ( 1992): 429064 http0 RequestQueue.inWifiProxyBlackList not match
V/http    ( 1992): 429064 http0 RequestQueue.determineHost host: http://pim1.monternet.com:80
V/http    ( 1992): 429065 http0 RequestQueue.determineHost proxy: http://10.0.0.172:80
V/http    ( 1992): 429065 http0 getConnection :http://10.0.0.172:80
V/http    ( 1992): 429066 http0 RequestQueue.inWifiProxyBlackList url:http://10.0.0.172:80
V/http    ( 1992): 429066 http0 RequestQueue.inWifiProxyBlackList web1: 
V/http    ( 1992): 429066 http0 RequestQueue.inWifiProxyBlackList web2: 
V/http    ( 1992): 429066 http0 RequestQueue.inWifiProxyBlackList web3: 
V/http    ( 1992): 429067 http0 RequestQueue.inWifiProxyBlackList web4: 192.168.
V/http    ( 1992): 429067 http0 RequestQueue.inWifiProxyBlackList not match
V/http    ( 1992): 429068 http0 mInterface is pdp_ip0
V/http    ( 1992): 429068 http0 SEND pipe 0
V/LoadListener( 1992): LoadListener.certificate: null
V/LoadListener( 1992): LoadListener.attachRequestHandle(): requestHandle: android.net.http.RequestHandle@43e57f18
V/webview ( 1992): setCertificate=null
V/BrowserActivity( 1992): addPackageNames
I/TabControl( 1992): getCurrentWebView
I/TabControl( 1992): getTab
V/webcore ( 1992): 184 arg1=0 arg2=0 obj=[]
D/dalvikvm( 1692): GC_FOR_MALLOC freed 7327 objects / 399968 bytes in 169ms
D/dalvikvm( 1752): GC_EXPLICIT freed 764 objects / 35712 bytes in 91ms
D/VtApp   ( 1749): onReceive,action:android.intent.action.SERVICE_STATE
V/DownloadManager( 1788): Service state changed: Bundle[mParcelledData.dataSize=672]
V/DownloadManager( 1788): roaming ------> false
V/DownloadManager( 1788): auto download without roaming -> true
V/DownloadManager( 1788): auto download during roaming -> false
V/DownloadManager( 1788): mAutoDownload ------> true
D/VtApp   ( 1749): onReceive,action:android.intent.action.ANY_DATA_STATE
D/NotificationMgr( 1746): updateNetworkSelection()...state = 0 new network 
D/NotificationMgr( 1746): hideDataDisconnectedRoaming()...
D/MobileDataStateTrackerExt( 1692): wap Received state= CONNECTED, old= CONNECTED, reason= (unspecified), apnTypeList= default,wap
D/MobileDataStateTrackerExt( 1692): default Received state= CONNECTED, old= CONNECTED, reason= (unspecified), apnTypeList= default,wap
D/dalvikvm( 1956): GC_EXPLICIT freed 468 objects / 30232 bytes in 82ms
V/http    ( 1992): 449236 http0 InetSocketAddress addr is 10.0.0.172/10.0.0.172:80
V/http    ( 1992): 449757 http0 Connection.openHttpConnection() 20689 http://10.0.0.172:80
V/LoadListener( 1992): LoadListener.certificate: null
V/webview ( 1992): setCertificate=null
V/http    ( 1992): 449763 http0 Request.sendRequest() http://pim1.monternet.com
V/http    ( 1992): 449767 http0 Request.requestSent() http://pim1.monternet.com/zf.html
V/http    ( 1992): 449769 http0 READ pipe 1
V/http    ( 1992): 449771 http0 processRequests() reading /zf.html
V/http    ( 1992): 450695 http0 read: HTTP/1.1 200 OK, Success
V/http    ( 1992): 450696 http0 hdr 19 content-length: 117
V/http    ( 1992): 450698 http0 hdr 23 content-type: text/html
V/http    ( 1992): 450699 http0 hdr 25 server: Apache-Coyote/1.1
V/http    ( 1992): 450705 http0 hdr 27 etag: W/"121-1281577409000"
V/http    ( 1992): 450706 http0 hdr 44 last-modified: Thu, 12 Aug 2010 01:43:29 GMT
V/http    ( 1992): 450711 http0 hdr 35 date: Tue, 23 Aug 2011 07:04:41 GMT
V/http    ( 1992): 450713 http0 hdr 22 content-encoding: gzip
V/http    ( 1992): 450718 http0 Request.readResponseStatus() 24 HTTP/1.1 200 OK, Success
D/dalvikvm( 1992): GC_FOR_MALLOC freed 8733 objects / 546448 bytes in 166ms
V/LoadListener( 1992): LoadListener: from: http://pim1.monternet.com/zf.html major: 1 minor: 1 code: 200 reason: OK, Success
V/LoadListener( 1992): LoadListener.headers
V/LoadListener( 1992): Dump HTTP headers:
V/LoadListener( 1992): content-length 117
V/LoadListener( 1992): content-type text/html
V/LoadListener( 1992): content-encoding gzip
V/LoadListener( 1992): last-modified Thu, 12 Aug 2010 01:43:29 GMT
V/LoadListener( 1992): etag W/"121-1281577409000"
V/LoadListener( 1992): server Apache-Coyote/1.1
V/LoadListener( 1992): date Tue, 23 Aug 2011 07:04:41 GMT
V/LoadListener( 1992): LoadListener.parseContentTypeHeader: contentType: text/html
V/LoadListener( 1992): loading url: http://pim1.monternet.com/zf.html
V/LoadListener( 1992): has cookie : false, in cache black list: false
V/LoadListener( 1992): do cache page: http://pim1.monternet.com/zf.html
V/http    ( 1992): 450914 http0 Request.readResponse() 121
V/cache   ( 1992): createCacheFile: http://pim1.monternet.com/zf.html
V/cache   ( 1992): parseHeaders last-modified expires: 1314256318962
V/LoadListener( 1992): LoadListener.data(): url: http://pim1.monternet.com/zf.html
I/WebCore::HistoryController( 1992): WebCoreBackForward - Adding backforward item for frame http://pim1.monternet.com/zf.html
I/WebCore::HistoryController( 1992): containsWMLContent, 629
I/WebCore::HistoryController( 1992): WebCoreBackForward - do add item http://pim1.monternet.com/zf.html
I/WebCoreFrameBridge( 1992): addHistoryItem, 642
I/WebCoreFrameBridge( 1992): addHistoryItem, 649
I/WebCoreFrameBridge( 1992): updateVisitedHistory, 772
I/WebCoreFrameBridge( 1992): updateVisitedHistory, 782
I/WebCoreFrameBridge( 1992): transitionToCommitted, 598
I/WebCoreFrameBridge( 1992): transitionToCommitted, 610
I/WebCore::FrameLoader( 1992): transitionToCommitted, mimetype: text/html
I/WebCore ( 1992): committedLoad, 693
I/WebCore ( 1992): committedLoad: found <html> tag
I/WebCore::FrameLoader( 1992): begin createDocument, mimetype: text/html
I/WebCore::FrameLoader( 1992): write(): decode
I/WebCore::FrameLoader( 1992): write(): create decoder, mimetype: text/html
I/WebCore::TextResourceDecoder( 1992): defaultEncoding, content-type: 1, default encoding: UTF-8
I/WebCore::TextResourceDecoder( 1992): decode()
I/WebCore::TextResourceDecoder( 1992): decode() css charset done!
I/WebCore::TextResourceDecoder( 1992): checkForHeadCharset(), decode source: 0
I/WebCore::TextResourceDecoder( 1992): checkForHeadCharset(), buffer size: 121
I/WebCore::TextResourceDecoder( 1992): checkForHeadCharset(), check encoding
I/WebCore::TextResourceDecoder( 1992): checkForHeadCharset(), do check http encoding
I/WebCoreFrameBridge( 1992): setProgress, 715
I/WebCoreFrameBridge( 1992): setProgress, 724
I/BrowserProvider( 1992): query url: content://browser/bookmarks url match: 0
V/BrowserActivity( 1992): onProgressChanged: 30
V/TitleBar( 1992): onProgressChanged: com.android.browser.TitleBar@43de5428 30 true android.view.ViewRoot$W@43e43bf0
V/BrowserActivity( 1992): onProgressChanged:  false false
V/BrowserActivity( 1992): showFakeTitleBar: Handler{43e435b0} null false
V/LoadListener( 1992): LoadListener.endData(): url: http://pim1.monternet.com/zf.html
V/http    ( 1992): 450957 http0 Request.readResponse(): done http://pim1.monternet.com/zf.html
V/http    ( 1992): 450958 http0 READ pipe 0
V/http    ( 1992): 450959 http0 IdleCache size 0 host http://10.0.0.172:80
V/LoadListener( 1992): LoadListener.detachRequestHandle(): requestHandle: android.net.http.RequestHandle@43e57f18
I/WebCore ( 1992): committedLoad, 693
I/WebCore::FrameLoader( 1992): write(): decode
I/WebCore::TextResourceDecoder( 1992): decode()
I/WebCore::TextResourceDecoder( 1992): decode() css charset done!
I/WebCore::TextResourceDecoder( 1992): checkForHeadCharset(), decode source: 0
I/WebCore::TextResourceDecoder( 1992): checkForHeadCharset(), buffer size: 121
I/WebCore::TextResourceDecoder( 1992): checkForHeadCharset(), check encoding
I/WebCore::TextResourceDecoder( 1992): checkForHeadCharset(), do check http encoding
I/WebCore::TextResourceDecoder( 1992): flush()
I/WebCore::TextResourceDecoder( 1992): shouldAutoDetect, m_usesEncodingDetector: 1, m_source :0
I/WebCore::TextResourceDecoder( 1992): flush(), hint decoding: GBK
V/http    ( 1992): 451001 http0 RequestQueue.getRequest() => null
V/http    ( 1992): 451002 http0 ConnectionThread: Waiting for work
V/cache   ( 1992): saveCacheFile for url http://pim1.monternet.com/zf.html
I/BrowserProvider( 1992): query url: content://browser/bookmarks url match: 0
I/WebCore::TextResourceDecoder( 1992): setEncoding(), source: 1
I/WebCore::TextResourceDecoder( 1992): setEncoding() name: GBK
I/WebCore::FrameLoader( 1992): encoding(), from m_decoder
I/WebCoreFrameBridge( 1992): startLoadingResource, 378
I/WebCoreFrameBridge( 1992): createJavaMapFromHTTPHeaders, 300
I/WebCoreFrameBridge( 1992): createJavaMapFromHTTPHeaders, 327
V/webkit  ( 1992): startLoadingResource: url=http://pim1.monternet.com/favicon.ico, method=GET, postData=null, isMainFramePage=true, mainResource=false, userGesture=true
V/LoadListener( 1992): LoadListener constructor url=http://pim1.monternet.com/favicon.ico
V/WebSettings( 1992): getUserAgentString default: HuaweiT8100_TD/1.0 Android/2.2 Release/12.25.2010 Browser/WAP2.0 Profile/MIDP-2.0 Configuration/CLDC-1.1 AppleWebKit/533.1
V/webkit  ( 1992): getCookie: uri: http://pim1.monternet.com/favicon.ico But can't find cookie.
V/cache   ( 1992): getCacheFile: http://pim1.monternet.com/favicon.ico
I/WebCoreFrameBridge( 1992): startLoadingResource, 516
V/webview ( 1992): SET_SCROLLBAR_MODES
V/webkit  ( 1992): FrameLoader: http GET load for: http://pim1.monternet.com/favicon.ico
V/webview ( 1992): SET_SCROLLBAR_MODES
V/webview ( 1992): SET_SCROLLBAR_MODES
V/webcore ( 1992): didFirstLayout standardLoad =true
V/webcore ( 1992): setupViewport mRestoredScale=0 mViewScale=0.0 mTextWrapScale=0.75
V/http    ( 1992): 451361 WebViewWorkerThread RequestQueue.queueRequest url:http://pim1.monternet.com/favicon.ico
V/http    ( 1992): 451363 WebViewWorkerThread RequestQueue.queueRequest uri:http://pim1.monternet.com/favicon.ico
V/http    ( 1992): 451366 WebViewWorkerThread RequestQueue.queueRequest shouldUseWifiProxy: false
V/webcore ( 1992): VIEW_SIZE_CHANGED arg1=0 arg2=0 obj=android.webkit.WebView$ViewSizeData@43d77b68
V/webcore ( 1992): viewSizeChanged w=320; h=345; textwrapWidth=320; scale=0.75
V/http    ( 1992): 451372 WebViewWorkerThread RequestQueue.inWifiProxyBlackList url:http://pim1.monternet.com/favicon.ico
V/webcore ( 1992): viewSizeChanged w=320; h=345; textwrapWidth=320; scale=0.75
V/http    ( 1992): 451374 WebViewWorkerThread RequestQueue.inWifiProxyBlackList web1: 
V/webcore ( 1992): WEBKIT_DRAW arg1=0 arg2=0 obj=null
V/http    ( 1992): 451377 WebViewWorkerThread RequestQueue.inWifiProxyBlackList web2: 
V/webcore ( 1992): webkitDraw start
V/http    ( 1992): 451379 WebViewWorkerThread RequestQueue.inWifiProxyBlackList web3: 
V/http    ( 1992): 451383 WebViewWorkerThread RequestQueue.inWifiProxyBlackList web4: 192.168.
V/webcore ( 1992): webkitDraw abort
V/http    ( 1992): 451385 WebViewWorkerThread RequestQueue.inWifiProxyBlackList not match
V/webcore ( 1992): UPDATE_CACHE_AND_TEXT_ENTRY arg1=0 arg2=0 obj=null
V/http    ( 1992): 451388 WebViewWorkerThread RequestQueue.queueRequest proxy: http://10.0.0.172:80
V/http    ( 1992): 451399 http1 RequestQueue.getRequest() => /favicon.ico
V/http    ( 1992): 451399 http1 ConnectionThread: new request http://pim1.monternet.com:80 /favicon.ico
V/http    ( 1992): 451402 http1 RequestQueue.inWifiProxyBlackList url:http://pim1.monternet.com:80
V/http    ( 1992): 451403 http1 RequestQueue.inWifiProxyBlackList web1: 
V/http    ( 1992): 451404 http1 RequestQueue.inWifiProxyBlackList web2: 
V/LoadListener( 1992): LoadListener.attachRequestHandle(): requestHandle: android.net.http.RequestHandle@43d693c8
V/http    ( 1992): 451407 http1 RequestQueue.inWifiProxyBlackList web3: 
V/webview ( 1992): UPDATE_TEXT_ENTRY_MSG_ID
V/http    ( 1992): 451414 http1 RequestQueue.inWifiProxyBlackList web4: 192.168.
V/http    ( 1992): 451421 http1 RequestQueue.inWifiProxyBlackList not match
V/http    ( 1992): 451423 http1 RequestQueue.determineHost host: http://pim1.monternet.com:80
V/http    ( 1992): 451424 http1 RequestQueue.determineHost proxy: http://10.0.0.172:80
V/http    ( 1992): 451426 http1 SEND pipe 0
V/LoadListener( 1992): LoadListener.certificate: null
V/http    ( 1992): 451428 http1 Request.sendRequest() http://pim1.monternet.com
V/http    ( 1992): 451432 http1 Request.requestSent() http://pim1.monternet.com/favicon.ico
V/http    ( 1992): 451436 http1 SEND pipe 1
V/http    ( 1992): 451438 http1 RequestQueue.getRequest(http://10.0.0.172:80) => null
V/http    ( 1992): 451441 http1 DRAIN pipe 1
V/http    ( 1992): 451444 http1 processRequests() reading /favicon.ico
V/http    ( 1992): 452193 http1 read: HTTP/1.1 404 Not Found
V/http    ( 1992): 452195 http1 hdr 19 content-length: 208
V/http    ( 1992): 452196 http1 hdr 44 content-type: text/vnd.wap.wml;charset=UTF-8
V/http    ( 1992): 452198 http1 hdr 25 server: Apache-Coyote/1.1
V/http    ( 1992): 452202 http1 hdr 35 date: Tue, 23 Aug 2011 07:04:42 GMT
V/http    ( 1992): 452207 http1 hdr 22 content-encoding: gzip
V/http    ( 1992): 452211 http1 Request.readResponseStatus() 22 HTTP/1.1 404 Not Found
V/LoadListener( 1992): LoadListener: from: http://pim1.monternet.com/favicon.ico major: 1 minor: 1 code: 404 reason: Not Found
V/LoadListener( 1992): LoadListener.headers
V/LoadListener( 1992): Dump HTTP headers:
V/LoadListener( 1992): content-length 208
V/LoadListener( 1992): content-type text/vnd.wap.wml;charset=UTF-8
V/LoadListener( 1992): content-encoding gzip
V/LoadListener( 1992): server Apache-Coyote/1.1
V/LoadListener( 1992): date Tue, 23 Aug 2011 07:04:42 GMT
V/LoadListener( 1992): LoadListener.parseContentTypeHeader: contentType: text/vnd.wap.wml;charset=UTF-8
V/LoadListener( 1992): loading url: http://pim1.monternet.com/favicon.ico
V/LoadListener( 1992): has cookie : false, in cache black list: false
I/WebCoreFrameBridge( 1992): didReceiveIcon, 736
V/http    ( 1992): 452229 http1 Request.readResponse() 231
V/LoadListener( 1992): LoadListener.data(): url: http://pim1.monternet.com/favicon.ico
I/WebCoreFrameBridge( 1992): setProgress, 715
I/WebCoreFrameBridge( 1992): setProgress, 724
V/LoadListener( 1992): LoadListener.endData(): url: http://pim1.monternet.com/favicon.ico
V/BrowserActivity( 1992): onProgressChanged: 60
V/TitleBar( 1992): onProgressChanged: com.android.browser.TitleBar@43de5428 60 true android.view.ViewRoot$W@43e43bf0
V/LoadListener( 1992): LoadListener.detachRequestHandle(): requestHandle: android.net.http.RequestHandle@43d693c8
I/WebCoreFrameBridge( 1992): didFinishLoad, 616
I/WebCoreFrameBridge( 1992): didFinishLoad, 636
I/WebCoreFrameBridge( 1992): setProgress, 715
V/http    ( 1992): 452246 http1 Request.readResponse(): done http://pim1.monternet.com/favicon.ico
V/BrowserActivity( 1992): onProgressChanged:  false false
V/BrowserActivity( 1992): showFakeTitleBar: Handler{43e435b0} null false
I/WebCoreFrameBridge( 1992): setProgress, 724
V/http    ( 1992): 452256 http1 DRAIN pipe 0
V/http    ( 1992): 452257 http1 IdleCache size 0 host http://10.0.0.172:80
V/http    ( 1992): 452257 http1 RequestQueue.getRequest() => null
V/http    ( 1992): 452257 http1 ConnectionThread: Waiting for work
V/cache   ( 1992): endTransaction
V/webcore ( 1992): WEBKIT_DRAW arg1=0 arg2=0 obj=null
V/webcore ( 1992): webkitDraw start
V/webcore ( 1992): webkitDraw NEW_PICTURE_MSG_ID
V/BrowserActivity( 1992): onPageFinished
I/TabControl( 1992): getCurrentTab
I/TabControl( 1992): getTab
I/TabControl( 1992): getCurrentTab
I/TabControl( 1992): getTab
V/BrowserActivity( 1992): onProgressChanged: 100
I/TabControl( 1992): getCurrentWebView
I/TabControl( 1992): getTab
V/webview ( 1992): UPDATE_TEXT_ENTRY_MSG_ID
V/webview ( 1992): NEW_PICTURE_MSG_ID
V/webview ( 1992): sendViewSizeZoom, viewWidth: 240, mInvActualScale: 1.3333334
V/webview ( 1992): NEW_PICTURE_MSG_ID {0,0,800,863}
V/cache   ( 1992): startTransaction
I/WebCoreFrameBridge( 1992): HasPasswordField, 1502
I/WebCoreFrameBridge( 1992): HasPasswordField, 1514
I/WebCoreFrameBridge( 1992): HasPasswordField, 1533
V/cache   ( 1992): trimCacheIfNeeded
I/WebCore::FrameLoader( 1992): encoding(), from m_decoder
I/WebCore::FrameLoader( 1992): shouldReload, 2756
I/WebCore::FrameLoader( 1992): frameContainsWMLContent, 1585
I/WebCore::FrameLoader( 1992): shouldReload, 2756
I/WebCore::FrameLoader( 1992): frameContainsWMLContent, 1585
I/WebCoreFrameBridge( 1992): canHandleRequest, 788
I/WebCoreFrameBridge( 1992): loadStarted, 544
I/WebCoreFrameBridge( 1992): loadStarted, 592
I/WebCoreFrameBridge( 1992): setProgress, 715
I/WebCoreFrameBridge( 1992): setProgress, 724
I/WebCore::FrameLoader( 1992): encoding(), from m_decoder
I/WebCoreFrameBridge( 1992): startLoadingResource, 378
I/WebCoreFrameBridge( 1992): createJavaMapFromHTTPHeaders, 300
I/WebCoreFrameBridge( 1992): createJavaMapFromHTTPHeaders, 327
V/webkit  ( 1992): startLoadingResource: url=http://pim1.monternet.com/wap/customizeCostInfo.do, method=GET, postData=null, isMainFramePage=true, mainResource=true, userGesture=false
V/LoadListener( 1992): LoadListener constructor url=http://pim1.monternet.com/wap/customizeCostInfo.do
V/websync ( 1992): CookieSyncManager::syncFromRamToFlash STARTS
V/websync ( 1992): CookieSyncManager::syncFromRamToFlash DONE
V/WebSettings( 1992): getUserAgentString default: HuaweiT8100_TD/1.0 Android/2.2 Release/12.25.2010 Browser/WAP2.0 Profile/MIDP-2.0 Configuration/CLDC-1.1 AppleWebKit/533.1
V/webkit  ( 1992): getCookie: uri: http://pim1.monternet.com/wap/customizeCostInfo.do But can't find cookie.
V/cache   ( 1992): getCacheFile: http://pim1.monternet.com/wap/customizeCostInfo.do
I/WebCoreFrameBridge( 1992): startLoadingResource, 516
V/webkit  ( 1992): FrameLoader: http GET load for: http://pim1.monternet.com/wap/customizeCostInfo.do
V/webview ( 1992): setCertificate=null
V/BrowserActivity( 1992): onPageStarted
I/TabControl( 1992): getCurrentTab
I/TabControl( 1992): getTab
I/TabControl( 1992): getCurrentTab
I/TabControl( 1992): getTab
V/http    ( 1992): 452423 WebViewWorkerThread RequestQueue.queueRequest url:http://pim1.monternet.com/wap/customizeCostInfo.do
V/http    ( 1992): 452423 WebViewWorkerThread RequestQueue.queueRequest uri:http://pim1.monternet.com/wap/customizeCostInfo.do
V/http    ( 1992): 452424 WebViewWorkerThread RequestQueue.queueRequest shouldUseWifiProxy: false
V/http    ( 1992): 452425 WebViewWorkerThread RequestQueue.inWifiProxyBlackList url:http://pim1.monternet.com/wap/customizeCostInfo.do
V/http    ( 1992): 452425 WebViewWorkerThread RequestQueue.inWifiProxyBlackList web1: 
V/http    ( 1992): 452426 WebViewWorkerThread RequestQueue.inWifiProxyBlackList web2: 
V/http    ( 1992): 452426 WebViewWorkerThread RequestQueue.inWifiProxyBlackList web3: 
V/http    ( 1992): 452426 WebViewWorkerThread RequestQueue.inWifiProxyBlackList web4: 192.168.
V/http    ( 1992): 452427 WebViewWorkerThread RequestQueue.inWifiProxyBlackList not match
V/http    ( 1992): 452427 WebViewWorkerThread RequestQueue.queueRequest proxy: http://10.0.0.172:80
V/BrowserActivity( 1992): onProgressChanged: 10
V/TitleBar( 1992): onProgressChanged: com.android.browser.TitleBar@43de5428 10 false null
V/TitleBar( 1992): onProgressChanged: delay animation
V/BrowserActivity( 1992): onProgressChanged:  false false
V/BrowserActivity( 1992): showFakeTitleBar: null null false
I/TabControl( 1992): getCurrentWebView
I/TabControl( 1992): getTab
V/BrowserActivity( 1992): showFakeTitleBar: android.webkit.WebView@43e1fa60
V/http    ( 1992): 452449 http2 RequestQueue.getRequest() => /wap/customizeCostInfo.do
V/http    ( 1992): 452451 http2 ConnectionThread: new request http://pim1.monternet.com:80 /wap/customizeCostInfo.do
V/LoadListener( 1992): LoadListener.attachRequestHandle(): requestHandle: android.net.http.RequestHandle@43d4d900
V/http    ( 1992): 452457 http2 RequestQueue.inWifiProxyBlackList url:http://pim1.monternet.com:80
V/http    ( 1992): 452458 http2 RequestQueue.inWifiProxyBlackList web1: 
V/BrowserActivity( 1992): onProgressChanged: 10
V/TitleBar( 1992): onProgressChanged: com.android.browser.TitleBar@43de5428 10 false null
V/http    ( 1992): 452464 http2 RequestQueue.inWifiProxyBlackList web2: 
V/TitleBar( 1992): onProgressChanged: delay animation
V/http    ( 1992): 452466 http2 RequestQueue.inWifiProxyBlackList web3: 
V/BrowserActivity( 1992): onProgressChanged:  false false
V/BrowserActivity( 1992): showFakeTitleBar: Handler{43d4d020} null false
V/http    ( 1992): 452472 http2 RequestQueue.inWifiProxyBlackList web4: 192.168.
V/http    ( 1992): 452473 http2 RequestQueue.inWifiProxyBlackList not match
V/http    ( 1992): 452474 http2 RequestQueue.determineHost host: http://pim1.monternet.com:80
V/http    ( 1992): 452477 http2 RequestQueue.determineHost proxy: http://10.0.0.172:80
V/http    ( 1992): 452481 http2 SEND pipe 0
V/LoadListener( 1992): LoadListener.certificate: null
V/http    ( 1992): 452486 http2 Request.sendRequest() http://pim1.monternet.com
V/http    ( 1992): 452488 http2 Request.requestSent() http://pim1.monternet.com/wap/customizeCostInfo.do
V/http    ( 1992): 452492 http2 SEND pipe 1
V/http    ( 1992): 452493 http2 RequestQueue.getRequest(http://10.0.0.172:80) => null
V/http    ( 1992): 452498 http2 DRAIN pipe 1
V/http    ( 1992): 452500 http2 processRequests() reading /wap/customizeCostInfo.do
V/webview ( 1992): setCertificate=null
V/TitleBar( 1992): onProgressChanged: com.android.browser.TitleBar@43de5428 10 false android.view.ViewRoot$W@43e11318
V/TitleBar( 1992): onProgressChanged: start animation
V/http    ( 1992): 453412 http2 read: HTTP/1.1 200 OK, Success
V/http    ( 1992): 453413 http2 hdr 19 content-length: 556
V/http    ( 1992): 453415 http2 hdr 44 content-type: text/vnd.wap.wml;charset=UTF-8
V/http    ( 1992): 453416 http2 hdr 25 server: Apache-Coyote/1.1
V/http    ( 1992): 453418 http2 hdr 74 set-cookie: JSESSIONID=5F59B846CB746565200EA63859A57C2E.worker1; Path=/wap
V/http    ( 1992): 453419 http2 hdr 16 pragma: No-cache
V/http    ( 1992): 453422 http2 hdr 23 cache-control: no-cache
V/http    ( 1992): 453424 http2 hdr 38 expires: Thu, 01 Jan 1970 00:00:00 GMT
V/http    ( 1992): 453426 http2 hdr 35 date: Tue, 23 Aug 2011 07:04:43 GMT
V/http    ( 1992): 453427 http2 hdr 22 content-encoding: gzip
V/http    ( 1992): 453429 http2 Request.readResponseStatus() 24 HTTP/1.1 200 OK, Success
V/LoadListener( 1992): LoadListener: from: http://pim1.monternet.com/wap/customizeCostInfo.do major: 1 minor: 1 code: 200 reason: OK, Success
V/LoadListener( 1992): LoadListener.headers
V/webkit  ( 1992): setCookie: uri: http://pim1.monternet.com/wap/customizeCostInfo.do value: JSESSIONID=5F59B846CB746565200EA63859A57C2E.worker1; Path=/wap
V/LoadListener( 1992): Dump HTTP headers:
V/LoadListener( 1992): content-length 556
V/LoadListener( 1992): content-type text/vnd.wap.wml;charset=UTF-8
V/LoadListener( 1992): content-encoding gzip
V/LoadListener( 1992): expires Thu, 01 Jan 1970 00:00:00 GMT
V/LoadListener( 1992): cache-control no-cache
V/LoadListener( 1992): set-cookie JSESSIONID=5F59B846CB746565200EA63859A57C2E.worker1; Path=/wap
V/LoadListener( 1992): pragma No-cache
V/LoadListener( 1992): server Apache-Coyote/1.1
V/LoadListener( 1992): date Tue, 23 Aug 2011 07:04:43 GMT
V/LoadListener( 1992): LoadListener.parseContentTypeHeader: contentType: text/vnd.wap.wml;charset=UTF-8
V/LoadListener( 1992): loading url: http://pim1.monternet.com/wap/customizeCostInfo.do
V/LoadListener( 1992): has cookie : true, in cache black list: false
V/http    ( 1992): 453457 http2 Request.readResponse() 737
V/LoadListener( 1992): LoadListener.data(): url: http://pim1.monternet.com/wap/customizeCostInfo.do
I/WebCore::FrameLoader( 1992): frameContainsWMLContent, 1585
I/WebCoreFrameBridge( 1992): transitionToCommitted, 598
I/WebCoreFrameBridge( 1992): transitionToCommitted, 610
I/WebCore::FrameLoader( 1992): transitionToCommitted, mimetype: text/vnd.wap.wml
I/WebCore ( 1992): committedLoad, 693
I/WebCore::FrameLoader( 1992): begin createDocument, mimetype: text/vnd.wap.wml
V/LoadListener( 1992): LoadListener.endData(): url: http://pim1.monternet.com/wap/customizeCostInfo.do
V/http    ( 1992): 453467 http2 Request.readResponse(): done http://pim1.monternet.com/wap/customizeCostInfo.do
V/http    ( 1992): 453467 http2 DRAIN pipe 0
V/http    ( 1992): 453467 http2 IdleCache size 0 host http://10.0.0.172:80
V/http    ( 1992): 453468 http2 RequestQueue.getRequest() => null
V/http    ( 1992): 453468 http2 ConnectionThread: Waiting for work
I/WebCore::WML( 1992): createDocument, 340
I/WebCore::FrameLoader( 1992): write(): decode
I/WebCore::FrameLoader( 1992): write(): create decoder, mimetype: text/vnd.wap.wml
I/WebCore::TextResourceDecoder( 1992): defaultEncoding, content-type: 2, default encoding: UTF-8
I/WebCore::FrameLoader( 1992): write(): set decoder from http header
I/WebCore::FrameLoader( 1992): utf-8
I/WebCore::TextResourceDecoder( 1992): setEncoding(), source: 5
I/WebCore::TextResourceDecoder( 1992): setEncoding() name: UTF-8
I/WebCore::TextResourceDecoder( 1992): decode()
I/WebCore::TextResourceDecoder( 1992): decode() css charset done!
I/WebCore::TextResourceDecoder( 1992): checkForHeadCharset(), decode source: 5
I/WebCore::TextResourceDecoder( 1992): checkForHeadCharset(), buffer size: 737
I/WebCore::TextResourceDecoder( 1992): checkForHeadCharset(), check encoding
I/WebCore::TextResourceDecoder( 1992): checkForHeadCharset(), check xml encoding
I/WebCore::TextResourceDecoder( 1992): checkForHeadCharset(), do check xml encoding
I/WebCore::TextResourceDecoder( 1992): checkForHeadCharset(), do check http encoding
I/WebCoreFrameBridge( 1992): setProgress, 715
V/BrowserActivity( 1992): onProgressChanged: 30
V/TitleBar( 1992): onProgressChanged: com.android.browser.TitleBar@43de5428 30 true android.view.ViewRoot$W@43e11318
V/BrowserActivity( 1992): onProgressChanged:  false false
V/BrowserActivity( 1992): showFakeTitleBar: Handler{43d4d020} null false
I/WebCoreFrameBridge( 1992): setProgress, 724
V/LoadListener( 1992): LoadListener.detachRequestHandle(): requestHandle: android.net.http.RequestHandle@43d4d900
I/WebCore ( 1992): committedLoad, 693
I/WebCore::FrameLoader( 1992): write(): decode
I/WebCore::TextResourceDecoder( 1992): decode()
I/WebCore::TextResourceDecoder( 1992): decode() css charset done!
I/WebCore::TextResourceDecoder( 1992): checkForHeadCharset(), decode source: 5
I/WebCore::TextResourceDecoder( 1992): checkForHeadCharset(), buffer size: 737
I/WebCore::TextResourceDecoder( 1992): checkForHeadCharset(), check encoding
I/WebCore::TextResourceDecoder( 1992): checkForHeadCharset(), check xml encoding
I/WebCore::TextResourceDecoder( 1992): checkForHeadCharset(), do check xml encoding
I/WebCore::TextResourceDecoder( 1992): checkForHeadCharset(), do check http encoding
I/WebCore::TextResourceDecoder( 1992): flush()
I/WebCore::TextResourceDecoder( 1992): shouldAutoDetect, m_usesEncodingDetector: 1, m_source :5
I/WebCore::WML( 1992): internalSubset, 1081
I/WebCore::WML( 1992): createElement, 887
I/WebCore::WML( 1992): createElement, 887
I/WebCore::WML( 1992): createElement, 887
I/WebCore::WML( 1992): createElement, 887
I/WebCore::WML( 1992): createElement, 887
I/WebCore::WML( 1992): createElement, 887
I/WebCore::WML( 1992): createElement, 887
I/WebCore::WML( 1992): createElement, 887
I/WebCore::WML( 1992): createElement, 887
I/WebCore::WML( 1992): createElement, 887
I/WebCore::WML( 1992): createElement, 887
I/WebCore::WML( 1992): createElement, 887
I/WebCoreFrameBridge( 1992): setTitle, 681
I/Tab     ( 1992): onReceivedTitle title: 资费 url: http://pim1.monternet.com/wap/customizeCostInfo.do
I/Tab     ( 1992): onReceivedTitle foreground
I/TabControl( 1992): getCurrentTab
I/TabControl( 1992): getTab
I/WebCoreFrameBridge( 1992): setTitle, 694
I/WebCoreFrameBridge( 1992): didReceiveIcon, 736
I/BrowserProvider( 1992): query url: content://browser/bookmarks url match: 0
V/webview ( 1992): SET_SCROLLBAR_MODES
V/webview ( 1992): SET_SCROLLBAR_MODES
V/webview ( 1992): SET_SCROLLBAR_MODES
V/webcore ( 1992): didFirstLayout standardLoad =true
V/webcore ( 1992): setupViewport mRestoredScale=0 mViewScale=0.75 mTextWrapScale=0.75
I/WebCoreFrameBridge( 1992): didFinishLoad, 616
V/BrowserActivity( 1992): onPageFinished
I/TabControl( 1992): getCurrentTab
I/TabControl( 1992): getTab
I/WebCoreFrameBridge( 1992): didFinishLoad, 636
I/WebCoreFrameBridge( 1992): setProgress, 715
I/WebCoreFrameBridge( 1992): setProgress, 724
V/cache   ( 1992): endTransaction
V/cache   ( 1992): startTransaction
V/webcore ( 1992): VIEW_SIZE_CHANGED arg1=0 arg2=0 obj=android.webkit.WebView$ViewSizeData@43e42550
V/webcore ( 1992): viewSizeChanged w=320; h=345; textwrapWidth=320; scale=0.75
V/webcore ( 1992): viewSizeChanged w=320; h=345; textwrapWidth=320; scale=0.75
I/TabControl( 1992): getCurrentTab
I/TabControl( 1992): getTab
V/webcore ( 1992): WEBKIT_DRAW arg1=0 arg2=0 obj=null
V/webcore ( 1992): webkitDraw start
V/webcore ( 1992): webkitDraw NEW_PICTURE_MSG_ID
V/webcore ( 1992): UPDATE_CACHE_AND_TEXT_ENTRY arg1=0 arg2=0 obj=null
V/BrowserActivity( 1992): onProgressChanged: 100
I/TabControl( 1992): getCurrentWebView
I/TabControl( 1992): getTab
V/webview ( 1992): UPDATE_TEXT_ENTRY_MSG_ID
V/webview ( 1992): NEW_PICTURE_MSG_ID
V/webview ( 1992): sendViewSizeZoom, viewWidth: 240, mInvActualScale: 1.3333334
V/webview ( 1992): NEW_PICTURE_MSG_ID {0,0,320,345}
V/webview ( 1992): UPDATE_TEXT_ENTRY_MSG_ID
I/WebCoreFrameBridge( 1992): HasPasswordField, 1502
I/WebCoreFrameBridge( 1992): HasPasswordField, 1514
I/WebCoreFrameBridge( 1992): HasPasswordField, 1533
V/cache   ( 1992): trimCacheIfNeeded
V/websync ( 1992): CookieSyncManager::syncFromRamToFlash STARTS
V/websync ( 1992): CookieSyncManager::syncFromRamToFlash DONE
V/BrowserActivity( 1992): updateScreenshot
I/TabControl( 1992): getCurrentTab
I/TabControl( 1992): getTab
I/BrowserProvider( 1992): query url: content://browser/bookmarks url match: 0













D/VtApp   ( 1749): onReceive,action:android.intent.action.SERVICE_STATE
V/DownloadManager( 1788): Service state changed: Bundle[mParcelledData.dataSize=672]
V/DownloadManager( 1788): roaming ------> false
V/DownloadManager( 1788): auto download without roaming -> true
V/DownloadManager( 1788): auto download during roaming -> false
V/DownloadManager( 1788): mAutoDownload ------> true
D/VtApp   ( 1749): onReceive,action:android.intent.action.ANY_DATA_STATE
D/NotificationMgr( 1746): updateNetworkSelection()...state = 0 new network 
D/NotificationMgr( 1746): hideDataDisconnectedRoaming()...
D/MobileDataStateTrackerExt( 1692): wap Received state= CONNECTED, old= CONNECTED, reason= (unspecified), apnTypeList= default,wap
D/MobileDataStateTrackerExt( 1692): default Received state= CONNECTED, old= CONNECTED, reason= (unspecified), apnTypeList= default,wap
V/webview ( 1992): MotionEvent{43da0528 action=0 x=62.507694 y=176.64676 pressure=0.024420025 size=0.0} at 460235 mTouchMode=7
V/webcore ( 1992): UPDATE_FRAME_CACHE_IF_LOADING arg1=0 arg2=0 obj=null
V/webview ( 1992): MotionEvent{43da0528 action=2 x=62.573353 y=175.7579 pressure=0.024420025 size=0.0} at 460263 mTouchMode=1
V/webview ( 1992): MotionEvent{43da0528 action=2 x=62.507694 y=176.25171 pressure=0.024420025 size=0.0} at 460284 mTouchMode=1
V/webview ( 1992): MotionEvent{43da0528 action=2 x=62.179394 y=176.44922 pressure=0.024420025 size=0.0} at 460309 mTouchMode=1
V/webview ( 1992): MotionEvent{43da0528 action=2 x=61.588463 y=176.94304 pressure=0.024420025 size=0.0} at 460333 mTouchMode=1
V/webview ( 1992): MotionEvent{43da0528 action=2 x=61.128845 y=177.5356 pressure=0.024420025 size=0.0} at 460358 mTouchMode=1
V/webview ( 1992): MotionEvent{43d7c8d0 action=2 x=59.290382 y=181.8811 pressure=0.024420025 size=0.0} at 460382 mTouchMode=1
V/webview ( 1992): MotionEvent{43da0528 action=1 x=59.290382 y=181.8811 pressure=0.024420025 size=0.0} at 460402 mTouchMode=1
V/webview ( 1992): RELEASE_SINGLE_TAP
V/webcore ( 1992): SET_SCROLL_OFFSET arg1=0 arg2=0 obj=Point(0, 0)
V/webcore ( 1992): VALID_NODE_BOUNDS arg1=0 arg2=0 obj=android.webkit.WebViewCore$MotionUpData@43d92998
V/webview ( 1992): DO_MOTION_UP
V/webcore ( 1992): TOUCH_UP arg1=0 arg2=0 obj=android.webkit.WebViewCore$TouchUpData@43e2a6a0
V/AudioPolicyManagerALSA( 1636): startOutput() output 1, stream 1
E/AudioPolicyManagerALSA( 1636): mAvailableOutputDevices=0x3
V/AudioPolicyManagerALSA( 1636): getDeviceForStrategy() -out- strategy 0, device 2
V/AudioPolicyManagerALSA( 1636): setOutputDevice() output 1 device 2 delayMs 0
I/AudioFlinger( 1636): setParameters(): io 1, keyvalue routing=2, tid 1677, calling tid 1636
D/ALSAStreamOps( 1636): setParameters() routing=2
D/ALSAModule( 1636): v0.01 route called for devices 00000002 in mode 0...
D/ALSAModule( 1636): Routing audio to Speakerphone
D/ALSAModule( 1636): the same device
V/AudioPolicyManagerALSA( 1636): applyStreamVolumes() for output 1 and device 2
V/AudioPolicyManagerALSA( 1636): checkAndSetVolume() cannot set stream 6 volume with force use = 0 for comm
V/AudioPolicyManagerALSA( 1636): changeRefCount() stream 1, count 1
V/AudioPolicyManagerALSA( 1636): releaseOutput() 1
W/AudioHardwareALSA( 1636): Write request but device is in state SND_PCM_STATE_SETUP
D/AudioHardwareALSA( 1636): call snd_pcm_prepare
W/AudioHardwareALSA( 1636): current_state=1 - Wait for correct device state
V/AudioPolicyManagerALSA( 1636): stopOutput() output 1, stream 1
V/AudioPolicyManagerALSA( 1636): changeRefCount() stream 1, count 0
V/AudioPolicyManagerALSA( 1636): setOutputDevice() output 1 device 0 delayMs 372
D/AudioHardwareALSA( 1636): standby()
D/AudioHardwareALSA( 1636): mStreamType=1, mParent->getAnalogLoop()=0
I/WebCore::FrameLoader( 1992): encoding(), from m_decoder
I/WebCore::FrameLoader( 1992): shouldReload, 2756
