I/WebCore::FrameLoader( 1992): shouldReload, 2756
I/WebCore::FrameLoader( 1992): frameContainsWMLContent, 1585
I/WebCoreFrameBridge( 1992): canHandleRequest, 788
I/WebCoreFrameBridge( 1992): loadStarted, 544
I/WebCoreFrameBridge( 1992): loadStarted, 592
I/WebCoreFrameBridge( 1992): setProgress, 715
I/WebCoreFrameBridge( 1992): setProgress, 724
I/WebCore::FrameLoader( 1992): encoding(), from m_decoder
I/WebCoreFrameBridge( 1992): startLoadingResource, 378
I/WebCoreFrameBridge( 1992): createJavaMapFromHTTPHeaders, 300
I/WebCoreFrameBridge( 1992): createJavaMapFromHTTPHeaders, 327
I/WebCoreFrameBridge( 1992): HasPasswordField, 1502
I/WebCoreFrameBridge( 1992): HasPasswordField, 1514
I/WebCoreFrameBridge( 1992): HasPasswordField, 1533
V/webkit  ( 1992): startLoadingResource: url=http://pim1.monternet.com/wap/waplogin.do, method=POST, postData=[B@43e5ec38, isMainFramePage=true, mainResource=true, userGesture=true
V/LoadListener( 1992): LoadListener constructor url=http://pim1.monternet.com/wap/waplogin.do
I/WebCoreFrameBridge( 1992): startLoadingResource, 516
V/webcore ( 1992): MESSAGE_RELAY arg1=0 arg2=0 obj={ what=101 when=0 arg2=16 }
I/WebCoreFrameBridge( 1992): HasPasswordField, 1502
I/WebCoreFrameBridge( 1992): HasPasswordField, 1514
V/BrowserActivity( 1992): onPageFinished
I/TabControl( 1992): getCurrentTab
I/TabControl( 1992): getTab
I/TabControl( 1992): getCurrentTab
I/TabControl( 1992): getTab
V/BrowserActivity( 1992): onProgressChanged: 10
V/TitleBar( 1992): onProgressChanged: com.android.browser.TitleBar@43de5428 10 true android.view.ViewRoot$W@43de2020
V/BrowserActivity( 1992): onProgressChanged:  false false
V/BrowserActivity( 1992): showFakeTitleBar: Handler{43dbf468} null false
V/webview ( 1992): UPDATE_TEXT_ENTRY_MSG_ID
V/cache   ( 1992): trimCacheIfNeeded
I/WebCoreFrameBridge( 1992): HasPasswordField, 1533
V/webcore ( 1992): UPDATE_CACHE_AND_TEXT_ENTRY arg1=0 arg2=0 obj=null
V/cache   ( 1992): startTransaction
V/WebSettings( 1992): getUserAgentString default: HuaweiT8100_TD/1.0 Android/2.2 Release/12.25.2010 Browser/WAP2.0 Profile/MIDP-2.0 Configuration/CLDC-1.1 AppleWebKit/533.1
V/webkit  ( 1992): getCookie: uri: http://pim1.monternet.com/wap/waplogin.do value: JSESSIONID=5F59B846CB746565200EA63859A57C2E.worker1
V/webkit  ( 1992): FrameLoader: http POST load for: http://pim1.monternet.com/wap/waplogin.do
V/http    ( 1992): 539115 WebViewWorkerThread RequestQueue.queueRequest url:http://pim1.monternet.com/wap/waplogin.do
V/http    ( 1992): 539117 WebViewWorkerThread RequestQueue.queueRequest uri:http://pim1.monternet.com/wap/waplogin.do
V/http    ( 1992): 539118 WebViewWorkerThread RequestQueue.queueRequest shouldUseWifiProxy: false
V/http    ( 1992): 539121 WebViewWorkerThread RequestQueue.inWifiProxyBlackList url:http://pim1.monternet.com/wap/waplogin.do
V/http    ( 1992): 539160 WebViewWorkerThread RequestQueue.inWifiProxyBlackList web1: 
V/http    ( 1992): 539161 WebViewWorkerThread RequestQueue.inWifiProxyBlackList web2: 
V/http    ( 1992): 539162 WebViewWorkerThread RequestQueue.inWifiProxyBlackList web3: 
V/http    ( 1992): 539163 WebViewWorkerThread RequestQueue.inWifiProxyBlackList web4: 192.168.
V/http    ( 1992): 539164 WebViewWorkerThread RequestQueue.inWifiProxyBlackList not match
V/http    ( 1992): 539165 WebViewWorkerThread RequestQueue.queueRequest proxy: http://10.0.0.172:80
V/http    ( 1992): 539167 http2 RequestQueue.getRequest() => /wap/waplogin.do
V/http    ( 1992): 539168 http2 ConnectionThread: new request http://pim1.monternet.com:80 /wap/waplogin.do
V/http    ( 1992): 539168 http2 RequestQueue.inWifiProxyBlackList url:http://pim1.monternet.com:80
V/http    ( 1992): 539169 http2 RequestQueue.inWifiProxyBlackList web1: 
V/http    ( 1992): 539169 http2 RequestQueue.inWifiProxyBlackList web2: 
V/http    ( 1992): 539169 http2 RequestQueue.inWifiProxyBlackList web3: 
V/LoadListener( 1992): LoadListener.attachRequestHandle(): requestHandle: android.net.http.RequestHandle@43db7b08
V/cache   ( 1992): trimCacheIfNeeded
V/webview ( 1992): setCertificate=null
V/BrowserActivity( 1992): onPageStarted
I/TabControl( 1992): getCurrentTab
I/TabControl( 1992): getTab
I/TabControl( 1992): getCurrentTab
I/TabControl( 1992): getTab
V/BrowserActivity( 1992): onProgressChanged: 10
V/TitleBar( 1992): onProgressChanged: com.android.browser.TitleBar@43de5428 10 true android.view.ViewRoot$W@43de2020
V/BrowserActivity( 1992): onProgressChanged:  false false
V/http    ( 1992): 539169 http2 RequestQueue.inWifiProxyBlackList web4: 192.168.
V/http    ( 1992): 539197 http2 RequestQueue.inWifiProxyBlackList not match
V/http    ( 1992): 539198 http2 RequestQueue.determineHost host: http://pim1.monternet.com:80
V/http    ( 1992): 539198 http2 RequestQueue.determineHost proxy: http://10.0.0.172:80
V/http    ( 1992): 539198 http2 SEND pipe 0
V/LoadListener( 1992): LoadListener.certificate: null
V/http    ( 1992): 539204 http2 Request.sendRequest() http://pim1.monternet.com
V/BrowserActivity( 1992): showFakeTitleBar: Handler{43dbf468} null false
V/webview ( 1992): SCROLL_TO_MSG_ID
V/webcore ( 1992): SET_SCROLL_OFFSET arg1=0 arg2=0 obj=Point(0, 7)
V/webview ( 1992): sendViewSizeZoom, viewWidth: 240, mInvActualScale: 1.3333334
V/webcore ( 1992): VIEW_SIZE_CHANGED arg1=0 arg2=0 obj=android.webkit.WebView$ViewSizeData@43d6bdf0
V/webcore ( 1992): viewSizeChanged w=320; h=401; textwrapWidth=320; scale=0.75
V/webcore ( 1992): viewSizeChanged w=320; h=401; textwrapWidth=320; scale=0.75
V/webview ( 1992): UPDATE_TEXT_ENTRY_MSG_ID
V/webcore ( 1992): SYNC_SCROLL arg1=0 arg2=16 obj=null
V/http    ( 1992): 539223 http2 Request.requestSent() http://pim1.monternet.com/wap/waplogin.do
V/http    ( 1992): 539223 http2 SEND pipe 1
V/http    ( 1992): 539224 http2 RequestQueue.getRequest(http://10.0.0.172:80) => null
V/http    ( 1992): 539224 http2 DRAIN pipe 1
V/http    ( 1992): 539224 http2 processRequests() reading /wap/waplogin.do
V/webcore ( 1992): UPDATE_CACHE_AND_TEXT_ENTRY arg1=0 arg2=0 obj=null
I/BrowserProvider( 1992): update url: content://browser/bookmarks values: title=中转 url match: 0
V/webview ( 1992): setCertificate=null
V/webview ( 1992): UPDATE_TEXT_ENTRY_MSG_ID
V/http    ( 1992): 540027 http2 read: HTTP/1.1 200 OK, Success
V/http    ( 1992): 540028 http2 hdr 19 content-length: 512
V/http    ( 1992): 540037 http2 hdr 44 content-type: text/vnd.wap.wml;charset=UTF-8
V/http    ( 1992): 540041 http2 hdr 25 server: Apache-Coyote/1.1
V/http    ( 1992): 540043 http2 hdr 16 pragma: No-cache
V/http    ( 1992): 540045 http2 hdr 23 cache-control: no-cache
V/http    ( 1992): 540047 http2 hdr 38 expires: Thu, 01 Jan 1970 00:00:00 GMT
V/http    ( 1992): 540051 http2 hdr 35 date: Tue, 23 Aug 2011 07:06:10 GMT
V/http    ( 1992): 540055 http2 hdr 22 content-encoding: gzip
V/http    ( 1992): 540063 http2 Request.readResponseStatus() 24 HTTP/1.1 200 OK, Success
V/LoadListener( 1992): LoadListener: from: http://pim1.monternet.com/wap/waplogin.do major: 1 minor: 1 code: 200 reason: OK, Success
V/LoadListener( 1992): LoadListener.headers
V/LoadListener( 1992): Dump HTTP headers:
V/LoadListener( 1992): content-length 512
V/LoadListener( 1992): content-type text/vnd.wap.wml;charset=UTF-8
V/LoadListener( 1992): content-encoding gzip
V/LoadListener( 1992): expires Thu, 01 Jan 1970 00:00:00 GMT
V/LoadListener( 1992): cache-control no-cache
V/LoadListener( 1992): pragma No-cache
V/LoadListener( 1992): server Apache-Coyote/1.1
V/LoadListener( 1992): date Tue, 23 Aug 2011 07:06:10 GMT
V/LoadListener( 1992): LoadListener.parseContentTypeHeader: contentType: text/vnd.wap.wml;charset=UTF-8
V/http    ( 1992): 540085 http2 Request.readResponse() 890
V/LoadListener( 1992): loading url: http://pim1.monternet.com/wap/waplogin.do
V/LoadListener( 1992): LoadListener.data(): url: http://pim1.monternet.com/wap/waplogin.do
V/LoadListener( 1992): LoadListener.endData(): url: http://pim1.monternet.com/wap/waplogin.do
V/LoadListener( 1992): has cookie : false, in cache black list: false
V/http    ( 1992): 540099 http2 Request.readResponse(): done http://pim1.monternet.com/wap/waplogin.do
V/http    ( 1992): 540111 http2 DRAIN pipe 0
I/WebCore::FrameLoader( 1992): frameContainsWMLContent, 1585
V/http    ( 1992): 540118 http2 IdleCache size 0 host http://10.0.0.172:80
V/http    ( 1992): 540119 http2 RequestQueue.getRequest() => null
V/http    ( 1992): 540129 http2 ConnectionThread: Waiting for work
I/DEBUG   ( 1369): *** *** *** *** *** *** *** *** *** *** *** *** *** *** *** ***
I/DEBUG   ( 1369): Build fingerprint: 'HUAWEI/T8100/T8100/TD6719:2.2.2/T8100_VER_0.27/20110802.144427:user/release-keys'
I/DEBUG   ( 1369): pid: 1992, tid: 2002  >>> com.android.browser <<<
I/DEBUG   ( 1369): signal 11 (SIGSEGV), fault addr 00000008
I/DEBUG   ( 1369):  r0 0000004b  r1 00960000  r2 00000019  r3 96000000
I/DEBUG   ( 1369):  r4 00275ec0  r5 a8758b08  r6 00000000  r7 003d37e0
I/DEBUG   ( 1369):  r8 4543dd98  r9 42969ee0  10 42969ec8  fp 00262a38
I/DEBUG   ( 1369):  ip a8758e7c  sp 4543d998  lr a8433737  pc a8433736  cpsr 60010030
I/DEBUG   ( 1369):          #00  pc 00133736  /system/lib/libwebcore.so
I/DEBUG   ( 1369):          #01  pc 0005ab74  /system/lib/libwebcore.so
I/DEBUG   ( 1369):          #02  pc 0005af06  /system/lib/libwebcore.so
I/DEBUG   ( 1369):          #03  pc 0005b06e  /system/lib/libwebcore.so
I/DEBUG   ( 1369):          #04  pc 0005b390  /system/lib/libwebcore.so
I/DEBUG   ( 1369):          #05  pc 0005741c  /system/lib/libwebcore.so
I/DEBUG   ( 1369):          #06  pc 00058852  /system/lib/libwebcore.so
I/DEBUG   ( 1369):          #07  pc 0020c266  /system/lib/libwebcore.so
I/DEBUG   ( 1369):          #08  pc 0020c290  /system/lib/libwebcore.so
I/DEBUG   ( 1369):          #09  pc 0020c2d8  /system/lib/libwebcore.so
I/DEBUG   ( 1369):          #10  pc 00054a58  /system/lib/libwebcore.so
I/DEBUG   ( 1369):          #11  pc 0020dc52  /system/lib/libwebcore.so
I/DEBUG   ( 1369):          #12  pc 0005f36e  /system/lib/libwebcore.so
I/DEBUG   ( 1369):          #13  pc 0020dc2e  /system/lib/libwebcore.so
I/DEBUG   ( 1369):          #14  pc 0005ee8c  /system/lib/libwebcore.so
I/DEBUG   ( 1369):          #15  pc 0013d5b8  /system/lib/libwebcore.so
I/DEBUG   ( 1369):          #16  pc 00013974  /system/lib/libdvm.so
I/DEBUG   ( 1369):          #17  pc 0003de3c  /system/lib/libdvm.so
I/DEBUG   ( 1369):          #18  pc 00018714  /system/lib/libdvm.so
I/DEBUG   ( 1369):          #19  pc 0001e8c4  /system/lib/libdvm.so
I/DEBUG   ( 1369):          #20  pc 0001d790  /system/lib/libdvm.so
I/DEBUG   ( 1369):          #21  pc 00053eec  /system/lib/libdvm.so
I/DEBUG   ( 1369):          #22  pc 00054102  /system/lib/libdvm.so
I/DEBUG   ( 1369):          #23  pc 0004825a  /system/lib/libdvm.so
I/DEBUG   ( 1369):          #24  pc 000111a0  /system/lib/libc.so
I/DEBUG   ( 1369):          #25  pc 00010c84  /system/lib/libc.so
I/DEBUG   ( 1369): 
I/DEBUG   ( 1369): code around pc:
I/DEBUG   ( 1369): a8433714 2800fea1 68e0d117 f952f73e fcb2f00c 
I/DEBUG   ( 1369): a8433724 005122c6 58401c04 f6d8490b f6d7ebf4 
I/DEBUG   ( 1369): a8433734 60b0ef0c 004320c8 490758e0 ebeaf6d8 
I/DEBUG   ( 1369): a8433744 ef02f6d7 4b0560f0 58ee1c38 47a86835 
I/DEBUG   ( 1369): a8433754 46c0bdf8 003253f4 42c80000 00001134 
I/DEBUG   ( 1369): 
I/DEBUG   ( 1369): code around lr:
I/DEBUG   ( 1369): a8433714 2800fea1 68e0d117 f952f73e fcb2f00c 
I/DEBUG   ( 1369): a8433724 005122c6 58401c04 f6d8490b f6d7ebf4 
I/DEBUG   ( 1369): a8433734 60b0ef0c 004320c8 490758e0 ebeaf6d8 
I/DEBUG   ( 1369): a8433744 ef02f6d7 4b0560f0 58ee1c38 47a86835 
I/DEBUG   ( 1369): a8433754 46c0bdf8 003253f4 42c80000 00001134 
I/DEBUG   ( 1369): 
I/DEBUG   ( 1369): stack:
I/DEBUG   ( 1369):     4543d958  00000004  
I/DEBUG   ( 1369):     4543d95c  00000007  
I/DEBUG   ( 1369):     4543d960  00000007  
I/DEBUG   ( 1369):     4543d964  00000007  
I/DEBUG   ( 1369):     4543d968  00000019  
I/DEBUG   ( 1369):     4543d96c  00000019  
I/DEBUG   ( 1369):     4543d970  0000001e  
I/DEBUG   ( 1369):     4543d974  00000029  
I/DEBUG   ( 1369):     4543d978  00000029  
I/DEBUG   ( 1369):     4543d97c  00387c68  [heap]
I/DEBUG   ( 1369):     4543d980  4543d9b0  
I/DEBUG   ( 1369):     4543d984  a838b7cd  /system/lib/libwebcore.so
I/DEBUG   ( 1369):     4543d988  00000000  
I/DEBUG   ( 1369):     4543d98c  00000000  
I/DEBUG   ( 1369):     4543d990  df002777  
I/DEBUG   ( 1369):     4543d994  e3a070ad  
I/DEBUG   ( 1369): #00 4543d998  a84336f9  /system/lib/libwebcore.so
I/DEBUG   ( 1369):     4543d99c  0025f470  [heap]
I/DEBUG   ( 1369):     4543d9a0  004521f8  [heap]
I/DEBUG   ( 1369):     4543d9a4  003d37e0  [heap]
I/DEBUG   ( 1369):     4543d9a8  a8758b08  /system/lib/libwebcore.so
I/DEBUG   ( 1369):     4543d9ac  a835ab77  /system/lib/libwebcore.so
I/DEBUG   ( 1369): #01 4543d9b0  00000000  
I/DEBUG   ( 1369):     4543d9b4  00000007  
I/DEBUG   ( 1369):     4543d9b8  00000140  
I/DEBUG   ( 1369):     4543d9bc  00000191  
I/DEBUG   ( 1369):     4543d9c0  00000000  
I/DEBUG   ( 1369):     4543d9c4  00000007  
I/DEBUG   ( 1369):     4543d9c8  0025f470  [heap]
I/DEBUG   ( 1369):     4543d9cc  004521f8  [heap]
I/DEBUG   ( 1369):     4543d9d0  00000001  
I/DEBUG   ( 1369):     4543d9d4  a835af0b  /system/lib/libwebcore.so
I/BootReceiver( 1692): Copying /data/tombstones/tombstone_01 to DropBox (SYSTEM_TOMBSTONE)
D/Zygote  ( 1628): Process 1992 terminated by signal (11)
D/dalvikvm( 1692): GC_FOR_MALLOC freed 8114 objects / 471576 bytes in 193ms
I/ActivityManager( 1692): Process com.android.browser (pid 1992) has died.
I/WindowManager( 1692): WIN DEATH: Window{43f882e0 com.android.browser/com.android.browser.BrowserActivity paused=false}
D/ConnectivityServiceExt( 1692): ConnectivityService FeatureUser binderDied(0, enableWAP, android.os.BinderProxy@43fdf178), created 116773 mSec ago
D/ConnectivityServiceExt( 1692): stopUsingNetworkFeature for net 0: enableWAP
D/ConnectivityServiceExt( 1692): reassessPidDns for pid 1992
D/ConnectivityServiceExt( 1692): Doing network teardown
D/MobileDataStateTrackerExt( 1692): wap has tear down request
D/DataConnectionTracker( 1746): disableApnType(wap)
D/DataConnectionTracker( 1746): setEnabled(5, false) with old state = true and enabledCount = 0
D/dalvikvm( 1692): GC_FOR_MALLOC freed 2858 objects / 218904 bytes in 169ms
I/dalvikvm-heap( 1692): Grow heap (frag case) to 5.180MB for 174776-byte allocation
D/dalvikvm( 1692): GC_FOR_MALLOC freed 35 objects / 1856 bytes in 170ms
D/dalvikvm( 1692): GC_FOR_MALLOC freed 233 objects / 185352 bytes in 159ms
I/WindowManager( 1692): WIN DEATH: Window{43fbf738 com.android.browser/com.android.browser.BrowserActivity paused=false}
D/dalvikvm( 1692): GC_FOR_MALLOC freed 294 objects / 79784 bytes in 163ms
I/dalvikvm-heap( 1692): Grow heap (frag case) to 5.278MB for 196628-byte allocation
D/dalvikvm( 1692): GC_FOR_MALLOC freed 28 objects / 1488 bytes in 166ms
D/dalvikvm( 1692): GC_FOR_MALLOC freed 56 objects / 504616 bytes in 165ms
E/SyncMain( 2027): SyncMain onStart is called
I/UsageStats( 1692): Unexpected resume of com.pekall.syncml while already resumed in com.android.browser
W/SyncML  ( 2027): Reload the profile with id 1
D/VtApp   ( 1749): onReceive,action:android.intent.action.ANY_DATA_STATE
D/NotificationMgr( 1746): hideDataDisconnectedRoaming()...
D/MobileDataStateTrackerExt( 1692): wap Received state= DISCONNECTED, old= CONNECTED, reason= dataDisabled, apnTypeList= wap
D/NetworkStateTracker( 1692): setDetailed state, old =CONNECTED and new state=DISCONNECTED
D/MobileDataStateTrackerExt( 1692): New mProxy is null for wap
D/ConnectivityServiceExt( 1692): ConnectivityChange for mobile_wap: DISCONNECTED/DISCONNECTED
D/ConnectivityServiceExt( 1692): adding dns 221.130.33.52 for mobile
D/ConnectivityServiceExt( 1692): adding dns 221.130.33.60 for mobile
V/DownloadReceiver( 1844): Receiver onConnectivity
V/DownloadReceiver( 1844): onConnectivity: NetworkInfo: type: mobile_wap[HSDPA], state: DISCONNECTED/DISCONNECTED, reason: dataDisabled, extra: (none), roaming: false, failover: false, isAvailable: true, apType: enableWAP, interfaceName: pdp_ip0
D/Tethering( 1692): Tethering got CONNECTIVITY_ACTION
D/Tethering( 1692): MasterInitialState.processMessage what=3
E/HierarchicalStateMachine( 1692): TetherMaster - unhandledMessage: msg.what=3
I/DownloadReceiver( 1844): Broadcast: Network Down, Actually Up
I/WifiConnReceiver( 1971): android.net.conn.CONNECTIVITY_CHANGE
E/SyncMain( 2027): SyncMain onResume is called
V/SyncEngineService@ ( 2027): Handling incoming message: { what=1 when=546274 }
V/SyncEngineService@ ( 2027): Handle DATA_STATE_CHANGED event: NetworkInfo: type: mobile_wap[HSDPA], state: DISCONNECTED/DISCONNECTED, reason: dataDisabled, extra: (none), roaming: false, failover: false, isAvailable: true, apType: enableWAP, interfaceName: pdp_ip0
V/SyncEngineService@ ( 2027): ** xavier **** TYPE_MOBILE_WAP not connected, bail!
W/InputManagerService( 1692): Got RemoteException sending setActive(false) notification to pid 1992 uid 10011
I/DcdReceiver( 1935): onReceive: android.net.conn.CONNECTIVITY_CHANGE
^C
jiangrui@jiangrui-desktop:~/notes/android.browser/history$ 
jiangrui@jiangrui-desktop:~/notes/android.browser/history$ 

