04-18 19:50:07.894  2966  3779 V Tab     : enter shouldInterceptRequest()
04-18 19:50:07.894  2966  2966 V Tab     : enter onLoadResource()
04-18 19:50:07.894  2966  2966 V Controller: enter onLoadResource()
04-18 19:50:07.894  2966  2966 V Controller: enter onLoadResource(): http://www.google.com.hk/images/srpr/logo3w.png
04-18 19:50:07.894  2966  2966 V PageDownloader: add(): http://www.google.com.hk/images/srpr/logo3w.png
04-18 19:50:07.904  2966  3779 E WebCoreFrameBridge: GetShouldStartScrolledRight, 2258
04-18 19:50:07.934  2107  2107 D StatusBar.NetworkControllerDualSIM: phone2:onSignalStrengthsChanged signalStrength=SignalStrength: 22 -1 -1 -1 -1 -1 -1 0 0 0 0 0 gsm|lte level=5
04-18 19:50:07.974  2966  2966 V WebView : drawContent, drawRings: true, mDrawCursorRing: true
04-18 19:50:08.014  2966  3779 E WebCoreFrameBridge: loadStarted, 592
04-18 19:50:08.014  2966  3779 E WebCoreFrameBridge: transitionToCommitted, 654
04-18 19:50:08.014  2966  3779 E WebCore::DocumentWriter: createDecoderIfNeeded()
04-18 19:50:08.014  2966  3779 E WebCore::TextResourceDecoder: defaultEncoding, content-type: 1, default encoding: 
04-18 19:50:08.014  2966  3779 E WebCore::DocumentWriter: write(): set hint decoder
04-18 19:50:08.014  2966  3779 E WebCore::DocumentWriter: write(): hint decoder UTF-8
04-18 19:50:08.014  2966  3779 E WebCore::TextResourceDecoder: Do setHintEncoding()
04-18 19:50:08.014  2966  3779 E WebCore::TextResourceDecoder: Do setHintEncoding() name: UTF-8
04-18 19:50:08.014  2966  3779 E WebCore::DocumentWriter: write(): set decoder from parent frame
04-18 19:50:08.014  2966  3779 E WebCore::DocumentWriter: UTF-8
04-18 19:50:08.014  2966  3779 E WebCore::TextResourceDecoder: setEncoding(), source: 7
04-18 19:50:08.014  2966  3779 E WebCore::TextResourceDecoder: setEncoding() name: UTF-8
04-18 19:50:08.014  2966  3779 E WebCore::TextResourceDecoder: decode()
04-18 19:50:08.014  2966  3779 E WebCore::TextResourceDecoder: decode() css charset done!
04-18 19:50:08.014  2966  3779 E WebCore::TextResourceDecoder: checkForHeadCharset(), decode source: 7
04-18 19:50:08.014  2966  3779 E WebCore::TextResourceDecoder: checkForHeadCharset(), checkForMetaCharset
04-18 19:50:08.014  2966  3779 E WebCore::TextResourceDecoder: flush()
04-18 19:50:08.014  2966  3779 E WebCoreFrameBridge: loadStarted, 592
04-18 19:50:08.014  2966  3779 E WebCoreFrameBridge: userAgentForURL, 804
04-18 19:50:08.014  2966  3779 E WebCore : canShowMIMEType, mimetype: text/html#
04-18 19:50:08.014  2966  3779 E WebCore : canShowMIMEType, mimetype: text/html#
04-18 19:50:08.014  2966  3779 E WebCoreFrameBridge: transitionToCommitted, 654
04-18 19:50:08.014  2966  3779 E         : external/webkit/Source/WebCore/loader/DocumentLoader.cpp, commitData, 312
04-18 19:50:08.014  2966  3779 E         : external/webkit/Source/WebCore/loader/DocumentLoader.cpp, commitData, 318
04-18 19:50:08.014  2966  3779 E WebCore::DocumentWriter: setEncoding(): , userChosen: 0
04-18 19:50:08.014  2966  3779 E WebCoreFrameBridge: windowObjectCleared, 768
04-18 19:50:08.014  2966  3779 E WebCoreFrameBridge: AddJavascriptInterface, 1945
04-18 19:50:08.024  2966  3779 E WebCoreFrameBridge: StringByEvaluatingJavaScriptFromString, 1837
04-18 19:50:08.024  2966  3779 E WebCore::DocumentWriter: createDecoderIfNeeded()
04-18 19:50:08.024  2966  3779 E WebCore::TextResourceDecoder: defaultEncoding, content-type: 1, default encoding: 
04-18 19:50:08.024  2966  3779 E WebCore::DocumentWriter: write(): set hint decoder
04-18 19:50:08.024  2966  3779 E WebCore::DocumentWriter: write(): hint decoder UTF-8
04-18 19:50:08.024  2966  3779 E WebCore::TextResourceDecoder: Do setHintEncoding()
04-18 19:50:08.024  2966  3779 E WebCore::TextResourceDecoder: Do setHintEncoding() name: UTF-8
04-18 19:50:08.024  2966  3779 E WebCore::DocumentWriter: write(): set decoder from parent frame
04-18 19:50:08.024  2966  3779 E WebCore::DocumentWriter: UTF-8
04-18 19:50:08.024  2966  3779 E WebCore::TextResourceDecoder: setEncoding(), source: 7
04-18 19:50:08.034  2966  3779 E WebCore::TextResourceDecoder: setEncoding() name: UTF-8
04-18 19:50:08.034  2966  3779 E WebCore::TextResourceDecoder: decode()
04-18 19:50:08.034  2966  3779 E WebCore::TextResourceDecoder: decode() css charset done!
04-18 19:50:08.034  2966  3779 E WebCore::TextResourceDecoder: checkForHeadCharset(), decode source: 7
04-18 19:50:08.034  2966  3779 E WebCore::TextResourceDecoder: checkForHeadCharset(), checkForMetaCharset
04-18 19:50:08.034  2966  3779 E WebCore::TextResourceDecoder: flush()
04-18 19:50:08.034  2966  3779 E WebCoreFrameBridge: didFinishLoad, 673
04-18 19:50:08.044  2966  3779 E WebCoreFrameBridge: userAgentForURL, 804
04-18 19:50:08.044  2966  3779 E WebCoreFrameBridge: maybeSavePassword, 1219
04-18 19:50:08.044  2966  3779 E WebCoreFrameBridge: shouldInterceptRequest, 525
04-18 19:50:08.044  2966  3779 V Tab     : enter shouldInterceptRequest()
04-18 19:50:08.044  2966  2966 V Tab     : enter onLoadResource()
04-18 19:50:08.044  2966  2966 V Controller: enter onLoadResource()
04-18 19:50:08.044  2966  2966 V Controller: enter onLoadResource(): data:image/gif;base64,R0lGODlhGAAeAKIHAOvr69DQ0N3d3b+/v8DAwP////Pz8////yH5BAEAAAcALAAAAAAYAB4AAAN3eLrc/jDKSau9OGtnhBcGZgREWQ5BSAHDeQ4tMBkvTNitCgVwANwxHipCixVYBMDRpmsIbiUlQGojCCDPqvL4smJNsC2rVbo+suEjtTUwc8jSW7zUbJBQyLAwIDGw/0AwdQ5jbFByFSNdBCkiHyAbkZKTlJWWlAkAOw==
04-18 19:50:08.044  2966  2966 V PageDownloader: add(): data:image/gif;base64,R0lGODlhGAAeAKIHAOvr69DQ0N3d3b+/v8DAwP////Pz8////yH5BAEAAAcALAAAAAAYAB4AAAN3eLrc/jDKSau9OGtnhBcGZgREWQ5BSAHDeQ4tMBkvTNitCgVwANwxHipCixVYBMDRpmsIbiUlQGojCCDPqvL4smJNsC2rVbo+suEjtTUwc8jSW7zUbJBQyLAwIDGw/0AwdQ5jbFByFSNdBCkiHyAbkZKTlJWWlAkAOw==
04-18 19:50:08.044  2966  3779 E WebCoreFrameBridge: userAgentForURL, 804
04-18 19:50:08.044  2966  3779 E WebCoreFrameBridge: maybeSavePassword, 1219
04-18 19:50:08.044  2966  3779 E WebCoreFrameBridge: shouldInterceptRequest, 525
04-18 19:50:08.044  2966  3779 V Tab     : enter shouldInterceptRequest()
04-18 19:50:08.044  2966  2966 V Tab     : enter onLoadResource()
04-18 19:50:08.044  2966  2966 V Controller: enter onLoadResource()
04-18 19:50:08.044  2966  2966 V Controller: enter onLoadResource(): data:image/png;base64,iVBORw0KGgoAAAANSUhEUgAAACYAAAAmCAYAAACoPemuAAAAAXNSR0IArs4c6QAAAAZiS0dEAP8A/wD/oL2nkwAAAAlwSFlzAAALEwAACxMBAJqcGAAAAAd0SU1FB9sEFhMtI6jy3nsAAAJ/SURBVFjD7ZhNSFRRFMd/78041ZhN4vhBhhNiLTTQCPp6Go1li4Rk3ETMDBStojZBBBG4aGNQtBMKcjdCBTmREEKYkR+tAgWNUMl5muVzxrKBbMaZ8bWwJDTD68sY6N3LWVzOvZf/+5/z/udwpfisrpOGw5qesMCaprhMxsSBgW6G0kx+k7E0+yvFRyKR4klHH8+6BwlNTAOwozCHmsoyTh6tICPDYhiY9HlmXoizqUiUq7daGVG13/pLXPk0Xq4nz7nFGLBPAsDm5pJcaAgwrGpkO+xc9Fezv6IESYLXAyGaAs/RwlF2uvJpuu7DZrOuGZiss/rZ1tHHsKpR4HRw78YZqpVSMjNt2O02qvbtornxLMVFuQyrGm0dfegGpqzrsFprfzkAwLlTh8l2bF7mt9s3cN57BID2rkFE7l5qsgi96kQEgAMVxSvu2VPmIsNqQX0f/vdyYbHIrHxOwmKVmU/NY0SKZJ2FMr4aKyp0AtD/dnzFPUOjGrFYAtf2XETuXmpCOVZTtRuA5oddxOLJZf5EMsXd+y8AOFZZZizHRL6i1l1OcVEeIyGNK40PGBqdXPSFJiJcu/mI/sExtuVtpdZdbogx6WMkJZQJ4ekoDbdbeTc2BcCWrE3IksRMdBaAAqeDycgXsjI3Und8L/56ZW0CKwrsp9A+7eyn89Ub1B8lyVWYg/tgKSfc5fgv3VkE6vMoawInfQin/noZD7R2E3jcu7j2ehT8HkVQLtahtfbWK+gStAQXwLUEewAdnwA42UiC/sm8HgXfLyFsCfYKnV/Xfux03SHQIRDsARASXGl8Kmk+EZg9v8mY+XZhhvJ/YexbXE8/xmJxna+xFN8BLSH27mjmBJ8AAAAASUVORK5CYII=
04-18 19:50:08.044  2966  2966 V PageDownloader: add(): data:image/png;base64,iVBORw0KGgoAAAANSUhEUgAAACYAAAAmCAYAAACoPemuAAAAAXNSR0IArs4c6QAAAAZiS0dEAP8A/wD/oL2nkwAAAAlwSFlzAAALEwAACxMBAJqcGAAAAAd0SU1FB9sEFhMtI6jy3nsAAAJ/SURBVFjD7ZhNSFRRFMd/78041ZhN4vhBhhNiLTTQCPp6Go1li4Rk3ETMDBStojZBBBG4aGNQtBMKcjdCBTmREEKYkR+tAgWNUMl5muVzxrKBbMaZ8bWwJDTD68sY6N3LWVzOvZf/+5/z/udwpfisrpOGw5qesMCaprhMxsSBgW6G0kx+k7E0+yvFRyKR4klHH8+6BwlNTAOwozCHmsoyTh6tICPDYhiY9HlmXoizqUiUq7daGVG13/pLXPk0Xq4nz7nFGLBPAsDm5pJcaAgwrGpkO+xc9Fezv6IESYLXAyGaAs/RwlF2uvJpuu7DZrOuGZiss/rZ1tHHsKpR4HRw78YZqpVSMjNt2O02qvbtornxLMVFuQyrGm0dfegGpqzrsFprfzkAwLlTh8l2bF7mt9s3cN57BID2rkFE7l5qsgi96kQEgAMVxSvu2VPmIsNqQX0f/vdyYbHIrHxOwmKVmU/NY0SKZJ2FMr4aKyp0AtD/dnzFPUOjGrFYAtf2XETuXmpCOVZTtRuA5oddxOLJZf5EMsXd+y8AOFZZZizHRL6i1l1OcVEeIyGNK40PGBqdXPSFJiJcu/mI/sExtuVtpdZdbogx6WMkJZQJ4ekoDbdbeTc2BcCWrE3IksRMdBaAAqeDycgXsjI3Und8L/56ZW0CKwrsp9A+7eyn89Ub1B8lyVWYg/tgKSfc5fgv3VkE6vMoawInfQin/noZD7R2E3jcu7j2ehT8HkVQLtahtfbWK+gStAQXwLUEewAdnwA42UiC/sm8HgXfLyFsCfYKnV/Xfux03SHQIRDsARASXGl8Kmk+EZg9v8mY+XZhhvJ/YexbXE8/xmJxna+xFN8BLSH27mjmBJ8AAAAASUVORK5CYII=
04-18 19:50:08.044  2966  3779 E WebCoreFrameBridge: setProgress, 786
04-18 19:50:08.044  2966  2966 V Tab     : enter onProgressChanged(): 50
04-18 19:50:08.054  2966  2966 V WebView : drawContent, drawRings: true, mDrawCursorRing: true
04-18 19:50:08.074  2966  2966 V WebView : drawContent, drawRings: true, mDrawCursorRing: true
04-18 19:50:08.074  2966  3779 E WebCoreFrameBridge: userAgentForURL, 804
04-18 19:50:08.074  2966  3779 E WebCoreFrameBridge: maybeSavePassword, 1219
04-18 19:50:08.074  2966  3779 E WebCoreFrameBridge: shouldInterceptRequest, 525
04-18 19:50:08.074  2966  3779 V Tab     : enter shouldInterceptRequest()
04-18 19:50:08.074  2966  3779 E WebCoreFrameBridge: userAgentForURL, 804
04-18 19:50:08.074  2966  3779 E WebCoreFrameBridge: maybeSavePassword, 1219
04-18 19:50:08.074  2966  3779 E WebCoreFrameBridge: shouldInterceptRequest, 525
04-18 19:50:08.084  2966  3779 V Tab     : enter shouldInterceptRequest()
04-18 19:50:08.084  2966  3779 E WebCoreFrameBridge: userAgentForURL, 804
04-18 19:50:08.084  2966  3779 E WebCoreFrameBridge: maybeSavePassword, 1219
04-18 19:50:08.084  2966  3779 E WebCoreFrameBridge: shouldInterceptRequest, 525
04-18 19:50:08.084  2966  3779 V Tab     : enter shouldInterceptRequest()
04-18 19:50:08.084  2966  3779 E WebCoreFrameBridge: userAgentForURL, 804
04-18 19:50:08.084  2966  3779 E WebCoreFrameBridge: maybeSavePassword, 1219
04-18 19:50:08.084  2966  3779 E WebCoreFrameBridge: shouldInterceptRequest, 525
04-18 19:50:08.084  2966  3779 V Tab     : enter shouldInterceptRequest()
04-18 19:50:08.094  2966  2966 V Tab     : enter onLoadResource()
04-18 19:50:08.094  2966  2966 V Controller: enter onLoadResource()
04-18 19:50:08.104  2966  2966 V Controller: enter onLoadResource(): data:image/png;base64,iVBORw0KGgoAAAANSUhEUgAAAFQAAABUCAYAAAAcaxDBAAAABHNCSVQICAgIfAhkiAAAAAlwSFlzAAALEgAACxIB0t1+/AAAABV0RVh0Q3JlYXRpb24gVGltZQAzLzE1LzExTCXgggAAAytJREFUeNrt3V1xwzAMAOBBCIRCKIRACARDCIS878UQCqEQCiEA9mAIYeB5O90ut2sbyZZt2VHv9NRff0njXzkf3vsPDb5QBAVV0HOD1niYz69riDmEDfEI4UL4g3DwWgvvvdb47SJAQ+GHECbEPcSGwMPGBp/589lD96ChkBMU2BeKn++augOFM8YVhHx2eTDNgwqAzA5bBBQqmVUQ5P9YuSqx7KBQ6/pGwooFDT/uIvysfHe2XkSBQu29NYi5b25NIkCh4vGdhKkK2hlmFCobaKeYZFQW0M4xSajJoFAB+ZPElBUUmkbbiUC3oyZVKuh6Isy/dmoW0Ige0AyXh1d9eXvQfr2FGCMP4gafP0JM8HnsPaooUOibkwq0e+/y7DVHB2r3/Ez87tursdDEMYYrJyj1RzwIoEfPjxRM5OC24/rrk0Ejm0g1QDfsKD3xIL1tSsWAukZALbGXF1MulwSa0ICvAToRQS3HWUoFdQ2BjkTQJXbUPwo0sUdUHDRilGzh6EFRQO8K+no2lQQKTQuvoG9joIAaBcVVTljQu4Li/vZY0E1Bcd3rQ9CIfvtZQX/79xjQWUHxI2oYUKug+GE9DOhDQfHlxIA6BcV3QzGgXkHxUQP0spuK+AvC8wq6B2VYzaegCqqgCqqgCpoWzIkPTYNyLbcZmECtYNC1VNfzd+CACdS13vXkyuI4XLnGOdUreXCEczGto07v7ua0bjmv2SWH766MoPvUleXojIWDaWMGaMQOMDNNgUQtRki5foudAmGapDsDKGmSzigo7zTyoKCMCx0y/u17AaUtxcmYPtMLKH2xWOJyxp5B45YzZqqcegCNX3Cb4SxtHTRtSXiGs7R10PSkBeYMupZBedJqIhO/egQda6cmFgV9Egsj6CI1ebZF0DzJs0zp3a2B5k3vTkzraxH0MJms9hYZLYEajEXtTVxaATVYh9rbDLUAaigGtTfCkg5qqOXPtVXbiKz9pYLK2artX5NqbRBU3maChIu9NNAltbwlN2R9SAbletTeMlhBmWEVtORDQeWBnuvGAAjQGVAxw4Tr7tYVRuytKzT0bjUKqqAa6PgG3Xb+KnKi6kEAAAAASUVORK5CYII=
04-18 19:50:08.104  2966  2966 V PageDownloader: add(): data:image/png;base64,iVBORw0KGgoAAAANSUhEUgAAAFQAAABUCAYAAAAcaxDBAAAABHNCSVQICAgIfAhkiAAAAAlwSFlzAAALEgAACxIB0t1+/AAAABV0RVh0Q3JlYXRpb24gVGltZQAzLzE1LzExTCXgggAAAytJREFUeNrt3V1xwzAMAOBBCIRCKIRACARDCIS878UQCqEQCiEA9mAIYeB5O90ut2sbyZZt2VHv9NRff0njXzkf3vsPDb5QBAVV0HOD1niYz69riDmEDfEI4UL4g3DwWgvvvdb47SJAQ+GHECbEPcSGwMPGBp/589lD96ChkBMU2BeKn++augOFM8YVhHx2eTDNgwqAzA5bBBQqmVUQ5P9YuSqx7KBQ6/pGwooFDT/uIvysfHe2XkSBQu29NYi5b25NIkCh4vGdhKkK2hlmFCobaKeYZFQW0M4xSajJoFAB+ZPElBUUmkbbiUC3oyZVKuh6Isy/dmoW0Ige0AyXh1d9eXvQfr2FGCMP4gafP0JM8HnsPaooUOibkwq0e+/y7DVHB2r3/Ez87tursdDEMYYrJyj1RzwIoEfPjxRM5OC24/rrk0Ejm0g1QDfsKD3xIL1tSsWAukZALbGXF1MulwSa0ICvAToRQS3HWUoFdQ2BjkTQJXbUPwo0sUdUHDRilGzh6EFRQO8K+no2lQQKTQuvoG9joIAaBcVVTljQu4Li/vZY0E1Bcd3rQ9CIfvtZQX/79xjQWUHxI2oYUKug+GE9DOhDQfHlxIA6BcV3QzGgXkHxUQP0spuK+AvC8wq6B2VYzaegCqqgCqqgCpoWzIkPTYNyLbcZmECtYNC1VNfzd+CACdS13vXkyuI4XLnGOdUreXCEczGto07v7ua0bjmv2SWH766MoPvUleXojIWDaWMGaMQOMDNNgUQtRki5foudAmGapDsDKGmSzigo7zTyoKCMCx0y/u17AaUtxcmYPtMLKH2xWOJyxp5B45YzZqqcegCNX3Cb4SxtHTRtSXiGs7R10PSkBeYMupZBedJqIhO/egQda6cmFgV9Egsj6CI1ebZF0DzJs0zp3a2B5k3vTkzraxH0MJms9hYZLYEajEXtTVxaATVYh9rbDLUAaigGtTfCkg5qqOXPtVXbiKz9pYLK2artX5NqbRBU3maChIu9NNAltbwlN2R9SAbletTeMlhBmWEVtORDQeWBnuvGAAjQGVAxw4Tr7tYVRuytKzT0bjUKqqAa6PgG3Xb+KnKi6kEAAAAASUVORK5CYII=
04-18 19:50:08.104  2966  2966 V Tab     : enter onLoadResource()
04-18 19:50:08.104  2966  2966 V Controller: enter onLoadResource()
04-18 19:50:08.104  2966  2966 V Controller: enter onLoadResource(): data:image/png;base64,iVBORw0KGgoAAAANSUhEUgAAAFQAAABUCAYAAAAcaxDBAAAABHNCSVQICAgIfAhkiAAAAAlwSFlzAAALEgAACxIB0t1+/AAAABV0RVh0Q3JlYXRpb24gVGltZQAzLzE1LzExTCXgggAAAbJJREFUeNrt28FtwyAYhuGMwAgZgRE8gkfwCB4h9148gkdghIzgAXroCGzgkgpVbmoo/EYNJK+l7xQhwSMc84N9Wtf1RMoFBEABBZQACiigBFBAASWAAgoooARQQAElgAIKKAEUUEAJoIACCigBFFBACaCAAkokoNJreHtfG8uHy+zSxcYFqCzXECygxzIBWj4zoAnxfVS3W9tlcDEpqIBGQHf6rF2WQJse0EzQzazdQ7W33wDNBPV9P3vA+3YjoAJQ3/9pp90CqBxUB9oqQAWgkTF0gAJaNWgPqOw/tGeGlgW9BtpqQPPXoV2gnWXZlF8p6cCi/qumBzS/lreRdmdAw9F39fslZW8U0HCsLy/NH7Ny9ZslCtAy+cYEtMzZkmLHvswJ6MAhXZlj5J5jZOHtLBkXoID+W0xroLZy0LE10LnyRb1qDVRVPEtH6bgeBpq42VDF+0rNgG5m6uTXeVW+UdcU6LNdgNYG+kS7RkUDaEWgFsDfVdYRUANg/tl8DLQD8Ofy6/BTPuEA61WyFHv7DtR0zOR1qL/9zYs9qJZt7c+niXzrCSgBFFBAAQUB0JrzCQFnpQsTQCQUAAAAAElFTkSuQmCC
04-18 19:50:08.104  2966  2966 V PageDownloader: add(): data:image/png;base64,iVBORw0KGgoAAAANSUhEUgAAAFQAAABUCAYAAAAcaxDBAAAABHNCSVQICAgIfAhkiAAAAAlwSFlzAAALEgAACxIB0t1+/AAAABV0RVh0Q3JlYXRpb24gVGltZQAzLzE1LzExTCXgggAAAbJJREFUeNrt28FtwyAYhuGMwAgZgRE8gkfwCB4h9148gkdghIzgAXroCGzgkgpVbmoo/EYNJK+l7xQhwSMc84N9Wtf1RMoFBEABBZQACiigBFBAASWAAgoooARQQAElgAIKKAEUUEAJoIACCigBFFBACaCAAkokoNJreHtfG8uHy+zSxcYFqCzXECygxzIBWj4zoAnxfVS3W9tlcDEpqIBGQHf6rF2WQJse0EzQzazdQ7W33wDNBPV9P3vA+3YjoAJQ3/9pp90CqBxUB9oqQAWgkTF0gAJaNWgPqOw/tGeGlgW9BtpqQPPXoV2gnWXZlF8p6cCi/qumBzS/lreRdmdAw9F39fslZW8U0HCsLy/NH7Ny9ZslCtAy+cYEtMzZkmLHvswJ6MAhXZlj5J5jZOHtLBkXoID+W0xroLZy0LE10LnyRb1qDVRVPEtH6bgeBpq42VDF+0rNgG5m6uTXeVW+UdcU6LNdgNYG+kS7RkUDaEWgFsDfVdYRUANg/tl8DLQD8Ofy6/BTPuEA61WyFHv7DtR0zOR1qL/9zYs9qJZt7c+niXzrCSgBFFBAAQUB0JrzCQFnpQsTQCQUAAAAAElFTkSuQmCC
04-18 19:50:08.104  2966  2966 V Tab     : enter onLoadResource()
04-18 19:50:08.104  2966  2966 V Controller: enter onLoadResource()
04-18 19:50:08.104  2966  2966 V Controller: enter onLoadResource(): data:image/png;base64,iVBORw0KGgoAAAANSUhEUgAAAFQAAABUCAYAAAAcaxDBAAAABHNCSVQICAgIfAhkiAAAAAlwSFlzAAALEgAACxIB0t1+/AAAABV0RVh0Q3JlYXRpb24gVGltZQAzLzE1LzExTCXgggAAAgBJREFUeNrt3M2NgzAQhuGUkBJSAiWkBEqgBErgvpeUQAkpgRIoIIctgQ5YrJ1dRVGIDdhhPHkjzSEX7HkU+cP85DCO44GKVyAACiigFKCAAkoBCiigFKCAAgooBSiggFKAAgrob1Vft8tUo9G6vB3UfaaBrwYxO9fbXqDHqXpDmK6X426ggnqaajCA6Xoo/vraDVRQCwOo5X1Pu4IKapUxZv3Yz+6ggtpkiNk+60UFqKC2OYaQZtBckt+t+ae5PtSA3qFqD6niVQ+qQDNI/so3f3WgipO/DZm7StCEyT/ItrdZuF53ofNWC5og+bvHZJ6+nwOWl++5RM8RNFbyz6IIatC2MnvQiMlfe8boQ7aVJkAjJf/Zc/xn12ibNXPNAjRC8vtAr2sSPWtQabyOfcrzZEnpl4RQ1qAbk78KON7LbaVJUE+IeH+pkuru4nYpp1LB20rLoEc5FXrrttIsaKTkjxJCZkAFtYx1txLQ7cm/eFv5EaAbkn+IEUImQVcmf5liHpZAlyR/k2oeZkAXJH+bcg6mQAOSv48dQuZBBXUO9JR67I8CfcfYgAIKKKCAAgoooIACCiiggAIKKKCAAgoooIACCiig8yBFgofBovxjg+8mn1bQTvGbdJccQVW/7wkooCrXz/8n9nINJY3raKfubWQKUEABpQAFFFBAqY31A/Yik3LhFYYaAAAAAElFTkSuQmCC
04-18 19:50:08.104  2966  2966 V PageDownloader: add(): data:image/png;base64,iVBORw0KGgoAAAANSUhEUgAAAFQAAABUCAYAAAAcaxDBAAAABHNCSVQICAgIfAhkiAAAAAlwSFlzAAALEgAACxIB0t1+/AAAABV0RVh0Q3JlYXRpb24gVGltZQAzLzE1LzExTCXgggAAAgBJREFUeNrt3M2NgzAQhuGUkBJSAiWkBEqgBErgvpeUQAkpgRIoIIctgQ5YrJ1dRVGIDdhhPHkjzSEX7HkU+cP85DCO44GKVyAACiigFKCAAkoBCiigFKCAAgooBSiggFKAAgrob1Vft8tUo9G6vB3UfaaBrwYxO9fbXqDHqXpDmK6X426ggnqaajCA6Xoo/vraDVRQCwOo5X1Pu4IKapUxZv3Yz+6ggtpkiNk+60UFqKC2OYaQZtBckt+t+ae5PtSA3qFqD6niVQ+qQDNI/so3f3WgipO/DZm7StCEyT/ItrdZuF53ofNWC5og+bvHZJ6+nwOWl++5RM8RNFbyz6IIatC2MnvQiMlfe8boQ7aVJkAjJf/Zc/xn12ibNXPNAjRC8vtAr2sSPWtQabyOfcrzZEnpl4RQ1qAbk78KON7LbaVJUE+IeH+pkuru4nYpp1LB20rLoEc5FXrrttIsaKTkjxJCZkAFtYx1txLQ7cm/eFv5EaAbkn+IEUImQVcmf5liHpZAlyR/k2oeZkAXJH+bcg6mQAOSv48dQuZBBXUO9JR67I8CfcfYgAIKKKCAAgoooIACCiiggAIKKKCAAgoooIACCiig8yBFgofBovxjg+8mn1bQTvGbdJccQVW/7wkooCrXz/8n9nINJY3raKfubWQKUEABpQAFFFBAqY31A/Yik3LhFYYaAAAAAElFTkSuQmCC
04-18 19:50:08.104  2966  2966 V Tab     : enter onLoadResource()
04-18 19:50:08.104  2966  2966 V Controller: enter onLoadResource()
04-18 19:50:08.104  2966  2966 V Controller: enter onLoadResource(): data:image/png;base64,iVBORw0KGgoAAAANSUhEUgAAAFQAAABUCAYAAAAcaxDBAAAABHNCSVQICAgIfAhkiAAAAAlwSFlzAAALEgAACxIB0t1+/AAAABV0RVh0Q3JlYXRpb24gVGltZQAzLzE1LzExTCXgggAAAzFJREFUeNrt3N1xozAQB3CXoBIogRLcQdzBqQRK4D0v6SAugRLcwVFAZkIHpgMfzK0zOp2+LeTF+mdmXzwOKD9AWmlFDrfb7YDIF0AAKEABigAof1D5/nXjEHtpF0ABCtDSoMeNYqwS9LDRz3LsC0A5gj77x9cuehwfAlV/1/Z3a6B9ctpUE+gSDUDzgn4UB10OJtYT0wm2iD4n6PJZG3BOtV88r3dqSdCxwCA0ZAQ9Jpy/LwKa2LjUaGsE7bXwNtQRZz1BL9WHmrqYp4A6OvfoHNFwsQC6F1DDtFIANBKUvjc42jct0QE0AHT5XEYMSCNA3W1a8+ZZBaMBUB0Q9VxUAtTeppMLSvleQ4/9P3kwQP8/bh86YNEMcP3uBaBhiX3nOf+MOzS+D50Nc/lJO/cJoP5Rfg4c5c8Y5cPy0IZG98nQtply1BPy0AemnuoMCTMlzOWf/sgL6ksHbU13IqyP4iWQHQ9KraXvNIUEqB/UhDkSkmn0PwI0LLEfLPWitTvo1NQJoPY2dRFTzzOmnnGLI61n0JoA6m9ToyXw96W7+2p9RyP85JrzA9S8ihS0wGxK+AFq7kt9qdN69wqkTREzJcpJpbJa36mFOiT2maeegdsZAQpQgAL0Jfc2ec7xSExV7r4rFLvbH3pJ3R+6R1BheDxzxX1qKKoB5bLHfrcvzwIUoK8LqryBMbjWInOChpaPaQ7fmVaWclzQ7KCEqW+BaZmAqpnKyB7UgJmMmhvUkhW0bEEdmEmohUCPLEEDMKNRqwWNwIxCrRI0ATMYtTpQB+Y1B2pVoA7M31o9/Kc8a4G2otYGasMUtobTRTChTgC1YPoabkMF6PvXpwkzpOGE+q3+NwUMSn8b+LbEL31OHNJw6hrethiU6NhtKui9e+I0l4+6E3KCau92XiKfHBFbkKsBdLbtV/L07cJU4gGoOYsYPdmHsNTLrgC1v849WvLjk6P4KKsH9aDOgZ8lY74kqAc16G0Qbiv2Twd9AFVyLIGwAE1AlVxrSmxAI1Al5yIdK9AAVMm66mnIB68cysgWVMm+jKwsgHxSNIzq8pIu9rcLcxNQBEABClAEQAG68/gDgPBfk1u5EegAAAAASUVORK5CYII=
04-18 19:50:08.104  2966  2966 V PageDownloader: add(): data:image/png;base64,iVBORw0KGgoAAAANSUhEUgAAAFQAAABUCAYAAAAcaxDBAAAABHNCSVQICAgIfAhkiAAAAAlwSFlzAAALEgAACxIB0t1+/AAAABV0RVh0Q3JlYXRpb24gVGltZQAzLzE1LzExTCXgggAAAzFJREFUeNrt3N1xozAQB3CXoBIogRLcQdzBqQRK4D0v6SAugRLcwVFAZkIHpgMfzK0zOp2+LeTF+mdmXzwOKD9AWmlFDrfb7YDIF0AAKEABigAof1D5/nXjEHtpF0ABCtDSoMeNYqwS9LDRz3LsC0A5gj77x9cuehwfAlV/1/Z3a6B9ctpUE+gSDUDzgn4UB10OJtYT0wm2iD4n6PJZG3BOtV88r3dqSdCxwCA0ZAQ9Jpy/LwKa2LjUaGsE7bXwNtQRZz1BL9WHmrqYp4A6OvfoHNFwsQC6F1DDtFIANBKUvjc42jct0QE0AHT5XEYMSCNA3W1a8+ZZBaMBUB0Q9VxUAtTeppMLSvleQ4/9P3kwQP8/bh86YNEMcP3uBaBhiX3nOf+MOzS+D50Nc/lJO/cJoP5Rfg4c5c8Y5cPy0IZG98nQtply1BPy0AemnuoMCTMlzOWf/sgL6ksHbU13IqyP4iWQHQ9KraXvNIUEqB/UhDkSkmn0PwI0LLEfLPWitTvo1NQJoPY2dRFTzzOmnnGLI61n0JoA6m9ToyXw96W7+2p9RyP85JrzA9S8ihS0wGxK+AFq7kt9qdN69wqkTREzJcpJpbJa36mFOiT2maeegdsZAQpQgAL0Jfc2ec7xSExV7r4rFLvbH3pJ3R+6R1BheDxzxX1qKKoB5bLHfrcvzwIUoK8LqryBMbjWInOChpaPaQ7fmVaWclzQ7KCEqW+BaZmAqpnKyB7UgJmMmhvUkhW0bEEdmEmohUCPLEEDMKNRqwWNwIxCrRI0ATMYtTpQB+Y1B2pVoA7M31o9/Kc8a4G2otYGasMUtobTRTChTgC1YPoabkMF6PvXpwkzpOGE+q3+NwUMSn8b+LbEL31OHNJw6hrethiU6NhtKui9e+I0l4+6E3KCau92XiKfHBFbkKsBdLbtV/L07cJU4gGoOYsYPdmHsNTLrgC1v849WvLjk6P4KKsH9aDOgZ8lY74kqAc16G0Qbiv2Twd9AFVyLIGwAE1AlVxrSmxAI1Al5yIdK9AAVMm66mnIB68cysgWVMm+jKwsgHxSNIzq8pIu9rcLcxNQBEABClAEQAG68/gDgPBfk1u5EegAAAAASUVORK5CYII=
04-18 19:50:08.104  2966  2966 V WebView : drawContent, drawRings: true, mDrawCursorRing: true
04-18 19:50:08.124  2966  3779 E WebCoreFrameBridge: userAgentForURL, 804
04-18 19:50:08.134  2966  3779 E WebCoreFrameBridge: setProgress, 786
04-18 19:50:08.134  2966  2966 V Tab     : enter onProgressChanged(): 52
04-18 19:50:08.134  2966  3779 E WebCore::TextResourceDecoder: defaultEncoding, content-type: 0, default encoding: UTF-8
04-18 19:50:08.134  2966  3779 E WebCoreFrameBridge: userAgentForURL, 804
04-18 19:50:08.134  2966  3779 E WebCore::DocumentWriter: encoding(), from m_decoder: UTF-8
04-18 19:50:08.134  2966  3779 E WebCoreFrameBridge: userAgentForURL, 804
04-18 19:50:08.134  2966  2966 V WebView : drawContent, drawRings: true, mDrawCursorRing: true
04-18 19:50:08.134  2966  3779 E WebCoreFrameBridge: maybeSavePassword, 1219
04-18 19:50:08.134  2966  3779 E WebCoreFrameBridge: shouldInterceptRequest, 525
04-18 19:50:08.134  2966  3779 V Tab     : enter shouldInterceptRequest()
04-18 19:50:08.144  2966  2966 V Tab     : enter onLoadResource()
04-18 19:50:08.144  2966  2966 V Controller: enter onLoadResource()
04-18 19:50:08.154  2966  2966 V Controller: enter onLoadResource(): http://www.google.com.hk/extern_js/f/CgV6aC1DThICaGsrMEU4ACwrMFo4ASwrMA44ACwrMBc4ACwrMDw4ACwrMFE4ACwrMAo4AJoCA21vYiwrMIABOAAsKzCYATgALCswFjgALCswGTgALCswQTgALCswTTgALCswTjgALCswUzgALCswVDgALCswaTgALCswazgALCswdjgALCswezgALCswhAE4ACwrMIwBOAAsKzCQATgALCswkgE4ACwrMKMBOAAsKzCoATgALCswrwE4ACwrMLMBOAAsKzC-ATgALCsw1QE4ACwrMNgBOAAsKzD9ATgALCsw_wE4ACwrMHc4ACwrMIYBOAAsKzDAATgALCswpAE4ACwrMBg4ACwrMCY4ACyAAmuQAnI/W5WIee2c5tU.js
04-18 19:50:08.154  2966  2966 V PageDownloader: add(): http://www.google.com.hk/extern_js/f/CgV6aC1DThICaGsrMEU4ACwrMFo4ASwrMA44ACwrMBc4ACwrMDw4ACwrMFE4ACwrMAo4AJoCA21vYiwrMIABOAAsKzCYATgALCswFjgALCswGTgALCswQTgALCswTTgALCswTjgALCswUzgALCswVDgALCswaTgALCswazgALCswdjgALCswezgALCswhAE4ACwrMIwBOAAsKzCQATgALCswkgE4ACwrMKMBOAAsKzCoATgALCswrwE4ACwrMLMBOAAsKzC-ATgALCsw1QE4ACwrMNgBOAAsKzD9ATgALCsw_wE4ACwrMHc4ACwrMIYBOAAsKzDAATgALCswpAE4ACwrMBg4ACwrMCY4ACyAAmuQAnI/W5WIee2c5tU.js
04-18 19:50:08.164  2966  3497 E         : external/chromium/net/socket/tcp_client_socket_libevent.cc, BindToDevice, 52
04-18 19:50:08.164  2966  3497 E         : BindToDevice: using interface [default]
04-18 19:50:08.164  2966  3779 E WebCoreFrameBridge: userAgentForURL, 804
04-18 19:50:08.164  2966  3779 E WebCore::DocumentWriter: encoding(), from m_decoder: UTF-8
04-18 19:50:08.164  2966  3779 E WebCoreFrameBridge: userAgentForURL, 804
04-18 19:50:08.164  2966  3779 E WebCoreFrameBridge: maybeSavePassword, 1219
04-18 19:50:08.164  2966  3779 E WebCoreFrameBridge: shouldInterceptRequest, 525
04-18 19:50:08.164  2966  3779 V Tab     : enter shouldInterceptRequest()
04-18 19:50:08.164  2966  2966 V Tab     : enter onLoadResource()
04-18 19:50:08.164  2966  2966 V Controller: enter onLoadResource()
04-18 19:50:08.164  2966  2966 V Controller: enter onLoadResource(): http://www.google.com.hk/mbd?hl=zh-CN&newwindow=1&safe=strict&output=search&mbtype=56
04-18 19:50:08.164  2966  2966 V PageDownloader: add(): http://www.google.com.hk/mbd?hl=zh-CN&newwindow=1&safe=strict&output=search&mbtype=56
04-18 19:50:08.164  2966  3497 E         : external/chromium/net/socket/tcp_client_socket_libevent.cc, BindToDevice, 52
04-18 19:50:08.174  2966  3497 E         : BindToDevice: using interface [default]
04-18 19:50:08.174  2966  2966 V WebView : drawContent, drawRings: true, mDrawCursorRing: true
04-18 19:50:08.214  2966  2966 V WebView : drawContent, drawRings: true, mDrawCursorRing: true
04-18 19:50:08.254  2966  2966 V WebView : drawContent, drawRings: true, mDrawCursorRing: true
04-18 19:50:08.294  2966  2966 V WebView : drawContent, drawRings: true, mDrawCursorRing: true
04-18 19:50:08.334  2966  2966 V WebView : drawContent, drawRings: true, mDrawCursorRing: true
04-18 19:50:08.374  2966  2966 V WebView : drawContent, drawRings: true, mDrawCursorRing: true
04-18 19:50:08.414  2966  2966 V WebView : drawContent, drawRings: true, mDrawCursorRing: true
04-18 19:50:08.454  2966  2966 V WebView : drawContent, drawRings: true, mDrawCursorRing: true
04-18 19:50:08.494  2966  2966 V WebView : drawContent, drawRings: true, mDrawCursorRing: true
04-18 19:50:08.544  2966  2966 V Controller: enter onSaveInstanceState()
04-18 19:50:08.544  2966  2966 V TabControl: enter saveState()
04-18 19:50:08.544  2966  2966 V Tab     : enter saveState()
04-18 19:50:08.664  2966  3779 E WebCoreFrameBridge: setProgress, 786
04-18 19:50:08.664  2966  2966 V Tab     : enter onProgressChanged(): 54
04-18 19:50:08.664  2966  2966 V WebView : drawContent, drawRings: true, mDrawCursorRing: true
04-18 19:50:08.705  2966  2966 V WebView : drawContent, drawRings: true, mDrawCursorRing: true
04-18 19:50:08.715  2966  3779 E WebCoreFrameBridge: setProgress, 786
04-18 19:50:08.725  2966  2966 V Tab     : enter onProgressChanged(): 56
04-18 19:50:08.725  2966  2966 V WebView : drawContent, drawRings: true, mDrawCursorRing: true
04-18 19:50:08.745  2966  2966 V WebView : drawContent, drawRings: true, mDrawCursorRing: true
04-18 19:50:08.755  2966  3779 E WebCoreFrameBridge: setProgress, 786
04-18 19:50:08.755  2966  2966 V Tab     : enter onProgressChanged(): 59
04-18 19:50:08.755  2966  2966 V WebView : drawContent, drawRings: true, mDrawCursorRing: true
04-18 19:50:08.765  2966  2966 V WebView : drawContent, drawRings: true, mDrawCursorRing: true
04-18 19:50:08.785  2966  2966 V WebView : drawContent, drawRings: true, mDrawCursorRing: true
04-18 19:50:08.795  2966  2966 V WebView : drawContent, drawRings: true, mDrawCursorRing: true
04-18 19:50:08.805  2966  2966 V WebView : drawContent, drawRings: true, mDrawCursorRing: true
04-18 19:50:08.835  2966  2966 V WebView : drawContent, drawRings: true, mDrawCursorRing: true
04-18 19:50:08.885  2966  2966 V WebView : drawContent, drawRings: true, mDrawCursorRing: true
04-18 19:50:08.925  2966  2966 V WebView : drawContent, drawRings: true, mDrawCursorRing: true
04-18 19:50:08.965  2966  2966 V WebView : drawContent, drawRings: true, mDrawCursorRing: true
04-18 19:50:09.005  2966  2966 V WebView : drawContent, drawRings: true, mDrawCursorRing: true
04-18 19:50:09.045  2966  2966 V WebView : drawContent, drawRings: true, mDrawCursorRing: true
04-18 19:50:09.085  2966  2966 V WebView : drawContent, drawRings: true, mDrawCursorRing: true
04-18 19:50:09.115  2966  3779 E WebCoreFrameBridge: userAgentForURL, 804
04-18 19:50:09.115  2966  3779 E WebCoreFrameBridge: maybeSavePassword, 1219
04-18 19:50:09.115  2966  3779 E WebCoreFrameBridge: shouldInterceptRequest, 525
04-18 19:50:09.115  2966  3779 V Tab     : enter shouldInterceptRequest()
04-18 19:50:09.115  2966  2966 V Tab     : enter onLoadResource()
04-18 19:50:09.115  2966  2966 V Controller: enter onLoadResource()
04-18 19:50:09.115  2966  2966 V Controller: enter onLoadResource(): http://www.google.com/images/nycli1.gif
04-18 19:50:09.115  2966  2966 V PageDownloader: add(): http://www.google.com/images/nycli1.gif
04-18 19:50:09.125  2966  2966 V WebView : drawContent, drawRings: true, mDrawCursorRing: true
04-18 19:50:09.165  2966  2966 V Controller: enter onSaveInstanceState()
04-18 19:50:09.165  2966  2966 V TabControl: enter saveState()
04-18 19:50:09.165  2966  2966 V Tab     : enter saveState()
04-18 19:50:09.185  2966  3779 E WebCore::TextResourceDecoder: setEncoding(), source: 5
04-18 19:50:09.185  2966  3779 E WebCore::TextResourceDecoder: setEncoding() name: UTF-8
04-18 19:50:09.185  2966  3779 E WebCoreFrameBridge: setProgress, 786
04-18 19:50:09.185  2966  2966 V Tab     : enter onProgressChanged(): 61
04-18 19:50:09.185  2966  2966 V WebView : drawContent, drawRings: true, mDrawCursorRing: true
04-18 19:50:09.215  2966  3779 E WebCoreFrameBridge: setProgress, 786
04-18 19:50:09.215  2966  2966 V Tab     : enter onProgressChanged(): 64
04-18 19:50:09.215  2966  2966 V WebView : drawContent, drawRings: true, mDrawCursorRing: true
04-18 19:50:09.245  2966  3779 E WebCoreFrameBridge: setProgress, 786
04-18 19:50:09.245  2966  2966 V Tab     : enter onProgressChanged(): 69
04-18 19:50:09.245  2966  2966 V WebView : drawContent, drawRings: true, mDrawCursorRing: true
04-18 19:50:09.265  2966  3779 E WebCoreFrameBridge: setProgress, 786
04-18 19:50:09.265  2966  2966 V Tab     : enter onProgressChanged(): 73
04-18 19:50:09.265  2966  2966 V WebView : drawContent, drawRings: true, mDrawCursorRing: true
04-18 19:50:09.305  2966  3779 E WebCoreFrameBridge: setProgress, 786
04-18 19:50:09.305  2966  2966 V Tab     : enter onProgressChanged(): 76
04-18 19:50:09.305  2966  2966 V WebView : drawContent, drawRings: true, mDrawCursorRing: true
04-18 19:50:09.345  2966  2966 V WebView : drawContent, drawRings: true, mDrawCursorRing: true
04-18 19:50:09.355  2966  3779 E WebCoreFrameBridge: setProgress, 786
04-18 19:50:09.355  2966  2966 V Tab     : enter onProgressChanged(): 79
04-18 19:50:09.355  2966  2966 V WebView : drawContent, drawRings: true, mDrawCursorRing: true
04-18 19:50:09.365  2966  3497 E         : external/chromium/net/socket/tcp_client_socket_libevent.cc, BindToDevice, 52
04-18 19:50:09.365  2966  3497 E         : BindToDevice: using interface [default]
04-18 19:50:09.365  2966  3779 E WebCore::TextResourceDecoder: defaultEncoding, content-type: 0, default encoding: UTF-8
04-18 19:50:09.365  2966  3779 E WebCore::TextResourceDecoder: decode()
04-18 19:50:09.365  2966  3779 E WebCore::TextResourceDecoder: decode() css charset done!
04-18 19:50:09.365  2966  3779 E WebCore::TextResourceDecoder: decode(),  html/xml charset done! current encoding: UTF-8
04-18 19:50:09.365  2966  3779 E WebCore::TextResourceDecoder: shouldAutoDetect, m_usesEncodingDetector: 0, m_source :0
04-18 19:50:09.365  2966  3779 E WebCore::TextResourceDecoder: decode() autodetect done!
04-18 19:50:09.365  2966  3779 E WebCore::TextResourceDecoder: flush()
04-18 19:50:09.375  2966  3497 E         : external/chromium/net/socket/tcp_client_socket_libevent.cc, BindToDevice, 52
04-18 19:50:09.375  2966  3497 E         : BindToDevice: using interface [default]
04-18 19:50:09.395  2966  2966 V WebView : drawContent, drawRings: true, mDrawCursorRing: true
04-18 19:50:09.435  2966  2966 V WebView : drawContent, drawRings: true, mDrawCursorRing: true
04-18 19:50:09.455  2966  3779 E WebCoreFrameBridge: setProgress, 786
04-18 19:50:09.455  2966  2966 V Tab     : enter onProgressChanged(): 82
04-18 19:50:09.455  2966  2966 V WebView : drawContent, drawRings: true, mDrawCursorRing: true
04-18 19:50:09.495  2966  2966 V WebView : drawContent, drawRings: true, mDrawCursorRing: true
04-18 19:50:09.535  2966  2966 V WebView : drawContent, drawRings: true, mDrawCursorRing: true
04-18 19:50:09.565  2966  3779 E WebCoreFrameBridge: setProgress, 786
04-18 19:50:09.565  2966  2966 V Tab     : enter onProgressChanged(): 83
04-18 19:50:09.565  2966  2966 V WebView : drawContent, drawRings: true, mDrawCursorRing: true
04-18 19:50:09.605  2966  2966 V WebView : drawContent, drawRings: true, mDrawCursorRing: true
04-18 19:50:09.645  2966  2966 V WebView : drawContent, drawRings: true, mDrawCursorRing: true
04-18 19:50:09.675  2966  3779 E WebCoreFrameBridge: setProgress, 786
04-18 19:50:09.675  2966  2966 V Tab     : enter onProgressChanged(): 85
04-18 19:50:09.675  2966  2966 V WebView : drawContent, drawRings: true, mDrawCursorRing: true
04-18 19:50:09.685  2966  2966 V Controller: enter onSaveInstanceState()
04-18 19:50:09.685  2966  2966 V TabControl: enter saveState()
04-18 19:50:09.685  2966  2966 V Tab     : enter saveState()
04-18 19:50:09.715  2966  2966 V WebView : drawContent, drawRings: true, mDrawCursorRing: true
04-18 19:50:09.756  2966  2966 V WebView : drawContent, drawRings: true, mDrawCursorRing: true
04-18 19:50:09.776  2966  3779 E WebCoreFrameBridge: setProgress, 786
04-18 19:50:09.776  2966  2966 V Tab     : enter onProgressChanged(): 87
04-18 19:50:09.776  2966  2966 V WebView : drawContent, drawRings: true, mDrawCursorRing: true
04-18 19:50:09.816  2966  2966 V WebView : drawContent, drawRings: true, mDrawCursorRing: true
04-18 19:50:09.856  2966  2966 V WebView : drawContent, drawRings: true, mDrawCursorRing: true
04-18 19:50:09.896  2966  2966 V WebView : drawContent, drawRings: true, mDrawCursorRing: true
04-18 19:50:09.916  2966  3779 E WebCoreFrameBridge: setProgress, 786
04-18 19:50:09.936  2966  2966 V WebView : drawContent, drawRings: true, mDrawCursorRing: true
04-18 19:50:09.976  2966  2966 V WebView : drawContent, drawRings: true, mDrawCursorRing: true
04-18 19:50:10.016  2966  2966 V WebView : drawContent, drawRings: true, mDrawCursorRing: true
04-18 19:50:10.036  2966  3779 E WebCoreFrameBridge: setProgress, 786
04-18 19:50:10.036  2966  2966 V Tab     : enter onProgressChanged(): 88
04-18 19:50:10.036  2966  2966 V WebView : drawContent, drawRings: true, mDrawCursorRing: true
04-18 19:50:10.076  2966  2966 V WebView : drawContent, drawRings: true, mDrawCursorRing: true
04-18 19:50:10.116  2966  2966 V WebView : drawContent, drawRings: true, mDrawCursorRing: true
04-18 19:50:10.156  2966  3779 E WebCoreFrameBridge: setProgress, 786
04-18 19:50:10.156  2966  2966 V WebView : drawContent, drawRings: true, mDrawCursorRing: true
04-18 19:50:10.196  2966  2966 V WebView : drawContent, drawRings: true, mDrawCursorRing: true
04-18 19:50:10.236  2966  2966 V WebView : drawContent, drawRings: true, mDrawCursorRing: true
04-18 19:50:10.276  2966  2966 V Controller: enter onSaveInstanceState()
04-18 19:50:10.276  2966  2966 V TabControl: enter saveState()
04-18 19:50:10.276  2966  2966 V Tab     : enter saveState()
04-18 19:50:10.276  2966  2966 V WebView : drawContent, drawRings: true, mDrawCursorRing: true
04-18 19:50:10.286  2966  3779 E WebCoreFrameBridge: setProgress, 786
04-18 19:50:10.286  2966  2966 V Tab     : enter onProgressChanged(): 89
04-18 19:50:10.286  2966  2966 V WebView : drawContent, drawRings: true, mDrawCursorRing: true
04-18 19:50:10.326  2966  2966 V WebView : drawContent, drawRings: true, mDrawCursorRing: true
04-18 19:50:10.366  2966  2966 V WebView : drawContent, drawRings: true, mDrawCursorRing: true
04-18 19:50:10.406  2966  3779 E WebCoreFrameBridge: setProgress, 786
04-18 19:50:10.406  2966  2966 V WebView : drawContent, drawRings: true, mDrawCursorRing: true
04-18 19:50:10.446  2966  2966 V WebView : drawContent, drawRings: true, mDrawCursorRing: true
04-18 19:50:10.496  2966  2966 V WebView : drawContent, drawRings: true, mDrawCursorRing: true
04-18 19:50:10.506  2966  3779 E WebCoreFrameBridge: setProgress, 786
04-18 19:50:10.536  2966  2966 V WebView : drawContent, drawRings: true, mDrawCursorRing: true
04-18 19:50:10.576  2966  2966 V WebView : drawContent, drawRings: true, mDrawCursorRing: true
04-18 19:50:10.616  2966  2966 V WebView : drawContent, drawRings: true, mDrawCursorRing: true
04-18 19:50:10.616  2966  3779 E WebCoreFrameBridge: setProgress, 786
04-18 19:50:10.656  2966  2966 V WebView : drawContent, drawRings: true, mDrawCursorRing: true
04-18 19:50:10.746  2966  3779 E WebCoreFrameBridge: setProgress, 786
04-18 19:50:10.797  2966  2966 V Controller: enter onSaveInstanceState()
04-18 19:50:10.797  2966  2966 V TabControl: enter saveState()
04-18 19:50:10.797  2966  2966 V Tab     : enter saveState()
04-18 19:50:10.857  2966  3779 E WebCoreFrameBridge: setProgress, 786
04-18 19:50:10.977  2966  3779 E WebCoreFrameBridge: setProgress, 786
04-18 19:50:11.077  2966  3779 E WebCoreFrameBridge: setProgress, 786
04-18 19:50:11.177  2966  3779 E WebCoreFrameBridge: setProgress, 786
04-18 19:50:11.287  2966  3779 E WebCoreFrameBridge: setProgress, 786
04-18 19:50:11.297  2966  3779 E WebCoreFrameBridge: didFinishLoad, 673
04-18 19:50:11.297  2966  3779 E WebCoreFrameBridge: setProgress, 786
04-18 19:50:11.297  2966  2966 V Tab     : enter onPageFinished()
04-18 19:50:11.297  2966  2966 V Tab     : enter syncCurrentState()
04-18 19:50:11.297  2966  2966 V Controller: enter onPageFinished()
04-18 19:50:11.307  2966  3779 E WebCore::TextResourceDecoder: decode()
04-18 19:50:11.307  2966  3779 E WebCore::TextResourceDecoder: decode() css charset done!
04-18 19:50:11.307  2966  3779 E WebCore::TextResourceDecoder: decode(),  html/xml charset done! current encoding: UTF-8
04-18 19:50:11.307  2966  3779 E WebCore::TextResourceDecoder: shouldAutoDetect, m_usesEncodingDetector: 0, m_source :5
04-18 19:50:11.307  2966  3779 E WebCore::TextResourceDecoder: decode() autodetect done!
04-18 19:50:11.317  2966  2966 V Tab     : enter isSnapshot()
04-18 19:50:11.317  2966  2966 V Tab     : enter isSnapshot()
04-18 19:50:11.317  2966  2966 V Tab     : enter onProgressChanged(): 100
04-18 19:50:11.327  2966  3779 E WebCore::TextResourceDecoder: flush()
04-18 19:50:11.357  2966  2966 V WebView : drawContent, drawRings: true, mDrawCursorRing: true
04-18 19:50:11.567  2966  2966 V WebView : drawContent, drawRings: true, mDrawCursorRing: true
04-18 19:50:11.727  2966  3779 E WebCoreFrameBridge: userAgentForURL, 804
04-18 19:50:11.818  2966  2966 V Controller: enter updateScreenshot()
04-18 19:50:11.818  2966  2966 V Controller: enter createScreenshot()
04-18 19:50:11.828  2966  2966 V WebView : drawContent, drawRings: true, mDrawCursorRing: true
04-18 19:50:11.848  2966  2966 V Controller: enter onSaveInstanceState()
04-18 19:50:11.868  2966  2966 V TabControl: enter saveState()
04-18 19:50:11.868  2966  2966 V Tab     : enter saveState()
04-18 19:50:11.888  2966  2968 D dalvikvm: GC_CONCURRENT freed 750K, 23% free 11174K/14471K, paused 3ms+4ms
04-18 19:50:11.968  2966  3779 E WebCoreFrameBridge: userAgentForURL, 804
04-18 19:50:11.968  2966  3779 E WebCoreFrameBridge: userAgentForURL, 804
04-18 19:50:12.038  2966  3779 E WebCoreFrameBridge: userAgentForURL, 804
04-18 19:50:12.078  2966  3779 E WebCoreFrameBridge: userAgentForURL, 804
04-18 19:50:12.078  2966  3779 E WebCoreFrameBridge: userAgentForURL, 804
04-18 19:50:12.108  2107  2107 D StatusBar.NetworkControllerDualSIM: phone1:onSignalStrengthsChanged signalStrength=SignalStrength: 19 -1 -1 -1 -1 -1 -1 -1 -1 -1 -1 -1 gsm|lte level=5
04-18 19:50:12.158  2966  3779 E WebCoreFrameBridge: userAgentForURL, 804
04-18 19:50:12.158  2966  3779 E WebCoreFrameBridge: userAgentForURL, 804
04-18 19:50:12.158  2966  3779 E WebCoreFrameBridge: userAgentForURL, 804
04-18 19:50:12.158  2966  3779 E WebCoreFrameBridge: userAgentForURL, 804
04-18 19:50:12.258  2966  3779 E WebCoreFrameBridge: userAgentForURL, 804
04-18 19:50:12.258  2966  3779 E WebCoreFrameBridge: userAgentForURL, 804
04-18 19:50:12.258  2966  3779 E WebCoreFrameBridge: userAgentForURL, 804
04-18 19:50:12.258  2966  3779 E WebCoreFrameBridge: userAgentForURL, 804
04-18 19:50:12.298  2966  3779 E WebCoreFrameBridge: userAgentForURL, 804
04-18 19:50:12.298  2966  3779 E WebCoreFrameBridge: userAgentForURL, 804
04-18 19:50:12.298  2966  3779 E WebCoreFrameBridge: userAgentForURL, 804
04-18 19:50:12.308  2966  3779 E WebCoreFrameBridge: userAgentForURL, 804
04-18 19:50:12.348  2966  3779 E WebCoreFrameBridge: userAgentForURL, 804
04-18 19:50:12.548  2966  3779 E WebCoreFrameBridge: userAgentForURL, 804
04-18 19:50:12.558  2966  3779 E WebCore::DocumentWriter: encoding(), from m_decoder: UTF-8
04-18 19:50:12.558  2966  3779 E WebCoreFrameBridge: userAgentForURL, 804
04-18 19:50:12.558  2966  3779 E WebCoreFrameBridge: maybeSavePassword, 1219
04-18 19:50:12.558  2966  3779 E WebCoreFrameBridge: shouldInterceptRequest, 525
04-18 19:50:12.558  2966  3779 V Tab     : enter shouldInterceptRequest()
04-18 19:50:12.558  2966  2966 V Tab     : enter onLoadResource()
04-18 19:50:12.558  2966  2966 V Controller: enter onLoadResource()
04-18 19:50:12.558  2966  2966 V Controller: enter onLoadResource(): http://www.gstatic.com/m/images/gray_dot.png
04-18 19:50:12.558  2966  2966 V PageDownloader: add(): http://www.gstatic.com/m/images/gray_dot.png
04-18 19:50:12.558  2966  3779 E         : external/webkit/Source/WebCore/platform/GeolocationService.cpp, create, 59
04-18 19:50:12.558  2966  3779 E         : external/webkit/Source/WebCore/platform/android/GeolocationServiceAndroid.cpp, create, 60
04-18 19:50:12.558  2966  3779 E         : external/webkit/Source/WebCore/platform/GeolocationService.cpp, GeolocationService, 88
04-18 19:50:12.558  2966  3779 E         : external/webkit/Source/WebCore/platform/android/GeolocationServiceAndroid.cpp, GeolocationServiceAndroid, 74
04-18 19:50:12.558  2966  3779 E         : external/webkit/Source/WebCore/page/GeolocationPositionCache.cpp, instance, 52
04-18 19:50:12.558  2966  3779 E         : external/webkit/Source/WebCore/page/GeolocationPositionCache.cpp, addUser, 73
04-18 19:50:12.558  2966  3779 E         : external/webkit/Source/WebCore/page/GeolocationPositionCache.cpp, startBackgroundThread, 145
04-18 19:50:12.558  2966  3779 E         : external/webkit/Source/WebCore/page/GeolocationPositionCache.cpp, triggerReadFromDatabase, 178
04-18 19:50:12.558  2966  3779 E         : external/webkit/Source/WebCore/page/Geolocation.cpp, Geolocation, 297
04-18 19:50:12.558  2966  3929 E         : external/webkit/Source/WebCore/page/GeolocationPositionCache.cpp, threadEntryPoint, 155
04-18 19:50:12.558  2966  3929 E         : external/webkit/Source/WebCore/page/GeolocationPositionCache.cpp, threadEntryPointImpl, 165
04-18 19:50:12.558  2966  3929 E         : external/webkit/Source/WebCore/page/GeolocationPositionCache.cpp, readFromDatabase, 187
04-18 19:50:12.558  2966  3929 E         : external/webkit/Source/WebCore/page/GeolocationPositionCache.cpp, readFromDatabaseImpl, 196
04-18 19:50:12.568  2966  3497 E         : external/chromium/net/socket/tcp_client_socket_libevent.cc, BindToDevice, 52
04-18 19:50:12.568  2966  3497 E         : BindToDevice: using interface [default]
04-18 19:50:12.568  2966  3779 E         : external/webkit/Source/WebCore/page/Geolocation.cpp, watchPosition, 396
04-18 19:50:12.568  2966  3779 E         : external/webkit/Source/WebCore/page/Geolocation.cpp, startRequest, 416
04-18 19:50:12.568  2966  3779 E         : external/webkit/Source/WebCore/page/Geolocation.cpp, GeoNotifier, 106
04-18 19:50:12.568  2966  3779 E         : external/webkit/Source/WebCore/page/Geolocation.cpp, haveSuitableCachedPosition, 536
04-18 19:50:12.568  2966  3779 E         : external/webkit/Source/WebCore/page/GeolocationPositionCache.cpp, cachedPosition, 135
04-18 19:50:12.568  2966  3779 E         : external/webkit/Source/WebCore/page/Geolocation.cpp, hasZeroTimeout, 147
04-18 19:50:12.568  2966  3779 E         : external/webkit/Source/WebCore/page/Geolocation.cpp, startUpdating, 935
04-18 19:50:12.568  2966  3779 E         : external/webkit/Source/WebCore/platform/android/GeolocationServiceAndroid.cpp, startUpdating, 84
04-18 19:50:12.568  2966  3779 E         : external/webkit/Source/WebCore/platform/android/GeolocationServiceBridge.cpp, GeolocationServiceBridge, 80
04-18 19:50:12.568  2966  3779 E         : external/webkit/Source/WebCore/platform/android/GeolocationServiceBridge.cpp, startJavaImplementation, 208
04-18 19:50:12.568  2966  3779 V geolocationService: enter GeolocationService()
04-18 19:50:12.568  2966  3779 V GpsStatus: enter GpsStatus()
04-18 19:50:12.568  2966  3779 V GpsSatellite: enter GpsSatellite()
04-18 19:50:12.568  2966  3779 V GpsSatellite: enter GpsSatellite()
04-18 19:50:12.568  2966  3779 V GpsSatellite: enter GpsSatellite()
04-18 19:50:12.568  2966  3779 V GpsSatellite: enter GpsSatellite()
04-18 19:50:12.568  2966  3779 V GpsSatellite: enter GpsSatellite()
04-18 19:50:12.568  2966  3779 V GpsSatellite: enter GpsSatellite()
04-18 19:50:12.568  2966  3779 V GpsSatellite: enter GpsSatellite()
04-18 19:50:12.568  2966  3779 V GpsSatellite: enter GpsSatellite()
04-18 19:50:12.578  2966  3779 V GpsSatellite: enter GpsSatellite()
04-18 19:50:12.578  2966  3779 V GpsSatellite: enter GpsSatellite()
04-18 19:50:12.578  2966  3779 V GpsSatellite: enter GpsSatellite()
04-18 19:50:12.578  2966  3779 V GpsSatellite: enter GpsSatellite()
04-18 19:50:12.578  2966  3779 V GpsSatellite: enter GpsSatellite()
04-18 19:50:12.578  2966  3779 V GpsSatellite: enter GpsSatellite()
04-18 19:50:12.578  2966  3779 V GpsSatellite: enter GpsSatellite()
04-18 19:50:12.578  2966  3779 V GpsSatellite: enter GpsSatellite()
04-18 19:50:12.578  2966  3779 V GpsSatellite: enter GpsSatellite()
04-18 19:50:12.578  2966  3779 V GpsSatellite: enter GpsSatellite()
04-18 19:50:12.578  2966  3779 V GpsSatellite: enter GpsSatellite()
04-18 19:50:12.578  2966  3779 V GpsSatellite: enter GpsSatellite()
04-18 19:50:12.578  2966  3779 V GpsSatellite: enter GpsSatellite()
04-18 19:50:12.578  2966  3779 V GpsSatellite: enter GpsSatellite()
04-18 19:50:12.578  2966  3779 V GpsSatellite: enter GpsSatellite()
04-18 19:50:12.578  2966  3779 V GpsSatellite: enter GpsSatellite()
04-18 19:50:12.578  2966  3779 V GpsSatellite: enter GpsSatellite()
04-18 19:50:12.578  2966  3779 V GpsSatellite: enter GpsSatellite()
04-18 19:50:12.578  2966  3779 V GpsSatellite: enter GpsSatellite()
04-18 19:50:12.578  2966  3779 V GpsSatellite: enter GpsSatellite()
04-18 19:50:12.578  2966  3779 V GpsSatellite: enter GpsSatellite()
04-18 19:50:12.578  2966  3779 V GpsSatellite: enter GpsSatellite()
04-18 19:50:12.578  2966  3779 V GpsSatellite: enter GpsSatellite()
04-18 19:50:12.578  2966  3779 V GpsSatellite: enter GpsSatellite()
04-18 19:50:12.578  2966  3779 V GpsSatellite: enter GpsSatellite()
04-18 19:50:12.578  2966  3779 V GpsSatellite: enter GpsSatellite()
04-18 19:50:12.578  2966  3779 V GpsSatellite: enter GpsSatellite()
04-18 19:50:12.578  2966  3779 V GpsSatellite: enter GpsSatellite()
04-18 19:50:12.578  2966  3779 V GpsSatellite: enter GpsSatellite()
04-18 19:50:12.578  2966  3779 V GpsSatellite: enter GpsSatellite()
04-18 19:50:12.578  2966  3779 V GpsSatellite: enter GpsSatellite()
04-18 19:50:12.578  2966  3779 V GpsSatellite: enter GpsSatellite()
04-18 19:50:12.578  2966  3779 V GpsSatellite: enter GpsSatellite()
04-18 19:50:12.578  2966  3779 V GpsSatellite: enter GpsSatellite()
04-18 19:50:12.578  2966  3779 V GpsSatellite: enter GpsSatellite()
04-18 19:50:12.578  2966  3779 V GpsSatellite: enter GpsSatellite()
04-18 19:50:12.578  2966  3779 V GpsSatellite: enter GpsSatellite()
04-18 19:50:12.578  2966  3779 V GpsSatellite: enter GpsSatellite()
04-18 19:50:12.578  2966  3779 V GpsSatellite: enter GpsSatellite()
04-18 19:50:12.578  2966  3779 V GpsSatellite: enter GpsSatellite()
04-18 19:50:12.578  2966  3779 V GpsSatellite: enter GpsSatellite()
04-18 19:50:12.578  2966  3779 V GpsSatellite: enter GpsSatellite()
04-18 19:50:12.578  2966  3779 V GpsSatellite: enter GpsSatellite()
04-18 19:50:12.578  2966  3779 V GpsSatellite: enter GpsSatellite()
04-18 19:50:12.578  2966  3779 V GpsSatellite: enter GpsSatellite()
04-18 19:50:12.578  2966  3779 V GpsSatellite: enter GpsSatellite()
04-18 19:50:12.578  2966  3779 V GpsSatellite: enter GpsSatellite()
04-18 19:50:12.578  2966  3779 V GpsSatellite: enter GpsSatellite()
04-18 19:50:12.578  2966  3779 V GpsSatellite: enter GpsSatellite()
04-18 19:50:12.578  2966  3779 V GpsSatellite: enter GpsSatellite()
04-18 19:50:12.578  2966  3779 V GpsSatellite: enter GpsSatellite()
04-18 19:50:12.578  2966  3779 V GpsSatellite: enter GpsSatellite()
04-18 19:50:12.578  2966  3779 V GpsSatellite: enter GpsSatellite()
04-18 19:50:12.578  2966  3779 V GpsSatellite: enter GpsSatellite()
04-18 19:50:12.578  2966  3779 V GpsSatellite: enter GpsSatellite()
04-18 19:50:12.578  2966  3779 V GpsSatellite: enter GpsSatellite()
04-18 19:50:12.578  2966  3779 V GpsSatellite: enter GpsSatellite()
04-18 19:50:12.578  2966  3779 V GpsSatellite: enter GpsSatellite()
04-18 19:50:12.578  2966  3779 V GpsSatellite: enter GpsSatellite()
04-18 19:50:12.578  2966  3779 V GpsSatellite: enter GpsSatellite()
04-18 19:50:12.578  2966  3779 V GpsSatellite: enter GpsSatellite()
04-18 19:50:12.578  2966  3779 V GpsSatellite: enter GpsSatellite()
04-18 19:50:12.578  2966  3779 V GpsSatellite: enter GpsSatellite()
04-18 19:50:12.578  2966  3779 V GpsSatellite: enter GpsSatellite()
04-18 19:50:12.578  2966  3779 V GpsSatellite: enter GpsSatellite()
04-18 19:50:12.578  2966  3779 V GpsSatellite: enter GpsSatellite()
04-18 19:50:12.578  2966  3779 V GpsSatellite: enter GpsSatellite()
04-18 19:50:12.578  2966  3779 V GpsSatellite: enter GpsSatellite()
04-18 19:50:12.578  2966  3779 V GpsSatellite: enter GpsSatellite()
04-18 19:50:12.588  2966  3779 V GpsSatellite: enter GpsSatellite()
04-18 19:50:12.588  2966  3779 V GpsSatellite: enter GpsSatellite()
04-18 19:50:12.588  2966  3779 V GpsSatellite: enter GpsSatellite()
04-18 19:50:12.588  2966  3779 V GpsSatellite: enter GpsSatellite()
04-18 19:50:12.588  2966  3779 V GpsSatellite: enter GpsSatellite()
04-18 19:50:12.588  2966  3779 V GpsSatellite: enter GpsSatellite()
04-18 19:50:12.588  2966  3779 V GpsSatellite: enter GpsSatellite()
04-18 19:50:12.588  2966  3779 V GpsSatellite: enter GpsSatellite()
04-18 19:50:12.588  2966  3779 V GpsSatellite: enter GpsSatellite()
04-18 19:50:12.588  2966  3779 V GpsSatellite: enter GpsSatellite()
04-18 19:50:12.588  2966  3779 V GpsSatellite: enter GpsSatellite()
04-18 19:50:12.588  2966  3779 V GpsSatellite: enter GpsSatellite()
04-18 19:50:12.588  2966  3779 V GpsSatellite: enter GpsSatellite()
04-18 19:50:12.588  2966  3779 V GpsSatellite: enter GpsSatellite()
04-18 19:50:12.588  2966  3779 V GpsSatellite: enter GpsSatellite()
04-18 19:50:12.588  2966  3779 V GpsSatellite: enter GpsSatellite()
04-18 19:50:12.588  2966  3779 V GpsSatellite: enter GpsSatellite()
04-18 19:50:12.588  2966  3779 V GpsSatellite: enter GpsSatellite()
04-18 19:50:12.588  2966  3779 V GpsSatellite: enter GpsSatellite()
04-18 19:50:12.588  2966  3779 V GpsSatellite: enter GpsSatellite()
04-18 19:50:12.588  2966  3779 V GpsSatellite: enter GpsSatellite()
04-18 19:50:12.588  2966  3779 V GpsSatellite: enter GpsSatellite()
04-18 19:50:12.588  2966  3779 V GpsSatellite: enter GpsSatellite()
04-18 19:50:12.588  2966  3779 V GpsSatellite: enter GpsSatellite()
04-18 19:50:12.588  2966  3779 V GpsSatellite: enter GpsSatellite()
04-18 19:50:12.588  2966  3779 V GpsSatellite: enter GpsSatellite()
04-18 19:50:12.588  2966  3779 V GpsSatellite: enter GpsSatellite()
04-18 19:50:12.588  2966  3779 V GpsSatellite: enter GpsSatellite()
04-18 19:50:12.588  2966  3779 V GpsSatellite: enter GpsSatellite()
04-18 19:50:12.588  2966  3779 V GpsSatellite: enter GpsSatellite()
04-18 19:50:12.588  2966  3779 V GpsSatellite: enter GpsSatellite()
