--------- beginning of /dev/log/main
04-18 19:50:02.048  2439  2439 I OnAlarmReceiver: onReceive...
04-18 19:50:02.068  2439  3029 D NetMeterService: ====> Updating database <====
04-18 19:50:02.068  2439  2439 D NetMeterService: Service onStart -> 
04-18 19:50:02.198  2439  3029 D NetMeterService: rmnet0 done in 133 ms.
04-18 19:50:02.208  2439  3029 D NetMeterService: Alert: 4 ms
04-18 19:50:03.489  2966  2966 V Controller: enter loadUrl(): http://www.google.com.hk/webhp?hl=zh-CN&sourceid=cnhp
04-18 19:50:03.489  2966  2966 V Controller: enter loadUrl() 3: http://www.google.com.hk/webhp?hl=zh-CN&sourceid=cnhp
04-18 19:50:03.489  2966  2966 V PageDownloader: reset()
04-18 19:50:03.489  2966  2966 V Controller: Activity is paused, loadUrl delay 500ms: http://www.google.com.hk/webhp?hl=zh-CN&sourceid=cnhp
04-18 19:50:03.489  2966  2966 V Controller: enter onResume()
04-18 19:50:03.489  2966  2966 V Tab     : enter resume()
04-18 19:50:03.489  2966  2966 V Tab     : enter setupHwAcceleration()
04-18 19:50:03.489  2966  2966 V Controller: enter resumeWebViewTimers()
04-18 19:50:03.489  2966  2966 D WebViewTimersControl: onBrowserActivityResume
04-18 19:50:03.489  2966  2966 D WebViewTimersControl: Resuming webview timers, view=com.android.browser.BrowserWebView@4135de88
04-18 19:50:03.489  2966  2966 V Controller: enter releaseWakeLock()
04-18 19:50:03.489  2966  2966 W BaseUi  : mMainView is already attached to wrapper in attachTabToContentView!
04-18 19:50:03.489  2966  2966 W BaseUi  : mContainer is already attached to content in attachTabToContentView!
04-18 19:50:03.489  2966  2966 V Controller: enter attachSubWindow()
04-18 19:50:03.499  2966  2966 V Tab     : enter isSnapshot()
04-18 19:50:03.499  2966  2966 V Tab     : enter getDeviceAccountLogin()
04-18 19:50:03.509  2966  2966 V NetworkStateHandler: enter onResume()
04-18 19:50:03.509  2966  2966 V Controller: enter handleApnResume()
04-18 19:50:03.509  2966  2966 I WebView : enablePlatformNotifications, set proxy
04-18 19:50:03.509  2966  2966 I WebView : setupProxyListener
04-18 19:50:03.519  2966  2966 I WebView : setupProxyListener begin:
04-18 19:50:03.519  2966  2966 I WebView : setupProxyListener done!
04-18 19:50:03.519  2966  2966 V Controller: onResume done!
04-18 19:50:03.519  1573  1718 I libblt_hw: Library opened (handle = 0, fd = 20)
04-18 19:50:03.529  2966  2966 V NetworkStateHandler: enter onReceive()
04-18 19:50:03.529  2966  2966 V NetworkStateHandler: onReceive: NetworkInfo: type: mobile[UMTS], state: CONNECTED/CONNECTED, reason: simLoaded, extra: 3gnet, roaming: false, failover: false, isAvailable: true
04-18 19:50:03.529  2966  2966 V Controller: enter handleNetworkMessage(): NetworkInfo: type: mobile[UMTS], state: CONNECTED/CONNECTED, reason: simLoaded, extra: 3gnet, roaming: false, failover: false, isAvailable: true
04-18 19:50:03.529  2966  2966 V NetworkStateHandler: enter sendNetworkType(): mobile, umts
04-18 19:50:03.529  2966  2966 V NetworkStateHandler: enter onNetworkToggle(): true
04-18 19:50:03.539  2966  2966 V WebView : setActive: true
04-18 19:50:03.539  2966  2966 V WebView : setActive, hasFocus, mDrawCursorRing: true
04-18 19:50:03.549  2966  2966 V WebView : drawContent, drawRings: true, mDrawCursorRing: true
04-18 19:50:03.569  2966  3779 E         : external/webkit/Source/WebKit/android/jni/JavaBridge.cpp, SetNetworkType, 434
04-18 19:50:03.610  2966  2966 V WebView : drawContent, drawRings: true, mDrawCursorRing: true
04-18 19:50:03.660  2966  2966 V WebView : drawContent, drawRings: true, mDrawCursorRing: true
04-18 19:50:03.730  2966  2966 V WebView : drawContent, drawRings: true, mDrawCursorRing: true
04-18 19:50:03.790  1573  1997 I libblt_hw: Library closed (handle = 6, fd = 21)
04-18 19:50:03.800  2966  2966 V WebView : drawContent, drawRings: true, mDrawCursorRing: true
04-18 19:50:03.840  2966  2966 V WebView : drawContent, drawRings: true, mDrawCursorRing: true
04-18 19:50:03.890  2966  2966 V WebView : drawContent, drawRings: true, mDrawCursorRing: true
04-18 19:50:03.930  2966  2966 V WebView : drawContent, drawRings: true, mDrawCursorRing: true
04-18 19:50:03.980  2966  2966 V WebView : drawContent, drawRings: true, mDrawCursorRing: true
04-18 19:50:04.000  2966  2966 V Controller: enter loadUrl() 3: http://www.google.com.hk/webhp?hl=zh-CN&sourceid=cnhp
04-18 19:50:04.000  2966  2966 V PageDownloader: reset()
04-18 19:50:04.000  2966  2966 V Controller: enter dismissSubWindow()
04-18 19:50:04.000  2966  2966 V Controller: enter removeSubWindow()
04-18 19:50:04.000  2966  2966 V Tab     : enter dismissSubWindow()
04-18 19:50:04.000  2966  2966 V Tab     : enter loadUrl()
04-18 19:50:04.000  2966  2966 V Controller: enter onPageStarted()
04-18 19:50:04.010  2966  2966 V NetworkStateHandler: enter isNetworkUp(): true
04-18 19:50:04.010  2966  2966 V Tab     : enter isSnapshot()
04-18 19:50:04.030  2966  3779 E WebCoreFrameBridge: LoadUrl, 1500
04-18 19:50:04.030  2966  3779 E WebCoreFrameBridge: userAgentForURL, 804
04-18 19:50:04.030  2966  3779 E WebCore::DocumentWriter: encoding(), from m_decoder: UTF-8
04-18 19:50:04.030  2966  3779 E WebCoreFrameBridge: canHandleRequest, 876
04-18 19:50:04.030  2966  3779 E WebCoreFrameBridge: loadStarted, 592
04-18 19:50:04.030  2966  3779 E WebCoreFrameBridge: setProgress, 786
04-18 19:50:04.030  2966  3779 E WebCoreFrameBridge: userAgentForURL, 804
04-18 19:50:04.030  2966  3779 E WebCore::DocumentWriter: encoding(), from settings defaultTextEncodingName
04-18 19:50:04.030  2966  3779 E WebCoreFrameBridge: userAgentForURL, 804
04-18 19:50:04.030  2966  3779 E WebCoreFrameBridge: maybeSavePassword, 1219
04-18 19:50:04.030  2966  3779 E WebCoreFrameBridge: shouldInterceptRequest, 525
04-18 19:50:04.030  2966  3779 V Tab     : enter shouldInterceptRequest()
04-18 19:50:04.050  2966  2966 V WebView : drawContent, drawRings: true, mDrawCursorRing: true
--------- beginning of /dev/log/system
04-18 19:50:04.060  2107  2107 D StatusBar.NetworkControllerDualSIM: phone1:onDataActivity: direction=2
04-18 19:50:04.080  2966  2966 V Tab     : enter onPageStarted()
04-18 19:50:04.080  2966  2966 V Controller: enter onPageStarted()
04-18 19:50:04.080  2966  2966 V NetworkStateHandler: enter isNetworkUp(): true
04-18 19:50:04.090  2966  2966 V Tab     : enter isSnapshot()
04-18 19:50:04.090  2966  2966 V Tab     : enter updateBookmarkedStatus()
04-18 19:50:04.090  2966  2966 V Tab     : enter onProgressChanged(): 10
04-18 19:50:04.090  2966  2966 V Tab     : enter onLoadResource()
04-18 19:50:04.090  2966  2966 V Controller: enter onLoadResource()
04-18 19:50:04.090  2966  2966 V Controller: enter onLoadResource(): http://www.google.com.hk/webhp?hl=zh-CN&sourceid=cnhp
04-18 19:50:04.090  2966  2966 V PageDownloader: add(): http://www.google.com.hk/webhp?hl=zh-CN&sourceid=cnhp
04-18 19:50:04.100  2966  2966 V WebView : drawContent, drawRings: true, mDrawCursorRing: true
04-18 19:50:04.130  2966  2966 V Tab     : enter onQueryUrlIsBookmark()
04-18 19:50:04.130  2966  2966 V WebView : drawContent, drawRings: true, mDrawCursorRing: true
04-18 19:50:04.170  2966  2966 V WebView : drawContent, drawRings: true, mDrawCursorRing: true
04-18 19:50:04.210  2966  2966 V WebView : drawContent, drawRings: true, mDrawCursorRing: true
04-18 19:50:04.250  2966  2966 V WebView : drawContent, drawRings: true, mDrawCursorRing: true
04-18 19:50:04.290  2966  2966 V WebView : drawContent, drawRings: true, mDrawCursorRing: true
04-18 19:50:04.330  2966  2966 V WebView : drawContent, drawRings: true, mDrawCursorRing: true
04-18 19:50:04.330  2966  3497 E         : external/chromium/net/socket/tcp_client_socket_libevent.cc, BindToDevice, 52
04-18 19:50:04.330  2966  3497 E         : BindToDevice: using interface [default]
04-18 19:50:04.370  2966  2966 V WebView : drawContent, drawRings: true, mDrawCursorRing: true
04-18 19:50:04.410  2966  2966 V WebView : drawContent, drawRings: true, mDrawCursorRing: true
04-18 19:50:04.450  2966  2966 V WebView : drawContent, drawRings: true, mDrawCursorRing: true
04-18 19:50:04.490  2966  2966 V WebView : drawContent, drawRings: true, mDrawCursorRing: true
04-18 19:50:04.590  2966  2966 V Controller: enter onSaveInstanceState()
04-18 19:50:04.590  2966  2966 V TabControl: enter saveState()
04-18 19:50:04.590  2966  2966 V Tab     : enter saveState()
04-18 19:50:04.731  2966  2966 V WebView : drawContent, drawRings: true, mDrawCursorRing: true
04-18 19:50:04.751  2966  2966 V WebView : drawContent, drawRings: true, mDrawCursorRing: true
04-18 19:50:04.781  2966  2966 V WebView : drawContent, drawRings: true, mDrawCursorRing: true
04-18 19:50:04.811  2966  2966 V WebView : drawContent, drawRings: true, mDrawCursorRing: true
04-18 19:50:04.851  2966  2966 V WebView : drawContent, drawRings: true, mDrawCursorRing: true
04-18 19:50:04.881  2966  2966 V WebView : drawContent, drawRings: true, mDrawCursorRing: true
04-18 19:50:04.911  2966  2966 V WebView : drawContent, drawRings: true, mDrawCursorRing: true
04-18 19:50:04.931  2966  2966 V WebView : drawContent, drawRings: true, mDrawCursorRing: true
04-18 19:50:04.961  2966  2966 V WebView : drawContent, drawRings: true, mDrawCursorRing: true
04-18 19:50:04.991  2966  2966 V WebView : drawContent, drawRings: true, mDrawCursorRing: true
04-18 19:50:05.061  2107  2107 D StatusBar.NetworkControllerDualSIM: phone1:onDataActivity: direction=3
04-18 19:50:05.772  2249  2249 D VtApp   : onServiceStateChanged:0 home CHN-UNICOM UNICOM 46001  HSPA:11 CSS not supported -1 -1 RoamInd=-1 DefRoamInd=-1 EmergOnly=false
04-18 19:50:05.772  2249  2249 D VtApp   : onReceive,action:android.intent.action.SERVICE_STATE
04-18 19:50:05.772  2107  2107 D StatusBar.NetworkControllerDualSIM: phone1:onServiceStateChanged state=0
04-18 19:50:05.782  2744  2744 D CoolpadPN_PhoneStateChangeListener: onDataConnectionStateChanged()...
04-18 19:50:05.782  2744  2744 D CoolpadPN_PhoneStateChangeListener: Data Connection State = DATA_CONNECTED
04-18 19:50:05.782  2744  2744 D CoolpadPN_NotificationService: connect()...
04-18 19:50:05.782  2439  2439 V SettingsAppWidgetProvider: *****Onreceive intent***Intent { act=android.intent.action.SERVICE_STATE flg=0x10 cmp=com.netqin.mobileguard/.app.widget.SettingsAppWidgetProvider (has extras) }   android.intent.action.SERVICE_STATE
04-18 19:50:05.782  2229  2229 D CallManager:  handleMessage:118
04-18 19:50:05.782  2229  2229 D NotificationMgr: updateNetworkSelection()...state = 0 new network 
04-18 19:50:05.782  2107  2107 D StatusBar.NetworkControllerDualSIM: phone1:onDataConnectionStateChanged: state=2 type=10
04-18 19:50:05.792  2249  2249 D VtApp   : onReceive,action:android.intent.action.ANY_DATA_STATE
04-18 19:50:05.792  2229  2229 D PhoneApp: mReceiver: ACTION_ANY_DATA_CONNECTION_STATE_CHANGED
04-18 19:50:05.792  2229  2229 D PhoneApp: - state: CONNECTED
04-18 19:50:05.792  2229  2229 D PhoneApp: - reason: nwTypeChanged
04-18 19:50:05.792  2229  2229 D NotificationMgr: hideDataDisconnectedRoaming()...
04-18 19:50:05.802  2439  2439 V SettingsAppWidgetProvider: Updating wifi button,state =  0
04-18 19:50:05.802  2439  2439 V SettingsAppWidgetProvider: Updating bluetooth button,state =  0
04-18 19:50:05.802  2439  2439 I SettingsAppWidgetProvider: level:68
04-18 19:50:05.802  2439  2439 E SettingsAppWidhetProvider: level1 = 68.0
04-18 19:50:05.802  2008  2022 D MobileDataStateTracker: default: Received state=CONNECTED, old=CONNECTED, reason=nwTypeChanged
04-18 19:50:05.832  2481  2481 D SMSSELFREG: action = android.intent.action.SERVICE_STATE
04-18 19:50:05.832  2481  2481 V SMSSELFREG: BootReceiver: sim1 ready.
04-18 19:50:05.832  2481  2481 V SMSSELFREG: BootReceiver: sim2 not ready.
04-18 19:50:06.052  2966  3779 E WebCoreFrameBridge: userAgentForURL, 804
04-18 19:50:06.052  2966  3779 E WebCoreFrameBridge: canHandleRequest, 876
04-18 19:50:06.062  2966  2966 V Tab     : enter shouldOverrideUrlLoading()
04-18 19:50:06.062  2966  2966 V Controller: enter shouldOverrideUrlLoading(): http://www.google.com.hk/url?sa=p&hl=zh-CN&pref=hkredirect&pval=yes&q=http://www.google.com.hk/webhp%3Fhl%3Dzh-CN%26sourceid%3Dcnhp&ust=1334749836953269&usg=AFQjCNEITdynzVblzbXK0IutZ6BSDP9XKQ
04-18 19:50:06.062  2966  2966 V NetworkStateHandler: enter isNetworkUp(): true
04-18 19:50:06.062  2966  2966 V PageDownloader: reset()
04-18 19:50:06.062  2966  2966 V PageDownloader: add(): http://www.google.com.hk/url?sa=p&hl=zh-CN&pref=hkredirect&pval=yes&q=http://www.google.com.hk/webhp%3Fhl%3Dzh-CN%26sourceid%3Dcnhp&ust=1334749836953269&usg=AFQjCNEITdynzVblzbXK0IutZ6BSDP9XKQ
04-18 19:50:06.072  2966  3779 E WebCoreFrameBridge: loadStarted, 592
04-18 19:50:06.072  2966  2966 V Tab     : enter onPageStarted()
04-18 19:50:06.072  2966  2966 V Controller: enter onPageStarted()
04-18 19:50:06.072  2966  2966 V NetworkStateHandler: enter isNetworkUp(): true
04-18 19:50:06.072  2966  2966 V Tab     : enter isSnapshot()
04-18 19:50:06.072  2966  2966 V Tab     : enter updateBookmarkedStatus()
04-18 19:50:06.082  2966  2966 V WebView : drawContent, drawRings: true, mDrawCursorRing: true
04-18 19:50:06.092  2966  2966 V Tab     : enter onQueryUrlIsBookmark()
04-18 19:50:06.092  2966  2966 V WebView : drawContent, drawRings: true, mDrawCursorRing: true
04-18 19:50:06.302  2966  3779 E WebCoreFrameBridge: userAgentForURL, 804
04-18 19:50:06.302  2966  3779 E WebCoreFrameBridge: canHandleRequest, 876
04-18 19:50:06.302  2966  2966 V Tab     : enter shouldOverrideUrlLoading()
04-18 19:50:06.302  2966  2966 V Controller: enter shouldOverrideUrlLoading(): http://www.google.com.hk/webhp?hl=zh-CN&sourceid=cnhp
04-18 19:50:06.302  2966  2966 V NetworkStateHandler: enter isNetworkUp(): true
04-18 19:50:06.302  2966  2966 V PageDownloader: reset()
04-18 19:50:06.302  2966  2966 V PageDownloader: add(): http://www.google.com.hk/webhp?hl=zh-CN&sourceid=cnhp
04-18 19:50:06.342  2966  3779 E WebCoreFrameBridge: loadStarted, 592
04-18 19:50:06.352  2966  2966 V Tab     : enter onPageStarted()
04-18 19:50:06.352  2966  2966 V Controller: enter onPageStarted()
04-18 19:50:06.352  2966  2966 V NetworkStateHandler: enter isNetworkUp(): true
04-18 19:50:06.362  2966  2966 V Tab     : enter isSnapshot()
04-18 19:50:06.362  2966  2966 V Tab     : enter updateBookmarkedStatus()
04-18 19:50:06.372  2966  2966 V WebView : drawContent, drawRings: true, mDrawCursorRing: true
04-18 19:50:06.382  2966  2966 V WebView : drawContent, drawRings: true, mDrawCursorRing: true
04-18 19:50:06.392  2966  2966 V Tab     : enter onQueryUrlIsBookmark()
04-18 19:50:06.402  2966  2968 D dalvikvm: GC_CONCURRENT freed 575K, 23% free 11265K/14471K, paused 8ms+6ms
04-18 19:50:06.653  2966  3779 E WebCore : canShowMIMEType, mimetype: text/html#
04-18 19:50:06.653  2966  3779 E WebCore : canShowMIMEType, mimetype: text/html#
04-18 19:50:06.693  2966  3779 E WebCoreFrameBridge: addHistoryItem, 706
04-18 19:50:06.693  2966  2966 V Tab     : enter onNewHistoryItem()
04-18 19:50:06.693  2966  3779 E WebCoreFrameBridge: updateVisitedHistory, 855
04-18 19:50:06.693  2966  2966 V Tab     : enter doUpdateVisitedHistory()
04-18 19:50:06.703  2966  3779 E WebCoreFrameBridge: transitionToCommitted, 654
04-18 19:50:06.703  2966  3779 E         : external/webkit/Source/WebCore/loader/DocumentLoader.cpp, commitData, 312
04-18 19:50:06.703  2966  3779 E         : external/webkit/Source/WebCore/loader/DocumentLoader.cpp, commitData, 318
04-18 19:50:06.703  2966  3779 E WebCore::DocumentWriter: setEncoding(): utf-8, userChosen: 0
04-18 19:50:06.713  2966  3779 E WebCoreFrameBridge: GetShouldStartScrolledRight, 2258
04-18 19:50:06.713  2966  3779 E WebCoreFrameBridge: windowObjectCleared, 768
04-18 19:50:06.713  2966  3779 E WebCoreFrameBridge: AddJavascriptInterface, 1945
04-18 19:50:06.713  2966  3779 E WebCoreFrameBridge: StringByEvaluatingJavaScriptFromString, 1837
04-18 19:50:06.723  2966  3779 E WebCore::DocumentWriter: createDecoderIfNeeded()
04-18 19:50:06.723  2966  3779 E WebCore::TextResourceDecoder: defaultEncoding, content-type: 1, default encoding: 
04-18 19:50:06.723  2966  3779 E WebCore::DocumentWriter: write(): set decoder from http header or user
04-18 19:50:06.723  2966  3779 E WebCore::DocumentWriter: utf-8
04-18 19:50:06.723  2966  3779 E WebCore::TextResourceDecoder: setEncoding(), source: 5
04-18 19:50:06.723  2966  3779 E WebCore::TextResourceDecoder: setEncoding() name: UTF-8
04-18 19:50:06.723  2966  3779 E WebCore::TextResourceDecoder: decode()
04-18 19:50:06.723  2966  3779 E WebCore::TextResourceDecoder: decode() css charset done!
04-18 19:50:06.723  2966  3779 E WebCore::TextResourceDecoder: checkForHeadCharset(), decode source: 5
04-18 19:50:06.723  2966  3779 E WebCore::TextResourceDecoder: checkForHeadCharset(), checkForMetaCharset
04-18 19:50:06.723  2966  3779 E WebCore::TextResourceDecoder: checkForHeadCharset(), check xml encoding
04-18 19:50:06.723  2966  3779 E WebCoreFrameBridge: setProgress, 786
04-18 19:50:06.723  2966  2966 V Tab     : enter onProgressChanged(): 12
04-18 19:50:06.723  2966  2966 V WebView : drawContent, drawRings: true, mDrawCursorRing: true
04-18 19:50:06.733  2966  3779 E         : external/webkit/Source/WebCore/loader/DocumentLoader.cpp, commitData, 312
04-18 19:50:06.733  2966  3779 E         : external/webkit/Source/WebCore/loader/DocumentLoader.cpp, commitData, 318
04-18 19:50:06.733  2966  3779 E WebCore::DocumentWriter: setEncoding(): utf-8, userChosen: 0
04-18 19:50:06.733  2966  3779 E WebCore::DocumentWriter: createDecoderIfNeeded()
04-18 19:50:06.733  2966  3779 E WebCore::TextResourceDecoder: decode()
04-18 19:50:06.733  2966  3779 E WebCore::TextResourceDecoder: decode() css charset done!
04-18 19:50:06.733  2966  3779 E WebCore::TextResourceDecoder: checkForHeadCharset(), decode source: 5
04-18 19:50:06.733  2966  3779 E WebCore::TextResourceDecoder: checkForHeadCharset(), checkForMetaCharset
04-18 19:50:06.733  2966  3779 E WebCoreFrameBridge: setProgress, 786
04-18 19:50:06.733  2966  3779 E         : external/webkit/Source/WebCore/loader/DocumentLoader.cpp, commitData, 312
04-18 19:50:06.733  2966  2966 V Tab     : enter onProgressChanged(): 19
04-18 19:50:06.733  2966  2966 V WebView : drawContent, drawRings: true, mDrawCursorRing: true
04-18 19:50:06.733  2966  3779 E         : external/webkit/Source/WebCore/loader/DocumentLoader.cpp, commitData, 318
04-18 19:50:06.733  2966  3779 E WebCore::DocumentWriter: setEncoding(): utf-8, userChosen: 0
04-18 19:50:06.733  2966  3779 E WebCore::DocumentWriter: createDecoderIfNeeded()
04-18 19:50:06.733  2966  3779 E WebCore::TextResourceDecoder: decode()
04-18 19:50:06.733  2966  3779 E WebCore::TextResourceDecoder: decode() css charset done!
04-18 19:50:06.733  2966  3779 E WebCore::TextResourceDecoder: checkForHeadCharset(), decode source: 5
04-18 19:50:06.733  2966  3779 E WebCore::TextResourceDecoder: checkForHeadCharset(), checkForMetaCharset
04-18 19:50:06.743  2966  3779 E WebCoreFrameBridge: setProgress, 786
04-18 19:50:06.743  2966  2966 V Tab     : enter onProgressChanged(): 29
04-18 19:50:06.743  2966  2966 V WebView : drawContent, drawRings: true, mDrawCursorRing: true
04-18 19:50:06.773  2966  3779 E         : external/webkit/Source/WebCore/loader/DocumentLoader.cpp, commitData, 312
04-18 19:50:06.773  2966  3779 E         : external/webkit/Source/WebCore/loader/DocumentLoader.cpp, commitData, 318
04-18 19:50:06.773  2966  3779 E WebCore::DocumentWriter: setEncoding(): utf-8, userChosen: 0
04-18 19:50:06.773  2966  3779 E WebCore::DocumentWriter: createDecoderIfNeeded()
04-18 19:50:06.773  2966  3779 E WebCore::TextResourceDecoder: decode()
04-18 19:50:06.773  2966  3779 E WebCore::TextResourceDecoder: decode() css charset done!
04-18 19:50:06.773  2966  3779 E WebCore::TextResourceDecoder: checkForHeadCharset(), decode source: 5
04-18 19:50:06.773  2966  3779 E WebCore::TextResourceDecoder: checkForHeadCharset(), checkForMetaCharset
04-18 19:50:06.773  2966  3779 E WebCoreFrameBridge: setProgress, 786
04-18 19:50:06.773  2966  2966 V Tab     : enter onProgressChanged(): 36
04-18 19:50:06.783  2966  2966 V WebView : drawContent, drawRings: true, mDrawCursorRing: true
04-18 19:50:06.803  2008  2088 D MobileDataStateTracker: default: setPolicyDataEnable(enabled=true)
04-18 19:50:06.803  2008  2088 D MobileDataStateTracker: default: setSlotPolicyDataEnable(enabled=true,slot:0)
04-18 19:50:06.803  2008  2088 D MobileDataStateTracker: default: setSlotPolicyDataEnable(enabled=true,slot:1)
04-18 19:50:06.813  2966  3779 E         : external/webkit/Source/WebCore/loader/DocumentLoader.cpp, commitData, 312
04-18 19:50:06.813  2966  3779 E         : external/webkit/Source/WebCore/loader/DocumentLoader.cpp, commitData, 318
04-18 19:50:06.813  2966  3779 E WebCore::DocumentWriter: setEncoding(): utf-8, userChosen: 0
04-18 19:50:06.813  2966  3779 E WebCore::DocumentWriter: createDecoderIfNeeded()
04-18 19:50:06.813  2966  3779 E WebCore::TextResourceDecoder: decode()
04-18 19:50:06.813  2966  3779 E WebCore::TextResourceDecoder: decode() css charset done!
04-18 19:50:06.813  2966  3779 E WebCore::TextResourceDecoder: checkForHeadCharset(), decode source: 5
04-18 19:50:06.813  2966  3779 E WebCore::TextResourceDecoder: checkForHeadCharset(), checkForMetaCharset
04-18 19:50:06.813  2966  3779 E WebCoreFrameBridge: setProgress, 786
04-18 19:50:06.813  2966  2966 V Tab     : enter onProgressChanged(): 41
04-18 19:50:06.813  2966  2966 V WebView : drawContent, drawRings: true, mDrawCursorRing: true
04-18 19:50:06.853  2966  3779 E         : external/webkit/Source/WebCore/loader/DocumentLoader.cpp, commitData, 312
04-18 19:50:06.853  2966  3779 E         : external/webkit/Source/WebCore/loader/DocumentLoader.cpp, commitData, 318
04-18 19:50:06.853  2966  3779 E WebCore::DocumentWriter: setEncoding(): utf-8, userChosen: 0
04-18 19:50:06.853  2966  3779 E WebCore::DocumentWriter: createDecoderIfNeeded()
04-18 19:50:06.853  2966  3779 E WebCore::TextResourceDecoder: decode()
04-18 19:50:06.853  2966  3779 E WebCore::TextResourceDecoder: decode() css charset done!
04-18 19:50:06.853  2966  3779 E WebCore::TextResourceDecoder: checkForHeadCharset(), decode source: 5
04-18 19:50:06.853  2966  3779 E WebCore::TextResourceDecoder: checkForHeadCharset(), checkForMetaCharset
04-18 19:50:06.853  2966  3779 E WebCoreFrameBridge: setProgress, 786
04-18 19:50:06.853  2966  2966 V Tab     : enter onProgressChanged(): 45
04-18 19:50:06.863  2966  2966 V WebView : drawContent, drawRings: true, mDrawCursorRing: true
04-18 19:50:06.883  2966  2966 V WebView : drawContent, drawRings: true, mDrawCursorRing: true
04-18 19:50:06.903  2966  3779 E         : external/webkit/Source/WebCore/loader/DocumentLoader.cpp, commitData, 312
04-18 19:50:06.903  2966  3779 E         : external/webkit/Source/WebCore/loader/DocumentLoader.cpp, commitData, 318
04-18 19:50:06.903  2966  3779 E WebCore::DocumentWriter: setEncoding(): utf-8, userChosen: 0
04-18 19:50:06.903  2966  3779 E WebCore::DocumentWriter: createDecoderIfNeeded()
04-18 19:50:06.903  2966  3779 E WebCore::TextResourceDecoder: decode()
04-18 19:50:06.903  2966  3779 E WebCore::TextResourceDecoder: decode() css charset done!
04-18 19:50:06.903  2966  3779 E WebCore::TextResourceDecoder: checkForHeadCharset(), decode source: 5
04-18 19:50:06.903  2966  3779 E WebCore::TextResourceDecoder: checkForHeadCharset(), checkForMetaCharset
04-18 19:50:06.903  2966  3779 E WebCoreFrameBridge: setProgress, 786
04-18 19:50:06.903  2966  2966 V Tab     : enter onProgressChanged(): 49
04-18 19:50:06.903  2966  2966 V WebView : drawContent, drawRings: true, mDrawCursorRing: true
04-18 19:50:06.923  2966  3779 E         : external/webkit/Source/WebCore/loader/DocumentLoader.cpp, commitData, 312
04-18 19:50:06.923  2966  3779 E         : external/webkit/Source/WebCore/loader/DocumentLoader.cpp, commitData, 318
04-18 19:50:06.923  2966  3779 E WebCore::DocumentWriter: setEncoding(): utf-8, userChosen: 0
04-18 19:50:06.923  2966  3779 E WebCore::DocumentWriter: createDecoderIfNeeded()
04-18 19:50:06.923  2966  3779 E WebCore::TextResourceDecoder: decode()
04-18 19:50:06.923  2966  3779 E WebCore::TextResourceDecoder: decode() css charset done!
04-18 19:50:06.923  2966  3779 E WebCore::TextResourceDecoder: checkForHeadCharset(), decode source: 5
04-18 19:50:06.923  2966  3779 E WebCore::TextResourceDecoder: checkForHeadCharset(), checkForMetaCharset
04-18 19:50:06.943  2966  2966 V WebView : drawContent, drawRings: true, mDrawCursorRing: true
04-18 19:50:06.963  2966  3779 E         : external/webkit/Source/WebCore/loader/DocumentLoader.cpp, commitData, 312
04-18 19:50:06.963  2966  3779 E         : external/webkit/Source/WebCore/loader/DocumentLoader.cpp, commitData, 318
04-18 19:50:06.963  2966  3779 E WebCore::DocumentWriter: setEncoding(): utf-8, userChosen: 0
04-18 19:50:06.963  2966  3779 E WebCore::DocumentWriter: createDecoderIfNeeded()
04-18 19:50:06.963  2966  3779 E WebCore::TextResourceDecoder: decode()
04-18 19:50:06.963  2966  3779 E WebCore::TextResourceDecoder: decode() css charset done!
04-18 19:50:06.963  2966  3779 E WebCore::TextResourceDecoder: checkForHeadCharset(), decode source: 5
04-18 19:50:06.963  2966  3779 E WebCore::TextResourceDecoder: checkForHeadCharset(), checkForMetaCharset
04-18 19:50:06.993  2966  2966 V WebView : drawContent, drawRings: true, mDrawCursorRing: true
04-18 19:50:07.013  2966  3779 E         : external/webkit/Source/WebCore/loader/DocumentLoader.cpp, commitData, 312
04-18 19:50:07.013  2966  3779 E         : external/webkit/Source/WebCore/loader/DocumentLoader.cpp, commitData, 318
04-18 19:50:07.013  2966  3779 E WebCore::DocumentWriter: setEncoding(): utf-8, userChosen: 0
04-18 19:50:07.013  2966  3779 E WebCore::DocumentWriter: createDecoderIfNeeded()
04-18 19:50:07.013  2966  3779 E WebCore::TextResourceDecoder: decode()
04-18 19:50:07.013  2966  3779 E WebCore::TextResourceDecoder: decode() css charset done!
04-18 19:50:07.013  2966  3779 E WebCore::TextResourceDecoder: checkForHeadCharset(), decode source: 5
04-18 19:50:07.013  2966  3779 E WebCore::TextResourceDecoder: checkForHeadCharset(), checkForMetaCharset
04-18 19:50:07.013  2966  3779 E WebCoreFrameBridge: setProgress, 786
04-18 19:50:07.033  2966  2966 V WebView : drawContent, drawRings: true, mDrawCursorRing: true
04-18 19:50:07.043  2966  3779 E         : external/webkit/Source/WebCore/loader/DocumentLoader.cpp, commitData, 312
04-18 19:50:07.043  2966  3779 E         : external/webkit/Source/WebCore/loader/DocumentLoader.cpp, commitData, 318
04-18 19:50:07.043  2966  3779 E WebCore::DocumentWriter: setEncoding(): utf-8, userChosen: 0
04-18 19:50:07.043  2966  3779 E WebCore::DocumentWriter: createDecoderIfNeeded()
04-18 19:50:07.043  2966  3779 E WebCore::TextResourceDecoder: decode()
04-18 19:50:07.043  2966  3779 E WebCore::TextResourceDecoder: decode() css charset done!
04-18 19:50:07.043  2966  3779 E WebCore::TextResourceDecoder: checkForHeadCharset(), decode source: 5
04-18 19:50:07.043  2966  3779 E WebCore::TextResourceDecoder: checkForHeadCharset(), checkForMetaCharset
04-18 19:50:07.063  2966  3779 E         : external/webkit/Source/WebCore/loader/DocumentLoader.cpp, commitData, 312
04-18 19:50:07.063  2966  3779 E         : external/webkit/Source/WebCore/loader/DocumentLoader.cpp, commitData, 318
04-18 19:50:07.063  2966  3779 E WebCore::DocumentWriter: setEncoding(): utf-8, userChosen: 0
04-18 19:50:07.063  2966  3779 E WebCore::DocumentWriter: createDecoderIfNeeded()
04-18 19:50:07.063  2966  3779 E WebCore::TextResourceDecoder: decode()
04-18 19:50:07.063  2966  3779 E WebCore::TextResourceDecoder: decode() css charset done!
04-18 19:50:07.063  2966  3779 E WebCore::TextResourceDecoder: checkForHeadCharset(), decode source: 5
04-18 19:50:07.063  2966  3779 E WebCore::TextResourceDecoder: checkForHeadCharset(), checkForMetaCharset
04-18 19:50:07.063  2966  2966 V WebView : drawContent, drawRings: true, mDrawCursorRing: true
04-18 19:50:07.093  2966  3779 E         : external/webkit/Source/WebCore/loader/DocumentLoader.cpp, commitData, 312
04-18 19:50:07.093  2966  3779 E         : external/webkit/Source/WebCore/loader/DocumentLoader.cpp, commitData, 318
04-18 19:50:07.093  2966  3779 E WebCore::DocumentWriter: setEncoding(): utf-8, userChosen: 0
04-18 19:50:07.093  2966  3779 E WebCore::DocumentWriter: createDecoderIfNeeded()
04-18 19:50:07.093  2966  3779 E WebCore::TextResourceDecoder: decode()
04-18 19:50:07.093  2966  3779 E WebCore::TextResourceDecoder: decode() css charset done!
04-18 19:50:07.093  2966  3779 E WebCore::TextResourceDecoder: checkForHeadCharset(), decode source: 5
04-18 19:50:07.093  2966  3779 E WebCore::TextResourceDecoder: checkForHeadCharset(), checkForMetaCharset
04-18 19:50:07.113  2966  2966 V WebView : drawContent, drawRings: true, mDrawCursorRing: true
04-18 19:50:07.123  2966  3779 E         : external/webkit/Source/WebCore/loader/DocumentLoader.cpp, commitData, 312
04-18 19:50:07.123  2966  3779 E         : external/webkit/Source/WebCore/loader/DocumentLoader.cpp, commitData, 318
04-18 19:50:07.123  2966  3779 E WebCore::DocumentWriter: setEncoding(): utf-8, userChosen: 0
04-18 19:50:07.123  2966  3779 E WebCore::DocumentWriter: createDecoderIfNeeded()
04-18 19:50:07.123  2966  3779 E WebCore::TextResourceDecoder: decode()
04-18 19:50:07.123  2966  3779 E WebCore::TextResourceDecoder: decode() css charset done!
04-18 19:50:07.123  2966  3779 E WebCore::TextResourceDecoder: checkForHeadCharset(), decode source: 5
04-18 19:50:07.123  2966  3779 E WebCore::TextResourceDecoder: checkForHeadCharset(), checkForMetaCharset
04-18 19:50:07.123  2966  3779 E WebCoreFrameBridge: setProgress, 786
04-18 19:50:07.133  2966  3779 E         : external/webkit/Source/WebCore/loader/DocumentLoader.cpp, commitData, 312
04-18 19:50:07.133  2966  3779 E         : external/webkit/Source/WebCore/loader/DocumentLoader.cpp, commitData, 318
04-18 19:50:07.133  2966  3779 E WebCore::DocumentWriter: setEncoding(): utf-8, userChosen: 0
04-18 19:50:07.133  2966  3779 E WebCore::DocumentWriter: createDecoderIfNeeded()
04-18 19:50:07.133  2966  3779 E WebCore::TextResourceDecoder: decode()
04-18 19:50:07.133  2966  3779 E WebCore::TextResourceDecoder: decode() css charset done!
04-18 19:50:07.133  2966  3779 E WebCore::TextResourceDecoder: checkForHeadCharset(), decode source: 5
04-18 19:50:07.133  2966  3779 E WebCore::TextResourceDecoder: checkForHeadCharset(), checkForMetaCharset
04-18 19:50:07.153  2966  2966 V WebView : drawContent, drawRings: true, mDrawCursorRing: true
04-18 19:50:07.153  2966  3779 E         : external/webkit/Source/WebCore/loader/DocumentLoader.cpp, commitData, 312
04-18 19:50:07.153  2966  3779 E         : external/webkit/Source/WebCore/loader/DocumentLoader.cpp, commitData, 318
04-18 19:50:07.153  2966  3779 E WebCore::DocumentWriter: setEncoding(): utf-8, userChosen: 0
04-18 19:50:07.153  2966  3779 E WebCore::DocumentWriter: createDecoderIfNeeded()
04-18 19:50:07.153  2966  3779 E WebCore::TextResourceDecoder: decode()
04-18 19:50:07.153  2966  3779 E WebCore::TextResourceDecoder: decode() css charset done!
04-18 19:50:07.153  2966  3779 E WebCore::TextResourceDecoder: checkForHeadCharset(), decode source: 5
04-18 19:50:07.153  2966  3779 E WebCore::TextResourceDecoder: checkForHeadCharset(), checkForMetaCharset
04-18 19:50:07.183  2966  3779 E         : external/webkit/Source/WebCore/loader/DocumentLoader.cpp, commitData, 312
04-18 19:50:07.183  2966  3779 E         : external/webkit/Source/WebCore/loader/DocumentLoader.cpp, commitData, 318
04-18 19:50:07.183  2966  3779 E WebCore::DocumentWriter: setEncoding(): utf-8, userChosen: 0
04-18 19:50:07.183  2966  3779 E WebCore::DocumentWriter: createDecoderIfNeeded()
04-18 19:50:07.183  2966  3779 E WebCore::TextResourceDecoder: decode()
04-18 19:50:07.183  2966  3779 E WebCore::TextResourceDecoder: decode() css charset done!
04-18 19:50:07.183  2966  3779 E WebCore::TextResourceDecoder: checkForHeadCharset(), decode source: 5
04-18 19:50:07.183  2966  3779 E WebCore::TextResourceDecoder: checkForHeadCharset(), checkForMetaCharset
04-18 19:50:07.193  2966  2966 V WebView : drawContent, drawRings: true, mDrawCursorRing: true
04-18 19:50:07.193  2966  3779 E         : external/webkit/Source/WebCore/loader/DocumentLoader.cpp, commitData, 312
04-18 19:50:07.193  2966  3779 E         : external/webkit/Source/WebCore/loader/DocumentLoader.cpp, commitData, 318
04-18 19:50:07.193  2966  3779 E WebCore::DocumentWriter: setEncoding(): utf-8, userChosen: 0
04-18 19:50:07.193  2966  3779 E WebCore::DocumentWriter: createDecoderIfNeeded()
04-18 19:50:07.193  2966  3779 E WebCore::TextResourceDecoder: decode()
04-18 19:50:07.193  2966  3779 E WebCore::TextResourceDecoder: decode() css charset done!
04-18 19:50:07.193  2966  3779 E WebCore::TextResourceDecoder: checkForHeadCharset(), decode source: 5
04-18 19:50:07.193  2966  3779 E WebCore::TextResourceDecoder: checkForHeadCharset(), checkForMetaCharset
04-18 19:50:07.193  2966  2966 V Controller: enter onSaveInstanceState()
04-18 19:50:07.203  2966  2966 V TabControl: enter saveState()
04-18 19:50:07.203  2966  2966 V Tab     : enter saveState()
04-18 19:50:07.233  2966  2966 V WebView : drawContent, drawRings: true, mDrawCursorRing: true
04-18 19:50:07.233  2966  3779 E         : external/webkit/Source/WebCore/loader/DocumentLoader.cpp, commitData, 312
04-18 19:50:07.233  2966  3779 E         : external/webkit/Source/WebCore/loader/DocumentLoader.cpp, commitData, 318
04-18 19:50:07.233  2966  3779 E WebCore::DocumentWriter: setEncoding(): utf-8, userChosen: 0
04-18 19:50:07.233  2966  3779 E WebCore::DocumentWriter: createDecoderIfNeeded()
04-18 19:50:07.233  2966  3779 E WebCore::TextResourceDecoder: decode()
04-18 19:50:07.233  2966  3779 E WebCore::TextResourceDecoder: decode() css charset done!
04-18 19:50:07.233  2966  3779 E WebCore::TextResourceDecoder: checkForHeadCharset(), decode source: 5
04-18 19:50:07.233  2966  3779 E WebCore::TextResourceDecoder: checkForHeadCharset(), checkForMetaCharset
04-18 19:50:07.233  2966  3779 E WebCore::TextResourceDecoder: setEncoding(), source: 3
04-18 19:50:07.233  2966  3779 E WebCore::TextResourceDecoder: decode(),  html/xml charset done! current encoding: UTF-8
04-18 19:50:07.233  2966  3779 E WebCore::TextResourceDecoder: shouldAutoDetect, m_usesEncodingDetector: 1, m_source :5
04-18 19:50:07.233  2966  3779 E WebCore::TextResourceDecoder: decode() autodetect done!
04-18 19:50:07.233  2966  3779 E WebCoreFrameBridge: userAgentForURL, 804
04-18 19:50:07.233  2966  3779 E WebCoreFrameBridge: maybeSavePassword, 1219
04-18 19:50:07.233  2966  3779 E WebCoreFrameBridge: shouldInterceptRequest, 525
04-18 19:50:07.233  2966  3779 V Tab     : enter shouldInterceptRequest()
04-18 19:50:07.233  2966  3779 E WebCoreFrameBridge: GetShouldStartScrolledRight, 2258
04-18 19:50:07.233  2966  3779 E WebCoreFrameBridge: setTitle, 745
04-18 19:50:07.233  2966  3497 E         : external/chromium/net/socket/tcp_client_socket_libevent.cc, BindToDevice, 52
04-18 19:50:07.243  2966  2966 V Tab     : enter onLoadResource()
04-18 19:50:07.243  2966  2966 V Controller: enter onLoadResource()
04-18 19:50:07.243  2966  2966 V Controller: enter onLoadResource(): http://www.google.com.hk/webhp?hl=zh-CN&sourceid=cnhp&mnfst=1
04-18 19:50:07.243  2966  2966 V PageDownloader: add(): http://www.google.com.hk/webhp?hl=zh-CN&sourceid=cnhp&mnfst=1
04-18 19:50:07.243  2966  2966 V Tab     : enter onReceivedTitle()
04-18 19:50:07.243  2966  2966 V Controller: enter onReceivedTitle()
04-18 19:50:07.243  2966  3497 E         : BindToDevice: using interface [default]
04-18 19:50:07.243  2966  2966 V Tab     : enter isSnapshot()
04-18 19:50:07.253  2966  2966 V WebView : drawContent, drawRings: true, mDrawCursorRing: true
04-18 19:50:07.263  2966  2966 V WebView : drawContent, drawRings: true, mDrawCursorRing: true
04-18 19:50:07.333  2966  3779 E WebCoreFrameBridge: userAgentForURL, 804
04-18 19:50:07.333  2966  3779 E WebCoreFrameBridge: didReceiveTouchIconURL, 835
04-18 19:50:07.333  2966  2966 V Tab     : enter onReceivedTouchIconUrl()
04-18 19:50:07.343  2966  3779 E WebCoreFrameBridge: setProgress, 786
04-18 19:50:07.343  2966  3779 E         : external/webkit/Source/WebCore/loader/DocumentLoader.cpp, commitData, 312
04-18 19:50:07.343  2966  3779 E         : external/webkit/Source/WebCore/loader/DocumentLoader.cpp, commitData, 318
04-18 19:50:07.343  2966  3779 E WebCore::DocumentWriter: setEncoding(): utf-8, userChosen: 0
04-18 19:50:07.343  2966  3779 E WebCore::DocumentWriter: createDecoderIfNeeded()
04-18 19:50:07.343  2966  3779 E WebCore::TextResourceDecoder: decode()
04-18 19:50:07.343  2966  3779 E WebCore::TextResourceDecoder: decode() css charset done!
04-18 19:50:07.343  2966  3779 E WebCore::TextResourceDecoder: decode(),  html/xml charset done! current encoding: UTF-8
04-18 19:50:07.343  2966  3779 E WebCore::TextResourceDecoder: shouldAutoDetect, m_usesEncodingDetector: 1, m_source :5
04-18 19:50:07.343  2966  3779 E WebCore::TextResourceDecoder: decode() autodetect done!
04-18 19:50:07.854  2966  3779 E WebCoreFrameBridge: userAgentForURL, 804
04-18 19:50:07.854  2966  3779 E WebCoreFrameBridge: maybeSavePassword, 1219
04-18 19:50:07.854  2966  3779 E WebCoreFrameBridge: shouldInterceptRequest, 525
04-18 19:50:07.864  2966  3779 V Tab     : enter shouldInterceptRequest()
04-18 19:50:07.864  2966  2966 V Tab     : enter onLoadResource()
04-18 19:50:07.864  2966  2966 V Controller: enter onLoadResource()
04-18 19:50:07.864  2966  2966 V Controller: enter onLoadResource(): data:image/png;base64,iVBORw0KGgoAAAANSUhEUgAAACAAAAAgCAYAAABzenr0AAADImlUWHRYTUw6Y29tLmFkb2JlLnhtcAAAAAAAPD94cGFja2V0IGJlZ2luPSLvu78iIGlkPSJXNU0wTXBDZWhpSHpyZVN6TlRjemtjOWQiPz4gPHg6eG1wbWV0YSB4bWxuczp4PSJhZG9iZTpuczptZXRhLyIgeDp4bXB0az0iQWRvYmUgWE1QIENvcmUgNS4wLWMwNjAgNjEuMTM0Nzc3LCAyMDEwLzAyLzEyLTE3OjMyOjAwICAgICAgICAiPiA8cmRmOlJERiB4bWxuczpyZGY9Imh0dHA6Ly93d3cudzMub3JnLzE5OTkvMDIvMjItcmRmLXN5bnRheC1ucyMiPiA8cmRmOkRlc2NyaXB0aW9uIHJkZjphYm91dD0iIiB4bWxuczp4bXA9Imh0dHA6Ly9ucy5hZG9iZS5jb20veGFwLzEuMC8iIHhtbG5zOnhtcE1NPSJodHRwOi8vbnMuYWRvYmUuY29tL3hhcC8xLjAvbW0vIiB4bWxuczpzdFJlZj0iaHR0cDovL25zLmFkb2JlLmNvbS94YXAvMS4wL3NUeXBlL1Jlc291cmNlUmVmIyIgeG1wOkNyZWF0b3JUb29sPSJBZG9iZSBQaG90b3Nob3AgQ1M1IE1hY2ludG9zaCIgeG1wTU06SW5zdGFuY2VJRD0ieG1wLmlpZDo2NjVBMzZEQjU0OUExMUUwOTY4RUMyMzUzRDAxM0I5NiIgeG1wTU06RG9jdW1lbnRJRD0ieG1wLmRpZDo2NjVBMzZEQzU0OUExMUUwOTY4RUMyMzUzRDAxM0I5NiI+IDx4bXBNTTpEZXJpdmVkRnJvbSBzdFJlZjppbnN0YW5jZUlEPSJ4bXAuaWlkOjY2NUEzNkQ5NTQ5QTExRTA5NjhFQzIzNTNEMDEzQjk2IiBzdFJlZjpkb2N1bWVudElEPSJ4bXAuZGlkOjY2NUEzNkRBNTQ5QTExRTA5NjhFQzIzNTNEMDEzQjk2Ii8+IDwvcmRmOkRlc2NyaXB0aW9uPiA8L3JkZjpSREY+IDwveDp4bXBtZXRhPiA8P3hwYWNrZXQgZW5kPSJyIj8+0blndgAABl5JREFUWMOdV0tslGUU/YwGjRqHAAJCcXhDKZb3mwFaoA/aoZQ+oJ0WKg+h84MIFCiMIC8VB8UQNkzEhAhEZkEg0SBKjLCA2oULFuiUaGIQr4kuDCBrPOfOfNO/f5+wuJ3p9J/vnnvvued8NaZPjt/0zfXj1Wj0XmCMb36P4/Hjx08VyBnQ17zKXeW9MgoSzw3Kd54ZsNhn+i18IiBPmvjZgXkB5IoPyl7xrQLYtu9kuPeoZdJndKn0HlnS/MKQJTUAQoQ9AtHTxL0GF/hfHhaM2Vw5pdt/VgCNh0+F/ZNDMnxarfB1YFaF+EaUxJ/PKAyY/ou6BdJdYlTre2losdNvbJlkTKySYVNrNIpCkSSAvUdOh7MC62Ri7gaNcXPXytApIXk1s1yAOErkCqSTsXSV/EV/kdN3zPLE4AkrZdTM1fLG/PUyaeFGyV7wlpStOZAEcODjM+Epi+plbvE7Mm/pVpm15G19aMzsN2XIpGoAKUuwAsyuQ350lBhjDKLVTa+Nr5QR01fJ+HnrZXq+I4HgVs0xs3CzVG34IAng4Cdnwvwgd3mD5FXsksWI+cu26UNESuQgjPQZU9qeHwh3Yowt+5XhS+McI9vMzk5dHNbicpfvkLzKRj2fIEL1HyYBXLx8o5wfLizbIYVVe6SoOiIFK3br70Q8Lc/RCsgRNz8UCEbjIliUYyOPMueskcno6pziLcnCkHhJ6uz8FY0yr2Sb7D/6RbMCwA//3T//TjS8F5PClbulOPSuBr/Ah3kAD+KYLD/6j1MgUSRlxU7/ceUJEoxjI484xgXLtmtHtahQRM8kgNK6/XLpmxuCvBEFgPYqCET8y4s/6Bf4cLAmCYS/86Cc0oY0P8aiQraYHCGg0bPqdFwcG6tjR1kME/McBpM7jSfknvyTQK6atCCBLAaHGDCUHzgtv/4hdZuPtv0y3vNANz/YEVbLVs8o2KRz5dg4Pibj95bW7k0Xcf7SNVZ9JVVsqyJingbCYDA7A9Lww+z7Dx41Hz52TsdgD7JVMAGBcDRsMzvDxByX+3kGgbOYn27dYXKnQ0kmkQiCncC+GsyRf/AhYl9f/VEq1h3SKuyh6Y4gGbtiiet9hmBYBIvBWYFOPQG7nY0dD2LFDIhlwHSD3TUTcjbwgZpf7txt2bT7hCa1CboKAqlYe1Cu37zFqmOpYtqpI7ZIO2JqnSOrkVygWnGymiCwTsoLOxLO7tTZy21aXLJqXzrcI4K0W6IFvYlxvsoyIpEVWHtTATTsj4Wp09xhvoIPUYzDh/cGq6UjAfN5QISzZHXebniIFvcSjYEza6CqzczDWFS+MylEe97/PEy55CqNnLFaV2tAVmUCGk4D0TXlSFJbEnjw8FFi16FTSWEBEFZNonF7OiIaCgrgHNqvihmVlRGs3ZsEsO+j02GaBCWTYeWXwgLBaQLaIHnBkUCILEFVM7gNn568AKL915waVToxvudHxOgH1AyKGFeWykotqVh3sNWM+CH3mGvlll92hk4GAHEclI3uGHTKEtRBN1h11E00POcD8AgTU6QoWkxIEaOGMGYXbZGqjR4zsrtM3fbKL1vHjqCNUYDwcSQ42HgZjr87eC7BxJRlAFXRYlJ2ixpCVaVaps3o1u3fCuo2RxWAnauVX3bELb8E8vrkEHWfiQw7wkPwPohocsuyVUeQLa2OPJtFFlXvkc/OXr5uzYhVXDl34Xt90JqRW36JmJWwIlaW8oEmjIdA4kxM3nBsHB/HSPtNJou0Mbj6ncfldsvvLdYPVHgyk+10uGbtfMBjz7xYsEJ2hEkJiIlJYK/9uk2Nv1NLUn6QJqyBneq+pxgesD7gNRQeYPnBCwY7QjBsNRPTE6z9Wlm2sk3tSPlBpJ0UQxZVgukDLmLFzmPNvD6QtmcA4WzZZnYmz2W/bTwDRbAYakdnfqDXK4KATHp9wHH7gNvl7OXChm11Gz8AeBbRmR+0AuDdDhdNXrFoSFDANtb87/2HV70+0FnYqgn63l/qB063/yHp7TYFgrde3O90JJRgik4KfeQa3I2zdI/Ea0ZdXTy6BmCDQDAS2LOBY6krYvetDwStD7gJ2tOLR88AuLuBiwpHwtsSBSezlaBxVqmkq06K1uFjZ7u9ePQcgI3USNwEhVsa3APTd8f6Hcflq++auiValwCe9t9re1Fx33CfJv4HZVHsOx4Wta0AAAAASUVORK5CYII=
04-18 19:50:07.864  2966  2966 V PageDownloader: add(): data:image/png;base64,iVBORw0KGgoAAAANSUhEUgAAACAAAAAgCAYAAABzenr0AAADImlUWHRYTUw6Y29tLmFkb2JlLnhtcAAAAAAAPD94cGFja2V0IGJlZ2luPSLvu78iIGlkPSJXNU0wTXBDZWhpSHpyZVN6TlRjemtjOWQiPz4gPHg6eG1wbWV0YSB4bWxuczp4PSJhZG9iZTpuczptZXRhLyIgeDp4bXB0az0iQWRvYmUgWE1QIENvcmUgNS4wLWMwNjAgNjEuMTM0Nzc3LCAyMDEwLzAyLzEyLTE3OjMyOjAwICAgICAgICAiPiA8cmRmOlJERiB4bWxuczpyZGY9Imh0dHA6Ly93d3cudzMub3JnLzE5OTkvMDIvMjItcmRmLXN5bnRheC1ucyMiPiA8cmRmOkRlc2NyaXB0aW9uIHJkZjphYm91dD0iIiB4bWxuczp4bXA9Imh0dHA6Ly9ucy5hZG9iZS5jb20veGFwLzEuMC8iIHhtbG5zOnhtcE1NPSJodHRwOi8vbnMuYWRvYmUuY29tL3hhcC8xLjAvbW0vIiB4bWxuczpzdFJlZj0iaHR0cDovL25zLmFkb2JlLmNvbS94YXAvMS4wL3NUeXBlL1Jlc291cmNlUmVmIyIgeG1wOkNyZWF0b3JUb29sPSJBZG9iZSBQaG90b3Nob3AgQ1M1IE1hY2ludG9zaCIgeG1wTU06SW5zdGFuY2VJRD0ieG1wLmlpZDo2NjVBMzZEQjU0OUExMUUwOTY4RUMyMzUzRDAxM0I5NiIgeG1wTU06RG9jdW1lbnRJRD0ieG1wLmRpZDo2NjVBMzZEQzU0OUExMUUwOTY4RUMyMzUzRDAxM0I5NiI+IDx4bXBNTTpEZXJpdmVkRnJvbSBzdFJlZjppbnN0YW5jZUlEPSJ4bXAuaWlkOjY2NUEzNkQ5NTQ5QTExRTA5NjhFQzIzNTNEMDEzQjk2IiBzdFJlZjpkb2N1bWVudElEPSJ4bXAuZGlkOjY2NUEzNkRBNTQ5QTExRTA5NjhFQzIzNTNEMDEzQjk2Ii8+IDwvcmRmOkRlc2NyaXB0aW9uPiA8L3JkZjpSREY+IDwveDp4bXBtZXRhPiA8P3hwYWNrZXQgZW5kPSJyIj8+0blndgAABl5JREFUWMOdV0tslGUU/YwGjRqHAAJCcXhDKZb3mwFaoA/aoZQ+oJ0WKg+h84MIFCiMIC8VB8UQNkzEhAhEZkEg0SBKjLCA2oULFuiUaGIQr4kuDCBrPOfOfNO/f5+wuJ3p9J/vnnvvued8NaZPjt/0zfXj1Wj0XmCMb36P4/Hjx08VyBnQ17zKXeW9MgoSzw3Kd54ZsNhn+i18IiBPmvjZgXkB5IoPyl7xrQLYtu9kuPeoZdJndKn0HlnS/MKQJTUAQoQ9AtHTxL0GF/hfHhaM2Vw5pdt/VgCNh0+F/ZNDMnxarfB1YFaF+EaUxJ/PKAyY/ou6BdJdYlTre2losdNvbJlkTKySYVNrNIpCkSSAvUdOh7MC62Ri7gaNcXPXytApIXk1s1yAOErkCqSTsXSV/EV/kdN3zPLE4AkrZdTM1fLG/PUyaeFGyV7wlpStOZAEcODjM+Epi+plbvE7Mm/pVpm15G19aMzsN2XIpGoAKUuwAsyuQ350lBhjDKLVTa+Nr5QR01fJ+HnrZXq+I4HgVs0xs3CzVG34IAng4Cdnwvwgd3mD5FXsksWI+cu26UNESuQgjPQZU9qeHwh3Yowt+5XhS+McI9vMzk5dHNbicpfvkLzKRj2fIEL1HyYBXLx8o5wfLizbIYVVe6SoOiIFK3br70Q8Lc/RCsgRNz8UCEbjIliUYyOPMueskcno6pziLcnCkHhJ6uz8FY0yr2Sb7D/6RbMCwA//3T//TjS8F5PClbulOPSuBr/Ah3kAD+KYLD/6j1MgUSRlxU7/ceUJEoxjI484xgXLtmtHtahQRM8kgNK6/XLpmxuCvBEFgPYqCET8y4s/6Bf4cLAmCYS/86Cc0oY0P8aiQraYHCGg0bPqdFwcG6tjR1kME/McBpM7jSfknvyTQK6atCCBLAaHGDCUHzgtv/4hdZuPtv0y3vNANz/YEVbLVs8o2KRz5dg4Pibj95bW7k0Xcf7SNVZ9JVVsqyJingbCYDA7A9Lww+z7Dx41Hz52TsdgD7JVMAGBcDRsMzvDxByX+3kGgbOYn27dYXKnQ0kmkQiCncC+GsyRf/AhYl9f/VEq1h3SKuyh6Y4gGbtiiet9hmBYBIvBWYFOPQG7nY0dD2LFDIhlwHSD3TUTcjbwgZpf7txt2bT7hCa1CboKAqlYe1Cu37zFqmOpYtqpI7ZIO2JqnSOrkVygWnGymiCwTsoLOxLO7tTZy21aXLJqXzrcI4K0W6IFvYlxvsoyIpEVWHtTATTsj4Wp09xhvoIPUYzDh/cGq6UjAfN5QISzZHXebniIFvcSjYEza6CqzczDWFS+MylEe97/PEy55CqNnLFaV2tAVmUCGk4D0TXlSFJbEnjw8FFi16FTSWEBEFZNonF7OiIaCgrgHNqvihmVlRGs3ZsEsO+j02GaBCWTYeWXwgLBaQLaIHnBkUCILEFVM7gNn568AKL915waVToxvudHxOgH1AyKGFeWykotqVh3sNWM+CH3mGvlll92hk4GAHEclI3uGHTKEtRBN1h11E00POcD8AgTU6QoWkxIEaOGMGYXbZGqjR4zsrtM3fbKL1vHjqCNUYDwcSQ42HgZjr87eC7BxJRlAFXRYlJ2ixpCVaVaps3o1u3fCuo2RxWAnauVX3bELb8E8vrkEHWfiQw7wkPwPohocsuyVUeQLa2OPJtFFlXvkc/OXr5uzYhVXDl34Xt90JqRW36JmJWwIlaW8oEmjIdA4kxM3nBsHB/HSPtNJou0Mbj6ncfldsvvLdYPVHgyk+10uGbtfMBjz7xYsEJ2hEkJiIlJYK/9uk2Nv1NLUn6QJqyBneq+pxgesD7gNRQeYPnBCwY7QjBsNRPTE6z9Wlm2sk3tSPlBpJ0UQxZVgukDLmLFzmPNvD6QtmcA4WzZZnYmz2W/bTwDRbAYakdnfqDXK4KATHp9wHH7gNvl7OXChm11Gz8AeBbRmR+0AuDdDhdNXrFoSFDANtb87/2HV70+0FnYqgn63l/qB063/yHp7TYFgrde3O90JJRgik4KfeQa3I2zdI/Ea0ZdXTy6BmCDQDAS2LOBY6krYvetDwStD7gJ2tOLR88AuLuBiwpHwtsSBSezlaBxVqmkq06K1uFjZ7u9ePQcgI3USNwEhVsa3APTd8f6Hcflq++auiValwCe9t9re1Fx33CfJv4HZVHsOx4Wta0AAAAASUVORK5CYII=
04-18 19:50:07.874  2966  3779 E WebCoreFrameBridge: userAgentForURL, 804
04-18 19:50:07.874  2966  3779 E WebCore::DocumentWriter: encoding(), from m_decoder: UTF-8
04-18 19:50:07.874  2966  3779 E WebCoreFrameBridge: userAgentForURL, 804
04-18 19:50:07.874  2966  3779 E WebCoreFrameBridge: setProgress, 786
04-18 19:50:07.874  2966  3779 E         : external/webkit/Source/WebCore/loader/DocumentLoader.cpp, commitData, 312
04-18 19:50:07.874  2966  3779 E         : external/webkit/Source/WebCore/loader/DocumentLoader.cpp, commitData, 318
04-18 19:50:07.874  2966  3779 E WebCore::DocumentWriter: setEncoding(): utf-8, userChosen: 0
04-18 19:50:07.874  2966  3779 E WebCore::DocumentWriter: createDecoderIfNeeded()
04-18 19:50:07.874  2966  3779 E WebCore::TextResourceDecoder: decode()
04-18 19:50:07.874  2966  3779 E WebCore::TextResourceDecoder: decode() css charset done!
04-18 19:50:07.874  2966  3779 E WebCore::TextResourceDecoder: decode(),  html/xml charset done! current encoding: UTF-8
04-18 19:50:07.874  2966  3779 E WebCore::TextResourceDecoder: shouldAutoDetect, m_usesEncodingDetector: 1, m_source :5
04-18 19:50:07.874  2966  3779 E WebCore::TextResourceDecoder: decode() autodetect done!
04-18 19:50:07.874  2966  3779 E         : external/webkit/Source/WebCore/loader/DocumentLoader.cpp, commitData, 312
04-18 19:50:07.874  2966  3779 E         : external/webkit/Source/WebCore/loader/DocumentLoader.cpp, commitData, 318
04-18 19:50:07.874  2966  3779 E WebCore::DocumentWriter: setEncoding(): utf-8, userChosen: 0
04-18 19:50:07.874  2966  3779 E WebCore::DocumentWriter: createDecoderIfNeeded()
04-18 19:50:07.874  2966  3779 E WebCore::TextResourceDecoder: decode()
04-18 19:50:07.874  2966  3779 E WebCore::TextResourceDecoder: decode() css charset done!
04-18 19:50:07.874  2966  3779 E WebCore::TextResourceDecoder: decode(),  html/xml charset done! current encoding: UTF-8
04-18 19:50:07.874  2966  3779 E WebCore::TextResourceDecoder: shouldAutoDetect, m_usesEncodingDetector: 1, m_source :5
04-18 19:50:07.874  2966  3779 E WebCore::TextResourceDecoder: decode() autodetect done!
04-18 19:50:07.874  2966  3779 E         : external/webkit/Source/WebCore/loader/DocumentLoader.cpp, commitData, 312
04-18 19:50:07.884  2966  3779 E         : external/webkit/Source/WebCore/loader/DocumentLoader.cpp, commitData, 318
04-18 19:50:07.884  2966  3779 E WebCore::DocumentWriter: setEncoding(): utf-8, userChosen: 0
04-18 19:50:07.884  2966  3779 E WebCore::DocumentWriter: createDecoderIfNeeded()
04-18 19:50:07.884  2966  3779 E WebCore::TextResourceDecoder: decode()
04-18 19:50:07.884  2966  3779 E WebCore::TextResourceDecoder: decode() css charset done!
04-18 19:50:07.884  2966  3779 E WebCore::TextResourceDecoder: decode(),  html/xml charset done! current encoding: UTF-8
04-18 19:50:07.884  2966  3779 E WebCore::TextResourceDecoder: shouldAutoDetect, m_usesEncodingDetector: 1, m_source :5
04-18 19:50:07.884  2966  3779 E WebCore::TextResourceDecoder: decode() autodetect done!
04-18 19:50:07.884  2966  3779 E         : external/webkit/Source/WebCore/loader/DocumentLoader.cpp, commitData, 312
04-18 19:50:07.884  2966  3779 E         : external/webkit/Source/WebCore/loader/DocumentLoader.cpp, commitData, 318
04-18 19:50:07.884  2966  3779 E WebCore::DocumentWriter: setEncoding(): utf-8, userChosen: 0
04-18 19:50:07.884  2966  3779 E WebCore::DocumentWriter: createDecoderIfNeeded()
04-18 19:50:07.884  2966  3779 E WebCore::TextResourceDecoder: decode()
04-18 19:50:07.884  2966  3779 E WebCore::TextResourceDecoder: decode() css charset done!
04-18 19:50:07.884  2966  3779 E WebCore::TextResourceDecoder: decode(),  html/xml charset done! current encoding: UTF-8
04-18 19:50:07.884  2966  3779 E WebCore::TextResourceDecoder: shouldAutoDetect, m_usesEncodingDetector: 1, m_source :5
04-18 19:50:07.884  2966  3779 E WebCore::TextResourceDecoder: decode() autodetect done!
04-18 19:50:07.884  2966  3779 E WebCore::TextResourceDecoder: flush()
04-18 19:50:07.884  2966  3779 E WebCore::TextResourceDecoder: defaultEncoding, content-type: 0, default encoding: UTF-8
04-18 19:50:07.884  2966  3779 E WebCore::TextResourceDecoder: decode()
04-18 19:50:07.884  2966  3779 E WebCore::TextResourceDecoder: decode() css charset done!
04-18 19:50:07.884  2966  3779 E WebCore::TextResourceDecoder: decode(),  html/xml charset done! current encoding: UTF-8
04-18 19:50:07.884  2966  3779 E WebCore::TextResourceDecoder: shouldAutoDetect, m_usesEncodingDetector: 0, m_source :0
04-18 19:50:07.884  2966  3779 E WebCore::TextResourceDecoder: decode() autodetect done!
04-18 19:50:07.884  2966  3779 E WebCore::TextResourceDecoder: flush()
04-18 19:50:07.884  2966  3779 E WebCoreFrameBridge: userAgentForURL, 804
04-18 19:50:07.884  2966  3779 E WebCoreFrameBridge: maybeSavePassword, 1219
04-18 19:50:07.884  2966  3779 E WebCoreFrameBridge: shouldInterceptRequest, 525
04-18 19:50:07.884  2966  3779 V Tab     : enter shouldInterceptRequest()
04-18 19:50:07.894  2966  2966 V Tab     : enter onLoadResource()
04-18 19:50:07.894  2966  2966 V Controller: enter onLoadResource()
04-18 19:50:07.894  2966  2966 V Controller: enter onLoadResource(): http://www.google.com.hk/images/nav_logo107.png
04-18 19:50:07.894  2966  2966 V PageDownloader: add(): http://www.google.com.hk/images/nav_logo107.png
04-18 19:50:07.894  2966  3779 E WebCoreFrameBridge: maybeSavePassword, 1219
04-18 19:50:07.894  2966  3779 E WebCoreFrameBridge: shouldInterceptRequest, 525
