jiangrui@jr-desk:~/notes/webkit/webview/history.pic$ log
--------- beginning of /dev/log/main
05-11 16:05:02.280  2800  2800 E webkit_native_draw_history: drawGL, 491
05-11 16:05:02.280  2800  2800 E webkit_native_draw_history: drawGL, 549
05-11 16:05:02.280  2800  2800 E webkit_native_draw_history: extras: 3
05-11 16:05:02.280  2800  2800 E webkit_native_draw_history: drawGL, 580
05-11 16:05:02.280  2800  2800 E webkit_native_draw_history: currentPictureCounter: 24
05-11 16:05:02.300  2800  2800 E webkit_native_draw_history: drawGL, 491
05-11 16:05:02.300  2800  2800 E webkit_native_draw_history: drawGL, 549
05-11 16:05:02.300  2800  2800 E webkit_native_draw_history: extras: 3
05-11 16:05:02.300  2800  2800 E webkit_native_draw_history: drawGL, 580
05-11 16:05:02.300  2800  2800 E webkit_native_draw_history: currentPictureCounter: 24
05-11 16:05:02.730  2800  2800 E webkit_native_draw_history: setBaseLayer, 1737
05-11 16:05:02.730  2800  2800 E webkit_native_draw_history: setBaseLayer, 1744
05-11 16:05:02.730  2800  2800 E webkit_native_draw_history: m_glWebViewState->setBaseLayer
05-11 16:05:02.730  2800  2800 E webkit_native_draw_history: setBaseLayer, 1758
05-11 16:05:02.730  2800  2800 E webkit_native_draw_history: copyScrollPositionRecursive
05-11 16:05:02.730  2800  2800 E webkit_native_draw_history: compositeRoot, 1696
05-11 16:05:02.730  2800  2800 E webkit_native_draw_history: m_baseLayer null or no children
05-11 16:05:02.730  2800  2800 E webkit_native_draw_history: compositeRoot, 1696
05-11 16:05:02.730  2800  2800 E webkit_native_draw_history: m_baseLayer null or no children
05-11 16:05:02.730  2800  2800 V WebView:drawHistory: drawCoreAndCursorRing(): canvas.isHardwareAccelerated() draw
05-11 16:05:02.730  2800  2800 V WebView:drawHistory: drawCoreAndCursorRing(): canvas.isHardwareAccelerated() draw done!
05-11 16:05:02.730  2800  2800 E webkit_native_draw_history: drawGL, 491
05-11 16:05:02.730  2800  2800 E webkit_native_draw_history: drawGL, 549
05-11 16:05:02.730  2800  2800 E webkit_native_draw_history: extras: 3
05-11 16:05:02.730  2800  2800 E webkit_native_draw_history: drawGL, 580
05-11 16:05:02.730  2800  2800 E webkit_native_draw_history: currentPictureCounter: 25
05-11 16:05:02.730  2800  2800 E webkit_native_draw_history: drawGL, 491
05-11 16:05:02.730  2800  2800 E webkit_native_draw_history: drawGL, 549
05-11 16:05:02.740  2800  2800 E webkit_native_draw_history: extras: 3
05-11 16:05:02.740  2800  2800 E webkit_native_draw_history: drawGL, 580
05-11 16:05:02.740  2800  2800 E webkit_native_draw_history: currentPictureCounter: 25
05-11 16:05:02.740  2800  2800 E webkit_native_draw_history: drawGL, 491
05-11 16:05:02.740  2800  2800 E webkit_native_draw_history: drawGL, 549
05-11 16:05:02.740  2800  2800 E webkit_native_draw_history: extras: 3
05-11 16:05:02.740  2800  2800 E webkit_native_draw_history: drawGL, 580
05-11 16:05:02.740  2800  2800 E webkit_native_draw_history: currentPictureCounter: 25
05-11 16:05:02.750  2800  2800 E webkit_native_draw_history: drawGL, 491
05-11 16:05:02.750  2800  2800 E webkit_native_draw_history: drawGL, 549
05-11 16:05:02.750  2800  2800 E webkit_native_draw_history: extras: 3
05-11 16:05:02.750  2800  2800 E webkit_native_draw_history: drawGL, 580
05-11 16:05:02.750  2800  2800 E webkit_native_draw_history: currentPictureCounter: 25
05-11 16:05:02.750  2800  2800 E webkit_native_draw_history: drawGL, 491
05-11 16:05:02.750  2800  2800 E webkit_native_draw_history: drawGL, 549
05-11 16:05:02.750  2800  2800 E webkit_native_draw_history: extras: 3
05-11 16:05:02.750  2800  2800 E webkit_native_draw_history: drawGL, 580
05-11 16:05:02.770  2800  2800 E webkit_native_draw_history: currentPictureCounter: 25
05-11 16:05:02.770  2800  2800 E webkit_native_draw_history: drawGL, 491
05-11 16:05:02.770  2800  2800 E webkit_native_draw_history: drawGL, 549
05-11 16:05:02.770  2800  2800 E webkit_native_draw_history: extras: 3
05-11 16:05:02.770  2800  2800 E webkit_native_draw_history: drawGL, 580
05-11 16:05:02.770  2800  2800 E webkit_native_draw_history: currentPictureCounter: 25
05-11 16:05:03.230  2800  2800 E webkit_native_draw_history: setBaseLayer, 1737
05-11 16:05:03.230  2800  2800 E webkit_native_draw_history: setBaseLayer, 1744
05-11 16:05:03.230  2800  2800 E webkit_native_draw_history: m_glWebViewState->setBaseLayer
05-11 16:05:03.230  2800  2800 E webkit_native_draw_history: setBaseLayer, 1758
05-11 16:05:03.230  2800  2800 E webkit_native_draw_history: copyScrollPositionRecursive
05-11 16:05:03.230  2800  2800 E webkit_native_draw_history: compositeRoot, 1696
05-11 16:05:03.230  2800  2800 E webkit_native_draw_history: m_baseLayer null or no children
05-11 16:05:03.230  2800  2800 E webkit_native_draw_history: compositeRoot, 1696
05-11 16:05:03.230  2800  2800 E webkit_native_draw_history: m_baseLayer null or no children
05-11 16:05:03.230  2800  2800 V WebView:drawHistory: drawCoreAndCursorRing(): canvas.isHardwareAccelerated() draw
05-11 16:05:03.230  2800  2800 V WebView:drawHistory: drawCoreAndCursorRing(): canvas.isHardwareAccelerated() draw done!
05-11 16:05:03.230  2800  2800 E webkit_native_draw_history: drawGL, 491
05-11 16:05:03.230  2800  2800 E webkit_native_draw_history: drawGL, 549
05-11 16:05:03.230  2800  2800 E webkit_native_draw_history: extras: 3
05-11 16:05:03.230  2800  2800 E webkit_native_draw_history: drawGL, 580
05-11 16:05:03.230  2800  2800 E webkit_native_draw_history: currentPictureCounter: 26
05-11 16:05:03.240  2800  2800 E webkit_native_draw_history: drawGL, 491
05-11 16:05:03.240  2800  2800 E webkit_native_draw_history: drawGL, 549
05-11 16:05:03.240  2800  2800 E webkit_native_draw_history: extras: 3
05-11 16:05:03.240  2800  2800 E webkit_native_draw_history: drawGL, 580
05-11 16:05:03.240  2800  2800 E webkit_native_draw_history: currentPictureCounter: 26
05-11 16:05:03.240  2800  2800 E webkit_native_draw_history: drawGL, 491
05-11 16:05:03.240  2800  2800 E webkit_native_draw_history: drawGL, 549
05-11 16:05:03.240  2800  2800 E webkit_native_draw_history: extras: 3
05-11 16:05:03.240  2800  2800 E webkit_native_draw_history: drawGL, 580
05-11 16:05:03.240  2800  2800 E webkit_native_draw_history: currentPictureCounter: 26
05-11 16:05:03.260  1670  1670 I appservice.DMAppSvcBoardCastReceiver.onReceive: Received Intent Action android.intent.action.BATTERY_CHANGED
05-11 16:05:03.260  1670  1670 I DMApplication: getApnReg Invoked0
05-11 16:05:03.260  1670  1670 I appservice.DMAppSvcBoardCastReceiver.onReceive: Scale:100.0Level:5.0Temp:0.0
05-11 16:05:03.260  1670  1670 I appservice.DMAppSvcBoardCastReceiver.onReceive: Received Battary Level 5
05-11 16:05:03.270  2800  2800 E webkit_native_draw_history: drawGL, 491
05-11 16:05:03.270  2800  2800 E webkit_native_draw_history: drawGL, 549
05-11 16:05:03.270  2800  2800 E webkit_native_draw_history: extras: 3
05-11 16:05:03.270  2800  2800 E webkit_native_draw_history: drawGL, 580
05-11 16:05:03.270  2800  2800 E webkit_native_draw_history: currentPictureCounter: 26
05-11 16:05:03.280  2800  2800 E webkit_native_draw_history: drawGL, 491
05-11 16:05:03.280  2800  2800 E webkit_native_draw_history: drawGL, 549
05-11 16:05:03.280  2800  2800 E webkit_native_draw_history: extras: 3
05-11 16:05:03.280  2800  2800 E webkit_native_draw_history: drawGL, 580
05-11 16:05:03.280  2800  2800 E webkit_native_draw_history: currentPictureCounter: 26
05-11 16:05:03.280  2800  2800 E webkit_native_draw_history: drawGL, 491
05-11 16:05:03.280  2800  2800 E webkit_native_draw_history: drawGL, 549
05-11 16:05:03.280  2800  2800 E webkit_native_draw_history: extras: 3
05-11 16:05:03.280  2800  2800 E webkit_native_draw_history: drawGL, 580
05-11 16:05:03.280  2800  2800 E webkit_native_draw_history: currentPictureCounter: 26
05-11 16:05:03.290  2800  2800 E webkit_native_draw_history: drawGL, 491
05-11 16:05:03.290  2800  2800 E webkit_native_draw_history: drawGL, 549
05-11 16:05:03.290  2800  2800 E webkit_native_draw_history: extras: 3
05-11 16:05:03.290  2800  2800 E webkit_native_draw_history: drawGL, 580
05-11 16:05:03.290  2800  2800 E webkit_native_draw_history: currentPictureCounter: 26
05-11 16:05:03.290  1457  1471 D KeyguardUpdateMonitor: received broadcast android.intent.action.BATTERY_CHANGED
05-11 16:05:03.300  1457  1499 D KeyguardUpdateMonitor: handleBatteryUpdate
05-11 16:05:03.310  2800  2800 E webkit_native_draw_history: drawGL, 491
05-11 16:05:03.310  2800  2800 E webkit_native_draw_history: drawGL, 549
05-11 16:05:03.310  2800  2800 E webkit_native_draw_history: extras: 3
05-11 16:05:03.310  2800  2800 E webkit_native_draw_history: drawGL, 580
05-11 16:05:03.310  2800  2800 E webkit_native_draw_history: currentPictureCounter: 26
05-11 16:05:03.420  2800  2800 V Controller: enter onBackKey()
05-11 16:05:03.420  2800  2800 V Controller: enter onBackKey(), ui check done
05-11 16:05:03.420  2800  2800 V Controller: enter onBackKey(), goBackOnePageOrQuit()
05-11 16:05:03.420  2800  2800 V Controller: enter goBackOnePageOrQuit()
05-11 16:05:03.420  2800  2800 V Tab     : enter canGoBack()
05-11 16:05:03.420  2800  2800 V Controller: enter goBackOnePageOrQuit(), current.goBack()
05-11 16:05:03.420  2800  2800 V Tab     : enter goBack()
05-11 16:05:03.420  2800  2825 E WebCoreFrameBridge: GoBackOrForward, 1819
05-11 16:05:03.420  2800  2825 E WebCoreFrameBridge: updateHistoryIndex, 732
05-11 16:05:03.420  2800  2825 E WebCoreFrameBridge: loadStarted, 592
05-11 16:05:03.430  2800  2825 E WebCoreFrameBridge: setProgress, 786
05-11 16:05:03.430  2800  2825 E WebCoreFrameBridge: transitionToCommitted, 654
05-11 16:05:03.440  2800  2800 V Tab     : enter onPageStarted()
05-11 16:05:03.440  2800  2800 V Controller: enter onPageStarted()
05-11 16:05:03.440  2800  2800 V NetworkStateHandler: enter isNetworkUp(): true
05-11 16:05:03.440  2800  2800 V Tab     : enter isSnapshot()
05-11 16:05:03.440  2800  2825 E WebCoreFrameBridge: GetShouldStartScrolledRight, 2258
05-11 16:05:03.450  2800  2800 V Tab     : enter updateBookmarkedStatus()
05-11 16:05:03.450  2800  2800 V Tab     : enter onProgressChanged(): 10
05-11 16:05:03.460  2800  2825 E WebCoreFrameBridge: setTitle, 745
05-11 16:05:03.520  2800  2800 V WebView:drawHistory: drawCoreAndCursorRing(): canvas.isHardwareAccelerated() draw
05-11 16:05:03.520  2800  2800 V WebView:drawHistory: drawCoreAndCursorRing(): canvas.isHardwareAccelerated() draw done!
05-11 16:05:03.520  2800  2800 E webkit_native_draw_history: drawGL, 491
05-11 16:05:03.530  2800  2800 E webkit_native_draw_history: drawGL, 549
05-11 16:05:03.530  2800  2800 E webkit_native_draw_history: extras: 3
05-11 16:05:03.530  2800  2800 E webkit_native_draw_history: drawGL, 580
05-11 16:05:03.530  2800  2800 E webkit_native_draw_history: currentPictureCounter: 26
05-11 16:05:03.530  2800  2800 V Tab     : enter onReceivedTitle()
05-11 16:05:03.530  2800  2800 V Controller: enter onReceivedTitle()
05-11 16:05:03.530  2800  2800 V Tab     : enter isSnapshot()
05-11 16:05:03.540  2800  2800 E webkit_native_draw_history: drawGL, 491
05-11 16:05:03.540  2800  2800 E webkit_native_draw_history: drawGL, 549
05-11 16:05:03.540  2800  2800 E webkit_native_draw_history: extras: 3
05-11 16:05:03.540  2800  2800 E webkit_native_draw_history: drawGL, 580
05-11 16:05:03.540  2800  2800 E webkit_native_draw_history: currentPictureCounter: 26
05-11 16:05:03.550  2800  2800 E webkit_native_draw_history: drawGL, 491
05-11 16:05:03.550  2800  2800 E webkit_native_draw_history: drawGL, 549
05-11 16:05:03.550  2800  2800 E webkit_native_draw_history: extras: 3
05-11 16:05:03.550  2800  2800 E webkit_native_draw_history: drawGL, 580
05-11 16:05:03.550  2800  2800 E webkit_native_draw_history: currentPictureCounter: 26
05-11 16:05:03.750  2800  2800 V Tab     : enter onQueryUrlIsBookmark()
05-11 16:05:03.750  2800  2825 E WebCoreFrameBridge: didFinishLoad, 673
05-11 16:05:03.770  2800  2800 V WebView:drawHistory: switchOutDrawHistory()
05-11 16:05:03.770  2800  2800 V Tab     : enter onPageFinished()
05-11 16:05:03.770  2800  2800 V Tab     : enter syncCurrentState()
05-11 16:05:03.770  2800  2800 V Controller: enter onPageFinished()
05-11 16:05:03.770  2800  2800 V Tab     : enter isSnapshot()
05-11 16:05:03.770  2800  2800 V Tab     : enter isSnapshot()
05-11 16:05:03.770  2800  2800 E webkit_native_draw_history: drawGL, 491
05-11 16:05:03.770  2800  2800 E webkit_native_draw_history: compositeRoot, 1696
05-11 16:05:03.770  2800  2800 E webkit_native_draw_history: m_baseLayer null or no children
05-11 16:05:03.770  2800  2800 E webkit_native_draw_history: drawGL, 549
05-11 16:05:03.770  2800  2800 E webkit_native_draw_history: extras: 3
05-11 16:05:03.770  2800  2800 E webkit_native_draw_history: drawGL, 580
05-11 16:05:03.770  2800  2800 E webkit_native_draw_history: currentPictureCounter: 26
05-11 16:05:03.770  2800  2825 E WebCoreFrameBridge: setProgress, 786
05-11 16:05:03.770  2800  2800 V Tab     : enter onProgressChanged(): 100
05-11 16:05:03.770  2800  2800 V WebView:drawHistory: switchOutDrawHistory()
05-11 16:05:03.840  2800  2800 V WebView:drawHistory: drawCoreAndCursorRing(): canvas.isHardwareAccelerated() draw
05-11 16:05:03.840  2800  2800 V WebView:drawHistory: drawCoreAndCursorRing(): canvas.isHardwareAccelerated() draw done!
05-11 16:05:03.840  2800  2800 E webkit_native_draw_history: drawGL, 491
05-11 16:05:03.840  2800  2800 E webkit_native_draw_history: drawGL, 549
05-11 16:05:03.840  2800  2800 E webkit_native_draw_history: extras: 3
05-11 16:05:03.840  2800  2800 E webkit_native_draw_history: drawGL, 580
05-11 16:05:03.840  2800  2800 E webkit_native_draw_history: currentPictureCounter: 26
05-11 16:05:03.950  2800  2800 E webkit_native_draw_history: setBaseLayer, 1737
05-11 16:05:03.950  2800  2800 E webkit_native_draw_history: setBaseLayer, 1744
05-11 16:05:03.950  2800  2800 E webkit_native_draw_history: m_glWebViewState->setBaseLayer
05-11 16:05:03.950  2800  2800 E webkit_native_draw_history: setBaseLayer, 1758
05-11 16:05:03.950  2800  2800 E webkit_native_draw_history: copyScrollPositionRecursive
05-11 16:05:03.950  2800  2800 E webkit_native_draw_history: compositeRoot, 1696
05-11 16:05:03.950  2800  2800 E webkit_native_draw_history: m_baseLayer null or no children
05-11 16:05:03.950  2800  2800 E webkit_native_draw_history: compositeRoot, 1688
05-11 16:05:03.950  2800  2800 E webkit_native_draw_history: m_baseLayer->countChildren() == 1
05-11 16:05:03.950  2800  2800 E webkit_native_draw_history: compositeRoot, 1688
05-11 16:05:03.950  2800  2800 E webkit_native_draw_history: m_baseLayer->countChildren() == 1
05-11 16:05:03.950  2800  2800 V WebView:drawHistory: recordNewContentSize
05-11 16:05:03.950  2800  2800 V WebView:drawHistory: setNewPicture: for not mDrawHistory
05-11 16:05:03.950  2800  2800 V WebView:drawHistory: drawCoreAndCursorRing(): canvas.isHardwareAccelerated() draw
05-11 16:05:03.950  2800  2800 V WebView:drawHistory: drawCoreAndCursorRing(): canvas.isHardwareAccelerated() draw done!
05-11 16:05:03.950  2800  2800 E webkit_native_draw_history: drawGL, 491
05-11 16:05:03.950  2800  2825 E WebCoreFrameBridge: HasPasswordField, 2099
05-11 16:05:03.950  2800  2800 E webkit_native_draw_history: drawGL, 549
05-11 16:05:03.950  2800  2800 E webkit_native_draw_history: extras: 3
05-11 16:05:03.950  2800  2800 E webkit_native_draw_history: drawGL, 580
05-11 16:05:03.950  2800  2800 E webkit_native_draw_history: currentPictureCounter: 27
05-11 16:05:03.960  2800  2800 V WebView:drawHistory: drawCoreAndCursorRing(): canvas.isHardwareAccelerated() draw
05-11 16:05:03.960  2800  2800 V WebView:drawHistory: drawCoreAndCursorRing(): canvas.isHardwareAccelerated() draw done!
05-11 16:05:03.960  2800  2800 E webkit_native_draw_history: drawGL, 491
05-11 16:05:03.960  2800  2800 E webkit_native_draw_history: drawGL, 549
05-11 16:05:03.960  2800  2800 E webkit_native_draw_history: extras: 3
05-11 16:05:03.960  2800  2800 E webkit_native_draw_history: drawGL, 580
05-11 16:05:03.960  2800  2800 E webkit_native_draw_history: currentPictureCounter: 27
05-11 16:05:03.960  2800  2800 V Controller: enter onSaveInstanceState()
05-11 16:05:03.970  2800  2800 V TabControl: enter saveState()
05-11 16:05:03.970  2800  2800 V Tab     : enter saveState()
05-11 16:05:03.990  2800  2800 V WebView:drawHistory: drawCoreAndCursorRing(): canvas.isHardwareAccelerated() draw
05-11 16:05:03.990  2800  2800 V WebView:drawHistory: drawCoreAndCursorRing(): canvas.isHardwareAccelerated() draw done!
05-11 16:05:03.990  2800  2800 E webkit_native_draw_history: drawGL, 491
05-11 16:05:03.990  2800  2800 E webkit_native_draw_history: drawGL, 549
05-11 16:05:03.990  2800  2800 E webkit_native_draw_history: extras: 3
05-11 16:05:03.990  2800  2800 E webkit_native_draw_history: drawGL, 580
05-11 16:05:03.990  2800  2800 E webkit_native_draw_history: currentPictureCounter: 27
05-11 16:05:03.990  2800  2800 E webkit_native_draw_history: drawGL, 491
05-11 16:05:03.990  2800  2800 E webkit_native_draw_history: drawGL, 549
05-11 16:05:03.990  2800  2800 E webkit_native_draw_history: extras: 3
05-11 16:05:03.990  2800  2800 E webkit_native_draw_history: drawGL, 580
05-11 16:05:03.990  2800  2800 E webkit_native_draw_history: currentPictureCounter: 27
05-11 16:05:04.000  2800  2800 E webkit_native_draw_history: drawGL, 491
05-11 16:05:04.000  2800  2800 E webkit_native_draw_history: drawGL, 549
05-11 16:05:04.000  2800  2800 E webkit_native_draw_history: extras: 3
05-11 16:05:04.000  2800  2800 E webkit_native_draw_history: drawGL, 580
05-11 16:05:04.000  2800  2800 E webkit_native_draw_history: currentPictureCounter: 27
05-11 16:05:04.000  2800  2800 E webkit_native_draw_history: drawGL, 491
05-11 16:05:04.000  2800  2800 E webkit_native_draw_history: drawGL, 549
05-11 16:05:04.010  2800  2800 E webkit_native_draw_history: extras: 3
05-11 16:05:04.010  2800  2800 E webkit_native_draw_history: drawGL, 580
05-11 16:05:04.010  2800  2800 E webkit_native_draw_history: currentPictureCounter: 27
05-11 16:05:04.010  2800  2800 E webkit_native_draw_history: drawGL, 491
05-11 16:05:04.010  2800  2800 E webkit_native_draw_history: drawGL, 549
05-11 16:05:04.010  2800  2800 E webkit_native_draw_history: extras: 3
05-11 16:05:04.010  2800  2800 E webkit_native_draw_history: drawGL, 580
05-11 16:05:04.010  2800  2800 E webkit_native_draw_history: currentPictureCounter: 27
05-11 16:05:04.020  2800  2800 E webkit_native_draw_history: drawGL, 491
05-11 16:05:04.020  2800  2800 E webkit_native_draw_history: drawGL, 549
05-11 16:05:04.020  2800  2800 E webkit_native_draw_history: extras: 3
05-11 16:05:04.020  2800  2800 E webkit_native_draw_history: drawGL, 580
05-11 16:05:04.020  2800  2800 E webkit_native_draw_history: currentPictureCounter: 27
05-11 16:05:04.040  2800  2800 E webkit_native_draw_history: drawGL, 491
05-11 16:05:04.040  2800  2800 E webkit_native_draw_history: drawGL, 549
05-11 16:05:04.040  2800  2800 E webkit_native_draw_history: extras: 3
05-11 16:05:04.040  2800  2800 E webkit_native_draw_history: drawGL, 580
05-11 16:05:04.040  2800  2800 E webkit_native_draw_history: currentPictureCounter: 27
05-11 16:05:04.070  2800  2800 V WebView:drawHistory: drawCoreAndCursorRing(): canvas.isHardwareAccelerated() draw
05-11 16:05:04.070  2800  2800 V WebView:drawHistory: drawCoreAndCursorRing(): canvas.isHardwareAccelerated() draw done!
05-11 16:05:04.080  2800  2800 E webkit_native_draw_history: drawGL, 491
05-11 16:05:04.080  2800  2800 E webkit_native_draw_history: drawGL, 549
05-11 16:05:04.080  2800  2800 E webkit_native_draw_history: extras: 3
05-11 16:05:04.080  2800  2800 E webkit_native_draw_history: drawGL, 580
05-11 16:05:04.080  2800  2800 E webkit_native_draw_history: currentPictureCounter: 27
05-11 16:05:04.110  2800  2800 V WebView:drawHistory: drawCoreAndCursorRing(): canvas.isHardwareAccelerated() draw
05-11 16:05:04.110  2800  2800 V WebView:drawHistory: drawCoreAndCursorRing(): canvas.isHardwareAccelerated() draw done!
05-11 16:05:04.110  2800  2800 E webkit_native_draw_history: drawGL, 491
05-11 16:05:04.110  2800  2800 E webkit_native_draw_history: drawGL, 549
05-11 16:05:04.110  2800  2800 E webkit_native_draw_history: extras: 3
05-11 16:05:04.110  2800  2800 E webkit_native_draw_history: drawGL, 580
05-11 16:05:04.110  2800  2800 E webkit_native_draw_history: currentPictureCounter: 27
05-11 16:05:04.140  2800  2800 E webkit_native_draw_history: drawGL, 491
05-11 16:05:04.140  2800  2800 E webkit_native_draw_history: drawGL, 549
05-11 16:05:04.140  2800  2800 E webkit_native_draw_history: extras: 3
05-11 16:05:04.140  2800  2800 E webkit_native_draw_history: drawGL, 580
05-11 16:05:04.140  2800  2800 E webkit_native_draw_history: currentPictureCounter: 27
05-11 16:05:04.170  2800  2800 E webkit_native_draw_history: drawGL, 491
05-11 16:05:04.170  2800  2800 E webkit_native_draw_history: drawGL, 549
05-11 16:05:04.170  2800  2800 E webkit_native_draw_history: extras: 3
05-11 16:05:04.170  2800  2800 E webkit_native_draw_history: drawGL, 580
05-11 16:05:04.170  2800  2800 E webkit_native_draw_history: currentPictureCounter: 27
05-11 16:05:04.210  2800  2800 E webkit_native_draw_history: drawGL, 491
05-11 16:05:04.210  2800  2800 E webkit_native_draw_history: drawGL, 549
05-11 16:05:04.210  2800  2800 E webkit_native_draw_history: extras: 3
05-11 16:05:04.210  2800  2800 E webkit_native_draw_history: drawGL, 580
05-11 16:05:04.210  2800  2800 E webkit_native_draw_history: currentPictureCounter: 27
05-11 16:05:04.250  2800  2800 E webkit_native_draw_history: drawGL, 491
05-11 16:05:04.250  2800  2800 E webkit_native_draw_history: drawGL, 549
05-11 16:05:04.250  2800  2800 E webkit_native_draw_history: extras: 3
05-11 16:05:04.250  2800  2800 E webkit_native_draw_history: drawGL, 580
05-11 16:05:04.250  2800  2800 E webkit_native_draw_history: currentPictureCounter: 27
05-11 16:05:04.280  2800  2800 V Controller: enter updateScreenshot()
05-11 16:05:04.280  2800  2800 V Controller: enter createScreenshot()
05-11 16:05:04.280  2800  2800 V WebView:drawHistory: animateZoom !canvas.isHardwareAccelerated()
05-11 16:05:04.280  2800  2800 E webkit_native_draw_history: compositeRoot, 1688
05-11 16:05:04.280  2800  2800 E webkit_native_draw_history: m_baseLayer->countChildren() == 1
05-11 16:05:04.280  2800  2800 E webkit_native_draw_history: draw, 630
05-11 16:05:04.280  2800  2800 E webkit_native_draw_history: draw, 647
05-11 16:05:04.280  2800  2800 E webkit_native_draw_history: draw the content of the base layer first
05-11 16:05:04.370  2800  2800 E webkit_native_draw_history: draw, 663
05-11 16:05:04.380  2800  2800 E webkit_native_draw_history: after base layer content->draw()
05-11 16:05:04.380  2800  2800 E webkit_native_draw_history: draw, 678
05-11 16:05:04.380  2800  2800 E webkit_native_draw_history: extras: 3
05-11 16:05:04.380  2800  2800 E webkit_native_draw_history: draw, 706
05-11 16:05:04.380  2800  2800 E webkit_native_draw_history: get compositeLayer
05-11 16:05:04.380  2800  2800 E webkit_native_draw_history: compositeRoot, 1688
05-11 16:05:04.380  2800  2800 E webkit_native_draw_history: m_baseLayer->countChildren() == 1
05-11 16:05:04.380  2800  2800 E webkit_native_draw_history: draw, 715
05-11 16:05:04.380  2800  2800 E webkit_native_draw_history: got compositeLayer, m_baseLayer->draw().Be sure we've adjusted for any scrolling or animations before we actually draw
05-11 16:05:04.410  2800  2800 E webkit_native_draw_history: drawGL, 491
05-11 16:05:04.410  2800  2800 E webkit_native_draw_history: drawGL, 549
05-11 16:05:04.410  2800  2800 E webkit_native_draw_history: extras: 3
05-11 16:05:04.410  2800  2800 E webkit_native_draw_history: drawGL, 580
05-11 16:05:04.410  2800  2800 E webkit_native_draw_history: currentPictureCounter: 27
05-11 16:05:04.410  2800  2800 E webkit_native_draw_history: drawGL, 491
05-11 16:05:04.430  2800  2800 E webkit_native_draw_history: drawGL, 549
05-11 16:05:04.430  2800  2800 E webkit_native_draw_history: extras: 3
05-11 16:05:04.430  2800  2800 E webkit_native_draw_history: drawGL, 580
05-11 16:05:04.430  2800  2800 E webkit_native_draw_history: currentPictureCounter: 27
05-11 16:05:04.430  2800  2800 E webkit_native_draw_history: drawGL, 491
05-11 16:05:04.430  2800  2800 E webkit_native_draw_history: drawGL, 549
05-11 16:05:04.430  2800  2800 E webkit_native_draw_history: extras: 3
05-11 16:05:04.430  2800  2800 E webkit_native_draw_history: drawGL, 580
05-11 16:05:04.430  2800  2800 E webkit_native_draw_history: currentPictureCounter: 27
05-11 16:05:04.440  2800  2800 E webkit_native_draw_history: drawGL, 491
05-11 16:05:04.440  2800  2800 E webkit_native_draw_history: drawGL, 549
05-11 16:05:04.440  2800  2800 E webkit_native_draw_history: extras: 3
05-11 16:05:04.440  2800  2800 E webkit_native_draw_history: drawGL, 580
05-11 16:05:04.440  2800  2800 E webkit_native_draw_history: currentPictureCounter: 27
05-11 16:05:04.440  2800  2800 E webkit_native_draw_history: drawGL, 491
05-11 16:05:04.440  2800  2800 E webkit_native_draw_history: drawGL, 549
05-11 16:05:04.440  2800  2800 E webkit_native_draw_history: extras: 3
05-11 16:05:04.440  2800  2800 E webkit_native_draw_history: drawGL, 580
05-11 16:05:04.440  2800  2800 E webkit_native_draw_history: currentPictureCounter: 27
05-11 16:05:04.440  2800  2800 E webkit_native_draw_history: drawGL, 491
05-11 16:05:04.440  2800  2800 E webkit_native_draw_history: drawGL, 549
05-11 16:05:04.450  2800  2800 E webkit_native_draw_history: extras: 3
05-11 16:05:04.450  2800  2800 E webkit_native_draw_history: drawGL, 580
05-11 16:05:04.450  2800  2800 E webkit_native_draw_history: currentPictureCounter: 27
05-11 16:05:04.470  2800  2800 E webkit_native_draw_history: drawGL, 491
05-11 16:05:04.470  2800  2800 E webkit_native_draw_history: drawGL, 549
05-11 16:05:04.470  2800  2800 E webkit_native_draw_history: extras: 3
05-11 16:05:04.470  2800  2800 E webkit_native_draw_history: drawGL, 580
05-11 16:05:04.470  2800  2800 E webkit_native_draw_history: currentPictureCounter: 27
05-11 16:05:04.510  2800  2800 E webkit_native_draw_history: drawGL, 491
05-11 16:05:04.510  2800  2800 E webkit_native_draw_history: drawGL, 549
05-11 16:05:04.510  2800  2800 E webkit_native_draw_history: extras: 3
05-11 16:05:04.510  2800  2800 E webkit_native_draw_history: drawGL, 580
05-11 16:05:04.510  2800  2800 E webkit_native_draw_history: currentPictureCounter: 27
05-11 16:05:04.540  2800  2800 E webkit_native_draw_history: drawGL, 491
05-11 16:05:04.540  2800  2800 E webkit_native_draw_history: drawGL, 549
05-11 16:05:04.540  2800  2800 E webkit_native_draw_history: extras: 3
05-11 16:05:04.540  2800  2800 E webkit_native_draw_history: drawGL, 580
05-11 16:05:04.540  2800  2800 E webkit_native_draw_history: currentPictureCounter: 27
05-11 16:05:04.570  2800  2800 E webkit_native_draw_history: drawGL, 491
05-11 16:05:04.570  2800  2800 E webkit_native_draw_history: drawGL, 549
05-11 16:05:04.570  2800  2800 E webkit_native_draw_history: extras: 3
05-11 16:05:04.570  2800  2800 E webkit_native_draw_history: drawGL, 580
05-11 16:05:04.570  2800  2800 E webkit_native_draw_history: currentPictureCounter: 27
05-11 16:05:04.610  2800  2800 E webkit_native_draw_history: drawGL, 491
05-11 16:05:04.610  2800  2800 E webkit_native_draw_history: drawGL, 549
05-11 16:05:04.610  2800  2800 E webkit_native_draw_history: extras: 3
05-11 16:05:04.610  2800  2800 E webkit_native_draw_history: drawGL, 580
05-11 16:05:04.610  2800  2800 E webkit_native_draw_history: currentPictureCounter: 27
05-11 16:05:04.640  2800  2800 E webkit_native_draw_history: drawGL, 491
05-11 16:05:04.640  2800  2800 E webkit_native_draw_history: drawGL, 549
05-11 16:05:04.640  2800  2800 E webkit_native_draw_history: extras: 3
05-11 16:05:04.640  2800  2800 E webkit_native_draw_history: drawGL, 580
05-11 16:05:04.640  2800  2800 E webkit_native_draw_history: currentPictureCounter: 27
05-11 16:05:04.670  2800  2800 E webkit_native_draw_history: drawGL, 491
05-11 16:05:04.670  2800  2800 E webkit_native_draw_history: drawGL, 549
05-11 16:05:04.670  2800  2800 E webkit_native_draw_history: extras: 3
05-11 16:05:04.670  2800  2800 E webkit_native_draw_history: drawGL, 580
05-11 16:05:04.670  2800  2800 E webkit_native_draw_history: currentPictureCounter: 27
05-11 16:05:04.710  2800  2800 V WebView:drawHistory: drawCoreAndCursorRing(): canvas.isHardwareAccelerated() draw
05-11 16:05:04.710  2800  2800 V WebView:drawHistory: drawCoreAndCursorRing(): canvas.isHardwareAccelerated() draw done!
05-11 16:05:04.710  2800  2800 E webkit_native_draw_history: drawGL, 491
05-11 16:05:04.710  2800  2800 E webkit_native_draw_history: drawGL, 549
05-11 16:05:04.710  2800  2800 E webkit_native_draw_history: extras: 3
05-11 16:05:04.710  2800  2800 E webkit_native_draw_history: drawGL, 580
05-11 16:05:04.710  2800  2800 E webkit_native_draw_history: currentPictureCounter: 27
05-11 16:05:04.740  2800  2800 V WebView:drawHistory: drawCoreAndCursorRing(): canvas.isHardwareAccelerated() draw
05-11 16:05:04.740  2800  2800 V WebView:drawHistory: drawCoreAndCursorRing(): canvas.isHardwareAccelerated() draw done!
05-11 16:05:04.740  2800  2800 E webkit_native_draw_history: drawGL, 491
05-11 16:05:04.740  2800  2800 E webkit_native_draw_history: drawGL, 549
05-11 16:05:04.740  2800  2800 E webkit_native_draw_history: extras: 3
05-11 16:05:04.740  2800  2800 E webkit_native_draw_history: drawGL, 580
05-11 16:05:04.740  2800  2800 E webkit_native_draw_history: currentPictureCounter: 27
05-11 16:05:04.770  2800  2800 V WebView:drawHistory: drawCoreAndCursorRing(): canvas.isHardwareAccelerated() draw
05-11 16:05:04.770  2800  2800 V WebView:drawHistory: drawCoreAndCursorRing(): canvas.isHardwareAccelerated() draw done!
05-11 16:05:04.770  2800  2800 E webkit_native_draw_history: drawGL, 491
05-11 16:05:04.770  2800  2800 E webkit_native_draw_history: drawGL, 549
05-11 16:05:04.770  2800  2800 E webkit_native_draw_history: extras: 3
05-11 16:05:04.770  2800  2800 E webkit_native_draw_history: drawGL, 580
05-11 16:05:04.770  2800  2800 E webkit_native_draw_history: currentPictureCounter: 27
05-11 16:05:04.800  2800  2800 V WebView:drawHistory: drawCoreAndCursorRing(): canvas.isHardwareAccelerated() draw
05-11 16:05:04.800  2800  2800 V WebView:drawHistory: drawCoreAndCursorRing(): canvas.isHardwareAccelerated() draw done!
05-11 16:05:04.800  2800  2800 E webkit_native_draw_history: drawGL, 491
05-11 16:05:04.800  2800  2800 E webkit_native_draw_history: drawGL, 549
05-11 16:05:04.800  2800  2800 E webkit_native_draw_history: extras: 3
05-11 16:05:04.800  2800  2800 E webkit_native_draw_history: drawGL, 580
05-11 16:05:04.800  2800  2800 E webkit_native_draw_history: currentPictureCounter: 27
05-11 16:05:04.850  2800  2800 V WebView:drawHistory: drawCoreAndCursorRing(): canvas.isHardwareAccelerated() draw
05-11 16:05:04.850  2800  2800 V WebView:drawHistory: drawCoreAndCursorRing(): canvas.isHardwareAccelerated() draw done!
05-11 16:05:04.850  2800  2800 E webkit_native_draw_history: drawGL, 491
05-11 16:05:04.850  2800  2800 E webkit_native_draw_history: drawGL, 549
05-11 16:05:04.850  2800  2800 E webkit_native_draw_history: extras: 3
05-11 16:05:04.850  2800  2800 E webkit_native_draw_history: drawGL, 580
05-11 16:05:04.850  2800  2800 E webkit_native_draw_history: currentPictureCounter: 27
05-11 16:05:04.880  2800  2800 V WebView:drawHistory: drawCoreAndCursorRing(): canvas.isHardwareAccelerated() draw
05-11 16:05:04.880  2800  2800 V WebView:drawHistory: drawCoreAndCursorRing(): canvas.isHardwareAccelerated() draw done!
05-11 16:05:04.880  2800  2800 E webkit_native_draw_history: drawGL, 491
05-11 16:05:04.880  2800  2800 E webkit_native_draw_history: drawGL, 549
05-11 16:05:04.880  2800  2800 E webkit_native_draw_history: extras: 3
05-11 16:05:04.880  2800  2800 E webkit_native_draw_history: drawGL, 580
05-11 16:05:04.880  2800  2800 E webkit_native_draw_history: currentPictureCounter: 27
05-11 16:05:04.910  2800  2800 V WebView:drawHistory: drawCoreAndCursorRing(): canvas.isHardwareAccelerated() draw
05-11 16:05:04.910  2800  2800 V WebView:drawHistory: drawCoreAndCursorRing(): canvas.isHardwareAccelerated() draw done!
05-11 16:05:04.910  2800  2800 E webkit_native_draw_history: drawGL, 491
05-11 16:05:04.910  2800  2800 E webkit_native_draw_history: drawGL, 549
05-11 16:05:04.910  2800  2800 E webkit_native_draw_history: extras: 3
05-11 16:05:04.910  2800  2800 E webkit_native_draw_history: drawGL, 580
05-11 16:05:04.910  2800  2800 E webkit_native_draw_history: currentPictureCounter: 27
05-11 16:05:04.940  2800  2800 V WebView:drawHistory: drawCoreAndCursorRing(): canvas.isHardwareAccelerated() draw
05-11 16:05:04.940  2800  2800 V WebView:drawHistory: drawCoreAndCursorRing(): canvas.isHardwareAccelerated() draw done!
05-11 16:05:04.940  2800  2800 E webkit_native_draw_history: drawGL, 491
05-11 16:05:04.940  2800  2800 E webkit_native_draw_history: drawGL, 549
05-11 16:05:04.940  2800  2800 E webkit_native_draw_history: extras: 3
05-11 16:05:04.940  2800  2800 E webkit_native_draw_history: drawGL, 580
05-11 16:05:04.940  2800  2800 E webkit_native_draw_history: currentPictureCounter: 27
05-11 16:05:04.970  2800  2800 V WebView:drawHistory: drawCoreAndCursorRing(): canvas.isHardwareAccelerated() draw
05-11 16:05:04.970  2800  2800 V WebView:drawHistory: drawCoreAndCursorRing(): canvas.isHardwareAccelerated() draw done!
05-11 16:05:04.970  2800  2800 E webkit_native_draw_history: drawGL, 491
05-11 16:05:04.970  2800  2800 E webkit_native_draw_history: drawGL, 549
05-11 16:05:04.970  2800  2800 E webkit_native_draw_history: extras: 3
05-11 16:05:04.970  2800  2800 E webkit_native_draw_history: drawGL, 580
05-11 16:05:04.970  2800  2800 E webkit_native_draw_history: currentPictureCounter: 27
05-11 16:05:05.010  2800  2800 V WebView:drawHistory: drawCoreAndCursorRing(): canvas.isHardwareAccelerated() draw
05-11 16:05:05.010  2800  2800 V WebView:drawHistory: drawCoreAndCursorRing(): canvas.isHardwareAccelerated() draw done!
05-11 16:05:05.010  2800  2800 E webkit_native_draw_history: drawGL, 491
05-11 16:05:05.010  2800  2800 E webkit_native_draw_history: drawGL, 549
05-11 16:05:05.010  2800  2800 E webkit_native_draw_history: extras: 3
05-11 16:05:05.010  2800  2800 E webkit_native_draw_history: drawGL, 580
05-11 16:05:05.010  2800  2800 E webkit_native_draw_history: currentPictureCounter: 27
05-11 16:05:05.020  1257  1299 D SPRDENG : eng_atauto_thread: At Auto Report
05-11 16:05:05.020  1257  1299 D SPRDENG : eng_atauto_thread: eng_atautobuf=
05-11 16:05:05.020  1257  1299 D SPRDENG : +CSQ: 17,99
05-11 16:05:05.020  1257  1299 D SPRDENG : ; usb_fd=19
05-11 16:05:05.020  1257  1299 D SPRDENG : eng_atauto_thread: usb_status=1
05-11 16:05:05.020  1257  1299 D SPRDENG : eng_atauto_thread: write at auto report to PC
05-11 16:05:05.020  1670  1670 I appservice.DMAppSvcBoardCastReceiver.onReceive: Received Intent Action android.intent.action.SIG_STR
05-11 16:05:05.020  1670  1670 I DMApplication: getApnReg Invoked0
--------- beginning of /dev/log/system
05-11 16:05:05.020  1563  1563 D StatusBar.NetworkControllerDualSIM: phone1:onSignalStrengthsChanged signalStrength=SignalStrength: 17 -1 -1 -1 -1 -1 -1 -1 -1 -1 -1 -1 gsm|lte level=4
05-11 16:05:05.040  2800  2800 E webkit_native_draw_history: drawGL, 491
05-11 16:05:05.040  2800  2800 E webkit_native_draw_history: drawGL, 549
05-11 16:05:05.040  2800  2800 E webkit_native_draw_history: extras: 3
05-11 16:05:05.040  2800  2800 E webkit_native_draw_history: drawGL, 580
05-11 16:05:05.040  2800  2800 E webkit_native_draw_history: currentPictureCounter: 27
05-11 16:05:05.070  2800  2800 E webkit_native_draw_history: drawGL, 491
05-11 16:05:05.070  2800  2800 E webkit_native_draw_history: drawGL, 549
05-11 16:05:05.070  2800  2800 E webkit_native_draw_history: extras: 3
05-11 16:05:05.070  2800  2800 E webkit_native_draw_history: drawGL, 580
05-11 16:05:05.070  2800  2800 E webkit_native_draw_history: currentPictureCounter: 27
05-11 16:05:05.100  2800  2800 E webkit_native_draw_history: drawGL, 491
05-11 16:05:05.100  2800  2800 E webkit_native_draw_history: drawGL, 549
05-11 16:05:05.100  2800  2800 E webkit_native_draw_history: extras: 3
05-11 16:05:05.100  2800  2800 E webkit_native_draw_history: drawGL, 580
05-11 16:05:05.100  2800  2800 E webkit_native_draw_history: currentPictureCounter: 27
05-11 16:05:05.140  2800  2800 E webkit_native_draw_history: drawGL, 491
05-11 16:05:05.140  2800  2800 E webkit_native_draw_history: drawGL, 549
05-11 16:05:05.140  2800  2800 E webkit_native_draw_history: extras: 3
05-11 16:05:05.140  2800  2800 E webkit_native_draw_history: drawGL, 580
05-11 16:05:05.140  2800  2800 E webkit_native_draw_history: currentPictureCounter: 27
05-11 16:05:05.170  2800  2800 E webkit_native_draw_history: drawGL, 491
05-11 16:05:05.170  2800  2800 E webkit_native_draw_history: drawGL, 549
05-11 16:05:05.170  2800  2800 E webkit_native_draw_history: extras: 3
05-11 16:05:05.170  2800  2800 E webkit_native_draw_history: drawGL, 580
05-11 16:05:05.170  2800  2800 E webkit_native_draw_history: currentPictureCounter: 27
05-11 16:05:05.200  2800  2800 E webkit_native_draw_history: drawGL, 491
05-11 16:05:05.200  2800  2800 E webkit_native_draw_history: drawGL, 549
05-11 16:05:05.200  2800  2800 E webkit_native_draw_history: extras: 3
05-11 16:05:05.200  2800  2800 E webkit_native_draw_history: drawGL, 580
05-11 16:05:05.200  2800  2800 E webkit_native_draw_history: currentPictureCounter: 27
05-11 16:05:05.240  2800  2800 E webkit_native_draw_history: setBaseLayer, 1737
05-11 16:05:05.240  2800  2800 E webkit_native_draw_history: setBaseLayer, 1744
05-11 16:05:05.240  2800  2800 E webkit_native_draw_history: m_glWebViewState->setBaseLayer
05-11 16:05:05.240  2800  2800 E webkit_native_draw_history: setBaseLayer, 1758
05-11 16:05:05.240  2800  2800 E webkit_native_draw_history: copyScrollPositionRecursive
05-11 16:05:05.240  2800  2800 E webkit_native_draw_history: compositeRoot, 1688
05-11 16:05:05.240  2800  2800 E webkit_native_draw_history: m_baseLayer->countChildren() == 1
05-11 16:05:05.240  2800  2800 E webkit_native_draw_history: compositeRoot, 1688
05-11 16:05:05.240  2800  2800 E webkit_native_draw_history: m_baseLayer->countChildren() == 1
05-11 16:05:05.240  2800  2800 V WebView:drawHistory: drawCoreAndCursorRing(): canvas.isHardwareAccelerated() draw
05-11 16:05:05.240  2800  2800 V WebView:drawHistory: drawCoreAndCursorRing(): canvas.isHardwareAccelerated() draw done!
05-11 16:05:05.240  2800  2800 E webkit_native_draw_history: drawGL, 491
05-11 16:05:05.240  2800  2800 E webkit_native_draw_history: drawGL, 549
05-11 16:05:05.240  2800  2800 E webkit_native_draw_history: extras: 3
05-11 16:05:05.240  2800  2800 E webkit_native_draw_history: drawGL, 580
05-11 16:05:05.240  2800  2800 E webkit_native_draw_history: currentPictureCounter: 27
05-11 16:05:05.270  2800  2800 E webkit_native_draw_history: drawGL, 491
05-11 16:05:05.270  2800  2800 E webkit_native_draw_history: drawGL, 549
05-11 16:05:05.270  2800  2800 E webkit_native_draw_history: extras: 3
05-11 16:05:05.270  2800  2800 E webkit_native_draw_history: drawGL, 580
05-11 16:05:05.270  2800  2800 E webkit_native_draw_history: currentPictureCounter: 27
05-11 16:05:05.310  2800  2800 E webkit_native_draw_history: drawGL, 491
05-11 16:05:05.310  2800  2800 E webkit_native_draw_history: drawGL, 549
05-11 16:05:05.310  2800  2800 E webkit_native_draw_history: extras: 3
05-11 16:05:05.310  2800  2800 E webkit_native_draw_history: drawGL, 580
05-11 16:05:05.310  2800  2800 E webkit_native_draw_history: currentPictureCounter: 27
05-11 16:05:05.340  2800  2800 E webkit_native_draw_history: drawGL, 491
05-11 16:05:05.340  2800  2800 E webkit_native_draw_history: drawGL, 549
05-11 16:05:05.340  2800  2800 E webkit_native_draw_history: extras: 3
05-11 16:05:05.340  2800  2800 E webkit_native_draw_history: drawGL, 580
05-11 16:05:05.340  2800  2800 E webkit_native_draw_history: currentPictureCounter: 27
05-11 16:05:05.370  2800  2800 E webkit_native_draw_history: drawGL, 491
05-11 16:05:05.370  2800  2800 E webkit_native_draw_history: drawGL, 549
05-11 16:05:05.370  2800  2800 E webkit_native_draw_history: extras: 3
05-11 16:05:05.370  2800  2800 E webkit_native_draw_history: drawGL, 580
05-11 16:05:05.370  2800  2800 E webkit_native_draw_history: currentPictureCounter: 27
05-11 16:05:05.410  2800  2800 E webkit_native_draw_history: drawGL, 491
05-11 16:05:05.410  2800  2800 E webkit_native_draw_history: drawGL, 549
05-11 16:05:05.410  2800  2800 E webkit_native_draw_history: extras: 3
05-11 16:05:05.410  2800  2800 E webkit_native_draw_history: drawGL, 580
05-11 16:05:05.410  2800  2800 E webkit_native_draw_history: currentPictureCounter: 27
05-11 16:05:05.440  2800  2800 E webkit_native_draw_history: drawGL, 491
05-11 16:05:05.440  2800  2800 E webkit_native_draw_history: drawGL, 549
05-11 16:05:05.440  2800  2800 E webkit_native_draw_history: extras: 3
05-11 16:05:05.440  2800  2800 E webkit_native_draw_history: drawGL, 580
05-11 16:05:05.440  2800  2800 E webkit_native_draw_history: currentPictureCounter: 27
05-11 16:05:05.470  2800  2800 E webkit_native_draw_history: drawGL, 491
05-11 16:05:05.470  2800  2800 E webkit_native_draw_history: drawGL, 549
05-11 16:05:05.470  2800  2800 E webkit_native_draw_history: extras: 3
05-11 16:05:05.470  2800  2800 E webkit_native_draw_history: drawGL, 580
05-11 16:05:05.470  2800  2800 E webkit_native_draw_history: currentPictureCounter: 27
05-11 16:05:05.510  2800  2800 E webkit_native_draw_history: drawGL, 491
05-11 16:05:05.510  2800  2800 E webkit_native_draw_history: drawGL, 549
05-11 16:05:05.510  2800  2800 E webkit_native_draw_history: extras: 3
05-11 16:05:05.510  2800  2800 E webkit_native_draw_history: drawGL, 580
05-11 16:05:05.510  2800  2800 E webkit_native_draw_history: currentPictureCounter: 27
05-11 16:05:05.540  2800  2800 E webkit_native_draw_history: drawGL, 491
05-11 16:05:05.540  2800  2800 E webkit_native_draw_history: drawGL, 549
05-11 16:05:05.540  2800  2800 E webkit_native_draw_history: extras: 3
05-11 16:05:05.540  2800  2800 E webkit_native_draw_history: drawGL, 580
05-11 16:05:05.540  2800  2800 E webkit_native_draw_history: currentPictureCounter: 27
05-11 16:05:05.570  2800  2800 E webkit_native_draw_history: drawGL, 491
05-11 16:05:05.570  2800  2800 E webkit_native_draw_history: drawGL, 549
05-11 16:05:05.570  2800  2800 E webkit_native_draw_history: extras: 3
05-11 16:05:05.570  2800  2800 E webkit_native_draw_history: drawGL, 580
05-11 16:05:05.570  2800  2800 E webkit_native_draw_history: currentPictureCounter: 27
05-11 16:05:05.600  2800  2800 E webkit_native_draw_history: drawGL, 491
05-11 16:05:05.600  2800  2800 E webkit_native_draw_history: drawGL, 549
05-11 16:05:05.600  2800  2800 E webkit_native_draw_history: extras: 3
05-11 16:05:05.600  2800  2800 E webkit_native_draw_history: drawGL, 580
05-11 16:05:05.600  2800  2800 E webkit_native_draw_history: currentPictureCounter: 27
05-11 16:05:05.640  2800  2800 E webkit_native_draw_history: drawGL, 491
05-11 16:05:05.640  2800  2800 E webkit_native_draw_history: drawGL, 549
05-11 16:05:05.640  2800  2800 E webkit_native_draw_history: extras: 3
05-11 16:05:05.640  2800  2800 E webkit_native_draw_history: drawGL, 580
05-11 16:05:05.640  2800  2800 E webkit_native_draw_history: currentPictureCounter: 27
05-11 16:05:05.680  2800  2800 E webkit_native_draw_history: drawGL, 491
05-11 16:05:05.680  2800  2800 E webkit_native_draw_history: drawGL, 549
05-11 16:05:05.680  2800  2800 E webkit_native_draw_history: extras: 3
05-11 16:05:05.680  2800  2800 E webkit_native_draw_history: drawGL, 580
05-11 16:05:05.680  2800  2800 E webkit_native_draw_history: currentPictureCounter: 27
05-11 16:05:05.700  2800  2800 E webkit_native_draw_history: drawGL, 491
05-11 16:05:05.700  2800  2800 E webkit_native_draw_history: drawGL, 549
05-11 16:05:05.700  2800  2800 E webkit_native_draw_history: extras: 3
05-11 16:05:05.700  2800  2800 E webkit_native_draw_history: drawGL, 580
05-11 16:05:05.700  2800  2800 E webkit_native_draw_history: currentPictureCounter: 27
05-11 16:05:05.740  2800  2800 E webkit_native_draw_history: drawGL, 491
05-11 16:05:05.740  2800  2800 E webkit_native_draw_history: drawGL, 549
05-11 16:05:05.740  2800  2800 E webkit_native_draw_history: extras: 3
05-11 16:05:05.740  2800  2800 E webkit_native_draw_history: drawGL, 580
05-11 16:05:05.740  2800  2800 E webkit_native_draw_history: currentPictureCounter: 27
05-11 16:05:05.770  2800  2800 E webkit_native_draw_history: drawGL, 491
05-11 16:05:05.770  2800  2800 E webkit_native_draw_history: drawGL, 549
05-11 16:05:05.770  2800  2800 E webkit_native_draw_history: extras: 3
05-11 16:05:05.770  2800  2800 E webkit_native_draw_history: drawGL, 580
05-11 16:05:05.770  2800  2800 E webkit_native_draw_history: currentPictureCounter: 27
05-11 16:05:05.810  2800  2800 E webkit_native_draw_history: drawGL, 491
05-11 16:05:05.810  2800  2800 E webkit_native_draw_history: drawGL, 549
05-11 16:05:05.810  2800  2800 E webkit_native_draw_history: extras: 3
05-11 16:05:05.810  2800  2800 E webkit_native_draw_history: drawGL, 580
05-11 16:05:05.810  2800  2800 E webkit_native_draw_history: currentPictureCounter: 27
05-11 16:05:05.840  2800  2800 E webkit_native_draw_history: drawGL, 491
05-11 16:05:05.840  2800  2800 E webkit_native_draw_history: drawGL, 549
05-11 16:05:05.840  2800  2800 E webkit_native_draw_history: extras: 3
05-11 16:05:05.840  2800  2800 E webkit_native_draw_history: drawGL, 580
05-11 16:05:05.840  2800  2800 E webkit_native_draw_history: currentPictureCounter: 27
05-11 16:05:05.870  2800  2800 E webkit_native_draw_history: setBaseLayer, 1737
05-11 16:05:05.870  2800  2800 E webkit_native_draw_history: setBaseLayer, 1744
05-11 16:05:05.870  2800  2800 E webkit_native_draw_history: m_glWebViewState->setBaseLayer
05-11 16:05:05.870  2800  2800 E webkit_native_draw_history: setBaseLayer, 1758
05-11 16:05:05.870  2800  2800 E webkit_native_draw_history: copyScrollPositionRecursive
05-11 16:05:05.870  2800  2800 E webkit_native_draw_history: compositeRoot, 1688
05-11 16:05:05.870  2800  2800 E webkit_native_draw_history: m_baseLayer->countChildren() == 1
05-11 16:05:05.870  2800  2800 E webkit_native_draw_history: compositeRoot, 1688
05-11 16:05:05.870  2800  2800 E webkit_native_draw_history: m_baseLayer->countChildren() == 1
05-11 16:05:05.870  2800  2800 V WebView:drawHistory: drawCoreAndCursorRing(): canvas.isHardwareAccelerated() draw
05-11 16:05:05.870  2800  2800 V WebView:drawHistory: drawCoreAndCursorRing(): canvas.isHardwareAccelerated() draw done!
05-11 16:05:05.870  2800  2800 E webkit_native_draw_history: drawGL, 491
05-11 16:05:05.870  2800  2800 E webkit_native_draw_history: drawGL, 549
05-11 16:05:05.870  2800  2800 E webkit_native_draw_history: extras: 3
05-11 16:05:05.870  2800  2800 E webkit_native_draw_history: drawGL, 580
05-11 16:05:05.870  2800  2800 E webkit_native_draw_history: currentPictureCounter: 27
05-11 16:05:05.900  2800  2800 E webkit_native_draw_history: drawGL, 491
05-11 16:05:05.900  2800  2800 E webkit_native_draw_history: drawGL, 549
05-11 16:05:05.900  2800  2800 E webkit_native_draw_history: extras: 3
05-11 16:05:05.900  2800  2800 E webkit_native_draw_history: drawGL, 580
05-11 16:05:05.900  2800  2800 E webkit_native_draw_history: currentPictureCounter: 27
05-11 16:05:05.950  2800  2800 E webkit_native_draw_history: setBaseLayer, 1737
05-11 16:05:05.950  2800  2800 E webkit_native_draw_history: setBaseLayer, 1744
05-11 16:05:05.950  2800  2800 E webkit_native_draw_history: m_glWebViewState->setBaseLayer
05-11 16:05:05.950  2800  2800 E webkit_native_draw_history: setBaseLayer, 1758
05-11 16:05:05.950  2800  2800 E webkit_native_draw_history: copyScrollPositionRecursive
05-11 16:05:05.950  2800  2800 E webkit_native_draw_history: compositeRoot, 1688
05-11 16:05:05.950  2800  2800 E webkit_native_draw_history: m_baseLayer->countChildren() == 1
05-11 16:05:05.950  2800  2800 E webkit_native_draw_history: compositeRoot, 1688
05-11 16:05:05.950  2800  2800 E webkit_native_draw_history: m_baseLayer->countChildren() == 1
05-11 16:05:05.950  2800  2800 E webkit_native_draw_history: setBaseLayer, 1737
05-11 16:05:05.950  2800  2800 E webkit_native_draw_history: setBaseLayer, 1744
05-11 16:05:05.950  2800  2800 E webkit_native_draw_history: m_glWebViewState->setBaseLayer
05-11 16:05:05.950  2800  2800 E webkit_native_draw_history: setBaseLayer, 1758
05-11 16:05:05.950  2800  2800 E webkit_native_draw_history: copyScrollPositionRecursive
05-11 16:05:05.950  2800  2800 E webkit_native_draw_history: compositeRoot, 1688
05-11 16:05:05.950  2800  2800 E webkit_native_draw_history: m_baseLayer->countChildren() == 1
05-11 16:05:05.950  2800  2800 E webkit_native_draw_history: compositeRoot, 1688
05-11 16:05:05.950  2800  2800 E webkit_native_draw_history: m_baseLayer->countChildren() == 1
05-11 16:05:05.950  2800  2800 V WebView:drawHistory: drawCoreAndCursorRing(): canvas.isHardwareAccelerated() draw
05-11 16:05:05.950  2800  2800 V WebView:drawHistory: drawCoreAndCursorRing(): canvas.isHardwareAccelerated() draw done!
05-11 16:05:05.950  2800  2800 E webkit_native_draw_history: drawGL, 491
05-11 16:05:05.950  2800  2800 E webkit_native_draw_history: drawGL, 549
05-11 16:05:05.950  2800  2800 E webkit_native_draw_history: extras: 3
05-11 16:05:05.950  2800  2800 E webkit_native_draw_history: drawGL, 580
05-11 16:05:05.950  2800  2800 E webkit_native_draw_history: currentPictureCounter: 27
05-11 16:05:05.970  2800  2800 E webkit_native_draw_history: drawGL, 491
05-11 16:05:05.970  2800  2800 E webkit_native_draw_history: drawGL, 549
05-11 16:05:05.970  2800  2800 E webkit_native_draw_history: extras: 3
05-11 16:05:05.970  2800  2800 E webkit_native_draw_history: drawGL, 580
