jiangrui@jr-desk:~/notes/webkit/webview/history.pic$ 
jiangrui@jr-desk:~/notes/webkit/webview/history.pic$ 
jiangrui@jr-desk:~/notes/webkit/webview/history.pic$ 
jiangrui@jr-desk:~/notes/webkit/webview/history.pic$ log
--------- beginning of /dev/log/main
05-11 16:26:53.340  3783  3783 E webkit_native_draw_history: setBaseLayer, 1737
05-11 16:26:53.340  3783  3783 E webkit_native_draw_history: setBaseLayer, 1744
05-11 16:26:53.340  3783  3783 E webkit_native_draw_history: m_glWebViewState->setBaseLayer
05-11 16:26:53.340  3783  3783 E webkit_native_draw_history: setBaseLayer, 1758
05-11 16:26:53.340  3783  3783 E webkit_native_draw_history: copyScrollPositionRecursive
05-11 16:26:53.340  3783  3783 E webkit_native_draw_history: compositeRoot, 1696
05-11 16:26:53.340  3783  3783 E webkit_native_draw_history: m_baseLayer null or no children
05-11 16:26:53.340  3783  3783 E webkit_native_draw_history: compositeRoot, 1696
05-11 16:26:53.340  3783  3783 E webkit_native_draw_history: m_baseLayer null or no children
05-11 16:26:53.340  3783  3783 V WebView:drawHistory: drawCoreAndCursorRing(): canvas.isHardwareAccelerated() draw
05-11 16:26:53.340  3783  3783 V WebView:drawHistory: drawCoreAndCursorRing(): canvas.isHardwareAccelerated() draw done!
05-11 16:26:53.340  3783  3783 E webkit_native_draw_history: drawGL, 491
05-11 16:26:53.340  3783  3783 E webkit_native_draw_history: drawGL, 549
05-11 16:26:53.340  3783  3783 E webkit_native_draw_history: extras: 3
05-11 16:26:53.340  3783  3783 E webkit_native_draw_history: drawGL, 580
05-11 16:26:53.340  3783  3783 E webkit_native_draw_history: currentPictureCounter: 19
05-11 16:26:53.350  3783  3783 E webkit_native_draw_history: drawGL, 491
05-11 16:26:53.350  3783  3783 E webkit_native_draw_history: drawGL, 549
05-11 16:26:53.350  3783  3783 E webkit_native_draw_history: extras: 3
05-11 16:26:53.350  3783  3783 E webkit_native_draw_history: drawGL, 580
05-11 16:26:53.350  3783  3783 E webkit_native_draw_history: currentPictureCounter: 19
05-11 16:26:53.360  3783  3783 E webkit_native_draw_history: drawGL, 491
05-11 16:26:53.360  3783  3783 E webkit_native_draw_history: drawGL, 549
05-11 16:26:53.360  3783  3783 E webkit_native_draw_history: extras: 3
05-11 16:26:53.360  3783  3783 E webkit_native_draw_history: drawGL, 580
05-11 16:26:53.360  3783  3783 E webkit_native_draw_history: currentPictureCounter: 19
05-11 16:26:53.380  3783  3783 E webkit_native_draw_history: drawGL, 491
05-11 16:26:53.380  3783  3783 E webkit_native_draw_history: drawGL, 549
05-11 16:26:53.380  3783  3783 E webkit_native_draw_history: extras: 3
05-11 16:26:53.380  3783  3783 E webkit_native_draw_history: drawGL, 580
05-11 16:26:53.380  3783  3783 E webkit_native_draw_history: currentPictureCounter: 19
05-11 16:26:53.400  3783  3783 E webkit_native_draw_history: drawGL, 491
05-11 16:26:53.400  3783  3783 E webkit_native_draw_history: drawGL, 549
05-11 16:26:53.400  3783  3783 E webkit_native_draw_history: extras: 3
05-11 16:26:53.400  3783  3783 E webkit_native_draw_history: drawGL, 580
05-11 16:26:53.400  3783  3783 E webkit_native_draw_history: currentPictureCounter: 19
05-11 16:26:53.400  3783  3783 E webkit_native_draw_history: drawGL, 491
05-11 16:26:53.410  3783  3783 E webkit_native_draw_history: drawGL, 549
05-11 16:26:53.410  3783  3783 E webkit_native_draw_history: extras: 3
05-11 16:26:53.410  3783  3783 E webkit_native_draw_history: drawGL, 580
05-11 16:26:53.410  3783  3783 E webkit_native_draw_history: currentPictureCounter: 19
05-11 16:26:53.410  3783  3783 E webkit_native_draw_history: drawGL, 491
05-11 16:26:53.420  3783  3783 E webkit_native_draw_history: drawGL, 549
05-11 16:26:53.420  3783  3783 E webkit_native_draw_history: extras: 3
05-11 16:26:53.420  3783  3783 E webkit_native_draw_history: drawGL, 580
05-11 16:26:53.420  3783  3783 E webkit_native_draw_history: currentPictureCounter: 19
05-11 16:26:53.420  3783  3783 E webkit_native_draw_history: drawGL, 491
05-11 16:26:53.420  3783  3783 E webkit_native_draw_history: drawGL, 549
05-11 16:26:53.420  3783  3783 E webkit_native_draw_history: extras: 3
05-11 16:26:53.420  3783  3783 E webkit_native_draw_history: drawGL, 580
05-11 16:26:53.420  3783  3783 E webkit_native_draw_history: currentPictureCounter: 19
05-11 16:26:53.440  3783  3783 E webkit_native_draw_history: drawGL, 491
05-11 16:26:53.440  3783  3783 E webkit_native_draw_history: drawGL, 549
05-11 16:26:53.440  3783  3783 E webkit_native_draw_history: extras: 3
05-11 16:26:53.450  3783  3783 E webkit_native_draw_history: drawGL, 580
05-11 16:26:53.450  3783  3783 E webkit_native_draw_history: currentPictureCounter: 19
05-11 16:26:53.500  3783  3783 V Controller: enter onBackKey()
05-11 16:26:53.500  3783  3783 V Controller: enter onBackKey(), ui check done
05-11 16:26:53.500  3783  3783 V Controller: enter onBackKey(), goBackOnePageOrQuit()
05-11 16:26:53.500  3783  3783 V Controller: enter goBackOnePageOrQuit()
05-11 16:26:53.500  3783  3783 V Tab     : enter canGoBack()
05-11 16:26:53.500  3783  3783 V Controller: enter goBackOnePageOrQuit(), current.goBack()
05-11 16:26:53.500  3783  3783 V Tab     : enter goBack()
05-11 16:26:53.500  3783  3805 E WebCoreFrameBridge: GoBackOrForward, 1819
05-11 16:26:53.500  3783  3805 E WebCoreFrameBridge: updateHistoryIndex, 732
05-11 16:26:53.500  3783  3805 E WebCoreFrameBridge: loadStarted, 592
05-11 16:26:53.500  3783  3805 E WebCoreFrameBridge: setProgress, 786
05-11 16:26:53.500  3783  3805 E WebCoreFrameBridge: transitionToCommitted, 654
05-11 16:26:53.510  3783  3783 V Tab     : enter onPageStarted()
05-11 16:26:53.510  3783  3783 V Controller: enter onPageStarted()
05-11 16:26:53.510  3783  3783 V NetworkStateHandler: enter isNetworkUp(): true
05-11 16:26:53.510  3783  3783 V Tab     : enter isSnapshot()
05-11 16:26:53.520  3783  3783 V Tab     : enter updateBookmarkedStatus()
05-11 16:26:53.520  3783  3805 E WebCoreFrameBridge: GetShouldStartScrolledRight, 2258
05-11 16:26:53.520  3783  3783 V Tab     : enter onProgressChanged(): 10
05-11 16:26:53.530  3783  3805 E WebCoreFrameBridge: setTitle, 745
05-11 16:26:53.720  3783  3783 V WebView:drawHistory: drawCoreAndCursorRing(): canvas.isHardwareAccelerated() draw
05-11 16:26:53.720  3783  3783 V WebView:drawHistory: drawCoreAndCursorRing(): canvas.isHardwareAccelerated() draw done!
05-11 16:26:53.720  3783  3783 E webkit_native_draw_history: drawGL, 491
05-11 16:26:53.720  3783  3783 E webkit_native_draw_history: drawGL, 549
05-11 16:26:53.720  3783  3783 E webkit_native_draw_history: extras: 3
05-11 16:26:53.720  3783  3783 E webkit_native_draw_history: drawGL, 580
05-11 16:26:53.720  3783  3783 E webkit_native_draw_history: currentPictureCounter: 19
05-11 16:26:53.730  3783  3783 V Tab     : enter onReceivedTitle()
05-11 16:26:53.730  3783  3783 V Controller: enter onReceivedTitle()
05-11 16:26:53.750  3783  3783 V Tab     : enter isSnapshot()
05-11 16:26:53.750  3783  3783 E webkit_native_draw_history: drawGL, 491
05-11 16:26:53.750  3783  3783 E webkit_native_draw_history: drawGL, 549
05-11 16:26:53.750  3783  3783 E webkit_native_draw_history: extras: 3
05-11 16:26:53.750  3783  3783 E webkit_native_draw_history: drawGL, 580
05-11 16:26:53.750  3783  3783 E webkit_native_draw_history: currentPictureCounter: 19
05-11 16:26:53.750  3783  3783 E webkit_native_draw_history: drawGL, 491
05-11 16:26:53.750  3783  3783 E webkit_native_draw_history: drawGL, 549
05-11 16:26:53.750  3783  3783 E webkit_native_draw_history: extras: 3
05-11 16:26:53.750  3783  3783 E webkit_native_draw_history: drawGL, 580
05-11 16:26:53.750  3783  3783 E webkit_native_draw_history: currentPictureCounter: 19
05-11 16:26:53.770  3783  3783 V Tab     : enter onQueryUrlIsBookmark()
05-11 16:26:53.840  3783  3805 E WebCoreFrameBridge: didFinishLoad, 673
05-11 16:26:53.840  3783  3783 V WebView:drawHistory: switchOutDrawHistory()
05-11 16:26:53.840  3783  3783 V Tab     : enter onPageFinished()
05-11 16:26:53.840  3783  3783 V Tab     : enter syncCurrentState()
05-11 16:26:53.840  3783  3783 V Controller: enter onPageFinished()
05-11 16:26:53.840  3783  3805 E WebCoreFrameBridge: setProgress, 786
05-11 16:26:53.860  3783  3783 V Tab     : enter isSnapshot()
05-11 16:26:53.860  3783  3783 V Tab     : enter isSnapshot()
05-11 16:26:53.860  3783  3783 V Controller: onPageFinished(), ignore bookmark thumbnail
05-11 16:26:53.860  3783  3783 E webkit_native_draw_history: drawGL, 491
05-11 16:26:53.860  3783  3783 E webkit_native_draw_history: compositeRoot, 1696
05-11 16:26:53.860  3783  3783 E webkit_native_draw_history: m_baseLayer null or no children
05-11 16:26:53.860  3783  3783 E webkit_native_draw_history: drawGL, 549
05-11 16:26:53.860  3783  3783 E webkit_native_draw_history: extras: 3
05-11 16:26:53.860  3783  3783 E webkit_native_draw_history: drawGL, 580
05-11 16:26:53.860  3783  3783 E webkit_native_draw_history: currentPictureCounter: 19
05-11 16:26:53.860  3783  3783 V Tab     : enter onProgressChanged(): 100
05-11 16:26:53.860  3783  3783 V WebView:drawHistory: switchOutDrawHistory()
05-11 16:26:53.930  3783  3783 V WebView:drawHistory: drawCoreAndCursorRing(): canvas.isHardwareAccelerated() draw
05-11 16:26:53.940  3783  3783 V WebView:drawHistory: drawCoreAndCursorRing(): canvas.isHardwareAccelerated() draw done!
05-11 16:26:53.940  3783  3783 E webkit_native_draw_history: drawGL, 491
05-11 16:26:53.940  3783  3783 E webkit_native_draw_history: drawGL, 549
05-11 16:26:53.940  3783  3783 E webkit_native_draw_history: extras: 3
05-11 16:26:53.940  3783  3783 E webkit_native_draw_history: drawGL, 580
05-11 16:26:53.940  3783  3783 E webkit_native_draw_history: currentPictureCounter: 19
05-11 16:26:54.040  3783  3783 V Controller: enter onSaveInstanceState()
05-11 16:26:54.040  3783  3783 V TabControl: enter saveState()
05-11 16:26:54.040  3783  3783 V Tab     : enter saveState()
05-11 16:26:54.080  3783  3783 E webkit_native_draw_history: setBaseLayer, 1737
05-11 16:26:54.080  3783  3783 E webkit_native_draw_history: setBaseLayer, 1744
05-11 16:26:54.080  3783  3783 E webkit_native_draw_history: m_glWebViewState->setBaseLayer
05-11 16:26:54.080  3783  3783 E webkit_native_draw_history: setBaseLayer, 1758
05-11 16:26:54.080  3783  3783 E webkit_native_draw_history: copyScrollPositionRecursive
05-11 16:26:54.080  3783  3783 E webkit_native_draw_history: compositeRoot, 1696
05-11 16:26:54.080  3783  3783 E webkit_native_draw_history: m_baseLayer null or no children
05-11 16:26:54.080  3783  3783 E webkit_native_draw_history: compositeRoot, 1688
05-11 16:26:54.080  3783  3783 E webkit_native_draw_history: m_baseLayer->countChildren() == 1
05-11 16:26:54.080  3783  3783 E webkit_native_draw_history: compositeRoot, 1688
05-11 16:26:54.080  3783  3783 E webkit_native_draw_history: m_baseLayer->countChildren() == 1
05-11 16:26:54.080  3783  3783 V WebView:drawHistory: recordNewContentSize
05-11 16:26:54.080  3783  3783 V WebView:drawHistory: setNewPicture: for not mDrawHistory
05-11 16:26:54.080  3783  3783 V WebView:drawHistory: drawCoreAndCursorRing(): canvas.isHardwareAccelerated() draw
05-11 16:26:54.080  3783  3783 V WebView:drawHistory: drawCoreAndCursorRing(): canvas.isHardwareAccelerated() draw done!
05-11 16:26:54.080  3783  3783 E webkit_native_draw_history: drawGL, 491
05-11 16:26:54.080  3783  3783 E webkit_native_draw_history: drawGL, 549
05-11 16:26:54.080  3783  3783 E webkit_native_draw_history: extras: 3
05-11 16:26:54.080  3783  3783 E webkit_native_draw_history: drawGL, 580
05-11 16:26:54.080  3783  3783 E webkit_native_draw_history: currentPictureCounter: 20
05-11 16:26:54.090  3783  3783 V WebView:drawHistory: drawCoreAndCursorRing(): canvas.isHardwareAccelerated() draw
05-11 16:26:54.090  3783  3783 V WebView:drawHistory: drawCoreAndCursorRing(): canvas.isHardwareAccelerated() draw done!
05-11 16:26:54.090  3783  3783 E webkit_native_draw_history: drawGL, 491
05-11 16:26:54.110  3783  3783 E webkit_native_draw_history: drawGL, 549
05-11 16:26:54.110  3783  3783 E webkit_native_draw_history: extras: 3
05-11 16:26:54.110  3783  3783 E webkit_native_draw_history: drawGL, 580
05-11 16:26:54.110  3783  3783 E webkit_native_draw_history: currentPictureCounter: 20
05-11 16:26:54.120  3783  3783 V WebView:drawHistory: drawCoreAndCursorRing(): canvas.isHardwareAccelerated() draw
05-11 16:26:54.120  3783  3783 V WebView:drawHistory: drawCoreAndCursorRing(): canvas.isHardwareAccelerated() draw done!
05-11 16:26:54.120  3783  3783 E webkit_native_draw_history: drawGL, 491
05-11 16:26:54.120  3783  3783 E webkit_native_draw_history: drawGL, 549
05-11 16:26:54.120  3783  3783 E webkit_native_draw_history: extras: 3
05-11 16:26:54.120  3783  3783 E webkit_native_draw_history: drawGL, 580
05-11 16:26:54.120  3783  3783 E webkit_native_draw_history: currentPictureCounter: 20
05-11 16:26:54.130  3783  3783 E webkit_native_draw_history: drawGL, 491
05-11 16:26:54.130  3783  3783 E webkit_native_draw_history: drawGL, 549
05-11 16:26:54.130  3783  3783 E webkit_native_draw_history: extras: 3
05-11 16:26:54.130  3783  3783 E webkit_native_draw_history: drawGL, 580
05-11 16:26:54.130  3783  3783 E webkit_native_draw_history: currentPictureCounter: 20
05-11 16:26:54.130  3783  3783 E webkit_native_draw_history: drawGL, 491
05-11 16:26:54.140  3783  3783 E webkit_native_draw_history: drawGL, 549
05-11 16:26:54.140  3783  3783 E webkit_native_draw_history: extras: 3
05-11 16:26:54.140  3783  3783 E webkit_native_draw_history: drawGL, 580
05-11 16:26:54.140  3783  3783 E webkit_native_draw_history: currentPictureCounter: 20
05-11 16:26:54.150  3783  3783 E webkit_native_draw_history: drawGL, 491
05-11 16:26:54.150  3783  3783 E webkit_native_draw_history: drawGL, 549
05-11 16:26:54.150  3783  3783 E webkit_native_draw_history: extras: 3
05-11 16:26:54.150  3783  3783 E webkit_native_draw_history: drawGL, 580
05-11 16:26:54.150  3783  3783 E webkit_native_draw_history: currentPictureCounter: 20
05-11 16:26:54.170  3783  3783 V WebView:drawHistory: drawCoreAndCursorRing(): canvas.isHardwareAccelerated() draw
05-11 16:26:54.170  3783  3783 V WebView:drawHistory: drawCoreAndCursorRing(): canvas.isHardwareAccelerated() draw done!
05-11 16:26:54.170  3783  3783 E webkit_native_draw_history: drawGL, 491
05-11 16:26:54.170  3783  3783 E webkit_native_draw_history: drawGL, 549
05-11 16:26:54.170  3783  3783 E webkit_native_draw_history: extras: 3
05-11 16:26:54.170  3783  3783 E webkit_native_draw_history: drawGL, 580
05-11 16:26:54.170  3783  3783 E webkit_native_draw_history: currentPictureCounter: 20
05-11 16:26:54.170  3783  3783 V WebView:drawHistory: drawCoreAndCursorRing(): canvas.isHardwareAccelerated() draw
05-11 16:26:54.180  3783  3783 V WebView:drawHistory: drawCoreAndCursorRing(): canvas.isHardwareAccelerated() draw done!
05-11 16:26:54.180  3783  3783 E webkit_native_draw_history: drawGL, 491
05-11 16:26:54.180  3783  3783 E webkit_native_draw_history: drawGL, 549
05-11 16:26:54.180  3783  3783 E webkit_native_draw_history: extras: 3
05-11 16:26:54.180  3783  3783 E webkit_native_draw_history: drawGL, 580
05-11 16:26:54.180  3783  3783 E webkit_native_draw_history: currentPictureCounter: 20
05-11 16:26:54.190  3783  3783 E webkit_native_draw_history: drawGL, 491
05-11 16:26:54.190  3783  3783 E webkit_native_draw_history: drawGL, 549
05-11 16:26:54.190  3783  3783 E webkit_native_draw_history: extras: 3
05-11 16:26:54.190  3783  3783 E webkit_native_draw_history: drawGL, 580
05-11 16:26:54.190  3783  3783 E webkit_native_draw_history: currentPictureCounter: 20
05-11 16:26:54.210  3783  3783 E webkit_native_draw_history: drawGL, 491
05-11 16:26:54.210  3783  3783 E webkit_native_draw_history: drawGL, 549
05-11 16:26:54.210  3783  3783 E webkit_native_draw_history: extras: 3
05-11 16:26:54.210  3783  3783 E webkit_native_draw_history: drawGL, 580
05-11 16:26:54.210  3783  3783 E webkit_native_draw_history: currentPictureCounter: 20
05-11 16:26:54.210  3783  3805 E WebCoreFrameBridge: HasPasswordField, 2099
05-11 16:26:54.240  3783  3783 E webkit_native_draw_history: setBaseLayer, 1737
05-11 16:26:54.240  3783  3783 E webkit_native_draw_history: setBaseLayer, 1744
05-11 16:26:54.240  3783  3783 E webkit_native_draw_history: m_glWebViewState->setBaseLayer
05-11 16:26:54.240  3783  3783 E webkit_native_draw_history: setBaseLayer, 1758
05-11 16:26:54.240  3783  3783 E webkit_native_draw_history: copyScrollPositionRecursive
05-11 16:26:54.240  3783  3783 E webkit_native_draw_history: compositeRoot, 1688
05-11 16:26:54.240  3783  3783 E webkit_native_draw_history: m_baseLayer->countChildren() == 1
05-11 16:26:54.240  3783  3783 E webkit_native_draw_history: compositeRoot, 1688
05-11 16:26:54.240  3783  3783 E webkit_native_draw_history: m_baseLayer->countChildren() == 1
05-11 16:26:54.240  3783  3783 V WebView:drawHistory: drawCoreAndCursorRing(): canvas.isHardwareAccelerated() draw
05-11 16:26:54.240  3783  3783 V WebView:drawHistory: drawCoreAndCursorRing(): canvas.isHardwareAccelerated() draw done!
05-11 16:26:54.240  3783  3783 E webkit_native_draw_history: drawGL, 491
05-11 16:26:54.240  3783  3783 E webkit_native_draw_history: drawGL, 549
05-11 16:26:54.240  3783  3783 E webkit_native_draw_history: extras: 3
05-11 16:26:54.240  3783  3783 E webkit_native_draw_history: drawGL, 580
05-11 16:26:54.240  3783  3783 E webkit_native_draw_history: currentPictureCounter: 20
05-11 16:26:54.270  3783  3783 E webkit_native_draw_history: setBaseLayer, 1737
05-11 16:26:54.270  3783  3783 E webkit_native_draw_history: setBaseLayer, 1744
05-11 16:26:54.270  3783  3783 E webkit_native_draw_history: m_glWebViewState->setBaseLayer
05-11 16:26:54.270  3783  3783 E webkit_native_draw_history: setBaseLayer, 1758
05-11 16:26:54.270  3783  3783 E webkit_native_draw_history: copyScrollPositionRecursive
05-11 16:26:54.270  3783  3783 E webkit_native_draw_history: compositeRoot, 1688
05-11 16:26:54.270  3783  3783 E webkit_native_draw_history: m_baseLayer->countChildren() == 1
05-11 16:26:54.270  3783  3783 E webkit_native_draw_history: compositeRoot, 1688
05-11 16:26:54.270  3783  3783 E webkit_native_draw_history: m_baseLayer->countChildren() == 1
05-11 16:26:54.270  3783  3783 V WebView:drawHistory: drawCoreAndCursorRing(): canvas.isHardwareAccelerated() draw
05-11 16:26:54.280  3783  3783 V WebView:drawHistory: drawCoreAndCursorRing(): canvas.isHardwareAccelerated() draw done!
05-11 16:26:54.280  3783  3783 E webkit_native_draw_history: drawGL, 491
05-11 16:26:54.280  3783  3783 E webkit_native_draw_history: drawGL, 549
05-11 16:26:54.280  3783  3783 E webkit_native_draw_history: extras: 3
05-11 16:26:54.280  3783  3783 E webkit_native_draw_history: drawGL, 580
05-11 16:26:54.280  3783  3783 E webkit_native_draw_history: currentPictureCounter: 20
05-11 16:26:54.310  3783  3783 E webkit_native_draw_history: drawGL, 491
05-11 16:26:54.310  3783  3783 E webkit_native_draw_history: drawGL, 549
05-11 16:26:54.310  3783  3783 E webkit_native_draw_history: extras: 3
05-11 16:26:54.310  3783  3783 E webkit_native_draw_history: drawGL, 580
05-11 16:26:54.310  3783  3783 E webkit_native_draw_history: currentPictureCounter: 20
05-11 16:26:54.340  3783  3783 E webkit_native_draw_history: setBaseLayer, 1737
05-11 16:26:54.340  3783  3783 E webkit_native_draw_history: setBaseLayer, 1744
05-11 16:26:54.340  3783  3783 E webkit_native_draw_history: m_glWebViewState->setBaseLayer
05-11 16:26:54.340  3783  3783 E webkit_native_draw_history: setBaseLayer, 1758
05-11 16:26:54.340  3783  3783 E webkit_native_draw_history: copyScrollPositionRecursive
05-11 16:26:54.340  3783  3783 E webkit_native_draw_history: compositeRoot, 1688
05-11 16:26:54.340  3783  3783 E webkit_native_draw_history: m_baseLayer->countChildren() == 1
05-11 16:26:54.340  3783  3783 E webkit_native_draw_history: compositeRoot, 1688
05-11 16:26:54.340  3783  3783 E webkit_native_draw_history: m_baseLayer->countChildren() == 1
05-11 16:26:54.340  3783  3783 V WebView:drawHistory: drawCoreAndCursorRing(): canvas.isHardwareAccelerated() draw
05-11 16:26:54.340  3783  3783 V WebView:drawHistory: drawCoreAndCursorRing(): canvas.isHardwareAccelerated() draw done!
05-11 16:26:54.340  3783  3783 E webkit_native_draw_history: drawGL, 491
05-11 16:26:54.340  3783  3783 E webkit_native_draw_history: drawGL, 549
05-11 16:26:54.340  3783  3783 E webkit_native_draw_history: extras: 3
05-11 16:26:54.340  3783  3783 E webkit_native_draw_history: drawGL, 580
05-11 16:26:54.340  3783  3783 E webkit_native_draw_history: currentPictureCounter: 20
05-11 16:26:54.370  3783  3783 E webkit_native_draw_history: setBaseLayer, 1737
05-11 16:26:54.370  3783  3783 E webkit_native_draw_history: setBaseLayer, 1744
05-11 16:26:54.370  3783  3783 E webkit_native_draw_history: m_glWebViewState->setBaseLayer
05-11 16:26:54.370  3783  3783 E webkit_native_draw_history: setBaseLayer, 1758
05-11 16:26:54.370  3783  3783 E webkit_native_draw_history: copyScrollPositionRecursive
05-11 16:26:54.370  3783  3783 E webkit_native_draw_history: compositeRoot, 1688
05-11 16:26:54.370  3783  3783 E webkit_native_draw_history: m_baseLayer->countChildren() == 1
05-11 16:26:54.370  3783  3783 E webkit_native_draw_history: compositeRoot, 1688
05-11 16:26:54.370  3783  3783 E webkit_native_draw_history: m_baseLayer->countChildren() == 1
05-11 16:26:54.370  3783  3783 V WebView:drawHistory: drawCoreAndCursorRing(): canvas.isHardwareAccelerated() draw
05-11 16:26:54.370  3783  3783 V WebView:drawHistory: drawCoreAndCursorRing(): canvas.isHardwareAccelerated() draw done!
05-11 16:26:54.370  3783  3783 E webkit_native_draw_history: drawGL, 491
05-11 16:26:54.370  3783  3783 E webkit_native_draw_history: drawGL, 549
05-11 16:26:54.370  3783  3783 E webkit_native_draw_history: extras: 3
05-11 16:26:54.370  3783  3783 E webkit_native_draw_history: drawGL, 580
05-11 16:26:54.370  3783  3783 E webkit_native_draw_history: currentPictureCounter: 20
05-11 16:26:54.400  3783  3783 E webkit_native_draw_history: setBaseLayer, 1737
05-11 16:26:54.400  3783  3783 E webkit_native_draw_history: setBaseLayer, 1744
05-11 16:26:54.400  3783  3783 E webkit_native_draw_history: m_glWebViewState->setBaseLayer
05-11 16:26:54.410  3783  3783 E webkit_native_draw_history: setBaseLayer, 1758
05-11 16:26:54.410  3783  3783 E webkit_native_draw_history: copyScrollPositionRecursive
05-11 16:26:54.410  3783  3783 E webkit_native_draw_history: compositeRoot, 1688
05-11 16:26:54.410  3783  3783 E webkit_native_draw_history: m_baseLayer->countChildren() == 1
05-11 16:26:54.410  3783  3783 E webkit_native_draw_history: compositeRoot, 1688
05-11 16:26:54.410  3783  3783 E webkit_native_draw_history: m_baseLayer->countChildren() == 1
05-11 16:26:54.410  3783  3783 V WebView:drawHistory: drawCoreAndCursorRing(): canvas.isHardwareAccelerated() draw
05-11 16:26:54.410  3783  3783 V WebView:drawHistory: drawCoreAndCursorRing(): canvas.isHardwareAccelerated() draw done!
05-11 16:26:54.410  3783  3783 E webkit_native_draw_history: drawGL, 491
05-11 16:26:54.410  3783  3783 E webkit_native_draw_history: drawGL, 549
05-11 16:26:54.410  3783  3783 E webkit_native_draw_history: extras: 3
05-11 16:26:54.410  3783  3783 E webkit_native_draw_history: drawGL, 580
05-11 16:26:54.410  3783  3783 E webkit_native_draw_history: currentPictureCounter: 20
05-11 16:26:54.440  3783  3783 E webkit_native_draw_history: setBaseLayer, 1737
05-11 16:26:54.440  3783  3783 E webkit_native_draw_history: setBaseLayer, 1744
05-11 16:26:54.440  3783  3783 E webkit_native_draw_history: m_glWebViewState->setBaseLayer
05-11 16:26:54.440  3783  3783 E webkit_native_draw_history: setBaseLayer, 1758
05-11 16:26:54.440  3783  3783 E webkit_native_draw_history: copyScrollPositionRecursive
05-11 16:26:54.440  3783  3783 E webkit_native_draw_history: compositeRoot, 1688
05-11 16:26:54.440  3783  3783 E webkit_native_draw_history: m_baseLayer->countChildren() == 1
05-11 16:26:54.440  3783  3783 E webkit_native_draw_history: compositeRoot, 1688
05-11 16:26:54.440  3783  3783 E webkit_native_draw_history: m_baseLayer->countChildren() == 1
05-11 16:26:54.440  3783  3783 V WebView:drawHistory: drawCoreAndCursorRing(): canvas.isHardwareAccelerated() draw
05-11 16:26:54.440  3783  3783 V WebView:drawHistory: drawCoreAndCursorRing(): canvas.isHardwareAccelerated() draw done!
05-11 16:26:54.440  3783  3783 E webkit_native_draw_history: drawGL, 491
05-11 16:26:54.440  3783  3783 E webkit_native_draw_history: drawGL, 549
05-11 16:26:54.440  3783  3783 E webkit_native_draw_history: extras: 3
05-11 16:26:54.440  3783  3783 E webkit_native_draw_history: drawGL, 580
05-11 16:26:54.450  3783  3783 E webkit_native_draw_history: currentPictureCounter: 20
05-11 16:26:54.470  3783  3783 E webkit_native_draw_history: setBaseLayer, 1737
05-11 16:26:54.470  3783  3783 E webkit_native_draw_history: setBaseLayer, 1744
05-11 16:26:54.470  3783  3783 E webkit_native_draw_history: m_glWebViewState->setBaseLayer
05-11 16:26:54.470  3783  3783 E webkit_native_draw_history: setBaseLayer, 1758
05-11 16:26:54.470  3783  3783 E webkit_native_draw_history: copyScrollPositionRecursive
05-11 16:26:54.470  3783  3783 E webkit_native_draw_history: compositeRoot, 1688
05-11 16:26:54.470  3783  3783 E webkit_native_draw_history: m_baseLayer->countChildren() == 1
05-11 16:26:54.470  3783  3783 E webkit_native_draw_history: compositeRoot, 1688
05-11 16:26:54.470  3783  3783 E webkit_native_draw_history: m_baseLayer->countChildren() == 1
05-11 16:26:54.470  3783  3783 V WebView:drawHistory: drawCoreAndCursorRing(): canvas.isHardwareAccelerated() draw
05-11 16:26:54.470  3783  3783 V WebView:drawHistory: drawCoreAndCursorRing(): canvas.isHardwareAccelerated() draw done!
05-11 16:26:54.470  3783  3783 E webkit_native_draw_history: drawGL, 491
05-11 16:26:54.470  3783  3783 E webkit_native_draw_history: drawGL, 549
05-11 16:26:54.470  3783  3783 E webkit_native_draw_history: extras: 3
05-11 16:26:54.470  3783  3783 E webkit_native_draw_history: drawGL, 580
05-11 16:26:54.470  3783  3783 E webkit_native_draw_history: currentPictureCounter: 20
05-11 16:26:54.510  3783  3783 E webkit_native_draw_history: setBaseLayer, 1737
05-11 16:26:54.510  3783  3783 E webkit_native_draw_history: setBaseLayer, 1744
05-11 16:26:54.510  3783  3783 E webkit_native_draw_history: m_glWebViewState->setBaseLayer
05-11 16:26:54.510  3783  3783 E webkit_native_draw_history: setBaseLayer, 1758
05-11 16:26:54.510  3783  3783 E webkit_native_draw_history: copyScrollPositionRecursive
05-11 16:26:54.510  3783  3783 E webkit_native_draw_history: compositeRoot, 1688
05-11 16:26:54.510  3783  3783 E webkit_native_draw_history: m_baseLayer->countChildren() == 1
05-11 16:26:54.510  3783  3783 E webkit_native_draw_history: compositeRoot, 1688
05-11 16:26:54.510  3783  3783 E webkit_native_draw_history: m_baseLayer->countChildren() == 1
05-11 16:26:54.510  3783  3783 V WebView:drawHistory: drawCoreAndCursorRing(): canvas.isHardwareAccelerated() draw
05-11 16:26:54.510  3783  3783 V WebView:drawHistory: drawCoreAndCursorRing(): canvas.isHardwareAccelerated() draw done!
05-11 16:26:54.510  3783  3783 E webkit_native_draw_history: drawGL, 491
05-11 16:26:54.510  3783  3783 E webkit_native_draw_history: drawGL, 549
05-11 16:26:54.510  3783  3783 E webkit_native_draw_history: extras: 3
05-11 16:26:54.510  3783  3783 E webkit_native_draw_history: drawGL, 580
05-11 16:26:54.510  3783  3783 E webkit_native_draw_history: currentPictureCounter: 20
05-11 16:26:54.540  3783  3783 E webkit_native_draw_history: setBaseLayer, 1737
05-11 16:26:54.540  3783  3783 E webkit_native_draw_history: setBaseLayer, 1744
05-11 16:26:54.540  3783  3783 E webkit_native_draw_history: m_glWebViewState->setBaseLayer
05-11 16:26:54.540  3783  3783 E webkit_native_draw_history: setBaseLayer, 1758
05-11 16:26:54.540  3783  3783 E webkit_native_draw_history: copyScrollPositionRecursive
05-11 16:26:54.540  3783  3783 E webkit_native_draw_history: compositeRoot, 1688
05-11 16:26:54.540  3783  3783 E webkit_native_draw_history: m_baseLayer->countChildren() == 1
05-11 16:26:54.540  3783  3783 E webkit_native_draw_history: compositeRoot, 1688
05-11 16:26:54.540  3783  3783 E webkit_native_draw_history: m_baseLayer->countChildren() == 1
05-11 16:26:54.540  3783  3783 V WebView:drawHistory: drawCoreAndCursorRing(): canvas.isHardwareAccelerated() draw
05-11 16:26:54.540  3783  3783 V WebView:drawHistory: drawCoreAndCursorRing(): canvas.isHardwareAccelerated() draw done!
05-11 16:26:54.540  3783  3783 E webkit_native_draw_history: drawGL, 491
05-11 16:26:54.540  3783  3783 E webkit_native_draw_history: drawGL, 549
05-11 16:26:54.540  3783  3783 E webkit_native_draw_history: extras: 3
05-11 16:26:54.540  3783  3783 E webkit_native_draw_history: drawGL, 580
05-11 16:26:54.540  3783  3783 E webkit_native_draw_history: currentPictureCounter: 20
05-11 16:26:54.580  3783  3783 E webkit_native_draw_history: setBaseLayer, 1737
05-11 16:26:54.580  3783  3783 E webkit_native_draw_history: setBaseLayer, 1744
05-11 16:26:54.580  3783  3783 E webkit_native_draw_history: m_glWebViewState->setBaseLayer
05-11 16:26:54.580  3783  3783 E webkit_native_draw_history: setBaseLayer, 1758
05-11 16:26:54.580  3783  3783 E webkit_native_draw_history: copyScrollPositionRecursive
05-11 16:26:54.580  3783  3783 E webkit_native_draw_history: compositeRoot, 1688
05-11 16:26:54.580  3783  3783 E webkit_native_draw_history: m_baseLayer->countChildren() == 1
05-11 16:26:54.580  3783  3783 E webkit_native_draw_history: compositeRoot, 1688
05-11 16:26:54.580  3783  3783 E webkit_native_draw_history: m_baseLayer->countChildren() == 1
05-11 16:26:54.580  3783  3783 V WebView:drawHistory: drawCoreAndCursorRing(): canvas.isHardwareAccelerated() draw
05-11 16:26:54.580  3783  3783 V WebView:drawHistory: drawCoreAndCursorRing(): canvas.isHardwareAccelerated() draw done!
05-11 16:26:54.580  3783  3783 E webkit_native_draw_history: drawGL, 491
05-11 16:26:54.580  3783  3783 E webkit_native_draw_history: drawGL, 549
05-11 16:26:54.580  3783  3783 E webkit_native_draw_history: extras: 3
05-11 16:26:54.580  3783  3783 E webkit_native_draw_history: drawGL, 580
05-11 16:26:54.580  3783  3783 E webkit_native_draw_history: currentPictureCounter: 20
05-11 16:26:54.610  3783  3783 E webkit_native_draw_history: setBaseLayer, 1737
05-11 16:26:54.610  3783  3783 E webkit_native_draw_history: setBaseLayer, 1744
05-11 16:26:54.610  3783  3783 E webkit_native_draw_history: m_glWebViewState->setBaseLayer
05-11 16:26:54.610  3783  3783 E webkit_native_draw_history: setBaseLayer, 1758
05-11 16:26:54.610  3783  3783 E webkit_native_draw_history: copyScrollPositionRecursive
05-11 16:26:54.610  3783  3783 E webkit_native_draw_history: compositeRoot, 1688
05-11 16:26:54.610  3783  3783 E webkit_native_draw_history: m_baseLayer->countChildren() == 1
05-11 16:26:54.610  3783  3783 E webkit_native_draw_history: compositeRoot, 1688
05-11 16:26:54.610  3783  3783 E webkit_native_draw_history: m_baseLayer->countChildren() == 1
05-11 16:26:54.610  3783  3783 V WebView:drawHistory: drawCoreAndCursorRing(): canvas.isHardwareAccelerated() draw
05-11 16:26:54.610  3783  3783 V WebView:drawHistory: drawCoreAndCursorRing(): canvas.isHardwareAccelerated() draw done!
05-11 16:26:54.610  3783  3783 E webkit_native_draw_history: drawGL, 491
05-11 16:26:54.610  3783  3783 E webkit_native_draw_history: drawGL, 549
05-11 16:26:54.610  3783  3783 E webkit_native_draw_history: extras: 3
05-11 16:26:54.610  3783  3783 E webkit_native_draw_history: drawGL, 580
05-11 16:26:54.610  3783  3783 E webkit_native_draw_history: currentPictureCounter: 20
05-11 16:26:54.640  3783  3783 E webkit_native_draw_history: setBaseLayer, 1737
05-11 16:26:54.640  3783  3783 E webkit_native_draw_history: setBaseLayer, 1744
05-11 16:26:54.640  3783  3783 E webkit_native_draw_history: m_glWebViewState->setBaseLayer
05-11 16:26:54.640  3783  3783 E webkit_native_draw_history: setBaseLayer, 1758
05-11 16:26:54.640  3783  3783 E webkit_native_draw_history: copyScrollPositionRecursive
05-11 16:26:54.640  3783  3783 E webkit_native_draw_history: compositeRoot, 1688
05-11 16:26:54.640  3783  3783 E webkit_native_draw_history: m_baseLayer->countChildren() == 1
05-11 16:26:54.640  3783  3783 E webkit_native_draw_history: compositeRoot, 1688
05-11 16:26:54.640  3783  3783 E webkit_native_draw_history: m_baseLayer->countChildren() == 1
05-11 16:26:54.640  3783  3783 V WebView:drawHistory: drawCoreAndCursorRing(): canvas.isHardwareAccelerated() draw
05-11 16:26:54.640  3783  3783 V WebView:drawHistory: drawCoreAndCursorRing(): canvas.isHardwareAccelerated() draw done!
05-11 16:26:54.640  3783  3783 E webkit_native_draw_history: drawGL, 491
05-11 16:26:54.640  3783  3783 E webkit_native_draw_history: drawGL, 549
05-11 16:26:54.640  3783  3783 E webkit_native_draw_history: extras: 3
05-11 16:26:54.640  3783  3783 E webkit_native_draw_history: drawGL, 580
05-11 16:26:54.640  3783  3783 E webkit_native_draw_history: currentPictureCounter: 20
05-11 16:26:54.670  3783  3783 E webkit_native_draw_history: setBaseLayer, 1737
05-11 16:26:54.670  3783  3783 E webkit_native_draw_history: setBaseLayer, 1744
05-11 16:26:54.670  3783  3783 E webkit_native_draw_history: m_glWebViewState->setBaseLayer
05-11 16:26:54.670  3783  3783 E webkit_native_draw_history: setBaseLayer, 1758
05-11 16:26:54.670  3783  3783 E webkit_native_draw_history: copyScrollPositionRecursive
05-11 16:26:54.670  3783  3783 E webkit_native_draw_history: compositeRoot, 1688
05-11 16:26:54.670  3783  3783 E webkit_native_draw_history: m_baseLayer->countChildren() == 1
05-11 16:26:54.670  3783  3783 E webkit_native_draw_history: compositeRoot, 1688
05-11 16:26:54.670  3783  3783 E webkit_native_draw_history: m_baseLayer->countChildren() == 1
05-11 16:26:54.680  3783  3783 V WebView:drawHistory: drawCoreAndCursorRing(): canvas.isHardwareAccelerated() draw
05-11 16:26:54.680  3783  3783 V WebView:drawHistory: drawCoreAndCursorRing(): canvas.isHardwareAccelerated() draw done!
05-11 16:26:54.680  3783  3783 E webkit_native_draw_history: drawGL, 491
05-11 16:26:54.680  3783  3783 E webkit_native_draw_history: drawGL, 549
05-11 16:26:54.680  3783  3783 E webkit_native_draw_history: extras: 3
05-11 16:26:54.680  3783  3783 E webkit_native_draw_history: drawGL, 580
05-11 16:26:54.680  3783  3783 E webkit_native_draw_history: currentPictureCounter: 20
05-11 16:26:54.700  3783  3783 E webkit_native_draw_history: setBaseLayer, 1737
05-11 16:26:54.700  3783  3783 E webkit_native_draw_history: setBaseLayer, 1744
05-11 16:26:54.700  3783  3783 E webkit_native_draw_history: m_glWebViewState->setBaseLayer
05-11 16:26:54.700  3783  3783 E webkit_native_draw_history: setBaseLayer, 1758
05-11 16:26:54.700  3783  3783 E webkit_native_draw_history: copyScrollPositionRecursive
05-11 16:26:54.700  3783  3783 E webkit_native_draw_history: compositeRoot, 1688
05-11 16:26:54.700  3783  3783 E webkit_native_draw_history: m_baseLayer->countChildren() == 1
05-11 16:26:54.700  3783  3783 E webkit_native_draw_history: compositeRoot, 1688
05-11 16:26:54.700  3783  3783 E webkit_native_draw_history: m_baseLayer->countChildren() == 1
05-11 16:26:54.710  3783  3783 V WebView:drawHistory: drawCoreAndCursorRing(): canvas.isHardwareAccelerated() draw
05-11 16:26:54.710  3783  3783 V WebView:drawHistory: drawCoreAndCursorRing(): canvas.isHardwareAccelerated() draw done!
05-11 16:26:54.710  3783  3783 E webkit_native_draw_history: drawGL, 491
05-11 16:26:54.710  3783  3783 E webkit_native_draw_history: drawGL, 549
05-11 16:26:54.710  3783  3783 E webkit_native_draw_history: extras: 3
05-11 16:26:54.710  3783  3783 E webkit_native_draw_history: drawGL, 580
05-11 16:26:54.710  3783  3783 E webkit_native_draw_history: currentPictureCounter: 20
05-11 16:26:54.740  3783  3783 E webkit_native_draw_history: setBaseLayer, 1737
05-11 16:26:54.740  3783  3783 E webkit_native_draw_history: setBaseLayer, 1744
05-11 16:26:54.740  3783  3783 E webkit_native_draw_history: m_glWebViewState->setBaseLayer
05-11 16:26:54.740  3783  3783 E webkit_native_draw_history: setBaseLayer, 1758
05-11 16:26:54.740  3783  3783 E webkit_native_draw_history: copyScrollPositionRecursive
05-11 16:26:54.740  3783  3783 E webkit_native_draw_history: compositeRoot, 1688
05-11 16:26:54.740  3783  3783 E webkit_native_draw_history: m_baseLayer->countChildren() == 1
05-11 16:26:54.740  3783  3783 E webkit_native_draw_history: compositeRoot, 1688
05-11 16:26:54.740  3783  3783 E webkit_native_draw_history: m_baseLayer->countChildren() == 1
05-11 16:26:54.740  3783  3783 V WebView:drawHistory: drawCoreAndCursorRing(): canvas.isHardwareAccelerated() draw
05-11 16:26:54.740  3783  3783 V WebView:drawHistory: drawCoreAndCursorRing(): canvas.isHardwareAccelerated() draw done!
05-11 16:26:54.740  3783  3783 E webkit_native_draw_history: drawGL, 491
05-11 16:26:54.740  3783  3783 E webkit_native_draw_history: drawGL, 549
05-11 16:26:54.740  3783  3783 E webkit_native_draw_history: extras: 3
05-11 16:26:54.740  3783  3783 E webkit_native_draw_history: drawGL, 580
05-11 16:26:54.740  3783  3783 E webkit_native_draw_history: currentPictureCounter: 20
05-11 16:26:54.770  3783  3783 E webkit_native_draw_history: setBaseLayer, 1737
05-11 16:26:54.770  3783  3783 E webkit_native_draw_history: setBaseLayer, 1744
05-11 16:26:54.770  3783  3783 E webkit_native_draw_history: m_glWebViewState->setBaseLayer
05-11 16:26:54.770  3783  3783 E webkit_native_draw_history: setBaseLayer, 1758
05-11 16:26:54.770  3783  3783 E webkit_native_draw_history: copyScrollPositionRecursive
05-11 16:26:54.770  3783  3783 E webkit_native_draw_history: compositeRoot, 1688
05-11 16:26:54.770  3783  3783 E webkit_native_draw_history: m_baseLayer->countChildren() == 1
05-11 16:26:54.770  3783  3783 E webkit_native_draw_history: compositeRoot, 1688
05-11 16:26:54.770  3783  3783 E webkit_native_draw_history: m_baseLayer->countChildren() == 1
05-11 16:26:54.770  3783  3783 V WebView:drawHistory: drawCoreAndCursorRing(): canvas.isHardwareAccelerated() draw
05-11 16:26:54.770  3783  3783 V WebView:drawHistory: drawCoreAndCursorRing(): canvas.isHardwareAccelerated() draw done!
05-11 16:26:54.770  3783  3783 E webkit_native_draw_history: drawGL, 491
05-11 16:26:54.770  3783  3783 E webkit_native_draw_history: drawGL, 549
05-11 16:26:54.770  3783  3783 E webkit_native_draw_history: extras: 3
05-11 16:26:54.770  3783  3783 E webkit_native_draw_history: drawGL, 580
05-11 16:26:54.770  3783  3783 E webkit_native_draw_history: currentPictureCounter: 20
05-11 16:26:54.800  3783  3783 E webkit_native_draw_history: setBaseLayer, 1737
05-11 16:26:54.800  3783  3783 E webkit_native_draw_history: setBaseLayer, 1744
05-11 16:26:54.800  3783  3783 E webkit_native_draw_history: m_glWebViewState->setBaseLayer
05-11 16:26:54.800  3783  3783 E webkit_native_draw_history: setBaseLayer, 1758
05-11 16:26:54.800  3783  3783 E webkit_native_draw_history: copyScrollPositionRecursive
05-11 16:26:54.800  3783  3783 E webkit_native_draw_history: compositeRoot, 1688
05-11 16:26:54.800  3783  3783 E webkit_native_draw_history: m_baseLayer->countChildren() == 1
05-11 16:26:54.800  3783  3783 E webkit_native_draw_history: compositeRoot, 1688
05-11 16:26:54.800  3783  3783 E webkit_native_draw_history: m_baseLayer->countChildren() == 1
05-11 16:26:54.810  3783  3783 V WebView:drawHistory: drawCoreAndCursorRing(): canvas.isHardwareAccelerated() draw
05-11 16:26:54.810  3783  3783 V WebView:drawHistory: drawCoreAndCursorRing(): canvas.isHardwareAccelerated() draw done!
05-11 16:26:54.810  3783  3783 E webkit_native_draw_history: drawGL, 491
05-11 16:26:54.810  3783  3783 E webkit_native_draw_history: drawGL, 549
05-11 16:26:54.810  3783  3783 E webkit_native_draw_history: extras: 3
05-11 16:26:54.810  3783  3783 E webkit_native_draw_history: drawGL, 580
05-11 16:26:54.810  3783  3783 E webkit_native_draw_history: currentPictureCounter: 20
05-11 16:26:54.840  3783  3783 E webkit_native_draw_history: setBaseLayer, 1737
05-11 16:26:54.840  3783  3783 E webkit_native_draw_history: setBaseLayer, 1744
05-11 16:26:54.840  3783  3783 E webkit_native_draw_history: m_glWebViewState->setBaseLayer
05-11 16:26:54.840  3783  3783 E webkit_native_draw_history: setBaseLayer, 1758
05-11 16:26:54.840  3783  3783 E webkit_native_draw_history: copyScrollPositionRecursive
05-11 16:26:54.840  3783  3783 E webkit_native_draw_history: compositeRoot, 1688
05-11 16:26:54.840  3783  3783 E webkit_native_draw_history: m_baseLayer->countChildren() == 1
05-11 16:26:54.840  3783  3783 E webkit_native_draw_history: compositeRoot, 1688
05-11 16:26:54.840  3783  3783 E webkit_native_draw_history: m_baseLayer->countChildren() == 1
05-11 16:26:54.840  3783  3783 V WebView:drawHistory: drawCoreAndCursorRing(): canvas.isHardwareAccelerated() draw
05-11 16:26:54.840  3783  3783 V WebView:drawHistory: drawCoreAndCursorRing(): canvas.isHardwareAccelerated() draw done!
05-11 16:26:54.850  3783  3783 E webkit_native_draw_history: drawGL, 491
05-11 16:26:54.850  3783  3783 E webkit_native_draw_history: drawGL, 549
05-11 16:26:54.850  3783  3783 E webkit_native_draw_history: extras: 3
05-11 16:26:54.850  3783  3783 E webkit_native_draw_history: drawGL, 580
05-11 16:26:54.850  3783  3783 E webkit_native_draw_history: currentPictureCounter: 20
05-11 16:26:54.870  3783  3783 V WebView:drawHistory: drawCoreAndCursorRing(): canvas.isHardwareAccelerated() draw
05-11 16:26:54.870  3783  3783 V WebView:drawHistory: drawCoreAndCursorRing(): canvas.isHardwareAccelerated() draw done!
05-11 16:26:54.870  3783  3783 E webkit_native_draw_history: drawGL, 491
05-11 16:26:54.870  3783  3783 E webkit_native_draw_history: drawGL, 549
05-11 16:26:54.870  3783  3783 E webkit_native_draw_history: extras: 3
05-11 16:26:54.870  3783  3783 E webkit_native_draw_history: drawGL, 580
05-11 16:26:54.870  3783  3783 E webkit_native_draw_history: currentPictureCounter: 20
05-11 16:26:54.900  3783  3783 E webkit_native_draw_history: setBaseLayer, 1737
05-11 16:26:54.900  3783  3783 E webkit_native_draw_history: setBaseLayer, 1744
05-11 16:26:54.900  3783  3783 E webkit_native_draw_history: m_glWebViewState->setBaseLayer
05-11 16:26:54.900  3783  3783 E webkit_native_draw_history: setBaseLayer, 1758
05-11 16:26:54.900  3783  3783 E webkit_native_draw_history: copyScrollPositionRecursive
05-11 16:26:54.900  3783  3783 E webkit_native_draw_history: compositeRoot, 1688
05-11 16:26:54.900  3783  3783 E webkit_native_draw_history: m_baseLayer->countChildren() == 1
05-11 16:26:54.900  3783  3783 E webkit_native_draw_history: compositeRoot, 1688
05-11 16:26:54.900  3783  3783 E webkit_native_draw_history: m_baseLayer->countChildren() == 1
05-11 16:26:54.900  3783  3783 V WebView:drawHistory: drawCoreAndCursorRing(): canvas.isHardwareAccelerated() draw
05-11 16:26:54.910  3783  3783 V WebView:drawHistory: drawCoreAndCursorRing(): canvas.isHardwareAccelerated() draw done!
05-11 16:26:54.910  3783  3783 E webkit_native_draw_history: drawGL, 491
05-11 16:26:54.910  3783  3783 E webkit_native_draw_history: drawGL, 549
05-11 16:26:54.910  3783  3783 E webkit_native_draw_history: extras: 3
05-11 16:26:54.910  3783  3783 E webkit_native_draw_history: drawGL, 580
05-11 16:26:54.910  3783  3783 E webkit_native_draw_history: currentPictureCounter: 20
05-11 16:26:54.950  3783  3783 E webkit_native_draw_history: setBaseLayer, 1737
05-11 16:26:54.950  3783  3783 E webkit_native_draw_history: setBaseLayer, 1744
05-11 16:26:54.950  3783  3783 E webkit_native_draw_history: m_glWebViewState->setBaseLayer
05-11 16:26:54.950  3783  3783 E webkit_native_draw_history: setBaseLayer, 1758
05-11 16:26:54.950  3783  3783 E webkit_native_draw_history: copyScrollPositionRecursive
05-11 16:26:54.950  3783  3783 E webkit_native_draw_history: compositeRoot, 1688
05-11 16:26:54.950  3783  3783 E webkit_native_draw_history: m_baseLayer->countChildren() == 1
05-11 16:26:54.950  3783  3783 E webkit_native_draw_history: compositeRoot, 1688
05-11 16:26:54.950  3783  3783 E webkit_native_draw_history: m_baseLayer->countChildren() == 1
05-11 16:26:54.950  3783  3783 V WebView:drawHistory: drawCoreAndCursorRing(): canvas.isHardwareAccelerated() draw
05-11 16:26:54.950  3783  3783 V WebView:drawHistory: drawCoreAndCursorRing(): canvas.isHardwareAccelerated() draw done!
05-11 16:26:54.950  3783  3783 E webkit_native_draw_history: drawGL, 491
05-11 16:26:54.950  3783  3783 E webkit_native_draw_history: drawGL, 549
05-11 16:26:54.950  3783  3783 E webkit_native_draw_history: extras: 3
05-11 16:26:54.950  3783  3783 E webkit_native_draw_history: drawGL, 580
05-11 16:26:54.950  3783  3783 E webkit_native_draw_history: currentPictureCounter: 20
05-11 16:26:54.980  3783  3783 E webkit_native_draw_history: setBaseLayer, 1737
05-11 16:26:54.980  3783  3783 E webkit_native_draw_history: setBaseLayer, 1744
05-11 16:26:54.980  3783  3783 E webkit_native_draw_history: m_glWebViewState->setBaseLayer
05-11 16:26:54.980  3783  3783 E webkit_native_draw_history: setBaseLayer, 1758
05-11 16:26:54.980  3783  3783 E webkit_native_draw_history: copyScrollPositionRecursive
05-11 16:26:54.980  3783  3783 E webkit_native_draw_history: compositeRoot, 1688
05-11 16:26:54.980  3783  3783 E webkit_native_draw_history: m_baseLayer->countChildren() == 1
05-11 16:26:54.980  3783  3783 E webkit_native_draw_history: compositeRoot, 1688
05-11 16:26:54.980  3783  3783 E webkit_native_draw_history: m_baseLayer->countChildren() == 1
05-11 16:26:54.980  3783  3783 V WebView:drawHistory: drawCoreAndCursorRing(): canvas.isHardwareAccelerated() draw
05-11 16:26:54.980  3783  3783 V WebView:drawHistory: drawCoreAndCursorRing(): canvas.isHardwareAccelerated() draw done!
05-11 16:26:54.980  3783  3783 E webkit_native_draw_history: drawGL, 491
05-11 16:26:54.980  3783  3783 E webkit_native_draw_history: drawGL, 549
05-11 16:26:54.980  3783  3783 E webkit_native_draw_history: extras: 3
05-11 16:26:54.980  3783  3783 E webkit_native_draw_history: drawGL, 580
05-11 16:26:54.980  3783  3783 E webkit_native_draw_history: currentPictureCounter: 20
05-11 16:26:55.000  3783  3783 E webkit_native_draw_history: setBaseLayer, 1737
05-11 16:26:55.000  3783  3783 E webkit_native_draw_history: setBaseLayer, 1744
05-11 16:26:55.000  3783  3783 E webkit_native_draw_history: m_glWebViewState->setBaseLayer
05-11 16:26:55.000  3783  3783 E webkit_native_draw_history: setBaseLayer, 1758
05-11 16:26:55.000  3783  3783 E webkit_native_draw_history: copyScrollPositionRecursive
05-11 16:26:55.000  3783  3783 E webkit_native_draw_history: compositeRoot, 1688
05-11 16:26:55.000  3783  3783 E webkit_native_draw_history: m_baseLayer->countChildren() == 1
05-11 16:26:55.000  3783  3783 E webkit_native_draw_history: compositeRoot, 1688
05-11 16:26:55.000  3783  3783 E webkit_native_draw_history: m_baseLayer->countChildren() == 1
05-11 16:26:55.000  3783  3783 V WebView:drawHistory: drawCoreAndCursorRing(): canvas.isHardwareAccelerated() draw
05-11 16:26:55.000  3783  3783 V WebView:drawHistory: drawCoreAndCursorRing(): canvas.isHardwareAccelerated() draw done!
05-11 16:26:55.000  3783  3783 E webkit_native_draw_history: drawGL, 491
05-11 16:26:55.000  3783  3783 E webkit_native_draw_history: drawGL, 549
05-11 16:26:55.000  3783  3783 E webkit_native_draw_history: extras: 3
05-11 16:26:55.000  3783  3783 E webkit_native_draw_history: drawGL, 580
05-11 16:26:55.000  3783  3783 E webkit_native_draw_history: currentPictureCounter: 20
05-11 16:26:55.040  3783  3783 V WebView:drawHistory: drawCoreAndCursorRing(): canvas.isHardwareAccelerated() draw
05-11 16:26:55.040  3783  3783 V WebView:drawHistory: drawCoreAndCursorRing(): canvas.isHardwareAccelerated() draw done!
05-11 16:26:55.040  3783  3783 E webkit_native_draw_history: drawGL, 491
05-11 16:26:55.040  3783  3783 E webkit_native_draw_history: drawGL, 549
05-11 16:26:55.040  3783  3783 E webkit_native_draw_history: extras: 3
05-11 16:26:55.040  3783  3783 E webkit_native_draw_history: drawGL, 580
05-11 16:26:55.040  3783  3783 E webkit_native_draw_history: currentPictureCounter: 20
05-11 16:26:55.070  3783  3783 V WebView:drawHistory: drawCoreAndCursorRing(): canvas.isHardwareAccelerated() draw
05-11 16:26:55.070  3783  3783 V WebView:drawHistory: drawCoreAndCursorRing(): canvas.isHardwareAccelerated() draw done!
05-11 16:26:55.070  3783  3783 E webkit_native_draw_history: drawGL, 491
05-11 16:26:55.070  3783  3783 E webkit_native_draw_history: drawGL, 549
05-11 16:26:55.070  3783  3783 E webkit_native_draw_history: extras: 3
05-11 16:26:55.070  3783  3783 E webkit_native_draw_history: drawGL, 580
05-11 16:26:55.070  3783  3783 E webkit_native_draw_history: currentPictureCounter: 20
05-11 16:26:55.110  3783  3783 V WebView:drawHistory: drawCoreAndCursorRing(): canvas.isHardwareAccelerated() draw
05-11 16:26:55.110  3783  3783 V WebView:drawHistory: drawCoreAndCursorRing(): canvas.isHardwareAccelerated() draw done!
05-11 16:26:55.110  3783  3783 E webkit_native_draw_history: drawGL, 491
05-11 16:26:55.110  3783  3783 E webkit_native_draw_history: drawGL, 549
05-11 16:26:55.110  3783  3783 E webkit_native_draw_history: extras: 3
05-11 16:26:55.110  3783  3783 E webkit_native_draw_history: drawGL, 580
05-11 16:26:55.110  3783  3783 E webkit_native_draw_history: currentPictureCounter: 20
05-11 16:26:55.140  3783  3783 V WebView:drawHistory: drawCoreAndCursorRing(): canvas.isHardwareAccelerated() draw
05-11 16:26:55.140  3783  3783 V WebView:drawHistory: drawCoreAndCursorRing(): canvas.isHardwareAccelerated() draw done!
05-11 16:26:55.140  3783  3783 E webkit_native_draw_history: drawGL, 491
05-11 16:26:55.140  3783  3783 E webkit_native_draw_history: drawGL, 549
05-11 16:26:55.140  3783  3783 E webkit_native_draw_history: extras: 3
05-11 16:26:55.140  3783  3783 E webkit_native_draw_history: drawGL, 580
05-11 16:26:55.140  3783  3783 E webkit_native_draw_history: currentPictureCounter: 20
